Starting the benchmark `T9ThroughputBench.t9_5_5_emptyContainersDeserialize()`.
    Warming up for 200.0 ms.
    Starting measurements of 200 batches. Measuring Duration.
    Max batch size: 10883, estimated execution time: 1.000 s.
Finished in 1.048 s. Analysing results:
Warning: GC was invoked twice during some of the batches. This can significantly affect final results.
         It is recommended to either increase heap size limit using cjHeapSize enviroment variable,
         increase default GC interval using cjGCInterval environment variable
         or reduce benchmark duration with minDuration parameter of @Configure macro.

  percentiles:    [   10%        50%        90%        95%        99%        ]  
  time:           [   0.557 us   0.560 us   0.564 us   0.565 us   0.566 us   ]  
  mean:           0.559 us .. 0.561 us  Err ±0.1%
  median:         0.556 us .. 0.566 us
  R²:             1.000 .. 1.000
  stddev:         0.364 ns

--------------------------------------------------------------------------------------------------
TP: yjson_benchmarks, time elapsed: 4148303996 ns, RESULT:
    TCS: T9ThroughputBench, time elapsed: 4147368632 ns, RESULT:
    | Case                              |   Median |         Err |   Err% |     Mean |
    |:----------------------------------|---------:|------------:|-------:|---------:|
    | t9_5_5_emptyContainersDeserialize | 0.560 us | ±0.00082 us |  ±0.1% | 0.560 us |
Summary: TOTAL: 42
    PASSED: 1, SKIPPED: 41, ERROR: 0
    FAILED: 0
--------------------------------------------------------------------------------------------------
Project tests finished, time elapsed: 4149798259 ns, RESULT:
TP: yjson_benchmarks.*, time elapsed: 4149692528 ns, RESULT:
    PASSED:
    TP: yjson_benchmarks, time elapsed: 4148303996 ns
Summary: TOTAL: 42
    PASSED: 1, SKIPPED: 41, ERROR: 0
    FAILED: 0
--------------------------------------------------------------------------------------------------
cjpm bench success
