Starting the benchmark `T9ThroughputBench.t9_3_2_largeArraySerialize()`.
    Warming up for 200.0 ms.
    Starting measurements of 200 batches. Measuring Duration.
    Max batch size: 2150, estimated execution time: 1.001 s.
Finished in 1.056 s. Analysing results:
  percentiles:    [   10%        50%        90%        95%        99%        ]  
  time:           [   4.089 us   4.104 us   4.123 us   4.127 us   4.146 us   ]  
  mean:           4.098 us .. 4.114 us  Err ±0.2%
  median:         4.075 us .. 4.146 us
  R²:             1.000 .. 1.000
  stddev:         3.552 ns

--------------------------------------------------------------------------------------------------
TP: yjson_benchmarks, time elapsed: 2993409940 ns, RESULT:
    TCS: T9ThroughputBench, time elapsed: 2992450852 ns, RESULT:
    | Case                       |   Median |         Err |   Err% |     Mean |
    |:---------------------------|---------:|------------:|-------:|---------:|
    | t9_3_2_largeArraySerialize | 4.104 us | ±0.00823 us |  ±0.2% | 4.105 us |
Summary: TOTAL: 42
    PASSED: 1, SKIPPED: 41, ERROR: 0
    FAILED: 0
--------------------------------------------------------------------------------------------------
Project tests finished, time elapsed: 2994907814 ns, RESULT:
TP: yjson_benchmarks.*, time elapsed: 2994800844 ns, RESULT:
    PASSED:
    TP: yjson_benchmarks, time elapsed: 2993409940 ns
Summary: TOTAL: 42
    PASSED: 1, SKIPPED: 41, ERROR: 0
    FAILED: 0
--------------------------------------------------------------------------------------------------
cjpm bench success
