Starting the benchmark `T9ThroughputBench.t9_5_7_int64ExtremesDeserialize()`.
    Warming up for 200.0 ms.
    Starting measurements of 200 batches. Measuring Duration.
    Max batch size: 32972, estimated execution time: 1.000 s.
Finished in 1.064 s. Analysing results:
  percentiles:    [   10%        50%        90%        95%        99%        ]  
  time:           [   266.6 ns   267.4 ns   268.2 ns   268.5 ns   269.0 ns   ]  
  mean:           267.0 ns .. 268.1 ns  Err ±0.2%
  median:         266.4 ns .. 269.0 ns
  R²:             1.000 .. 1.000
  stddev:         0.239 ns

--------------------------------------------------------------------------------------------------
TP: yjson_benchmarks, time elapsed: 2945920358 ns, RESULT:
    TCS: T9ThroughputBench, time elapsed: 2944980041 ns, RESULT:
    | Case                            |   Median |       Err |   Err% |     Mean |
    |:--------------------------------|---------:|----------:|-------:|---------:|
    | t9_5_7_int64ExtremesDeserialize | 267.4 ns | ±0.546 ns |  ±0.2% | 267.4 ns |
Summary: TOTAL: 42
    PASSED: 1, SKIPPED: 41, ERROR: 0
    FAILED: 0
--------------------------------------------------------------------------------------------------
Project tests finished, time elapsed: 2947402110 ns, RESULT:
TP: yjson_benchmarks.*, time elapsed: 2947296688 ns, RESULT:
    PASSED:
    TP: yjson_benchmarks, time elapsed: 2945920358 ns
Summary: TOTAL: 42
    PASSED: 1, SKIPPED: 41, ERROR: 0
    FAILED: 0
--------------------------------------------------------------------------------------------------
cjpm bench success
