Starting the benchmark `T9ThroughputBench.t9_1_2_primitiveDeserialize()`.
    Warming up for 200.0 ms.
    Starting measurements of 200 batches. Measuring Duration.
    Max batch size: 14591, estimated execution time: 1.000 s.
Finished in 1.088 s. Analysing results:
  percentiles:    [   10%        50%        90%        95%        99%        ]  
  time:           [   0.632 us   0.650 us   0.657 us   0.658 us   0.659 us   ]  
  mean:           0.641 us .. 0.650 us  Err ±0.7%
  median:         0.630 us .. 0.659 us
  R²:             0.998 .. 0.999
  stddev:         1.900 ns

--------------------------------------------------------------------------------------------------
TP: yjson_benchmarks, time elapsed: 2926712603 ns, RESULT:
    TCS: T9ThroughputBench, time elapsed: 2925803041 ns, RESULT:
    | Case                        |   Median |         Err |   Err% |     Mean |
    |:----------------------------|---------:|------------:|-------:|---------:|
    | t9_1_2_primitiveDeserialize | 0.651 us | ±0.00455 us |  ±0.7% | 0.646 us |
Summary: TOTAL: 42
    PASSED: 1, SKIPPED: 41, ERROR: 0
    FAILED: 0
--------------------------------------------------------------------------------------------------
Project tests finished, time elapsed: 2928183189 ns, RESULT:
TP: yjson_benchmarks.*, time elapsed: 2928079024 ns, RESULT:
    PASSED:
    TP: yjson_benchmarks, time elapsed: 2926712603 ns
Summary: TOTAL: 42
    PASSED: 1, SKIPPED: 41, ERROR: 0
    FAILED: 0
--------------------------------------------------------------------------------------------------
cjpm bench success
