Starting the benchmark `T9ThroughputBench.t9_4_2_deepNestedDeserialize()`.
    Warming up for 200.0 ms.
    Starting measurements of 200 batches. Measuring Duration.
    Max batch size: 14030, estimated execution time: 1.000 s.
Finished in 1.004 s. Analysing results:
  percentiles:    [   10%        50%        90%        95%        99%        ]  
  time:           [   0.551 us   0.552 us   0.553 us   0.554 us   0.557 us   ]  
  mean:           0.551 us .. 0.555 us  Err ±0.4%
  median:         0.550 us .. 0.557 us
  R²:             0.999 .. 1.000
  stddev:         1.104 ns

--------------------------------------------------------------------------------------------------
TP: yjson_benchmarks, time elapsed: 2876520889 ns, RESULT:
    TCS: T9ThroughputBench, time elapsed: 2875601086 ns, RESULT:
    | Case                         |   Median |         Err |   Err% |     Mean |
    |:-----------------------------|---------:|------------:|-------:|---------:|
    | t9_4_2_deepNestedDeserialize | 0.552 us | ±0.00225 us |  ±0.4% | 0.552 us |
Summary: TOTAL: 42
    PASSED: 1, SKIPPED: 41, ERROR: 0
    FAILED: 0
--------------------------------------------------------------------------------------------------
Project tests finished, time elapsed: 2877998732 ns, RESULT:
TP: yjson_benchmarks.*, time elapsed: 2877891171 ns, RESULT:
    PASSED:
    TP: yjson_benchmarks, time elapsed: 2876520889 ns
Summary: TOTAL: 42
    PASSED: 1, SKIPPED: 41, ERROR: 0
    FAILED: 0
--------------------------------------------------------------------------------------------------
cjpm bench success
