Starting the benchmark `T9ThroughputBench.t9_4_4_wideDeserialize()`.
    Warming up for 200.0 ms.
    Starting measurements of 200 batches. Measuring Duration.
    Max batch size: 5028, estimated execution time: 1.000 s.
Finished in 1.087 s. Analysing results:
  percentiles:    [   10%        50%        90%        95%        99%        ]  
  time:           [   1.854 us   1.886 us   1.907 us   1.911 us   1.919 us   ]  
  mean:           1.877 us .. 1.892 us  Err ±0.4%
  median:         1.848 us .. 1.919 us
  R²:             0.999 .. 1.000
  stddev:         3.230 ns

--------------------------------------------------------------------------------------------------
TP: yjson_benchmarks, time elapsed: 2999228443 ns, RESULT:
    TCS: T9ThroughputBench, time elapsed: 2998329243 ns, RESULT:
    | Case                   |   Median |         Err |   Err% |     Mean |
    |:-----------------------|---------:|------------:|-------:|---------:|
    | t9_4_4_wideDeserialize | 1.887 us | ±0.00718 us |  ±0.4% | 1.886 us |
Summary: TOTAL: 42
    PASSED: 1, SKIPPED: 41, ERROR: 0
    FAILED: 0
--------------------------------------------------------------------------------------------------
Project tests finished, time elapsed: 3000711783 ns, RESULT:
TP: yjson_benchmarks.*, time elapsed: 3000606998 ns, RESULT:
    PASSED:
    TP: yjson_benchmarks, time elapsed: 2999228443 ns
Summary: TOTAL: 42
    PASSED: 1, SKIPPED: 41, ERROR: 0
    FAILED: 0
--------------------------------------------------------------------------------------------------
cjpm bench success
