Starting the benchmark `T9ThroughputBench.t9_5_6_int64ExtremesSerialize()`.
    Warming up for 200.0 ms.
    Starting measurements of 200 batches. Measuring Duration.
    Max batch size: 26474, estimated execution time: 1.000 s.
Finished in 1.100 s. Analysing results:
  percentiles:    [   10%        50%        90%        95%        99%        ]  
  time:           [   358.6 ns   359.2 ns   360.0 ns   360.5 ns   362.7 ns   ]  
  mean:           358.9 ns .. 360.1 ns  Err ±0.2%
  median:         358.3 ns .. 362.7 ns
  R²:             1.000 .. 1.000
  stddev:         0.263 ns

--------------------------------------------------------------------------------------------------
TP: yjson_benchmarks, time elapsed: 2950088296 ns, RESULT:
    TCS: T9ThroughputBench, time elapsed: 2949119775 ns, RESULT:
    | Case                          |   Median |       Err |   Err% |     Mean |
    |:------------------------------|---------:|----------:|-------:|---------:|
    | t9_5_6_int64ExtremesSerialize | 359.1 ns | ±0.579 ns |  ±0.2% | 359.3 ns |
Summary: TOTAL: 42
    PASSED: 1, SKIPPED: 41, ERROR: 0
    FAILED: 0
--------------------------------------------------------------------------------------------------
Project tests finished, time elapsed: 2951580713 ns, RESULT:
TP: yjson_benchmarks.*, time elapsed: 2951473257 ns, RESULT:
    PASSED:
    TP: yjson_benchmarks, time elapsed: 2950088296 ns
Summary: TOTAL: 42
    PASSED: 1, SKIPPED: 41, ERROR: 0
    FAILED: 0
--------------------------------------------------------------------------------------------------
cjpm bench success
