Starting the benchmark `T9ThroughputBench.t9_3_8_nestedCollectionDeserialize()`.
    Warming up for 200.0 ms.
    Starting measurements of 200 batches. Measuring Duration.
    Max batch size: 1871, estimated execution time: 1.000 s.
Finished in 1.022 s. Analysing results:
  percentiles:    [   10%        50%        90%        95%        99%        ]  
  time:           [   4.266 us   4.281 us   4.303 us   4.319 us   4.332 us   ]  
  mean:           4.273 us .. 4.294 us  Err ±0.2%
  median:         4.262 us .. 4.332 us
  R²:             0.999 .. 1.000
  stddev:         4.926 ns

--------------------------------------------------------------------------------------------------
TP: yjson_benchmarks, time elapsed: 3016754304 ns, RESULT:
    TCS: T9ThroughputBench, time elapsed: 3015857595 ns, RESULT:
    | Case                               |   Median |        Err |   Err% |     Mean |
    |:-----------------------------------|---------:|-----------:|-------:|---------:|
    | t9_3_8_nestedCollectionDeserialize | 4.282 us | ±0.0102 us |  ±0.2% | 4.285 us |
Summary: TOTAL: 42
    PASSED: 1, SKIPPED: 41, ERROR: 0
    FAILED: 0
--------------------------------------------------------------------------------------------------
Project tests finished, time elapsed: 3018264094 ns, RESULT:
TP: yjson_benchmarks.*, time elapsed: 3018156326 ns, RESULT:
    PASSED:
    TP: yjson_benchmarks, time elapsed: 3016754304 ns
Summary: TOTAL: 42
    PASSED: 1, SKIPPED: 41, ERROR: 0
    FAILED: 0
--------------------------------------------------------------------------------------------------
cjpm bench success
