Starting the benchmark `T9ThroughputBench.t9_2_2_longStringSerialize()`.
    Warming up for 200.0 ms.
    Starting measurements of 200 batches. Measuring Duration.
    Max batch size: 2336, estimated execution time: 1.001 s.
Finished in 1.020 s. Analysing results:
Warning: GC was invoked twice during some of the batches. This can significantly affect final results.
         It is recommended to either increase heap size limit using cjHeapSize enviroment variable,
         increase default GC interval using cjGCInterval environment variable
         or reduce benchmark duration with minDuration parameter of @Configure macro.

  percentiles:    [   10%        50%        90%        95%        99%        ]  
  time:           [   3.245 us   3.257 us   3.274 us   3.277 us   3.339 us   ]  
  mean:           3.255 us .. 3.266 us  Err ±0.2%
  median:         3.239 us .. 3.339 us
  R²:             1.000 .. 1.000
  stddev:         2.309 ns

--------------------------------------------------------------------------------------------------
TP: yjson_benchmarks, time elapsed: 4265073124 ns, RESULT:
    TCS: T9ThroughputBench, time elapsed: 4264169636 ns, RESULT:
    | Case                       |   Median |         Err |   Err% |     Mean |
    |:---------------------------|---------:|------------:|-------:|---------:|
    | t9_2_2_longStringSerialize | 3.257 us | ±0.00538 us |  ±0.2% | 3.259 us |
Summary: TOTAL: 42
    PASSED: 1, SKIPPED: 41, ERROR: 0
    FAILED: 0
--------------------------------------------------------------------------------------------------
Project tests finished, time elapsed: 4266606188 ns, RESULT:
TP: yjson_benchmarks.*, time elapsed: 4266493315 ns, RESULT:
    PASSED:
    TP: yjson_benchmarks, time elapsed: 4265073124 ns
Summary: TOTAL: 42
    PASSED: 1, SKIPPED: 41, ERROR: 0
    FAILED: 0
--------------------------------------------------------------------------------------------------
cjpm bench success
