Starting the benchmark `T9ThroughputBench.t9_5_3_optionRoundTrip()`.
    Warming up for 200.0 ms.
    Starting measurements of 200 batches. Measuring Duration.
    Max batch size: 2586, estimated execution time: 1.001 s.
Finished in 1.084 s. Analysing results:
  percentiles:    [   10%        50%        90%        95%        99%        ]  
  time:           [   3.519 us   3.548 us   3.581 us   3.587 us   3.611 us   ]  
  mean:           3.542 us .. 3.560 us  Err ±0.3%
  median:         3.510 us .. 3.611 us
  R²:             0.999 .. 1.000
  stddev:         3.788 ns

--------------------------------------------------------------------------------------------------
TP: yjson_benchmarks, time elapsed: 2956708597 ns, RESULT:
    TCS: T9ThroughputBench, time elapsed: 2955770602 ns, RESULT:
    | Case                   |   Median |         Err |   Err% |     Mean |
    |:-----------------------|---------:|------------:|-------:|---------:|
    | t9_5_3_optionRoundTrip | 3.550 us | ±0.00897 us |  ±0.3% | 3.550 us |
Summary: TOTAL: 42
    PASSED: 1, SKIPPED: 41, ERROR: 0
    FAILED: 0
--------------------------------------------------------------------------------------------------
Project tests finished, time elapsed: 2958193991 ns, RESULT:
TP: yjson_benchmarks.*, time elapsed: 2958089890 ns, RESULT:
    PASSED:
    TP: yjson_benchmarks, time elapsed: 2956708597 ns
Summary: TOTAL: 42
    PASSED: 1, SKIPPED: 41, ERROR: 0
    FAILED: 0
--------------------------------------------------------------------------------------------------
cjpm bench success
