Starting the benchmark `T9ThroughputBench.t9_1_3_primitiveRoundTrip()`.
    Warming up for 200.0 ms.
    Starting measurements of 200 batches. Measuring Duration.
    Max batch size: 7064, estimated execution time: 1.000 s.
Finished in 1.100 s. Analysing results:
  percentiles:    [   10%        50%        90%        95%        99%        ]  
  time:           [   1.345 us   1.356 us   1.370 us   1.373 us   1.382 us   ]  
  mean:           1.354 us .. 1.361 us  Err ±0.3%
  median:         1.338 us .. 1.382 us
  R²:             1.000 .. 1.000
  stddev:         1.555 ns

--------------------------------------------------------------------------------------------------
TP: yjson_benchmarks, time elapsed: 2941504303 ns, RESULT:
    TCS: T9ThroughputBench, time elapsed: 2940596517 ns, RESULT:
    | Case                      |   Median |         Err |   Err% |     Mean |
    |:--------------------------|---------:|------------:|-------:|---------:|
    | t9_1_3_primitiveRoundTrip | 1.356 us | ±0.00366 us |  ±0.3% | 1.357 us |
Summary: TOTAL: 42
    PASSED: 1, SKIPPED: 41, ERROR: 0
    FAILED: 0
--------------------------------------------------------------------------------------------------
Project tests finished, time elapsed: 2943032560 ns, RESULT:
TP: yjson_benchmarks.*, time elapsed: 2942924739 ns, RESULT:
    PASSED:
    TP: yjson_benchmarks, time elapsed: 2941504303 ns
Summary: TOTAL: 42
    PASSED: 1, SKIPPED: 41, ERROR: 0
    FAILED: 0
--------------------------------------------------------------------------------------------------
cjpm bench success
