Starting the benchmark `T9ThroughputBench.t9_2_3_escapeStringSerialize()`.
    Warming up for 200.0 ms.
    Starting measurements of 200 batches. Measuring Duration.
    Max batch size: 13515, estimated execution time: 1.000 s.
Finished in 1.091 s. Analysing results:
  percentiles:    [   10%        50%        90%        95%        99%        ]  
  time:           [   0.703 us   0.704 us   0.706 us   0.706 us   0.709 us   ]  
  mean:           0.703 us .. 0.705 us  Err ±0.1%
  median:         0.702 us .. 0.709 us
  R²:             1.000 .. 1.000
  stddev:         0.446 ns

--------------------------------------------------------------------------------------------------
TP: yjson_benchmarks, time elapsed: 2965949317 ns, RESULT:
    TCS: T9ThroughputBench, time elapsed: 2965007764 ns, RESULT:
    | Case                         |   Median |         Err |   Err% |     Mean |
    |:-----------------------------|---------:|------------:|-------:|---------:|
    | t9_2_3_escapeStringSerialize | 0.704 us | ±0.00108 us |  ±0.2% | 0.704 us |
Summary: TOTAL: 42
    PASSED: 1, SKIPPED: 41, ERROR: 0
    FAILED: 0
--------------------------------------------------------------------------------------------------
Project tests finished, time elapsed: 2967437050 ns, RESULT:
TP: yjson_benchmarks.*, time elapsed: 2967329316 ns, RESULT:
    PASSED:
    TP: yjson_benchmarks, time elapsed: 2965949317 ns
Summary: TOTAL: 42
    PASSED: 1, SKIPPED: 41, ERROR: 0
    FAILED: 0
--------------------------------------------------------------------------------------------------
cjpm bench success
