Starting the benchmark `T9ThroughputBench.t9_2_4_unicodeStringSerialize()`.
    Warming up for 200.0 ms.
    Starting measurements of 200 batches. Measuring Duration.
    Max batch size: 18756, estimated execution time: 1.000 s.
Finished in 1.102 s. Analysing results:
  percentiles:    [   10%        50%        90%        95%        99%        ]  
  time:           [   0.508 us   0.509 us   0.510 us   0.510 us   0.510 us   ]  
  mean:           0.508 us .. 0.509 us  Err ±0.1%
  median:         0.508 us .. 0.510 us
  R²:             1.000 .. 1.000
  stddev:         0.304 ns

--------------------------------------------------------------------------------------------------
TP: yjson_benchmarks, time elapsed: 2986664634 ns, RESULT:
    TCS: T9ThroughputBench, time elapsed: 2985701751 ns, RESULT:
    | Case                          |   Median |         Err |   Err% |     Mean |
    |:------------------------------|---------:|------------:|-------:|---------:|
    | t9_2_4_unicodeStringSerialize | 0.509 us | ±0.00067 us |  ±0.1% | 0.509 us |
Summary: TOTAL: 42
    PASSED: 1, SKIPPED: 41, ERROR: 0
    FAILED: 0
--------------------------------------------------------------------------------------------------
Project tests finished, time elapsed: 2988144655 ns, RESULT:
TP: yjson_benchmarks.*, time elapsed: 2988039603 ns, RESULT:
    PASSED:
    TP: yjson_benchmarks, time elapsed: 2986664634 ns
Summary: TOTAL: 42
    PASSED: 1, SKIPPED: 41, ERROR: 0
    FAILED: 0
--------------------------------------------------------------------------------------------------
cjpm bench success
