Starting the benchmark `T9ThroughputBench.t9_5_4_emptyContainersSerialize()`.
    Warming up for 200.0 ms.
    Starting measurements of 200 batches. Measuring Duration.
    Max batch size: 17803, estimated execution time: 1.000 s.
Finished in 1.101 s. Analysing results:
  percentiles:    [   10%        50%        90%        95%        99%        ]  
  time:           [   0.536 us   0.539 us   0.541 us   0.542 us   0.543 us   ]  
  mean:           0.538 us .. 0.540 us  Err ±0.2%
  median:         0.535 us .. 0.543 us
  R²:             1.000 .. 1.000
  stddev:         0.474 ns

--------------------------------------------------------------------------------------------------
TP: yjson_benchmarks, time elapsed: 2943692692 ns, RESULT:
    TCS: T9ThroughputBench, time elapsed: 2942767428 ns, RESULT:
    | Case                            |   Median |         Err |   Err% |     Mean |
    |:--------------------------------|---------:|------------:|-------:|---------:|
    | t9_5_4_emptyContainersSerialize | 0.539 us | ±0.00108 us |  ±0.2% | 0.539 us |
Summary: TOTAL: 42
    PASSED: 1, SKIPPED: 41, ERROR: 0
    FAILED: 0
--------------------------------------------------------------------------------------------------
Project tests finished, time elapsed: 2945169862 ns, RESULT:
TP: yjson_benchmarks.*, time elapsed: 2945064627 ns, RESULT:
    PASSED:
    TP: yjson_benchmarks, time elapsed: 2943692692 ns
Summary: TOTAL: 42
    PASSED: 1, SKIPPED: 41, ERROR: 0
    FAILED: 0
--------------------------------------------------------------------------------------------------
cjpm bench success
