Starting the benchmark `T9ThroughputBench.t9_4_3_wideSerialize()`.
    Warming up for 200.0 ms.
    Starting measurements of 200 batches. Measuring Duration.
    Max batch size: 6385, estimated execution time: 1.000 s.
Finished in 1.093 s. Analysing results:
  percentiles:    [   10%        50%        90%        95%        99%        ]  
  time:           [   1.490 us   1.498 us   1.513 us   1.518 us   1.528 us   ]  
  mean:           1.496 us .. 1.503 us  Err ±0.3%
  median:         1.484 us .. 1.528 us
  R²:             0.999 .. 1.000
  stddev:         1.673 ns

--------------------------------------------------------------------------------------------------
TP: yjson_benchmarks, time elapsed: 3000065447 ns, RESULT:
    TCS: T9ThroughputBench, time elapsed: 2999131493 ns, RESULT:
    | Case                 |   Median |         Err |   Err% |     Mean |
    |:---------------------|---------:|------------:|-------:|---------:|
    | t9_4_3_wideSerialize | 1.498 us | ±0.00363 us |  ±0.2% | 1.500 us |
Summary: TOTAL: 42
    PASSED: 1, SKIPPED: 41, ERROR: 0
    FAILED: 0
--------------------------------------------------------------------------------------------------
Project tests finished, time elapsed: 3001557659 ns, RESULT:
TP: yjson_benchmarks.*, time elapsed: 3001454981 ns, RESULT:
    PASSED:
    TP: yjson_benchmarks, time elapsed: 3000065447 ns
Summary: TOTAL: 42
    PASSED: 1, SKIPPED: 41, ERROR: 0
    FAILED: 0
--------------------------------------------------------------------------------------------------
cjpm bench success
