Starting the benchmark `T9ThroughputBench.t9_3_1_smallArraySerialize()`.
    Warming up for 200.0 ms.
    Starting measurements of 200 batches. Measuring Duration.
    Max batch size: 19793, estimated execution time: 1.000 s.
Finished in 1.100 s. Analysing results:
  percentiles:    [   10%        50%        90%        95%        99%        ]  
  time:           [   483.3 ns   484.4 ns   487.2 ns   489.1 ns   490.3 ns   ]  
  mean:           484.0 ns .. 486.1 ns  Err ±0.2%
  median:         482.7 ns .. 490.3 ns
  R²:             1.000 .. 1.000
  stddev:         0.440 ns

--------------------------------------------------------------------------------------------------
TP: yjson_benchmarks, time elapsed: 2961081305 ns, RESULT:
    TCS: T9ThroughputBench, time elapsed: 2960143068 ns, RESULT:
    | Case                       |   Median |       Err |   Err% |     Mean |
    |:---------------------------|---------:|----------:|-------:|---------:|
    | t9_3_1_smallArraySerialize | 484.4 ns | ±0.998 ns |  ±0.2% | 484.9 ns |
Summary: TOTAL: 42
    PASSED: 1, SKIPPED: 41, ERROR: 0
    FAILED: 0
--------------------------------------------------------------------------------------------------
Project tests finished, time elapsed: 2962569781 ns, RESULT:
TP: yjson_benchmarks.*, time elapsed: 2962460138 ns, RESULT:
    PASSED:
    TP: yjson_benchmarks, time elapsed: 2961081305 ns
Summary: TOTAL: 42
    PASSED: 1, SKIPPED: 41, ERROR: 0
    FAILED: 0
--------------------------------------------------------------------------------------------------
cjpm bench success
