Starting the benchmark `T9ThroughputBench.t9_4_5_ultraWideSerialize()`.
    Warming up for 200.0 ms.
    Starting measurements of 200 batches. Measuring Duration.
    Max batch size: 7789, estimated execution time: 1.000 s.
Finished in 1.096 s. Analysing results:
  percentiles:    [   10%        50%        90%        95%        99%        ]  
  time:           [   1.218 us   1.220 us   1.222 us   1.223 us   1.227 us   ]  
  mean:           1.219 us .. 1.223 us  Err ±0.2%
  median:         1.217 us .. 1.227 us
  R²:             1.000 .. 1.000
  stddev:         0.880 ns

--------------------------------------------------------------------------------------------------
TP: yjson_benchmarks, time elapsed: 2975117063 ns, RESULT:
    TCS: T9ThroughputBench, time elapsed: 2974199878 ns, RESULT:
    | Case                      |   Median |         Err |   Err% |     Mean |
    |:--------------------------|---------:|------------:|-------:|---------:|
    | t9_4_5_ultraWideSerialize | 1.219 us | ±0.00188 us |  ±0.2% | 1.220 us |
Summary: TOTAL: 42
    PASSED: 1, SKIPPED: 41, ERROR: 0
    FAILED: 0
--------------------------------------------------------------------------------------------------
Project tests finished, time elapsed: 2976610403 ns, RESULT:
TP: yjson_benchmarks.*, time elapsed: 2976505789 ns, RESULT:
    PASSED:
    TP: yjson_benchmarks, time elapsed: 2975117063 ns
Summary: TOTAL: 42
    PASSED: 1, SKIPPED: 41, ERROR: 0
    FAILED: 0
--------------------------------------------------------------------------------------------------
cjpm bench success
