Starting the benchmark `T9ThroughputBench.t9_3_7_nestedCollectionSerialize()`.
    Warming up for 200.0 ms.
    Starting measurements of 200 batches. Measuring Duration.
    Max batch size: 6568, estimated execution time: 1.000 s.
Finished in 1.098 s. Analysing results:
  percentiles:    [   10%        50%        90%        95%        99%        ]  
  time:           [   1.458 us   1.462 us   1.468 us   1.473 us   1.481 us   ]  
  mean:           1.461 us .. 1.466 us  Err ±0.2%
  median:         1.456 us .. 1.481 us
  R²:             1.000 .. 1.000
  stddev:         1.039 ns

--------------------------------------------------------------------------------------------------
TP: yjson_benchmarks, time elapsed: 2966600379 ns, RESULT:
    TCS: T9ThroughputBench, time elapsed: 2965666620 ns, RESULT:
    | Case                             |   Median |         Err |   Err% |     Mean |
    |:---------------------------------|---------:|------------:|-------:|---------:|
    | t9_3_7_nestedCollectionSerialize | 1.462 us | ±0.00235 us |  ±0.2% | 1.463 us |
Summary: TOTAL: 42
    PASSED: 1, SKIPPED: 41, ERROR: 0
    FAILED: 0
--------------------------------------------------------------------------------------------------
Project tests finished, time elapsed: 2968091636 ns, RESULT:
TP: yjson_benchmarks.*, time elapsed: 2967974911 ns, RESULT:
    PASSED:
    TP: yjson_benchmarks, time elapsed: 2966600379 ns
Summary: TOTAL: 42
    PASSED: 1, SKIPPED: 41, ERROR: 0
    FAILED: 0
--------------------------------------------------------------------------------------------------
cjpm bench success
