Starting the benchmark `T9ThroughputBench.t9_3_6_largeMapDeserialize()`.
    Warming up for 200.0 ms.
    Starting measurements of 200 batches. Measuring Duration.
    Max batch size: 805, estimated execution time: 1.001 s.
Finished in 1.020 s. Analysing results:
  percentiles:    [   10%        50%        90%        95%        99%        ]  
  time:           [   9.934 us   9.967 us   10.01 us   10.04 us   10.08 us   ]  
  mean:           9.950 us .. 10.01 us  Err ±0.3%
  median:         9.917 us .. 10.08 us
  R²:             0.999 .. 1.000
  stddev:         12.32 ns

--------------------------------------------------------------------------------------------------
TP: yjson_benchmarks, time elapsed: 3083689790 ns, RESULT:
    TCS: T9ThroughputBench, time elapsed: 3082753698 ns, RESULT:
    | Case                       |   Median |        Err |   Err% |     Mean |
    |:---------------------------|---------:|-----------:|-------:|---------:|
    | t9_3_6_largeMapDeserialize | 9.968 us | ±0.0266 us |  ±0.3% | 9.972 us |
Summary: TOTAL: 42
    PASSED: 1, SKIPPED: 41, ERROR: 0
    FAILED: 0
--------------------------------------------------------------------------------------------------
Project tests finished, time elapsed: 3085171519 ns, RESULT:
TP: yjson_benchmarks.*, time elapsed: 3085066351 ns, RESULT:
    PASSED:
    TP: yjson_benchmarks, time elapsed: 3083689790 ns
Summary: TOTAL: 42
    PASSED: 1, SKIPPED: 41, ERROR: 0
    FAILED: 0
--------------------------------------------------------------------------------------------------
cjpm bench success
