Starting the benchmark `T9ThroughputBench.t9_5_1_optionSerialize()`.
    Warming up for 200.0 ms.
    Starting measurements of 200 batches. Measuring Duration.
    Max batch size: 10913, estimated execution time: 1.000 s.
Finished in 1.068 s. Analysing results:
  percentiles:    [   10%        50%        90%        95%        99%        ]  
  time:           [   0.805 us   0.812 us   0.824 us   0.826 us   0.837 us   ]  
  mean:           0.811 us .. 0.817 us  Err ±0.4%
  median:         0.802 us .. 0.837 us
  R²:             0.999 .. 1.000
  stddev:         1.350 ns

--------------------------------------------------------------------------------------------------
TP: yjson_benchmarks, time elapsed: 2944714109 ns, RESULT:
    TCS: T9ThroughputBench, time elapsed: 2943784766 ns, RESULT:
    | Case                   |   Median |         Err |   Err% |     Mean |
    |:-----------------------|---------:|------------:|-------:|---------:|
    | t9_5_1_optionSerialize | 0.812 us | ±0.00314 us |  ±0.4% | 0.814 us |
Summary: TOTAL: 42
    PASSED: 1, SKIPPED: 41, ERROR: 0
    FAILED: 0
--------------------------------------------------------------------------------------------------
Project tests finished, time elapsed: 2946190719 ns, RESULT:
TP: yjson_benchmarks.*, time elapsed: 2946084193 ns, RESULT:
    PASSED:
    TP: yjson_benchmarks, time elapsed: 2944714109 ns
Summary: TOTAL: 42
    PASSED: 1, SKIPPED: 41, ERROR: 0
    FAILED: 0
--------------------------------------------------------------------------------------------------
cjpm bench success
