[1/770] round=1 address_encode yjson 6.07s
[2/770] round=1 address_encode stdx_json 1.88s
[3/770] round=1 address_encode cangjieJSON 2.73s
[4/770] round=1 address_encode json4cj 2.16s
[5/770] round=1 address_encode cjfast_json 2.00s
[6/770] round=1 address_encode jackson 3.99s
[7/770] round=1 address_encode fastjson2 3.95s
[8/770] round=1 address_decode yjson 7.64s
[9/770] round=1 address_decode stdx_json 2.23s
[10/770] round=1 address_decode cangjieJSON 3.10s
[11/770] round=1 address_decode json4cj 2.20s
[12/770] round=1 address_decode cjfast_json 1.92s
[13/770] round=1 address_decode jackson 3.97s
[14/770] round=1 address_decode fastjson2 3.97s
[15/770] round=1 person_encode yjson 12.92s
[16/770] round=1 person_encode stdx_json 2.89s
[17/770] round=1 person_encode cangjieJSON 2.74s
[18/770] round=1 person_encode json4cj 2.10s
[19/770] round=1 person_encode cjfast_json 2.38s
[20/770] round=1 person_encode jackson 4.00s
[21/770] round=1 person_encode fastjson2 3.97s
[22/770] round=1 person_decode yjson 5.60s
[23/770] round=1 person_decode stdx_json 3.11s
[24/770] round=1 person_decode cangjieJSON 3.61s
[25/770] round=1 person_decode json4cj 2.56s
[26/770] round=1 person_decode cjfast_json 2.72s
[27/770] round=1 person_decode jackson 3.95s
[28/770] round=1 person_decode fastjson2 3.98s
[29/770] round=1 large_array_encode yjson 13.23s
[30/770] round=1 large_array_encode stdx_json 2.70s
[31/770] round=1 large_array_encode cangjieJSON 2.37s
[32/770] round=1 large_array_encode json4cj 2.19s
[33/770] round=1 large_array_encode cjfast_json 2.32s
[34/770] round=1 large_array_encode jackson 3.99s
[35/770] round=1 large_array_encode fastjson2 3.99s
[36/770] round=1 large_array_decode yjson 8.99s
[37/770] round=1 large_array_decode stdx_json 2.39s
[38/770] round=1 large_array_decode cangjieJSON 3.06s
[39/770] round=1 large_array_decode json4cj 1.94s
[40/770] round=1 large_array_decode cjfast_json 2.01s
[41/770] round=1 large_array_decode jackson 3.97s
[42/770] round=1 large_array_decode fastjson2 3.97s
[43/770] round=1 large_map_encode yjson 12.11s
[44/770] round=1 large_map_encode stdx_json 3.28s
[45/770] round=1 large_map_encode cangjieJSON 2.78s
[46/770] round=1 large_map_encode json4cj 2.79s
[47/770] round=1 large_map_encode cjfast_json 2.65s
[48/770] round=1 large_map_encode jackson 3.99s
[49/770] round=1 large_map_encode fastjson2 3.98s
[50/770] round=1 large_map_decode yjson 12.11s
[51/770] round=1 large_map_decode stdx_json 2.66s
[52/770] round=1 large_map_decode cangjieJSON 3.08s
[53/770] round=1 large_map_decode json4cj 2.79s
[54/770] round=1 large_map_decode cjfast_json 2.58s
[55/770] round=1 large_map_decode jackson 3.98s
[56/770] round=1 large_map_decode fastjson2 3.98s
[57/770] round=1 deep_nested_encode yjson 9.35s
[58/770] round=1 deep_nested_encode stdx_json 3.34s
[59/770] round=1 deep_nested_encode cangjieJSON 2.35s
[60/770] round=1 deep_nested_encode json4cj 2.30s
[61/770] round=1 deep_nested_encode cjfast_json 2.46s
[62/770] round=1 deep_nested_encode jackson 3.99s
[63/770] round=1 deep_nested_encode fastjson2 4.00s
[64/770] round=1 deep_nested_decode yjson 6.39s
[65/770] round=1 deep_nested_decode stdx_json 3.05s
[66/770] round=1 deep_nested_decode cangjieJSON 3.03s
[67/770] round=1 deep_nested_decode json4cj 2.25s
[68/770] round=1 deep_nested_decode cjfast_json 2.63s
[69/770] round=1 deep_nested_decode jackson 3.95s
[70/770] round=1 deep_nested_decode fastjson2 3.98s
[71/770] round=2 address_encode yjson 6.09s
[72/770] round=2 address_encode fastjson2 3.98s
[73/770] round=2 address_encode jackson 3.98s
[74/770] round=2 address_encode cjfast_json 2.27s
[75/770] round=2 address_encode json4cj 2.17s
[76/770] round=2 address_encode cangjieJSON 2.83s
[77/770] round=2 address_encode stdx_json 2.31s
[78/770] round=2 deep_nested_decode yjson 6.61s
[79/770] round=2 deep_nested_decode fastjson2 3.98s
[80/770] round=2 deep_nested_decode jackson 4.00s
[81/770] round=2 deep_nested_decode cjfast_json 2.64s
[82/770] round=2 deep_nested_decode json4cj 2.17s
[83/770] round=2 deep_nested_decode cangjieJSON 3.23s
[84/770] round=2 deep_nested_decode stdx_json 3.10s
[85/770] round=2 deep_nested_encode yjson 9.38s
[86/770] round=2 deep_nested_encode fastjson2 3.98s
[87/770] round=2 deep_nested_encode jackson 3.99s
[88/770] round=2 deep_nested_encode cjfast_json 2.53s
[89/770] round=2 deep_nested_encode json4cj 2.26s
[90/770] round=2 deep_nested_encode cangjieJSON 2.47s
[91/770] round=2 deep_nested_encode stdx_json 3.37s
[92/770] round=2 large_map_decode yjson 11.97s
[93/770] round=2 large_map_decode fastjson2 3.98s
[94/770] round=2 large_map_decode jackson 3.97s
[95/770] round=2 large_map_decode cjfast_json 2.92s
[96/770] round=2 large_map_decode json4cj 2.70s
[97/770] round=2 large_map_decode cangjieJSON 3.07s
[98/770] round=2 large_map_decode stdx_json 3.38s
[99/770] round=2 large_map_encode yjson 12.11s
[100/770] round=2 large_map_encode fastjson2 3.97s
[101/770] round=2 large_map_encode jackson 3.99s
[102/770] round=2 large_map_encode cjfast_json 2.46s
[103/770] round=2 large_map_encode json4cj 2.54s
[104/770] round=2 large_map_encode cangjieJSON 2.68s
[105/770] round=2 large_map_encode stdx_json 3.85s
[106/770] round=2 large_array_decode yjson 9.01s
[107/770] round=2 large_array_decode fastjson2 3.96s
[108/770] round=2 large_array_decode jackson 3.96s
[109/770] round=2 large_array_decode cjfast_json 2.01s
[110/770] round=2 large_array_decode json4cj 1.94s
[111/770] round=2 large_array_decode cangjieJSON 3.18s
[112/770] round=2 large_array_decode stdx_json 2.52s
[113/770] round=2 large_array_encode yjson 13.18s
[114/770] round=2 large_array_encode fastjson2 3.96s
[115/770] round=2 large_array_encode jackson 3.99s
[116/770] round=2 large_array_encode cjfast_json 2.18s
[117/770] round=2 large_array_encode json4cj 1.99s
[118/770] round=2 large_array_encode cangjieJSON 2.25s
[119/770] round=2 large_array_encode stdx_json 2.73s
[120/770] round=2 person_decode yjson 5.61s
[121/770] round=2 person_decode fastjson2 3.98s
[122/770] round=2 person_decode jackson 3.98s
[123/770] round=2 person_decode cjfast_json 2.79s
[124/770] round=2 person_decode json4cj 2.58s
[125/770] round=2 person_decode cangjieJSON 3.42s
[126/770] round=2 person_decode stdx_json 3.23s
[127/770] round=2 person_encode yjson 12.91s
[128/770] round=2 person_encode fastjson2 3.97s
[129/770] round=2 person_encode jackson 3.96s
[130/770] round=2 person_encode cjfast_json 2.47s
[131/770] round=2 person_encode json4cj 2.11s
[132/770] round=2 person_encode cangjieJSON 2.85s
[133/770] round=2 person_encode stdx_json 2.87s
[134/770] round=2 address_decode yjson 7.67s
[135/770] round=2 address_decode fastjson2 3.98s
[136/770] round=2 address_decode jackson 4.00s
[137/770] round=2 address_decode cjfast_json 2.09s
[138/770] round=2 address_decode json4cj 2.22s
[139/770] round=2 address_decode cangjieJSON 3.29s
[140/770] round=2 address_decode stdx_json 2.19s
[141/770] round=3 person_encode cangjieJSON 2.55s
[142/770] round=3 person_encode json4cj 2.12s
[143/770] round=3 person_encode cjfast_json 2.46s
[144/770] round=3 person_encode jackson 4.01s
[145/770] round=3 person_encode fastjson2 3.96s
[146/770] round=3 person_encode yjson 12.92s
[147/770] round=3 person_encode stdx_json 3.24s
[148/770] round=3 person_decode cangjieJSON 3.25s
[149/770] round=3 person_decode json4cj 2.64s
[150/770] round=3 person_decode cjfast_json 2.76s
[151/770] round=3 person_decode jackson 3.96s
[152/770] round=3 person_decode fastjson2 3.95s
[153/770] round=3 person_decode yjson 5.72s
[154/770] round=3 person_decode stdx_json 3.76s
[155/770] round=3 large_array_encode cangjieJSON 2.33s
[156/770] round=3 large_array_encode json4cj 2.18s
[157/770] round=3 large_array_encode cjfast_json 2.28s
[158/770] round=3 large_array_encode jackson 3.97s
[159/770] round=3 large_array_encode fastjson2 3.99s
[160/770] round=3 large_array_encode yjson 13.26s
[161/770] round=3 large_array_encode stdx_json 3.02s
[162/770] round=3 large_array_decode cangjieJSON 3.27s
[163/770] round=3 large_array_decode json4cj 1.97s
[164/770] round=3 large_array_decode cjfast_json 2.09s
[165/770] round=3 large_array_decode jackson 3.98s
[166/770] round=3 large_array_decode fastjson2 3.98s
[167/770] round=3 large_array_decode yjson 9.03s
[168/770] round=3 large_array_decode stdx_json 2.80s
[169/770] round=3 large_map_encode cangjieJSON 2.81s
[170/770] round=3 large_map_encode json4cj 2.58s
[171/770] round=3 large_map_encode cjfast_json 3.07s
[172/770] round=3 large_map_encode jackson 3.97s
[173/770] round=3 large_map_encode fastjson2 3.95s
[174/770] round=3 large_map_encode yjson 12.17s
[175/770] round=3 large_map_encode stdx_json 3.95s
[176/770] round=3 large_map_decode cangjieJSON 2.81s
[177/770] round=3 large_map_decode json4cj 2.75s
[178/770] round=3 large_map_decode cjfast_json 2.92s
[179/770] round=3 large_map_decode jackson 3.97s
[180/770] round=3 large_map_decode fastjson2 3.98s
[181/770] round=3 large_map_decode yjson 12.07s
[182/770] round=3 large_map_decode stdx_json 3.37s
[183/770] round=3 deep_nested_encode cangjieJSON 2.50s
[184/770] round=3 deep_nested_encode json4cj 2.06s
[185/770] round=3 deep_nested_encode cjfast_json 2.18s
[186/770] round=3 deep_nested_encode jackson 4.01s
[187/770] round=3 deep_nested_encode fastjson2 3.98s
[188/770] round=3 deep_nested_encode yjson 9.37s
[189/770] round=3 deep_nested_encode stdx_json 3.37s
[190/770] round=3 deep_nested_decode cangjieJSON 3.07s
[191/770] round=3 deep_nested_decode json4cj 2.21s
[192/770] round=3 deep_nested_decode cjfast_json 2.52s
[193/770] round=3 deep_nested_decode jackson 3.97s
[194/770] round=3 deep_nested_decode fastjson2 3.97s
[195/770] round=3 deep_nested_decode yjson 6.38s
[196/770] round=3 deep_nested_decode stdx_json 2.80s
[197/770] round=3 address_encode cangjieJSON 2.80s
[198/770] round=3 address_encode json4cj 2.18s
[199/770] round=3 address_encode cjfast_json 2.21s
[200/770] round=3 address_encode jackson 3.97s
[201/770] round=3 address_encode fastjson2 3.97s
[202/770] round=3 address_encode yjson 6.07s
[203/770] round=3 address_encode stdx_json 2.06s
[204/770] round=3 address_decode cangjieJSON 3.26s
[205/770] round=3 address_decode json4cj 2.25s
[206/770] round=3 address_decode cjfast_json 2.04s
[207/770] round=3 address_decode jackson 3.98s
[208/770] round=3 address_decode fastjson2 3.95s
[209/770] round=3 address_decode yjson 7.49s
[210/770] round=3 address_decode stdx_json 2.30s
[211/770] round=4 person_encode cangjieJSON 2.82s
[212/770] round=4 person_encode stdx_json 2.92s
[213/770] round=4 person_encode yjson 12.88s
[214/770] round=4 person_encode fastjson2 3.98s
[215/770] round=4 person_encode jackson 3.97s
[216/770] round=4 person_encode cjfast_json 2.44s
[217/770] round=4 person_encode json4cj 2.10s
[218/770] round=4 address_decode cangjieJSON 3.25s
[219/770] round=4 address_decode stdx_json 2.33s
[220/770] round=4 address_decode yjson 7.59s
[221/770] round=4 address_decode fastjson2 3.97s
[222/770] round=4 address_decode jackson 3.97s
[223/770] round=4 address_decode cjfast_json 2.24s
[224/770] round=4 address_decode json4cj 2.06s
[225/770] round=4 address_encode cangjieJSON 2.99s
[226/770] round=4 address_encode stdx_json 1.97s
[227/770] round=4 address_encode yjson 6.28s
[228/770] round=4 address_encode fastjson2 3.98s
[229/770] round=4 address_encode jackson 3.98s
[230/770] round=4 address_encode cjfast_json 2.05s
[231/770] round=4 address_encode json4cj 2.22s
[232/770] round=4 deep_nested_decode cangjieJSON 3.10s
[233/770] round=4 deep_nested_decode stdx_json 3.18s
[234/770] round=4 deep_nested_decode yjson 6.52s
[235/770] round=4 deep_nested_decode fastjson2 3.97s
[236/770] round=4 deep_nested_decode jackson 3.99s
[237/770] round=4 deep_nested_decode cjfast_json 2.44s
[238/770] round=4 deep_nested_decode json4cj 2.01s
[239/770] round=4 deep_nested_encode cangjieJSON 2.39s
[240/770] round=4 deep_nested_encode stdx_json 3.01s
[241/770] round=4 deep_nested_encode yjson 9.23s
[242/770] round=4 deep_nested_encode fastjson2 3.98s
[243/770] round=4 deep_nested_encode jackson 3.96s
[244/770] round=4 deep_nested_encode cjfast_json 2.21s
[245/770] round=4 deep_nested_encode json4cj 2.35s
[246/770] round=4 large_map_decode cangjieJSON 2.76s
[247/770] round=4 large_map_decode stdx_json 3.69s
[248/770] round=4 large_map_decode yjson 11.96s
[249/770] round=4 large_map_decode fastjson2 3.97s
[250/770] round=4 large_map_decode jackson 3.96s
[251/770] round=4 large_map_decode cjfast_json 2.66s
[252/770] round=4 large_map_decode json4cj 2.66s
[253/770] round=4 large_map_encode cangjieJSON 2.80s
[254/770] round=4 large_map_encode stdx_json 3.80s
[255/770] round=4 large_map_encode yjson 12.21s
[256/770] round=4 large_map_encode fastjson2 3.98s
[257/770] round=4 large_map_encode jackson 4.00s
[258/770] round=4 large_map_encode cjfast_json 2.72s
[259/770] round=4 large_map_encode json4cj 2.47s
[260/770] round=4 large_array_decode cangjieJSON 3.23s
[261/770] round=4 large_array_decode stdx_json 2.68s
[262/770] round=4 large_array_decode yjson 9.00s
[263/770] round=4 large_array_decode fastjson2 3.97s
[264/770] round=4 large_array_decode jackson 3.97s
[265/770] round=4 large_array_decode cjfast_json 2.03s
[266/770] round=4 large_array_decode json4cj 2.01s
[267/770] round=4 large_array_encode cangjieJSON 2.13s
[268/770] round=4 large_array_encode stdx_json 3.15s
[269/770] round=4 large_array_encode yjson 13.34s
[270/770] round=4 large_array_encode fastjson2 3.97s
[271/770] round=4 large_array_encode jackson 3.97s
[272/770] round=4 large_array_encode cjfast_json 2.24s
[273/770] round=4 large_array_encode json4cj 2.01s
[274/770] round=4 person_decode cangjieJSON 3.39s
[275/770] round=4 person_decode stdx_json 3.11s
[276/770] round=4 person_decode yjson 5.69s
[277/770] round=4 person_decode fastjson2 4.00s
[278/770] round=4 person_decode jackson 3.98s
[279/770] round=4 person_decode cjfast_json 2.68s
[280/770] round=4 person_decode json4cj 2.59s
[281/770] round=5 large_array_encode cjfast_json 2.34s
[282/770] round=5 large_array_encode jackson 3.97s
[283/770] round=5 large_array_encode fastjson2 3.97s
[284/770] round=5 large_array_encode yjson 13.22s
[285/770] round=5 large_array_encode stdx_json 3.00s
[286/770] round=5 large_array_encode cangjieJSON 2.38s
[287/770] round=5 large_array_encode json4cj 2.17s
[288/770] round=5 large_array_decode cjfast_json 2.11s
[289/770] round=5 large_array_decode jackson 3.99s
[290/770] round=5 large_array_decode fastjson2 3.98s
[291/770] round=5 large_array_decode yjson 9.02s
[292/770] round=5 large_array_decode stdx_json 2.45s
[293/770] round=5 large_array_decode cangjieJSON 3.07s
[294/770] round=5 large_array_decode json4cj 1.91s
[295/770] round=5 large_map_encode cjfast_json 3.02s
[296/770] round=5 large_map_encode jackson 4.00s
[297/770] round=5 large_map_encode fastjson2 3.98s
[298/770] round=5 large_map_encode yjson 12.30s
[299/770] round=5 large_map_encode stdx_json 3.83s
[300/770] round=5 large_map_encode cangjieJSON 2.69s
[301/770] round=5 large_map_encode json4cj 2.73s
[302/770] round=5 large_map_decode cjfast_json 2.91s
[303/770] round=5 large_map_decode jackson 3.97s
[304/770] round=5 large_map_decode fastjson2 3.97s
[305/770] round=5 large_map_decode yjson 11.96s
[306/770] round=5 large_map_decode stdx_json 3.25s
[307/770] round=5 large_map_decode cangjieJSON 3.21s
[308/770] round=5 large_map_decode json4cj 2.81s
[309/770] round=5 deep_nested_encode cjfast_json 2.58s
[310/770] round=5 deep_nested_encode jackson 3.99s
[311/770] round=5 deep_nested_encode fastjson2 3.97s
[312/770] round=5 deep_nested_encode yjson 9.24s
[313/770] round=5 deep_nested_encode stdx_json 2.81s
[314/770] round=5 deep_nested_encode cangjieJSON 2.49s
[315/770] round=5 deep_nested_encode json4cj 2.31s
[316/770] round=5 deep_nested_decode cjfast_json 2.48s
[317/770] round=5 deep_nested_decode jackson 3.98s
[318/770] round=5 deep_nested_decode fastjson2 3.98s
[319/770] round=5 deep_nested_decode yjson 6.32s
[320/770] round=5 deep_nested_decode stdx_json 3.17s
[321/770] round=5 deep_nested_decode cangjieJSON 3.13s
[322/770] round=5 deep_nested_decode json4cj 2.19s
[323/770] round=5 address_encode cjfast_json 1.87s
[324/770] round=5 address_encode jackson 3.96s
[325/770] round=5 address_encode fastjson2 3.97s
[326/770] round=5 address_encode yjson 6.20s
[327/770] round=5 address_encode stdx_json 2.03s
[328/770] round=5 address_encode cangjieJSON 2.90s
[329/770] round=5 address_encode json4cj 2.12s
[330/770] round=5 address_decode cjfast_json 2.02s
[331/770] round=5 address_decode jackson 3.97s
[332/770] round=5 address_decode fastjson2 3.96s
[333/770] round=5 address_decode yjson 7.55s
[334/770] round=5 address_decode stdx_json 2.30s
[335/770] round=5 address_decode cangjieJSON 3.37s
[336/770] round=5 address_decode json4cj 2.23s
[337/770] round=5 person_encode cjfast_json 2.36s
[338/770] round=5 person_encode jackson 3.97s
[339/770] round=5 person_encode fastjson2 3.97s
[340/770] round=5 person_encode yjson 13.00s
[341/770] round=5 person_encode stdx_json 3.14s
[342/770] round=5 person_encode cangjieJSON 2.46s
[343/770] round=5 person_encode json4cj 1.90s
[344/770] round=5 person_decode cjfast_json 2.82s
[345/770] round=5 person_decode jackson 3.97s
[346/770] round=5 person_decode fastjson2 3.96s
[347/770] round=5 person_decode yjson 5.93s
[348/770] round=5 person_decode stdx_json 3.54s
[349/770] round=5 person_decode cangjieJSON 3.25s
[350/770] round=5 person_decode json4cj 2.72s
[351/770] round=6 large_array_encode cjfast_json 2.30s
[352/770] round=6 large_array_encode json4cj 1.97s
[353/770] round=6 large_array_encode cangjieJSON 2.31s
[354/770] round=6 large_array_encode stdx_json 3.20s
[355/770] round=6 large_array_encode yjson 13.22s
[356/770] round=6 large_array_encode fastjson2 3.98s
[357/770] round=6 large_array_encode jackson 3.96s
[358/770] round=6 person_decode cjfast_json 2.71s
[359/770] round=6 person_decode json4cj 2.60s
[360/770] round=6 person_decode cangjieJSON 3.33s
[361/770] round=6 person_decode stdx_json 3.23s
[362/770] round=6 person_decode yjson 5.62s
[363/770] round=6 person_decode fastjson2 3.96s
[364/770] round=6 person_decode jackson 3.95s
[365/770] round=6 person_encode cjfast_json 2.48s
[366/770] round=6 person_encode json4cj 2.06s
[367/770] round=6 person_encode cangjieJSON 2.85s
[368/770] round=6 person_encode stdx_json 2.91s
[369/770] round=6 person_encode yjson 12.87s
[370/770] round=6 person_encode fastjson2 3.98s
[371/770] round=6 person_encode jackson 3.97s
[372/770] round=6 address_decode cjfast_json 2.15s
[373/770] round=6 address_decode json4cj 2.01s
[374/770] round=6 address_decode cangjieJSON 3.36s
[375/770] round=6 address_decode stdx_json 2.50s
[376/770] round=6 address_decode yjson 7.64s
[377/770] round=6 address_decode fastjson2 3.98s
[378/770] round=6 address_decode jackson 3.98s
[379/770] round=6 address_encode cjfast_json 2.31s
[380/770] round=6 address_encode json4cj 2.10s
[381/770] round=6 address_encode cangjieJSON 2.79s
[382/770] round=6 address_encode stdx_json 1.89s
[383/770] round=6 address_encode yjson 6.16s
[384/770] round=6 address_encode fastjson2 3.96s
[385/770] round=6 address_encode jackson 3.97s
[386/770] round=6 deep_nested_decode cjfast_json 2.45s
[387/770] round=6 deep_nested_decode json4cj 2.22s
[388/770] round=6 deep_nested_decode cangjieJSON 3.24s
[389/770] round=6 deep_nested_decode stdx_json 2.73s
[390/770] round=6 deep_nested_decode yjson 6.69s
[391/770] round=6 deep_nested_decode fastjson2 3.99s
[392/770] round=6 deep_nested_decode jackson 3.98s
[393/770] round=6 deep_nested_encode cjfast_json 2.45s
[394/770] round=6 deep_nested_encode json4cj 2.13s
[395/770] round=6 deep_nested_encode cangjieJSON 2.49s
[396/770] round=6 deep_nested_encode stdx_json 2.79s
[397/770] round=6 deep_nested_encode yjson 9.50s
[398/770] round=6 deep_nested_encode fastjson2 3.99s
[399/770] round=6 deep_nested_encode jackson 4.00s
[400/770] round=6 large_map_decode cjfast_json 2.78s
[401/770] round=6 large_map_decode json4cj 2.70s
[402/770] round=6 large_map_decode cangjieJSON 3.03s
[403/770] round=6 large_map_decode stdx_json 3.11s
[404/770] round=6 large_map_decode yjson 11.83s
[405/770] round=6 large_map_decode fastjson2 4.00s
[406/770] round=6 large_map_decode jackson 3.97s
[407/770] round=6 large_map_encode cjfast_json 3.02s
[408/770] round=6 large_map_encode json4cj 2.82s
[409/770] round=6 large_map_encode cangjieJSON 2.80s
[410/770] round=6 large_map_encode stdx_json 4.18s
[411/770] round=6 large_map_encode yjson 12.08s
[412/770] round=6 large_map_encode fastjson2 3.98s
[413/770] round=6 large_map_encode jackson 4.00s
[414/770] round=6 large_array_decode cjfast_json 2.12s
[415/770] round=6 large_array_decode json4cj 1.96s
[416/770] round=6 large_array_decode cangjieJSON 3.32s
[417/770] round=6 large_array_decode stdx_json 2.39s
[418/770] round=6 large_array_decode yjson 9.10s
[419/770] round=6 large_array_decode fastjson2 3.97s
[420/770] round=6 large_array_decode jackson 3.97s
[421/770] round=7 large_map_encode fastjson2 3.97s
[422/770] round=7 large_map_encode yjson 12.16s
[423/770] round=7 large_map_encode stdx_json 3.96s
[424/770] round=7 large_map_encode cangjieJSON 2.78s
[425/770] round=7 large_map_encode json4cj 2.93s
[426/770] round=7 large_map_encode cjfast_json 2.85s
[427/770] round=7 large_map_encode jackson 3.98s
[428/770] round=7 large_map_decode fastjson2 3.99s
[429/770] round=7 large_map_decode yjson 11.87s
[430/770] round=7 large_map_decode stdx_json 3.43s
[431/770] round=7 large_map_decode cangjieJSON 3.03s
[432/770] round=7 large_map_decode json4cj 2.53s
[433/770] round=7 large_map_decode cjfast_json 2.84s
[434/770] round=7 large_map_decode jackson 3.98s
[435/770] round=7 deep_nested_encode fastjson2 3.96s
[436/770] round=7 deep_nested_encode yjson 9.28s
[437/770] round=7 deep_nested_encode stdx_json 3.36s
[438/770] round=7 deep_nested_encode cangjieJSON 2.36s
[439/770] round=7 deep_nested_encode json4cj 2.29s
[440/770] round=7 deep_nested_encode cjfast_json 2.58s
[441/770] round=7 deep_nested_encode jackson 3.99s
[442/770] round=7 deep_nested_decode fastjson2 3.98s
[443/770] round=7 deep_nested_decode yjson 6.24s
[444/770] round=7 deep_nested_decode stdx_json 2.69s
[445/770] round=7 deep_nested_decode cangjieJSON 3.16s
[446/770] round=7 deep_nested_decode json4cj 2.20s
[447/770] round=7 deep_nested_decode cjfast_json 2.51s
[448/770] round=7 deep_nested_decode jackson 3.99s
[449/770] round=7 address_encode fastjson2 3.97s
[450/770] round=7 address_encode yjson 6.16s
[451/770] round=7 address_encode stdx_json 1.88s
[452/770] round=7 address_encode cangjieJSON 2.84s
[453/770] round=7 address_encode json4cj 2.16s
[454/770] round=7 address_encode cjfast_json 2.21s
[455/770] round=7 address_encode jackson 3.99s
[456/770] round=7 address_decode fastjson2 3.97s
[457/770] round=7 address_decode yjson 7.73s
[458/770] round=7 address_decode stdx_json 2.19s
[459/770] round=7 address_decode cangjieJSON 3.32s
[460/770] round=7 address_decode json4cj 2.21s
[461/770] round=7 address_decode cjfast_json 2.01s
[462/770] round=7 address_decode jackson 3.98s
[463/770] round=7 person_encode fastjson2 3.98s
[464/770] round=7 person_encode yjson 12.82s
[465/770] round=7 person_encode stdx_json 2.28s
[466/770] round=7 person_encode cangjieJSON 2.67s
[467/770] round=7 person_encode json4cj 2.23s
[468/770] round=7 person_encode cjfast_json 2.36s
[469/770] round=7 person_encode jackson 4.00s
[470/770] round=7 person_decode fastjson2 3.98s
[471/770] round=7 person_decode yjson 5.76s
[472/770] round=7 person_decode stdx_json 3.53s
[473/770] round=7 person_decode cangjieJSON 3.53s
[474/770] round=7 person_decode json4cj 2.59s
[475/770] round=7 person_decode cjfast_json 2.63s
[476/770] round=7 person_decode jackson 3.95s
[477/770] round=7 large_array_encode fastjson2 3.98s
[478/770] round=7 large_array_encode yjson 13.21s
[479/770] round=7 large_array_encode stdx_json 2.56s
[480/770] round=7 large_array_encode cangjieJSON 2.41s
[481/770] round=7 large_array_encode json4cj 2.07s
[482/770] round=7 large_array_encode cjfast_json 2.03s
[483/770] round=7 large_array_encode jackson 3.98s
[484/770] round=7 large_array_decode fastjson2 3.96s
[485/770] round=7 large_array_decode yjson 9.01s
[486/770] round=7 large_array_decode stdx_json 2.43s
[487/770] round=7 large_array_decode cangjieJSON 3.27s
[488/770] round=7 large_array_decode json4cj 1.93s
[489/770] round=7 large_array_decode cjfast_json 2.07s
[490/770] round=7 large_array_decode jackson 3.98s
[491/770] round=8 large_map_encode fastjson2 3.98s
[492/770] round=8 large_map_encode jackson 3.97s
[493/770] round=8 large_map_encode cjfast_json 3.00s
[494/770] round=8 large_map_encode json4cj 2.70s
[495/770] round=8 large_map_encode cangjieJSON 2.78s
[496/770] round=8 large_map_encode stdx_json 4.01s
[497/770] round=8 large_map_encode yjson 12.29s
[498/770] round=8 large_array_decode fastjson2 3.99s
[499/770] round=8 large_array_decode jackson 3.98s
[500/770] round=8 large_array_decode cjfast_json 2.09s
[501/770] round=8 large_array_decode json4cj 1.83s
[502/770] round=8 large_array_decode cangjieJSON 3.24s
[503/770] round=8 large_array_decode stdx_json 2.48s
[504/770] round=8 large_array_decode yjson 9.01s
[505/770] round=8 large_array_encode fastjson2 3.98s
[506/770] round=8 large_array_encode jackson 3.98s
[507/770] round=8 large_array_encode cjfast_json 2.25s
[508/770] round=8 large_array_encode json4cj 2.00s
[509/770] round=8 large_array_encode cangjieJSON 2.08s
[510/770] round=8 large_array_encode stdx_json 3.07s
[511/770] round=8 large_array_encode yjson 13.16s
[512/770] round=8 person_decode fastjson2 3.96s
[513/770] round=8 person_decode jackson 3.96s
[514/770] round=8 person_decode cjfast_json 2.65s
[515/770] round=8 person_decode json4cj 2.54s
[516/770] round=8 person_decode cangjieJSON 3.52s
[517/770] round=8 person_decode stdx_json 3.17s
[518/770] round=8 person_decode yjson 5.77s
[519/770] round=8 person_encode fastjson2 3.98s
[520/770] round=8 person_encode jackson 3.99s
[521/770] round=8 person_encode cjfast_json 2.41s
[522/770] round=8 person_encode json4cj 2.04s
[523/770] round=8 person_encode cangjieJSON 2.73s
[524/770] round=8 person_encode stdx_json 2.97s
[525/770] round=8 person_encode yjson 12.98s
[526/770] round=8 address_decode fastjson2 3.98s
[527/770] round=8 address_decode jackson 3.97s
[528/770] round=8 address_decode cjfast_json 2.12s
[529/770] round=8 address_decode json4cj 2.12s
[530/770] round=8 address_decode cangjieJSON 3.23s
[531/770] round=8 address_decode stdx_json 2.38s
[532/770] round=8 address_decode yjson 7.44s
[533/770] round=8 address_encode fastjson2 3.97s
[534/770] round=8 address_encode jackson 3.96s
[535/770] round=8 address_encode cjfast_json 2.21s
[536/770] round=8 address_encode json4cj 2.05s
[537/770] round=8 address_encode cangjieJSON 2.76s
[538/770] round=8 address_encode stdx_json 2.34s
[539/770] round=8 address_encode yjson 6.20s
[540/770] round=8 deep_nested_decode fastjson2 3.98s
[541/770] round=8 deep_nested_decode jackson 3.96s
[542/770] round=8 deep_nested_decode cjfast_json 2.63s
[543/770] round=8 deep_nested_decode json4cj 2.23s
[544/770] round=8 deep_nested_decode cangjieJSON 3.28s
[545/770] round=8 deep_nested_decode stdx_json 2.79s
[546/770] round=8 deep_nested_decode yjson 6.34s
[547/770] round=8 deep_nested_encode fastjson2 3.98s
[548/770] round=8 deep_nested_encode jackson 3.95s
[549/770] round=8 deep_nested_encode cjfast_json 2.48s
[550/770] round=8 deep_nested_encode json4cj 2.04s
[551/770] round=8 deep_nested_encode cangjieJSON 2.48s
[552/770] round=8 deep_nested_encode stdx_json 2.77s
[553/770] round=8 deep_nested_encode yjson 9.44s
[554/770] round=8 large_map_decode fastjson2 3.96s
[555/770] round=8 large_map_decode jackson 3.95s
[556/770] round=8 large_map_decode cjfast_json 2.85s
[557/770] round=8 large_map_decode json4cj 2.50s
[558/770] round=8 large_map_decode cangjieJSON 3.14s
[559/770] round=8 large_map_decode stdx_json 3.35s
[560/770] round=8 large_map_decode yjson 11.86s
[561/770] round=9 deep_nested_encode stdx_json 3.35s
[562/770] round=9 deep_nested_encode cangjieJSON 2.39s
[563/770] round=9 deep_nested_encode json4cj 2.40s
[564/770] round=9 deep_nested_encode cjfast_json 2.60s
[565/770] round=9 deep_nested_encode jackson 3.98s
[566/770] round=9 deep_nested_encode fastjson2 3.97s
[567/770] round=9 deep_nested_encode yjson 9.42s
[568/770] round=9 deep_nested_decode stdx_json 3.23s
[569/770] round=9 deep_nested_decode cangjieJSON 2.32s
[570/770] round=9 deep_nested_decode json4cj 2.15s
[571/770] round=9 deep_nested_decode cjfast_json 2.48s
[572/770] round=9 deep_nested_decode jackson 3.98s
[573/770] round=9 deep_nested_decode fastjson2 3.95s
[574/770] round=9 deep_nested_decode yjson 6.62s
[575/770] round=9 address_encode stdx_json 2.07s
[576/770] round=9 address_encode cangjieJSON 2.75s
[577/770] round=9 address_encode json4cj 2.11s
[578/770] round=9 address_encode cjfast_json 1.93s
[579/770] round=9 address_encode jackson 3.98s
[580/770] round=9 address_encode fastjson2 3.98s
[581/770] round=9 address_encode yjson 6.17s
[582/770] round=9 address_decode stdx_json 2.44s
[583/770] round=9 address_decode cangjieJSON 3.26s
[584/770] round=9 address_decode json4cj 2.20s
[585/770] round=9 address_decode cjfast_json 1.93s
[586/770] round=9 address_decode jackson 3.97s
[587/770] round=9 address_decode fastjson2 3.97s
[588/770] round=9 address_decode yjson 7.78s
[589/770] round=9 person_encode stdx_json 3.24s
[590/770] round=9 person_encode cangjieJSON 2.84s
[591/770] round=9 person_encode json4cj 2.28s
[592/770] round=9 person_encode cjfast_json 2.47s
[593/770] round=9 person_encode jackson 3.97s
[594/770] round=9 person_encode fastjson2 3.98s
[595/770] round=9 person_encode yjson 13.21s
[596/770] round=9 person_decode stdx_json 3.45s
[597/770] round=9 person_decode cangjieJSON 3.44s
[598/770] round=9 person_decode json4cj 2.57s
[599/770] round=9 person_decode cjfast_json 2.89s
[600/770] round=9 person_decode jackson 3.96s
[601/770] round=9 person_decode fastjson2 3.99s
[602/770] round=9 person_decode yjson 5.70s
[603/770] round=9 large_array_encode stdx_json 3.21s
[604/770] round=9 large_array_encode cangjieJSON 2.16s
[605/770] round=9 large_array_encode json4cj 2.18s
[606/770] round=9 large_array_encode cjfast_json 2.33s
[607/770] round=9 large_array_encode jackson 3.97s
[608/770] round=9 large_array_encode fastjson2 3.96s
[609/770] round=9 large_array_encode yjson 13.20s
[610/770] round=9 large_array_decode stdx_json 2.73s
[611/770] round=9 large_array_decode cangjieJSON 2.79s
[612/770] round=9 large_array_decode json4cj 1.93s
[613/770] round=9 large_array_decode cjfast_json 2.14s
[614/770] round=9 large_array_decode jackson 3.98s
[615/770] round=9 large_array_decode fastjson2 4.00s
[616/770] round=9 large_array_decode yjson 8.99s
[617/770] round=9 large_map_encode stdx_json 3.94s
[618/770] round=9 large_map_encode cangjieJSON 2.84s
[619/770] round=9 large_map_encode json4cj 2.45s
[620/770] round=9 large_map_encode cjfast_json 3.00s
[621/770] round=9 large_map_encode jackson 3.99s
[622/770] round=9 large_map_encode fastjson2 3.98s
[623/770] round=9 large_map_encode yjson 12.14s
[624/770] round=9 large_map_decode stdx_json 3.41s
[625/770] round=9 large_map_decode cangjieJSON 3.10s
[626/770] round=9 large_map_decode json4cj 2.73s
[627/770] round=9 large_map_decode cjfast_json 2.88s
[628/770] round=9 large_map_decode jackson 3.97s
[629/770] round=9 large_map_decode fastjson2 3.99s
[630/770] round=9 large_map_decode yjson 12.05s
[631/770] round=10 deep_nested_encode stdx_json 3.52s
[632/770] round=10 deep_nested_encode yjson 9.26s
[633/770] round=10 deep_nested_encode fastjson2 3.99s
[634/770] round=10 deep_nested_encode jackson 3.96s
[635/770] round=10 deep_nested_encode cjfast_json 2.53s
[636/770] round=10 deep_nested_encode json4cj 2.33s
[637/770] round=10 deep_nested_encode cangjieJSON 2.47s
[638/770] round=10 large_map_decode stdx_json 3.27s
[639/770] round=10 large_map_decode yjson 11.82s
[640/770] round=10 large_map_decode fastjson2 3.99s
[641/770] round=10 large_map_decode jackson 3.98s
[642/770] round=10 large_map_decode cjfast_json 2.90s
[643/770] round=10 large_map_decode json4cj 2.71s
[644/770] round=10 large_map_decode cangjieJSON 3.11s
[645/770] round=10 large_map_encode stdx_json 3.72s
[646/770] round=10 large_map_encode yjson 12.10s
[647/770] round=10 large_map_encode fastjson2 3.98s
[648/770] round=10 large_map_encode jackson 3.98s
[649/770] round=10 large_map_encode cjfast_json 2.82s
[650/770] round=10 large_map_encode json4cj 2.64s
[651/770] round=10 large_map_encode cangjieJSON 2.70s
[652/770] round=10 large_array_decode stdx_json 2.44s
[653/770] round=10 large_array_decode yjson 9.03s
[654/770] round=10 large_array_decode fastjson2 3.98s
[655/770] round=10 large_array_decode jackson 3.95s
[656/770] round=10 large_array_decode cjfast_json 2.00s
[657/770] round=10 large_array_decode json4cj 1.98s
[658/770] round=10 large_array_decode cangjieJSON 3.24s
[659/770] round=10 large_array_encode stdx_json 2.86s
[660/770] round=10 large_array_encode yjson 13.11s
[661/770] round=10 large_array_encode fastjson2 3.99s
[662/770] round=10 large_array_encode jackson 3.97s
[663/770] round=10 large_array_encode cjfast_json 2.34s
[664/770] round=10 large_array_encode json4cj 2.13s
[665/770] round=10 large_array_encode cangjieJSON 2.33s
[666/770] round=10 person_decode stdx_json 3.29s
[667/770] round=10 person_decode yjson 5.59s
[668/770] round=10 person_decode fastjson2 3.98s
[669/770] round=10 person_decode jackson 3.96s
[670/770] round=10 person_decode cjfast_json 2.99s
[671/770] round=10 person_decode json4cj 2.79s
[672/770] round=10 person_decode cangjieJSON 3.42s
[673/770] round=10 person_encode stdx_json 3.40s
[674/770] round=10 person_encode yjson 12.88s
[675/770] round=10 person_encode fastjson2 3.99s
[676/770] round=10 person_encode jackson 3.98s
[677/770] round=10 person_encode cjfast_json 2.42s
[678/770] round=10 person_encode json4cj 2.14s
[679/770] round=10 person_encode cangjieJSON 2.82s
[680/770] round=10 address_decode stdx_json 2.22s
[681/770] round=10 address_decode yjson 7.45s
[682/770] round=10 address_decode fastjson2 3.97s
[683/770] round=10 address_decode jackson 3.97s
[684/770] round=10 address_decode cjfast_json 1.95s
[685/770] round=10 address_decode json4cj 2.21s
[686/770] round=10 address_decode cangjieJSON 3.27s
[687/770] round=10 address_encode stdx_json 2.14s
[688/770] round=10 address_encode yjson 6.35s
[689/770] round=10 address_encode fastjson2 3.98s
[690/770] round=10 address_encode jackson 3.97s
[691/770] round=10 address_encode cjfast_json 2.08s
[692/770] round=10 address_encode json4cj 2.55s
[693/770] round=10 address_encode cangjieJSON 2.88s
[694/770] round=10 deep_nested_decode stdx_json 3.09s
[695/770] round=10 deep_nested_decode yjson 6.26s
[696/770] round=10 deep_nested_decode fastjson2 3.97s
[697/770] round=10 deep_nested_decode jackson 3.99s
[698/770] round=10 deep_nested_decode cjfast_json 2.55s
[699/770] round=10 deep_nested_decode json4cj 2.22s
[700/770] round=10 deep_nested_decode cangjieJSON 3.22s
[701/770] round=11 address_encode json4cj 1.80s
[702/770] round=11 address_encode cjfast_json 2.13s
[703/770] round=11 address_encode jackson 3.99s
[704/770] round=11 address_encode fastjson2 3.96s
[705/770] round=11 address_encode yjson 6.05s
[706/770] round=11 address_encode stdx_json 1.87s
[707/770] round=11 address_encode cangjieJSON 2.86s
[708/770] round=11 address_decode json4cj 1.98s
[709/770] round=11 address_decode cjfast_json 2.07s
[710/770] round=11 address_decode jackson 4.00s
[711/770] round=11 address_decode fastjson2 3.98s
[712/770] round=11 address_decode yjson 7.84s
[713/770] round=11 address_decode stdx_json 2.21s
[714/770] round=11 address_decode cangjieJSON 3.36s
[715/770] round=11 person_encode json4cj 2.11s
[716/770] round=11 person_encode cjfast_json 2.22s
[717/770] round=11 person_encode jackson 3.99s
[718/770] round=11 person_encode fastjson2 3.97s
[719/770] round=11 person_encode yjson 12.85s
[720/770] round=11 person_encode stdx_json 3.22s
[721/770] round=11 person_encode cangjieJSON 2.88s
[722/770] round=11 person_decode json4cj 2.54s
[723/770] round=11 person_decode cjfast_json 2.69s
[724/770] round=11 person_decode jackson 3.99s
[725/770] round=11 person_decode fastjson2 3.96s
[726/770] round=11 person_decode yjson 5.81s
[727/770] round=11 person_decode stdx_json 3.29s
[728/770] round=11 person_decode cangjieJSON 2.55s
[729/770] round=11 large_array_encode json4cj 2.12s
[730/770] round=11 large_array_encode cjfast_json 2.22s
[731/770] round=11 large_array_encode jackson 3.98s
[732/770] round=11 large_array_encode fastjson2 4.00s
[733/770] round=11 large_array_encode yjson 13.14s
[734/770] round=11 large_array_encode stdx_json 3.03s
[735/770] round=11 large_array_encode cangjieJSON 2.39s
[736/770] round=11 large_array_decode json4cj 1.95s
[737/770] round=11 large_array_decode cjfast_json 2.24s
[738/770] round=11 large_array_decode jackson 3.97s
[739/770] round=11 large_array_decode fastjson2 3.98s
[740/770] round=11 large_array_decode yjson 9.07s
[741/770] round=11 large_array_decode stdx_json 2.14s
[742/770] round=11 large_array_decode cangjieJSON 3.09s
[743/770] round=11 large_map_encode json4cj 2.58s
[744/770] round=11 large_map_encode cjfast_json 2.69s
[745/770] round=11 large_map_encode jackson 3.98s
[746/770] round=11 large_map_encode fastjson2 3.97s
[747/770] round=11 large_map_encode yjson 11.94s
[748/770] round=11 large_map_encode stdx_json 3.89s
[749/770] round=11 large_map_encode cangjieJSON 2.88s
[750/770] round=11 large_map_decode json4cj 2.74s
[751/770] round=11 large_map_decode cjfast_json 2.74s
[752/770] round=11 large_map_decode jackson 3.98s
[753/770] round=11 large_map_decode fastjson2 3.98s
[754/770] round=11 large_map_decode yjson 11.99s
[755/770] round=11 large_map_decode stdx_json 3.27s
[756/770] round=11 large_map_decode cangjieJSON 2.69s
[757/770] round=11 deep_nested_encode json4cj 2.47s
[758/770] round=11 deep_nested_encode cjfast_json 2.50s
[759/770] round=11 deep_nested_encode jackson 3.99s
[760/770] round=11 deep_nested_encode fastjson2 3.97s
[761/770] round=11 deep_nested_encode yjson 9.26s
[762/770] round=11 deep_nested_encode stdx_json 3.35s
[763/770] round=11 deep_nested_encode cangjieJSON 2.40s
[764/770] round=11 deep_nested_decode json4cj 2.18s
[765/770] round=11 deep_nested_decode cjfast_json 2.51s
[766/770] round=11 deep_nested_decode jackson 3.99s
[767/770] round=11 deep_nested_decode fastjson2 3.98s
[768/770] round=11 deep_nested_decode yjson 6.69s
[769/770] round=11 deep_nested_decode stdx_json 3.23s
[770/770] round=11 deep_nested_decode cangjieJSON 3.13s
