Starting the benchmark `T9ThroughputBench.t9_1_1_primitiveSerialize()`.
    Warming up for 200.0 ms.
    Starting measurements of 200 batches. Measuring Duration.
    Max batch size: 14742, estimated execution time: 1.000 s.

--------------------------------------------------------------------------------------------------
TP: yjson_benchmarks, time elapsed: 1980078847 ns, RESULT:
    TCS: T9ThroughputBench, time elapsed: 1979342308 ns, RESULT:
    | Case                      |   Median |       Err |   Err% |     Mean |
    |:--------------------------|---------:|----------:|-------:|---------:|
    | t9_1_1_primitiveSerialize | 0.921 us | ±0.164 us | ±17.8% | 1.611 us |
Summary: TOTAL: 42
    PASSED: 1, SKIPPED: 41, ERROR: 0
    FAILED: 0
--------------------------------------------------------------------------------------------------
Project tests finished, time elapsed: 1981179729 ns, RESULT:
TP: yjson_benchmarks.*, time elapsed: 1981090901 ns, RESULT:
    PASSED:
    TP: yjson_benchmarks, time elapsed: 1980078847 ns
Summary: TOTAL: 42
    PASSED: 1, SKIPPED: 41, ERROR: 0
    FAILED: 0
--------------------------------------------------------------------------------------------------
cjpm bench success
