Starting the benchmark `T9ThroughputBench.t9_5_3_optionRoundTrip()`.
    Warming up for 200.0 ms.
    Starting measurements of 200 batches. Measuring Duration.
    Max batch size: 3587, estimated execution time: 1.000 s.

--------------------------------------------------------------------------------------------------
TP: yjson_benchmarks, time elapsed: 2538674345 ns, RESULT:
    TCS: T9ThroughputBench, time elapsed: 2537905791 ns, RESULT:
    | Case                   |   Median |       Err |   Err% |     Mean |
    |:-----------------------|---------:|----------:|-------:|---------:|
    | t9_5_3_optionRoundTrip | 6.290 us | ±1.219 us | ±19.4% | 8.473 us |
Summary: TOTAL: 42
    PASSED: 1, SKIPPED: 41, ERROR: 0
    FAILED: 0
--------------------------------------------------------------------------------------------------
Project tests finished, time elapsed: 2539776443 ns, RESULT:
TP: yjson_benchmarks.*, time elapsed: 2539689964 ns, RESULT:
    PASSED:
    TP: yjson_benchmarks, time elapsed: 2538674345 ns
Summary: TOTAL: 42
    PASSED: 1, SKIPPED: 41, ERROR: 0
    FAILED: 0
--------------------------------------------------------------------------------------------------
cjpm bench success
