Starting the benchmark `T9ThroughputBench.t9_3_1_smallArraySerialize()`.
    Warming up for 200.0 ms.
    Starting measurements of 200 batches. Measuring Duration.
    Max batch size: 14590, estimated execution time: 1.000 s.

--------------------------------------------------------------------------------------------------
TP: yjson_benchmarks, time elapsed: 1841230965 ns, RESULT:
    TCS: T9ThroughputBench, time elapsed: 1840487501 ns, RESULT:
    | Case                       |   Median |       Err |   Err% |     Mean |
    |:---------------------------|---------:|----------:|-------:|---------:|
    | t9_3_1_smallArraySerialize | 0.747 us | ±0.200 us | ±26.8% | 1.513 us |
Summary: TOTAL: 42
    PASSED: 1, SKIPPED: 41, ERROR: 0
    FAILED: 0
--------------------------------------------------------------------------------------------------
Project tests finished, time elapsed: 1842459818 ns, RESULT:
TP: yjson_benchmarks.*, time elapsed: 1842370185 ns, RESULT:
    PASSED:
    TP: yjson_benchmarks, time elapsed: 1841230965 ns
Summary: TOTAL: 42
    PASSED: 1, SKIPPED: 41, ERROR: 0
    FAILED: 0
--------------------------------------------------------------------------------------------------
cjpm bench success
