Starting the benchmark `T9ThroughputBench.t9_5_5_emptyContainersDeserialize()`.
    Warming up for 200.0 ms.
    Starting measurements of 200 batches. Measuring Duration.
    Max batch size: 3974, estimated execution time: 1.000 s.

--------------------------------------------------------------------------------------------------
TP: yjson_benchmarks, time elapsed: 2252723939 ns, RESULT:
    TCS: T9ThroughputBench, time elapsed: 2251910176 ns, RESULT:
    | Case                              |   Median |       Err |   Err% |     Mean |
    |:----------------------------------|---------:|----------:|-------:|---------:|
    | t9_5_5_emptyContainersDeserialize | 4.989 us | ±1.211 us | ±24.3% | 6.444 us |
Summary: TOTAL: 42
    PASSED: 1, SKIPPED: 41, ERROR: 0
    FAILED: 0
--------------------------------------------------------------------------------------------------
Project tests finished, time elapsed: 2253844905 ns, RESULT:
TP: yjson_benchmarks.*, time elapsed: 2253752937 ns, RESULT:
    PASSED:
    TP: yjson_benchmarks, time elapsed: 2252723939 ns
Summary: TOTAL: 42
    PASSED: 1, SKIPPED: 41, ERROR: 0
    FAILED: 0
--------------------------------------------------------------------------------------------------
cjpm bench success
