Starting the benchmark `T9ThroughputBench.t9_1_3_primitiveRoundTrip()`.
    Warming up for 200.0 ms.
    Starting measurements of 200 batches. Measuring Duration.
    Max batch size: 6552, estimated execution time: 1.000 s.

--------------------------------------------------------------------------------------------------
TP: yjson_benchmarks, time elapsed: 2384014940 ns, RESULT:
    TCS: T9ThroughputBench, time elapsed: 2383239858 ns, RESULT:
    | Case                      |   Median |       Err |   Err% |     Mean |
    |:--------------------------|---------:|----------:|-------:|---------:|
    | t9_1_3_primitiveRoundTrip | 2.725 us | ±0.529 us | ±19.4% | 4.342 us |
Summary: TOTAL: 42
    PASSED: 1, SKIPPED: 41, ERROR: 0
    FAILED: 0
--------------------------------------------------------------------------------------------------
Project tests finished, time elapsed: 2385236120 ns, RESULT:
TP: yjson_benchmarks.*, time elapsed: 2385147492 ns, RESULT:
    PASSED:
    TP: yjson_benchmarks, time elapsed: 2384014940 ns
Summary: TOTAL: 42
    PASSED: 1, SKIPPED: 41, ERROR: 0
    FAILED: 0
--------------------------------------------------------------------------------------------------
cjpm bench success
