Starting the benchmark `T9ThroughputBench.t9_1_2_primitiveDeserialize()`.
    Warming up for 200.0 ms.
    Starting measurements of 200 batches. Measuring Duration.
    Max batch size: 10800, estimated execution time: 1.000 s.

--------------------------------------------------------------------------------------------------
TP: yjson_benchmarks, time elapsed: 2331495260 ns, RESULT:
    TCS: T9ThroughputBench, time elapsed: 2330719333 ns, RESULT:
    | Case                        |   Median |       Err |   Err% |     Mean |
    |:----------------------------|---------:|----------:|-------:|---------:|
    | t9_1_2_primitiveDeserialize | 1.767 us | ±0.319 us | ±18.0% | 2.552 us |
Summary: TOTAL: 42
    PASSED: 1, SKIPPED: 41, ERROR: 0
    FAILED: 0
--------------------------------------------------------------------------------------------------
Project tests finished, time elapsed: 2332706515 ns, RESULT:
TP: yjson_benchmarks.*, time elapsed: 2332618111 ns, RESULT:
    PASSED:
    TP: yjson_benchmarks, time elapsed: 2331495260 ns
Summary: TOTAL: 42
    PASSED: 1, SKIPPED: 41, ERROR: 0
    FAILED: 0
--------------------------------------------------------------------------------------------------
cjpm bench success
