Starting the benchmark `T9ThroughputBench.t9_5_2_optionDeserialize()`.
    Warming up for 200.0 ms.
    Starting measurements of 200 batches. Measuring Duration.
    Max batch size: 6632, estimated execution time: 1.000 s.

--------------------------------------------------------------------------------------------------
TP: yjson_benchmarks, time elapsed: 3182862554 ns, RESULT:
    TCS: T9ThroughputBench, time elapsed: 3182091898 ns, RESULT:
    | Case                     |   Median |       Err |   Err% |     Mean |
    |:-------------------------|---------:|----------:|-------:|---------:|
    | t9_5_2_optionDeserialize | 4.363 us | ±0.811 us | ±18.6% | 6.045 us |
Summary: TOTAL: 42
    PASSED: 1, SKIPPED: 41, ERROR: 0
    FAILED: 0
--------------------------------------------------------------------------------------------------
Project tests finished, time elapsed: 3184089457 ns, RESULT:
TP: yjson_benchmarks.*, time elapsed: 3184001547 ns, RESULT:
    PASSED:
    TP: yjson_benchmarks, time elapsed: 3182862554 ns
Summary: TOTAL: 42
    PASSED: 1, SKIPPED: 41, ERROR: 0
    FAILED: 0
--------------------------------------------------------------------------------------------------
cjpm bench success
