Starting the benchmark `T9ThroughputBench.t9_4_5_ultraWideSerialize()`.
    Warming up for 200.0 ms.
    Starting measurements of 200 batches. Measuring Duration.
    Max batch size: 5695, estimated execution time: 1.000 s.

--------------------------------------------------------------------------------------------------
TP: yjson_benchmarks, time elapsed: 1708590862 ns, RESULT:
    TCS: T9ThroughputBench, time elapsed: 1707845157 ns, RESULT:
    | Case                      |   Median |       Err |   Err% |     Mean |
    |:--------------------------|---------:|----------:|-------:|---------:|
    | t9_4_5_ultraWideSerialize | 1.805 us | ±0.318 us | ±17.6% | 3.282 us |
Summary: TOTAL: 42
    PASSED: 1, SKIPPED: 41, ERROR: 0
    FAILED: 0
--------------------------------------------------------------------------------------------------
Project tests finished, time elapsed: 1709704306 ns, RESULT:
TP: yjson_benchmarks.*, time elapsed: 1709617666 ns, RESULT:
    PASSED:
    TP: yjson_benchmarks, time elapsed: 1708590862 ns
Summary: TOTAL: 42
    PASSED: 1, SKIPPED: 41, ERROR: 0
    FAILED: 0
--------------------------------------------------------------------------------------------------
cjpm bench success
