Starting the benchmark `T9ThroughputBench.t9_4_4_wideDeserialize()`.
    Warming up for 200.0 ms.
    Starting measurements of 200 batches. Measuring Duration.
    Max batch size: 4739, estimated execution time: 1.000 s.

--------------------------------------------------------------------------------------------------
TP: yjson_benchmarks, time elapsed: 1955584619 ns, RESULT:
    TCS: T9ThroughputBench, time elapsed: 1949047434 ns, RESULT:
    | Case                   |   Median |       Err |   Err% |     Mean |
    |:-----------------------|---------:|----------:|-------:|---------:|
    | t9_4_4_wideDeserialize | 2.760 us | ±0.523 us | ±19.0% | 4.891 us |
Summary: TOTAL: 42
    PASSED: 1, SKIPPED: 41, ERROR: 0
    FAILED: 0
--------------------------------------------------------------------------------------------------
Project tests finished, time elapsed: 1956681998 ns, RESULT:
TP: yjson_benchmarks.*, time elapsed: 1956586190 ns, RESULT:
    PASSED:
    TP: yjson_benchmarks, time elapsed: 1955584619 ns
Summary: TOTAL: 42
    PASSED: 1, SKIPPED: 41, ERROR: 0
    FAILED: 0
--------------------------------------------------------------------------------------------------
cjpm bench success
