Starting the benchmark `T9ThroughputBench.t9_5_5_emptyContainersDeserialize()`.
    Warming up for 200.0 ms.
    Starting measurements of 200 batches. Measuring Duration.
    Max batch size: 3882, estimated execution time: 1.000 s.

--------------------------------------------------------------------------------------------------
TP: yjson_benchmarks, time elapsed: 1846969058 ns, RESULT:
    TCS: T9ThroughputBench, time elapsed: 1846207798 ns, RESULT:
    | Case                              |   Median |       Err |   Err% |     Mean |
    |:----------------------------------|---------:|----------:|-------:|---------:|
    | t9_5_5_emptyContainersDeserialize | 4.613 us | ±1.182 us | ±25.6% | 5.504 us |
Summary: TOTAL: 42
    PASSED: 1, SKIPPED: 41, ERROR: 0
    FAILED: 0
--------------------------------------------------------------------------------------------------
Project tests finished, time elapsed: 1848041808 ns, RESULT:
TP: yjson_benchmarks.*, time elapsed: 1847953968 ns, RESULT:
    PASSED:
    TP: yjson_benchmarks, time elapsed: 1846969058 ns
Summary: TOTAL: 42
    PASSED: 1, SKIPPED: 41, ERROR: 0
    FAILED: 0
--------------------------------------------------------------------------------------------------
cjpm bench success
