Starting the benchmark `T9ThroughputBench.t9_4_3_wideSerialize()`.
    Warming up for 200.0 ms.
    Starting measurements of 200 batches. Measuring Duration.
    Max batch size: 6136, estimated execution time: 1.000 s.

--------------------------------------------------------------------------------------------------
TP: yjson_benchmarks, time elapsed: 1674135223 ns, RESULT:
    TCS: T9ThroughputBench, time elapsed: 1673377675 ns, RESULT:
    | Case                 |   Median |       Err |   Err% |     Mean |
    |:---------------------|---------:|----------:|-------:|---------:|
    | t9_4_3_wideSerialize | 1.622 us | ±0.383 us | ±23.6% | 3.101 us |
Summary: TOTAL: 42
    PASSED: 1, SKIPPED: 41, ERROR: 0
    FAILED: 0
--------------------------------------------------------------------------------------------------
Project tests finished, time elapsed: 1675237857 ns, RESULT:
TP: yjson_benchmarks.*, time elapsed: 1675147093 ns, RESULT:
    PASSED:
    TP: yjson_benchmarks, time elapsed: 1674135223 ns
Summary: TOTAL: 42
    PASSED: 1, SKIPPED: 41, ERROR: 0
    FAILED: 0
--------------------------------------------------------------------------------------------------
cjpm bench success
