Starting the benchmark `T9ThroughputBench.t9_5_8_unknownFieldDeserialize()`.
    Warming up for 200.0 ms.
    Starting measurements of 200 batches. Measuring Duration.
    Max batch size: 1753, estimated execution time: 1.000 s.

--------------------------------------------------------------------------------------------------
TP: yjson_benchmarks, time elapsed: 1908016564 ns, RESULT:
    TCS: T9ThroughputBench, time elapsed: 1907137284 ns, RESULT:
    | Case                           |   Median |       Err |   Err% |     Mean |
    |:-------------------------------|---------:|----------:|-------:|---------:|
    | t9_5_8_unknownFieldDeserialize | 8.562 us | ±1.585 us | ±18.5% | 13.38 us |
Summary: TOTAL: 42
    PASSED: 1, SKIPPED: 41, ERROR: 0
    FAILED: 0
--------------------------------------------------------------------------------------------------
Project tests finished, time elapsed: 1909143517 ns, RESULT:
TP: yjson_benchmarks.*, time elapsed: 1909047813 ns, RESULT:
    PASSED:
    TP: yjson_benchmarks, time elapsed: 1908016564 ns
Summary: TOTAL: 42
    PASSED: 1, SKIPPED: 41, ERROR: 0
    FAILED: 0
--------------------------------------------------------------------------------------------------
cjpm bench success
