Starting the benchmark `T9ThroughputBench.t9_5_6_int64ExtremesSerialize()`.
    Warming up for 200.0 ms.
    Starting measurements of 200 batches. Measuring Duration.
    Max batch size: 20765, estimated execution time: 1.000 s.

--------------------------------------------------------------------------------------------------
TP: yjson_benchmarks, time elapsed: 2325080628 ns, RESULT:
    TCS: T9ThroughputBench, time elapsed: 2324303868 ns, RESULT:
    | Case                          |   Median |       Err |   Err% |     Mean |
    |:------------------------------|---------:|----------:|-------:|---------:|
    | t9_5_6_int64ExtremesSerialize | 0.824 us | ±0.126 us | ±15.3% | 1.326 us |
Summary: TOTAL: 42
    PASSED: 1, SKIPPED: 41, ERROR: 0
    FAILED: 0
--------------------------------------------------------------------------------------------------
Project tests finished, time elapsed: 2326285431 ns, RESULT:
TP: yjson_benchmarks.*, time elapsed: 2326194576 ns, RESULT:
    PASSED:
    TP: yjson_benchmarks, time elapsed: 2325080628 ns
Summary: TOTAL: 42
    PASSED: 1, SKIPPED: 41, ERROR: 0
    FAILED: 0
--------------------------------------------------------------------------------------------------
cjpm bench success
