Starting the benchmark `T9ThroughputBench.t9_2_3_escapeStringSerialize()`.
    Warming up for 200.0 ms.
    Starting measurements of 200 batches. Measuring Duration.
    Max batch size: 8632, estimated execution time: 1.000 s.

--------------------------------------------------------------------------------------------------
TP: yjson_benchmarks, time elapsed: 1771131611 ns, RESULT:
    TCS: T9ThroughputBench, time elapsed: 1770375650 ns, RESULT:
    | Case                         |   Median |       Err |   Err% |     Mean |
    |:-----------------------------|---------:|----------:|-------:|---------:|
    | t9_2_3_escapeStringSerialize | 1.264 us | ±0.345 us | ±27.3% | 2.286 us |
Summary: TOTAL: 42
    PASSED: 1, SKIPPED: 41, ERROR: 0
    FAILED: 0
--------------------------------------------------------------------------------------------------
Project tests finished, time elapsed: 1772278137 ns, RESULT:
TP: yjson_benchmarks.*, time elapsed: 1772190485 ns, RESULT:
    PASSED:
    TP: yjson_benchmarks, time elapsed: 1771131611 ns
Summary: TOTAL: 42
    PASSED: 1, SKIPPED: 41, ERROR: 0
    FAILED: 0
--------------------------------------------------------------------------------------------------
cjpm bench success
