Starting the benchmark `T9ThroughputBench.t9_1_2_primitiveDeserialize()`.
    Warming up for 200.0 ms.
    Starting measurements of 200 batches. Measuring Duration.
    Max batch size: 12310, estimated execution time: 1.000 s.

--------------------------------------------------------------------------------------------------
TP: yjson_benchmarks, time elapsed: 1929533285 ns, RESULT:
    TCS: T9ThroughputBench, time elapsed: 1928768552 ns, RESULT:
    | Case                        |   Median |       Err |   Err% |     Mean |
    |:----------------------------|---------:|----------:|-------:|---------:|
    | t9_1_2_primitiveDeserialize | 1.192 us | ±0.189 us | ±15.8% | 1.803 us |
Summary: TOTAL: 42
    PASSED: 1, SKIPPED: 41, ERROR: 0
    FAILED: 0
--------------------------------------------------------------------------------------------------
Project tests finished, time elapsed: 1930618034 ns, RESULT:
TP: yjson_benchmarks.*, time elapsed: 1930536997 ns, RESULT:
    PASSED:
    TP: yjson_benchmarks, time elapsed: 1929533285 ns
Summary: TOTAL: 42
    PASSED: 1, SKIPPED: 41, ERROR: 0
    FAILED: 0
--------------------------------------------------------------------------------------------------
cjpm bench success
