Starting the benchmark `T9ThroughputBench.t9_4_2_deepNestedDeserialize()`.
    Warming up for 200.0 ms.
    Starting measurements of 200 batches. Measuring Duration.
    Max batch size: 8800, estimated execution time: 1.000 s.

--------------------------------------------------------------------------------------------------
TP: yjson_benchmarks, time elapsed: 2472760569 ns, RESULT:
    TCS: T9ThroughputBench, time elapsed: 2471985619 ns, RESULT:
    | Case                         |   Median |       Err |   Err% |     Mean |
    |:-----------------------------|---------:|----------:|-------:|---------:|
    | t9_4_2_deepNestedDeserialize | 2.807 us | ±0.552 us | ±19.6% | 3.372 us |
Summary: TOTAL: 42
    PASSED: 1, SKIPPED: 41, ERROR: 0
    FAILED: 0
--------------------------------------------------------------------------------------------------
Project tests finished, time elapsed: 2473903074 ns, RESULT:
TP: yjson_benchmarks.*, time elapsed: 2473813091 ns, RESULT:
    PASSED:
    TP: yjson_benchmarks, time elapsed: 2472760569 ns
Summary: TOTAL: 42
    PASSED: 1, SKIPPED: 41, ERROR: 0
    FAILED: 0
--------------------------------------------------------------------------------------------------
cjpm bench success
