Starting the benchmark `T9ThroughputBench.t9_3_4_smallMapSerialize()`.
    Warming up for 200.0 ms.
    Starting measurements of 200 batches. Measuring Duration.
    Max batch size: 9457, estimated execution time: 1.000 s.

--------------------------------------------------------------------------------------------------
TP: yjson_benchmarks, time elapsed: 1998176739 ns, RESULT:
    TCS: T9ThroughputBench, time elapsed: 1997431082 ns, RESULT:
    | Case                     |   Median |       Err |   Err% |     Mean |
    |:-------------------------|---------:|----------:|-------:|---------:|
    | t9_3_4_smallMapSerialize | 1.611 us | ±0.286 us | ±17.7% | 2.429 us |
Summary: TOTAL: 42
    PASSED: 1, SKIPPED: 41, ERROR: 0
    FAILED: 0
--------------------------------------------------------------------------------------------------
Project tests finished, time elapsed: 1999308930 ns, RESULT:
TP: yjson_benchmarks.*, time elapsed: 1999219175 ns, RESULT:
    PASSED:
    TP: yjson_benchmarks, time elapsed: 1998176739 ns
Summary: TOTAL: 42
    PASSED: 1, SKIPPED: 41, ERROR: 0
    FAILED: 0
--------------------------------------------------------------------------------------------------
cjpm bench success
