Starting the benchmark `T9ThroughputBench.t9_3_8_nestedCollectionDeserialize()`.
    Warming up for 200.0 ms.
    Starting measurements of 200 batches. Measuring Duration.
    Max batch size: 961, estimated execution time: 1.000 s.

--------------------------------------------------------------------------------------------------
TP: yjson_benchmarks, time elapsed: 2515440191 ns, RESULT:
    TCS: T9ThroughputBench, time elapsed: 2514661600 ns, RESULT:
    | Case                               |   Median |       Err |   Err% |     Mean |
    |:-----------------------------------|---------:|----------:|-------:|---------:|
    | t9_3_8_nestedCollectionDeserialize | 20.79 us | ±3.927 us | ±18.9% | 31.52 us |
Summary: TOTAL: 42
    PASSED: 1, SKIPPED: 41, ERROR: 0
    FAILED: 0
--------------------------------------------------------------------------------------------------
Project tests finished, time elapsed: 2516574575 ns, RESULT:
TP: yjson_benchmarks.*, time elapsed: 2516493062 ns, RESULT:
    PASSED:
    TP: yjson_benchmarks, time elapsed: 2515440191 ns
Summary: TOTAL: 42
    PASSED: 1, SKIPPED: 41, ERROR: 0
    FAILED: 0
--------------------------------------------------------------------------------------------------
cjpm bench success
