Starting the benchmark `T9ThroughputBench.t9_2_4_unicodeStringSerialize()`.
    Warming up for 200.0 ms.
    Starting measurements of 200 batches. Measuring Duration.
    Max batch size: 12309, estimated execution time: 1.000 s.

--------------------------------------------------------------------------------------------------
TP: yjson_benchmarks, time elapsed: 1954302142 ns, RESULT:
    TCS: T9ThroughputBench, time elapsed: 1953548227 ns, RESULT:
    | Case                          |   Median |       Err |   Err% |     Mean |
    |:------------------------------|---------:|----------:|-------:|---------:|
    | t9_2_4_unicodeStringSerialize | 1.170 us | ±0.179 us | ±15.3% | 1.897 us |
Summary: TOTAL: 42
    PASSED: 1, SKIPPED: 41, ERROR: 0
    FAILED: 0
--------------------------------------------------------------------------------------------------
Project tests finished, time elapsed: 1955401794 ns, RESULT:
TP: yjson_benchmarks.*, time elapsed: 1955315413 ns, RESULT:
    PASSED:
    TP: yjson_benchmarks, time elapsed: 1954302142 ns
Summary: TOTAL: 42
    PASSED: 1, SKIPPED: 41, ERROR: 0
    FAILED: 0
--------------------------------------------------------------------------------------------------
cjpm bench success
