Starting the benchmark `T9ThroughputBench.t9_3_1_smallArraySerialize()`.
    Warming up for 200.0 ms.
    Starting measurements of 200 batches. Measuring Duration.
    Max batch size: 13230, estimated execution time: 1.000 s.

--------------------------------------------------------------------------------------------------
TP: yjson_benchmarks, time elapsed: 1965109665 ns, RESULT:
    TCS: T9ThroughputBench, time elapsed: 1964354590 ns, RESULT:
    | Case                       |   Median |       Err |   Err% |     Mean |
    |:---------------------------|---------:|----------:|-------:|---------:|
    | t9_3_1_smallArraySerialize | 1.171 us | ±0.142 us | ±12.1% | 1.785 us |
Summary: TOTAL: 42
    PASSED: 1, SKIPPED: 41, ERROR: 0
    FAILED: 0
--------------------------------------------------------------------------------------------------
Project tests finished, time elapsed: 1966236224 ns, RESULT:
TP: yjson_benchmarks.*, time elapsed: 1966148374 ns, RESULT:
    PASSED:
    TP: yjson_benchmarks, time elapsed: 1965109665 ns
Summary: TOTAL: 42
    PASSED: 1, SKIPPED: 41, ERROR: 0
    FAILED: 0
--------------------------------------------------------------------------------------------------
cjpm bench success
