Starting the benchmark `T9ThroughputBench.t9_5_2_optionDeserialize()`.
    Warming up for 200.0 ms.
    Starting measurements of 200 batches. Measuring Duration.
    Max batch size: 5035, estimated execution time: 1.000 s.

--------------------------------------------------------------------------------------------------
TP: yjson_benchmarks, time elapsed: 2412577332 ns, RESULT:
    TCS: T9ThroughputBench, time elapsed: 2411794072 ns, RESULT:
    | Case                     |   Median |       Err |   Err% |     Mean |
    |:-------------------------|---------:|----------:|-------:|---------:|
    | t9_5_2_optionDeserialize | 3.928 us | ±0.806 us | ±20.5% | 5.633 us |
Summary: TOTAL: 42
    PASSED: 1, SKIPPED: 41, ERROR: 0
    FAILED: 0
--------------------------------------------------------------------------------------------------
Project tests finished, time elapsed: 2413705542 ns, RESULT:
TP: yjson_benchmarks.*, time elapsed: 2413615214 ns, RESULT:
    PASSED:
    TP: yjson_benchmarks, time elapsed: 2412577332 ns
Summary: TOTAL: 42
    PASSED: 1, SKIPPED: 41, ERROR: 0
    FAILED: 0
--------------------------------------------------------------------------------------------------
cjpm bench success
