Starting the benchmark `T9ThroughputBench.t9_4_5_ultraWideSerialize()`.
    Warming up for 200.0 ms.
    Starting measurements of 200 batches. Measuring Duration.
    Max batch size: 5442, estimated execution time: 1.000 s.

--------------------------------------------------------------------------------------------------
TP: yjson_benchmarks, time elapsed: 1747959024 ns, RESULT:
    TCS: T9ThroughputBench, time elapsed: 1747015893 ns, RESULT:
    | Case                      |   Median |       Err |   Err% |     Mean |
    |:--------------------------|---------:|----------:|-------:|---------:|
    | t9_4_5_ultraWideSerialize | 2.047 us | ±0.394 us | ±19.2% | 3.575 us |
Summary: TOTAL: 42
    PASSED: 1, SKIPPED: 41, ERROR: 0
    FAILED: 0
--------------------------------------------------------------------------------------------------
Project tests finished, time elapsed: 1749048110 ns, RESULT:
TP: yjson_benchmarks.*, time elapsed: 1748960086 ns, RESULT:
    PASSED:
    TP: yjson_benchmarks, time elapsed: 1747959024 ns
Summary: TOTAL: 42
    PASSED: 1, SKIPPED: 41, ERROR: 0
    FAILED: 0
--------------------------------------------------------------------------------------------------
cjpm bench success
