[1/770] round=1 address_encode yjson 6.24s
[2/770] round=1 address_encode stdx_json 2.39s
[3/770] round=1 address_encode cangjieJSON 2.88s
[4/770] round=1 address_encode json4cj 2.11s
[5/770] round=1 address_encode cjfast_json 2.17s
[6/770] round=1 address_encode jackson 3.97s
[7/770] round=1 address_encode fastjson2 3.95s
[8/770] round=1 address_decode yjson 7.67s
[9/770] round=1 address_decode stdx_json 2.76s
[10/770] round=1 address_decode cangjieJSON 3.28s
[11/770] round=1 address_decode json4cj 2.23s
[12/770] round=1 address_decode cjfast_json 1.98s
[13/770] round=1 address_decode jackson 3.98s
[14/770] round=1 address_decode fastjson2 4.00s
[15/770] round=1 person_encode yjson 12.97s
[16/770] round=1 person_encode stdx_json 3.13s
[17/770] round=1 person_encode cangjieJSON 2.82s
[18/770] round=1 person_encode json4cj 1.91s
[19/770] round=1 person_encode cjfast_json 2.47s
[20/770] round=1 person_encode jackson 3.97s
[21/770] round=1 person_encode fastjson2 3.97s
[22/770] round=1 person_decode yjson 5.47s
[23/770] round=1 person_decode stdx_json 3.70s
[24/770] round=1 person_decode cangjieJSON 3.57s
[25/770] round=1 person_decode json4cj 2.57s
[26/770] round=1 person_decode cjfast_json 2.91s
[27/770] round=1 person_decode jackson 3.95s
[28/770] round=1 person_decode fastjson2 3.95s
[29/770] round=1 large_array_encode yjson 13.21s
[30/770] round=1 large_array_encode stdx_json 3.40s
[31/770] round=1 large_array_encode cangjieJSON 2.38s
[32/770] round=1 large_array_encode json4cj 2.23s
[33/770] round=1 large_array_encode cjfast_json 2.28s
[34/770] round=1 large_array_encode jackson 3.96s
[35/770] round=1 large_array_encode fastjson2 3.96s
[36/770] round=1 large_array_decode yjson 8.84s
[37/770] round=1 large_array_decode stdx_json 3.06s
[38/770] round=1 large_array_decode cangjieJSON 3.26s
[39/770] round=1 large_array_decode json4cj 2.04s
[40/770] round=1 large_array_decode cjfast_json 1.99s
[41/770] round=1 large_array_decode jackson 3.98s
[42/770] round=1 large_array_decode fastjson2 3.97s
[43/770] round=1 large_map_encode yjson 11.11s
[44/770] round=1 large_map_encode stdx_json 4.15s
[45/770] round=1 large_map_encode cangjieJSON 2.80s
[46/770] round=1 large_map_encode json4cj 2.76s
[47/770] round=1 large_map_encode cjfast_json 2.73s
[48/770] round=1 large_map_encode jackson 3.98s
[49/770] round=1 large_map_encode fastjson2 3.96s
[50/770] round=1 large_map_decode yjson 12.06s
[51/770] round=1 large_map_decode stdx_json 4.10s
[52/770] round=1 large_map_decode cangjieJSON 2.67s
[53/770] round=1 large_map_decode json4cj 2.64s
[54/770] round=1 large_map_decode cjfast_json 2.90s
[55/770] round=1 large_map_decode jackson 3.97s
[56/770] round=1 large_map_decode fastjson2 3.98s
[57/770] round=1 deep_nested_encode yjson 9.31s
[58/770] round=1 deep_nested_encode stdx_json 3.18s
[59/770] round=1 deep_nested_encode cangjieJSON 2.49s
[60/770] round=1 deep_nested_encode json4cj 2.48s
[61/770] round=1 deep_nested_encode cjfast_json 2.43s
[62/770] round=1 deep_nested_encode jackson 3.98s
[63/770] round=1 deep_nested_encode fastjson2 3.98s
[64/770] round=1 deep_nested_decode yjson 6.44s
[65/770] round=1 deep_nested_decode stdx_json 2.41s
[66/770] round=1 deep_nested_decode cangjieJSON 3.24s
[67/770] round=1 deep_nested_decode json4cj 2.19s
[68/770] round=1 deep_nested_decode cjfast_json 2.68s
[69/770] round=1 deep_nested_decode jackson 3.96s
[70/770] round=1 deep_nested_decode fastjson2 3.98s
[71/770] round=2 address_encode yjson 6.13s
[72/770] round=2 address_encode fastjson2 3.98s
[73/770] round=2 address_encode jackson 3.98s
[74/770] round=2 address_encode cjfast_json 2.34s
[75/770] round=2 address_encode json4cj 2.17s
[76/770] round=2 address_encode cangjieJSON 2.89s
[77/770] round=2 address_encode stdx_json 2.09s
[78/770] round=2 deep_nested_decode yjson 6.40s
[79/770] round=2 deep_nested_decode fastjson2 3.95s
[80/770] round=2 deep_nested_decode jackson 3.98s
[81/770] round=2 deep_nested_decode cjfast_json 2.50s
[82/770] round=2 deep_nested_decode json4cj 2.24s
[83/770] round=2 deep_nested_decode cangjieJSON 2.91s
[84/770] round=2 deep_nested_decode stdx_json 3.62s
[85/770] round=2 deep_nested_encode yjson 9.41s
[86/770] round=2 deep_nested_encode fastjson2 3.98s
[87/770] round=2 deep_nested_encode jackson 3.96s
[88/770] round=2 deep_nested_encode cjfast_json 2.16s
[89/770] round=2 deep_nested_encode json4cj 2.04s
[90/770] round=2 deep_nested_encode cangjieJSON 2.51s
[91/770] round=2 deep_nested_encode stdx_json 3.32s
[92/770] round=2 large_map_decode yjson 12.24s
[93/770] round=2 large_map_decode fastjson2 3.99s
[94/770] round=2 large_map_decode jackson 3.98s
[95/770] round=2 large_map_decode cjfast_json 2.94s
[96/770] round=2 large_map_decode json4cj 2.75s
[97/770] round=2 large_map_decode cangjieJSON 3.13s
[98/770] round=2 large_map_decode stdx_json 4.04s
[99/770] round=2 large_map_encode yjson 11.09s
[100/770] round=2 large_map_encode fastjson2 3.96s
[101/770] round=2 large_map_encode jackson 3.98s
[102/770] round=2 large_map_encode cjfast_json 2.92s
[103/770] round=2 large_map_encode json4cj 2.75s
[104/770] round=2 large_map_encode cangjieJSON 2.80s
[105/770] round=2 large_map_encode stdx_json 4.56s
[106/770] round=2 large_array_decode yjson 8.95s
[107/770] round=2 large_array_decode fastjson2 3.96s
[108/770] round=2 large_array_decode jackson 3.98s
[109/770] round=2 large_array_decode cjfast_json 2.04s
[110/770] round=2 large_array_decode json4cj 1.94s
[111/770] round=2 large_array_decode cangjieJSON 2.64s
[112/770] round=2 large_array_decode stdx_json 3.21s
[113/770] round=2 large_array_encode yjson 13.29s
[114/770] round=2 large_array_encode fastjson2 3.96s
[115/770] round=2 large_array_encode jackson 3.95s
[116/770] round=2 large_array_encode cjfast_json 2.27s
[117/770] round=2 large_array_encode json4cj 2.20s
[118/770] round=2 large_array_encode cangjieJSON 2.35s
[119/770] round=2 large_array_encode stdx_json 2.92s
[120/770] round=2 person_decode yjson 5.67s
[121/770] round=2 person_decode fastjson2 3.97s
[122/770] round=2 person_decode jackson 3.97s
[123/770] round=2 person_decode cjfast_json 2.89s
[124/770] round=2 person_decode json4cj 2.58s
[125/770] round=2 person_decode cangjieJSON 3.47s
[126/770] round=2 person_decode stdx_json 3.74s
[127/770] round=2 person_encode yjson 12.91s
[128/770] round=2 person_encode fastjson2 3.98s
[129/770] round=2 person_encode jackson 3.95s
[130/770] round=2 person_encode cjfast_json 2.42s
[131/770] round=2 person_encode json4cj 2.28s
[132/770] round=2 person_encode cangjieJSON 2.93s
[133/770] round=2 person_encode stdx_json 3.37s
[134/770] round=2 address_decode yjson 7.44s
[135/770] round=2 address_decode fastjson2 3.97s
[136/770] round=2 address_decode jackson 3.97s
[137/770] round=2 address_decode cjfast_json 2.01s
[138/770] round=2 address_decode json4cj 2.16s
[139/770] round=2 address_decode cangjieJSON 3.16s
[140/770] round=2 address_decode stdx_json 2.62s
[141/770] round=3 person_encode cangjieJSON 2.55s
[142/770] round=3 person_encode json4cj 2.02s
[143/770] round=3 person_encode cjfast_json 2.44s
[144/770] round=3 person_encode jackson 3.98s
[145/770] round=3 person_encode fastjson2 3.98s
[146/770] round=3 person_encode yjson 13.04s
[147/770] round=3 person_encode stdx_json 3.17s
[148/770] round=3 person_decode cangjieJSON 3.51s
[149/770] round=3 person_decode json4cj 2.71s
[150/770] round=3 person_decode cjfast_json 2.72s
[151/770] round=3 person_decode jackson 3.97s
[152/770] round=3 person_decode fastjson2 3.98s
[153/770] round=3 person_decode yjson 5.79s
[154/770] round=3 person_decode stdx_json 3.43s
[155/770] round=3 large_array_encode cangjieJSON 2.37s
[156/770] round=3 large_array_encode json4cj 2.15s
[157/770] round=3 large_array_encode cjfast_json 2.39s
[158/770] round=3 large_array_encode jackson 3.98s
[159/770] round=3 large_array_encode fastjson2 3.95s
[160/770] round=3 large_array_encode yjson 13.16s
[161/770] round=3 large_array_encode stdx_json 3.49s
[162/770] round=3 large_array_decode cangjieJSON 3.30s
[163/770] round=3 large_array_decode json4cj 1.89s
[164/770] round=3 large_array_decode cjfast_json 2.13s
[165/770] round=3 large_array_decode jackson 3.98s
[166/770] round=3 large_array_decode fastjson2 3.98s
[167/770] round=3 large_array_decode yjson 8.65s
[168/770] round=3 large_array_decode stdx_json 2.84s
[169/770] round=3 large_map_encode cangjieJSON 2.66s
[170/770] round=3 large_map_encode json4cj 2.68s
[171/770] round=3 large_map_encode cjfast_json 2.94s
[172/770] round=3 large_map_encode jackson 3.96s
[173/770] round=3 large_map_encode fastjson2 3.97s
[174/770] round=3 large_map_encode yjson 11.18s
[175/770] round=3 large_map_encode stdx_json 4.44s
[176/770] round=3 large_map_decode cangjieJSON 2.73s
[177/770] round=3 large_map_decode json4cj 2.42s
[178/770] round=3 large_map_decode cjfast_json 2.86s
[179/770] round=3 large_map_decode jackson 3.96s
[180/770] round=3 large_map_decode fastjson2 3.98s
[181/770] round=3 large_map_decode yjson 11.98s
[182/770] round=3 large_map_decode stdx_json 4.07s
[183/770] round=3 deep_nested_encode cangjieJSON 2.44s
[184/770] round=3 deep_nested_encode json4cj 2.27s
[185/770] round=3 deep_nested_encode cjfast_json 2.50s
[186/770] round=3 deep_nested_encode jackson 3.99s
[187/770] round=3 deep_nested_encode fastjson2 3.95s
[188/770] round=3 deep_nested_encode yjson 9.33s
[189/770] round=3 deep_nested_encode stdx_json 2.89s
[190/770] round=3 deep_nested_decode cangjieJSON 3.37s
[191/770] round=3 deep_nested_decode json4cj 2.19s
[192/770] round=3 deep_nested_decode cjfast_json 2.48s
[193/770] round=3 deep_nested_decode jackson 3.96s
[194/770] round=3 deep_nested_decode fastjson2 3.97s
[195/770] round=3 deep_nested_decode yjson 6.84s
[196/770] round=3 deep_nested_decode stdx_json 2.38s
[197/770] round=3 address_encode cangjieJSON 2.83s
[198/770] round=3 address_encode json4cj 2.07s
[199/770] round=3 address_encode cjfast_json 1.94s
[200/770] round=3 address_encode jackson 3.99s
[201/770] round=3 address_encode fastjson2 3.98s
[202/770] round=3 address_encode yjson 6.05s
[203/770] round=3 address_encode stdx_json 2.49s
[204/770] round=3 address_decode cangjieJSON 3.48s
[205/770] round=3 address_decode json4cj 2.21s
[206/770] round=3 address_decode cjfast_json 2.00s
[207/770] round=3 address_decode jackson 4.00s
[208/770] round=3 address_decode fastjson2 3.96s
[209/770] round=3 address_decode yjson 7.48s
[210/770] round=3 address_decode stdx_json 2.96s
[211/770] round=4 person_encode cangjieJSON 2.53s
[212/770] round=4 person_encode stdx_json 3.11s
[213/770] round=4 person_encode yjson 12.78s
[214/770] round=4 person_encode fastjson2 3.97s
[215/770] round=4 person_encode jackson 3.97s
[216/770] round=4 person_encode cjfast_json 2.43s
[217/770] round=4 person_encode json4cj 2.17s
[218/770] round=4 address_decode cangjieJSON 3.37s
[219/770] round=4 address_decode stdx_json 2.99s
[220/770] round=4 address_decode yjson 7.59s
[221/770] round=4 address_decode fastjson2 3.96s
[222/770] round=4 address_decode jackson 3.96s
[223/770] round=4 address_decode cjfast_json 1.72s
[224/770] round=4 address_decode json4cj 2.27s
[225/770] round=4 address_encode cangjieJSON 3.09s
[226/770] round=4 address_encode stdx_json 2.34s
[227/770] round=4 address_encode yjson 6.02s
[228/770] round=4 address_encode fastjson2 3.97s
[229/770] round=4 address_encode jackson 3.97s
[230/770] round=4 address_encode cjfast_json 2.16s
[231/770] round=4 address_encode json4cj 2.10s
[232/770] round=4 deep_nested_decode cangjieJSON 3.19s
[233/770] round=4 deep_nested_decode stdx_json 3.73s
[234/770] round=4 deep_nested_decode yjson 6.58s
[235/770] round=4 deep_nested_decode fastjson2 3.99s
[236/770] round=4 deep_nested_decode jackson 3.96s
[237/770] round=4 deep_nested_decode cjfast_json 2.47s
[238/770] round=4 deep_nested_decode json4cj 2.25s
[239/770] round=4 deep_nested_encode cangjieJSON 2.50s
[240/770] round=4 deep_nested_encode stdx_json 3.91s
[241/770] round=4 deep_nested_encode yjson 9.34s
[242/770] round=4 deep_nested_encode fastjson2 3.97s
[243/770] round=4 deep_nested_encode jackson 3.96s
[244/770] round=4 deep_nested_encode cjfast_json 2.34s
[245/770] round=4 deep_nested_encode json4cj 2.29s
[246/770] round=4 large_map_decode cangjieJSON 3.08s
[247/770] round=4 large_map_decode stdx_json 4.19s
[248/770] round=4 large_map_decode yjson 12.06s
[249/770] round=4 large_map_decode fastjson2 3.97s
[250/770] round=4 large_map_decode jackson 3.96s
[251/770] round=4 large_map_decode cjfast_json 2.87s
[252/770] round=4 large_map_decode json4cj 2.44s
[253/770] round=4 large_map_encode cangjieJSON 2.79s
[254/770] round=4 large_map_encode stdx_json 4.58s
[255/770] round=4 large_map_encode yjson 11.31s
[256/770] round=4 large_map_encode fastjson2 3.96s
[257/770] round=4 large_map_encode jackson 3.97s
[258/770] round=4 large_map_encode cjfast_json 2.96s
[259/770] round=4 large_map_encode json4cj 2.64s
[260/770] round=4 large_array_decode cangjieJSON 3.37s
[261/770] round=4 large_array_decode stdx_json 3.13s
[262/770] round=4 large_array_decode yjson 8.93s
[263/770] round=4 large_array_decode fastjson2 3.97s
[264/770] round=4 large_array_decode jackson 3.98s
[265/770] round=4 large_array_decode cjfast_json 2.18s
[266/770] round=4 large_array_decode json4cj 2.02s
[267/770] round=4 large_array_encode cangjieJSON 2.31s
[268/770] round=4 large_array_encode stdx_json 3.50s
[269/770] round=4 large_array_encode yjson 13.24s
[270/770] round=4 large_array_encode fastjson2 3.99s
[271/770] round=4 large_array_encode jackson 3.97s
[272/770] round=4 large_array_encode cjfast_json 2.35s
[273/770] round=4 large_array_encode json4cj 2.09s
[274/770] round=4 person_decode cangjieJSON 3.49s
[275/770] round=4 person_decode stdx_json 3.71s
[276/770] round=4 person_decode yjson 5.50s
[277/770] round=4 person_decode fastjson2 3.96s
[278/770] round=4 person_decode jackson 3.95s
[279/770] round=4 person_decode cjfast_json 2.71s
[280/770] round=4 person_decode json4cj 2.32s
[281/770] round=5 large_array_encode cjfast_json 2.25s
[282/770] round=5 large_array_encode jackson 3.96s
[283/770] round=5 large_array_encode fastjson2 3.97s
[284/770] round=5 large_array_encode yjson 13.21s
[285/770] round=5 large_array_encode stdx_json 3.62s
[286/770] round=5 large_array_encode cangjieJSON 2.39s
[287/770] round=5 large_array_encode json4cj 2.19s
[288/770] round=5 large_array_decode cjfast_json 2.04s
[289/770] round=5 large_array_decode jackson 3.98s
[290/770] round=5 large_array_decode fastjson2 3.98s
[291/770] round=5 large_array_decode yjson 8.94s
[292/770] round=5 large_array_decode stdx_json 2.37s
[293/770] round=5 large_array_decode cangjieJSON 3.06s
[294/770] round=5 large_array_decode json4cj 1.98s
[295/770] round=5 large_map_encode cjfast_json 2.89s
[296/770] round=5 large_map_encode jackson 3.99s
[297/770] round=5 large_map_encode fastjson2 3.96s
[298/770] round=5 large_map_encode yjson 11.03s
[299/770] round=5 large_map_encode stdx_json 4.35s
[300/770] round=5 large_map_encode cangjieJSON 2.72s
[301/770] round=5 large_map_encode json4cj 2.47s
[302/770] round=5 large_map_decode cjfast_json 2.87s
[303/770] round=5 large_map_decode jackson 3.97s
[304/770] round=5 large_map_decode fastjson2 3.96s
[305/770] round=5 large_map_decode yjson 11.97s
[306/770] round=5 large_map_decode stdx_json 4.14s
[307/770] round=5 large_map_decode cangjieJSON 3.11s
[308/770] round=5 large_map_decode json4cj 2.68s
[309/770] round=5 deep_nested_encode cjfast_json 2.24s
[310/770] round=5 deep_nested_encode jackson 3.99s
[311/770] round=5 deep_nested_encode fastjson2 3.97s
[312/770] round=5 deep_nested_encode yjson 9.29s
[313/770] round=5 deep_nested_encode stdx_json 2.55s
[314/770] round=5 deep_nested_encode cangjieJSON 2.44s
[315/770] round=5 deep_nested_encode json4cj 2.14s
[316/770] round=5 deep_nested_decode cjfast_json 2.60s
[317/770] round=5 deep_nested_decode jackson 3.97s
[318/770] round=5 deep_nested_decode fastjson2 3.97s
[319/770] round=5 deep_nested_decode yjson 6.50s
[320/770] round=5 deep_nested_decode stdx_json 3.69s
[321/770] round=5 deep_nested_decode cangjieJSON 3.24s
[322/770] round=5 deep_nested_decode json4cj 2.18s
[323/770] round=5 address_encode cjfast_json 2.05s
[324/770] round=5 address_encode jackson 3.97s
[325/770] round=5 address_encode fastjson2 3.96s
[326/770] round=5 address_encode yjson 6.11s
[327/770] round=5 address_encode stdx_json 2.30s
[328/770] round=5 address_encode cangjieJSON 2.73s
[329/770] round=5 address_encode json4cj 2.17s
[330/770] round=5 address_decode cjfast_json 2.08s
[331/770] round=5 address_decode jackson 3.97s
[332/770] round=5 address_decode fastjson2 3.97s
[333/770] round=5 address_decode yjson 7.40s
[334/770] round=5 address_decode stdx_json 2.70s
[335/770] round=5 address_decode cangjieJSON 3.14s
[336/770] round=5 address_decode json4cj 2.13s
[337/770] round=5 person_encode cjfast_json 2.32s
[338/770] round=5 person_encode jackson 3.97s
[339/770] round=5 person_encode fastjson2 3.96s
[340/770] round=5 person_encode yjson 12.93s
[341/770] round=5 person_encode stdx_json 3.04s
[342/770] round=5 person_encode cangjieJSON 2.79s
[343/770] round=5 person_encode json4cj 1.83s
[344/770] round=5 person_decode cjfast_json 2.69s
[345/770] round=5 person_decode jackson 3.97s
[346/770] round=5 person_decode fastjson2 3.98s
[347/770] round=5 person_decode yjson 5.77s
[348/770] round=5 person_decode stdx_json 3.70s
[349/770] round=5 person_decode cangjieJSON 2.98s
[350/770] round=5 person_decode json4cj 2.57s
[351/770] round=6 large_array_encode cjfast_json 2.21s
[352/770] round=6 large_array_encode json4cj 2.16s
[353/770] round=6 large_array_encode cangjieJSON 2.44s
[354/770] round=6 large_array_encode stdx_json 3.48s
[355/770] round=6 large_array_encode yjson 13.19s
[356/770] round=6 large_array_encode fastjson2 3.97s
[357/770] round=6 large_array_encode jackson 3.95s
[358/770] round=6 person_decode cjfast_json 2.62s
[359/770] round=6 person_decode json4cj 2.55s
[360/770] round=6 person_decode cangjieJSON 3.67s
[361/770] round=6 person_decode stdx_json 3.61s
[362/770] round=6 person_decode yjson 5.55s
[363/770] round=6 person_decode fastjson2 3.95s
[364/770] round=6 person_decode jackson 3.98s
[365/770] round=6 person_encode cjfast_json 2.32s
[366/770] round=6 person_encode json4cj 1.87s
[367/770] round=6 person_encode cangjieJSON 2.84s
[368/770] round=6 person_encode stdx_json 2.90s
[369/770] round=6 person_encode yjson 12.97s
[370/770] round=6 person_encode fastjson2 3.96s
[371/770] round=6 person_encode jackson 3.97s
[372/770] round=6 address_decode cjfast_json 2.21s
[373/770] round=6 address_decode json4cj 2.18s
[374/770] round=6 address_decode cangjieJSON 2.96s
[375/770] round=6 address_decode stdx_json 2.76s
[376/770] round=6 address_decode yjson 7.52s
[377/770] round=6 address_decode fastjson2 3.96s
[378/770] round=6 address_decode jackson 3.96s
[379/770] round=6 address_encode cjfast_json 2.12s
[380/770] round=6 address_encode json4cj 2.03s
[381/770] round=6 address_encode cangjieJSON 2.91s
[382/770] round=6 address_encode stdx_json 2.36s
[383/770] round=6 address_encode yjson 6.14s
[384/770] round=6 address_encode fastjson2 3.98s
[385/770] round=6 address_encode jackson 3.97s
[386/770] round=6 deep_nested_decode cjfast_json 2.55s
[387/770] round=6 deep_nested_decode json4cj 2.12s
[388/770] round=6 deep_nested_decode cangjieJSON 3.24s
[389/770] round=6 deep_nested_decode stdx_json 3.63s
[390/770] round=6 deep_nested_decode yjson 6.71s
[391/770] round=6 deep_nested_decode fastjson2 3.96s
[392/770] round=6 deep_nested_decode jackson 3.96s
[393/770] round=6 deep_nested_encode cjfast_json 2.38s
[394/770] round=6 deep_nested_encode json4cj 2.40s
[395/770] round=6 deep_nested_encode cangjieJSON 2.27s
[396/770] round=6 deep_nested_encode stdx_json 2.89s
[397/770] round=6 deep_nested_encode yjson 9.35s
[398/770] round=6 deep_nested_encode fastjson2 3.96s
[399/770] round=6 deep_nested_encode jackson 3.98s
[400/770] round=6 large_map_decode cjfast_json 2.74s
[401/770] round=6 large_map_decode json4cj 2.34s
[402/770] round=6 large_map_decode cangjieJSON 3.07s
[403/770] round=6 large_map_decode stdx_json 4.02s
[404/770] round=6 large_map_decode yjson 12.05s
[405/770] round=6 large_map_decode fastjson2 3.96s
[406/770] round=6 large_map_decode jackson 3.99s
[407/770] round=6 large_map_encode cjfast_json 2.98s
[408/770] round=6 large_map_encode json4cj 2.45s
[409/770] round=6 large_map_encode cangjieJSON 2.82s
[410/770] round=6 large_map_encode stdx_json 4.42s
[411/770] round=6 large_map_encode yjson 11.15s
[412/770] round=6 large_map_encode fastjson2 4.00s
[413/770] round=6 large_map_encode jackson 3.99s
[414/770] round=6 large_array_decode cjfast_json 2.10s
[415/770] round=6 large_array_decode json4cj 1.98s
[416/770] round=6 large_array_decode cangjieJSON 3.22s
[417/770] round=6 large_array_decode stdx_json 3.13s
[418/770] round=6 large_array_decode yjson 8.96s
[419/770] round=6 large_array_decode fastjson2 3.97s
[420/770] round=6 large_array_decode jackson 3.96s
[421/770] round=7 large_map_encode fastjson2 3.97s
[422/770] round=7 large_map_encode yjson 11.11s
[423/770] round=7 large_map_encode stdx_json 4.43s
[424/770] round=7 large_map_encode cangjieJSON 2.62s
[425/770] round=7 large_map_encode json4cj 2.73s
[426/770] round=7 large_map_encode cjfast_json 2.90s
[427/770] round=7 large_map_encode jackson 3.97s
[428/770] round=7 large_map_decode fastjson2 3.95s
[429/770] round=7 large_map_decode yjson 12.10s
[430/770] round=7 large_map_decode stdx_json 4.20s
[431/770] round=7 large_map_decode cangjieJSON 3.17s
[432/770] round=7 large_map_decode json4cj 2.62s
[433/770] round=7 large_map_decode cjfast_json 2.56s
[434/770] round=7 large_map_decode jackson 3.96s
[435/770] round=7 deep_nested_encode fastjson2 3.99s
[436/770] round=7 deep_nested_encode yjson 9.51s
[437/770] round=7 deep_nested_encode stdx_json 3.03s
[438/770] round=7 deep_nested_encode cangjieJSON 2.39s
[439/770] round=7 deep_nested_encode json4cj 2.06s
[440/770] round=7 deep_nested_encode cjfast_json 2.30s
[441/770] round=7 deep_nested_encode jackson 3.98s
[442/770] round=7 deep_nested_decode fastjson2 3.95s
[443/770] round=7 deep_nested_decode yjson 6.53s
[444/770] round=7 deep_nested_decode stdx_json 3.65s
[445/770] round=7 deep_nested_decode cangjieJSON 2.71s
[446/770] round=7 deep_nested_decode json4cj 2.17s
[447/770] round=7 deep_nested_decode cjfast_json 2.48s
[448/770] round=7 deep_nested_decode jackson 3.96s
[449/770] round=7 address_encode fastjson2 3.99s
[450/770] round=7 address_encode yjson 6.14s
[451/770] round=7 address_encode stdx_json 2.50s
[452/770] round=7 address_encode cangjieJSON 2.74s
[453/770] round=7 address_encode json4cj 2.03s
[454/770] round=7 address_encode cjfast_json 2.21s
[455/770] round=7 address_encode jackson 3.96s
[456/770] round=7 address_decode fastjson2 3.96s
[457/770] round=7 address_decode yjson 7.49s
[458/770] round=7 address_decode stdx_json 2.24s
[459/770] round=7 address_decode cangjieJSON 3.36s
[460/770] round=7 address_decode json4cj 2.28s
[461/770] round=7 address_decode cjfast_json 1.94s
[462/770] round=7 address_decode jackson 3.98s
[463/770] round=7 person_encode fastjson2 3.95s
[464/770] round=7 person_encode yjson 13.01s
[465/770] round=7 person_encode stdx_json 2.97s
[466/770] round=7 person_encode cangjieJSON 2.73s
[467/770] round=7 person_encode json4cj 2.02s
[468/770] round=7 person_encode cjfast_json 2.31s
[469/770] round=7 person_encode jackson 3.97s
[470/770] round=7 person_decode fastjson2 3.97s
[471/770] round=7 person_decode yjson 5.60s
[472/770] round=7 person_decode stdx_json 3.75s
[473/770] round=7 person_decode cangjieJSON 3.39s
[474/770] round=7 person_decode json4cj 2.66s
[475/770] round=7 person_decode cjfast_json 2.89s
[476/770] round=7 person_decode jackson 3.96s
[477/770] round=7 large_array_encode fastjson2 4.00s
[478/770] round=7 large_array_encode yjson 13.14s
[479/770] round=7 large_array_encode stdx_json 3.09s
[480/770] round=7 large_array_encode cangjieJSON 2.39s
[481/770] round=7 large_array_encode json4cj 2.15s
[482/770] round=7 large_array_encode cjfast_json 2.26s
[483/770] round=7 large_array_encode jackson 3.99s
[484/770] round=7 large_array_decode fastjson2 3.97s
[485/770] round=7 large_array_decode yjson 9.05s
[486/770] round=7 large_array_decode stdx_json 3.17s
[487/770] round=7 large_array_decode cangjieJSON 2.74s
[488/770] round=7 large_array_decode json4cj 1.89s
[489/770] round=7 large_array_decode cjfast_json 2.12s
[490/770] round=7 large_array_decode jackson 3.95s
[491/770] round=8 large_map_encode fastjson2 3.97s
[492/770] round=8 large_map_encode jackson 3.97s
[493/770] round=8 large_map_encode cjfast_json 2.76s
[494/770] round=8 large_map_encode json4cj 2.69s
[495/770] round=8 large_map_encode cangjieJSON 2.73s
[496/770] round=8 large_map_encode stdx_json 4.48s
[497/770] round=8 large_map_encode yjson 11.34s
[498/770] round=8 large_array_decode fastjson2 3.96s
[499/770] round=8 large_array_decode jackson 3.95s
[500/770] round=8 large_array_decode cjfast_json 2.12s
[501/770] round=8 large_array_decode json4cj 1.98s
[502/770] round=8 large_array_decode cangjieJSON 3.27s
[503/770] round=8 large_array_decode stdx_json 2.76s
[504/770] round=8 large_array_decode yjson 8.94s
[505/770] round=8 large_array_encode fastjson2 3.97s
[506/770] round=8 large_array_encode jackson 3.97s
[507/770] round=8 large_array_encode cjfast_json 2.28s
[508/770] round=8 large_array_encode json4cj 2.10s
[509/770] round=8 large_array_encode cangjieJSON 2.39s
[510/770] round=8 large_array_encode stdx_json 3.43s
[511/770] round=8 large_array_encode yjson 13.31s
[512/770] round=8 person_decode fastjson2 3.99s
[513/770] round=8 person_decode jackson 3.98s
[514/770] round=8 person_decode cjfast_json 2.71s
[515/770] round=8 person_decode json4cj 2.58s
[516/770] round=8 person_decode cangjieJSON 3.35s
[517/770] round=8 person_decode stdx_json 3.92s
[518/770] round=8 person_decode yjson 5.54s
[519/770] round=8 person_encode fastjson2 3.98s
[520/770] round=8 person_encode jackson 3.96s
[521/770] round=8 person_encode cjfast_json 2.50s
[522/770] round=8 person_encode json4cj 2.28s
[523/770] round=8 person_encode cangjieJSON 2.84s
[524/770] round=8 person_encode stdx_json 2.91s
[525/770] round=8 person_encode yjson 12.91s
[526/770] round=8 address_decode fastjson2 3.97s
[527/770] round=8 address_decode jackson 3.98s
[528/770] round=8 address_decode cjfast_json 1.98s
[529/770] round=8 address_decode json4cj 2.22s
[530/770] round=8 address_decode cangjieJSON 3.41s
[531/770] round=8 address_decode stdx_json 2.96s
[532/770] round=8 address_decode yjson 7.76s
[533/770] round=8 address_encode fastjson2 3.97s
[534/770] round=8 address_encode jackson 3.98s
[535/770] round=8 address_encode cjfast_json 2.04s
[536/770] round=8 address_encode json4cj 2.16s
[537/770] round=8 address_encode cangjieJSON 2.69s
[538/770] round=8 address_encode stdx_json 2.54s
[539/770] round=8 address_encode yjson 6.25s
[540/770] round=8 deep_nested_decode fastjson2 3.97s
[541/770] round=8 deep_nested_decode jackson 3.95s
[542/770] round=8 deep_nested_decode cjfast_json 2.48s
[543/770] round=8 deep_nested_decode json4cj 2.21s
[544/770] round=8 deep_nested_decode cangjieJSON 3.15s
[545/770] round=8 deep_nested_decode stdx_json 3.50s
[546/770] round=8 deep_nested_decode yjson 6.76s
[547/770] round=8 deep_nested_encode fastjson2 3.96s
[548/770] round=8 deep_nested_encode jackson 3.97s
[549/770] round=8 deep_nested_encode cjfast_json 2.52s
[550/770] round=8 deep_nested_encode json4cj 2.32s
[551/770] round=8 deep_nested_encode cangjieJSON 2.49s
[552/770] round=8 deep_nested_encode stdx_json 3.86s
[553/770] round=8 deep_nested_encode yjson 9.46s
[554/770] round=8 large_map_decode fastjson2 3.99s
[555/770] round=8 large_map_decode jackson 3.95s
[556/770] round=8 large_map_decode cjfast_json 2.75s
[557/770] round=8 large_map_decode json4cj 2.70s
[558/770] round=8 large_map_decode cangjieJSON 2.70s
[559/770] round=8 large_map_decode stdx_json 4.09s
[560/770] round=8 large_map_decode yjson 11.75s
[561/770] round=9 deep_nested_encode stdx_json 3.89s
[562/770] round=9 deep_nested_encode cangjieJSON 2.45s
[563/770] round=9 deep_nested_encode json4cj 2.26s
[564/770] round=9 deep_nested_encode cjfast_json 2.57s
[565/770] round=9 deep_nested_encode jackson 3.99s
[566/770] round=9 deep_nested_encode fastjson2 3.97s
[567/770] round=9 deep_nested_encode yjson 9.30s
[568/770] round=9 deep_nested_decode stdx_json 3.61s
[569/770] round=9 deep_nested_decode cangjieJSON 3.25s
[570/770] round=9 deep_nested_decode json4cj 2.26s
[571/770] round=9 deep_nested_decode cjfast_json 2.45s
[572/770] round=9 deep_nested_decode jackson 3.96s
[573/770] round=9 deep_nested_decode fastjson2 3.96s
[574/770] round=9 deep_nested_decode yjson 6.69s
[575/770] round=9 address_encode stdx_json 2.26s
[576/770] round=9 address_encode cangjieJSON 2.79s
[577/770] round=9 address_encode json4cj 2.18s
[578/770] round=9 address_encode cjfast_json 2.40s
[579/770] round=9 address_encode jackson 3.97s
[580/770] round=9 address_encode fastjson2 3.98s
[581/770] round=9 address_encode yjson 6.20s
[582/770] round=9 address_decode stdx_json 2.69s
[583/770] round=9 address_decode cangjieJSON 3.30s
[584/770] round=9 address_decode json4cj 2.11s
[585/770] round=9 address_decode cjfast_json 2.16s
[586/770] round=9 address_decode jackson 3.97s
[587/770] round=9 address_decode fastjson2 3.98s
[588/770] round=9 address_decode yjson 7.60s
[589/770] round=9 person_encode stdx_json 2.82s
[590/770] round=9 person_encode cangjieJSON 2.81s
[591/770] round=9 person_encode json4cj 2.12s
[592/770] round=9 person_encode cjfast_json 2.50s
[593/770] round=9 person_encode jackson 3.99s
[594/770] round=9 person_encode fastjson2 3.97s
[595/770] round=9 person_encode yjson 13.01s
[596/770] round=9 person_decode stdx_json 3.87s
[597/770] round=9 person_decode cangjieJSON 3.66s
[598/770] round=9 person_decode json4cj 2.30s
[599/770] round=9 person_decode cjfast_json 2.70s
[600/770] round=9 person_decode jackson 3.98s
[601/770] round=9 person_decode fastjson2 3.98s
[602/770] round=9 person_decode yjson 5.50s
[603/770] round=9 large_array_encode stdx_json 2.98s
[604/770] round=9 large_array_encode cangjieJSON 2.24s
[605/770] round=9 large_array_encode json4cj 2.02s
[606/770] round=9 large_array_encode cjfast_json 2.16s
[607/770] round=9 large_array_encode jackson 3.98s
[608/770] round=9 large_array_encode fastjson2 3.97s
[609/770] round=9 large_array_encode yjson 13.34s
[610/770] round=9 large_array_decode stdx_json 2.81s
[611/770] round=9 large_array_decode cangjieJSON 3.29s
[612/770] round=9 large_array_decode json4cj 1.75s
[613/770] round=9 large_array_decode cjfast_json 1.98s
[614/770] round=9 large_array_decode jackson 3.97s
[615/770] round=9 large_array_decode fastjson2 3.96s
[616/770] round=9 large_array_decode yjson 8.97s
[617/770] round=9 large_map_encode stdx_json 4.67s
[618/770] round=9 large_map_encode cangjieJSON 2.83s
[619/770] round=9 large_map_encode json4cj 2.70s
[620/770] round=9 large_map_encode cjfast_json 2.93s
[621/770] round=9 large_map_encode jackson 3.99s
[622/770] round=9 large_map_encode fastjson2 3.97s
[623/770] round=9 large_map_encode yjson 11.11s
[624/770] round=9 large_map_decode stdx_json 4.08s
[625/770] round=9 large_map_decode cangjieJSON 2.69s
[626/770] round=9 large_map_decode json4cj 2.70s
[627/770] round=9 large_map_decode cjfast_json 2.90s
[628/770] round=9 large_map_decode jackson 3.99s
[629/770] round=9 large_map_decode fastjson2 3.97s
[630/770] round=9 large_map_decode yjson 11.95s
[631/770] round=10 deep_nested_encode stdx_json 4.38s
[632/770] round=10 deep_nested_encode yjson 9.38s
[633/770] round=10 deep_nested_encode fastjson2 3.98s
[634/770] round=10 deep_nested_encode jackson 3.95s
[635/770] round=10 deep_nested_encode cjfast_json 2.51s
[636/770] round=10 deep_nested_encode json4cj 2.41s
[637/770] round=10 deep_nested_encode cangjieJSON 2.43s
[638/770] round=10 large_map_decode stdx_json 4.18s
[639/770] round=10 large_map_decode yjson 11.97s
[640/770] round=10 large_map_decode fastjson2 3.97s
[641/770] round=10 large_map_decode jackson 3.96s
[642/770] round=10 large_map_decode cjfast_json 2.92s
[643/770] round=10 large_map_decode json4cj 2.69s
[644/770] round=10 large_map_decode cangjieJSON 3.08s
[645/770] round=10 large_map_encode stdx_json 4.72s
[646/770] round=10 large_map_encode yjson 11.14s
[647/770] round=10 large_map_encode fastjson2 3.97s
[648/770] round=10 large_map_encode jackson 4.00s
[649/770] round=10 large_map_encode cjfast_json 3.16s
[650/770] round=10 large_map_encode json4cj 2.69s
[651/770] round=10 large_map_encode cangjieJSON 2.41s
[652/770] round=10 large_array_decode stdx_json 3.02s
[653/770] round=10 large_array_decode yjson 8.89s
[654/770] round=10 large_array_decode fastjson2 3.96s
[655/770] round=10 large_array_decode jackson 3.96s
[656/770] round=10 large_array_decode cjfast_json 2.12s
[657/770] round=10 large_array_decode json4cj 1.98s
[658/770] round=10 large_array_decode cangjieJSON 3.29s
[659/770] round=10 large_array_encode stdx_json 3.55s
[660/770] round=10 large_array_encode yjson 13.21s
[661/770] round=10 large_array_encode fastjson2 3.98s
[662/770] round=10 large_array_encode jackson 3.98s
[663/770] round=10 large_array_encode cjfast_json 2.41s
[664/770] round=10 large_array_encode json4cj 2.15s
[665/770] round=10 large_array_encode cangjieJSON 2.34s
[666/770] round=10 person_decode stdx_json 3.95s
[667/770] round=10 person_decode yjson 5.76s
[668/770] round=10 person_decode fastjson2 3.96s
[669/770] round=10 person_decode jackson 3.97s
[670/770] round=10 person_decode cjfast_json 2.73s
[671/770] round=10 person_decode json4cj 2.69s
[672/770] round=10 person_decode cangjieJSON 3.44s
[673/770] round=10 person_encode stdx_json 3.33s
[674/770] round=10 person_encode yjson 13.40s
[675/770] round=10 person_encode fastjson2 3.97s
[676/770] round=10 person_encode jackson 3.96s
[677/770] round=10 person_encode cjfast_json 2.34s
[678/770] round=10 person_encode json4cj 1.99s
[679/770] round=10 person_encode cangjieJSON 2.86s
[680/770] round=10 address_decode stdx_json 3.00s
[681/770] round=10 address_decode yjson 7.44s
[682/770] round=10 address_decode fastjson2 3.97s
[683/770] round=10 address_decode jackson 3.96s
[684/770] round=10 address_decode cjfast_json 2.03s
[685/770] round=10 address_decode json4cj 2.30s
[686/770] round=10 address_decode cangjieJSON 3.19s
[687/770] round=10 address_encode stdx_json 2.17s
[688/770] round=10 address_encode yjson 6.10s
[689/770] round=10 address_encode fastjson2 3.97s
[690/770] round=10 address_encode jackson 3.97s
[691/770] round=10 address_encode cjfast_json 2.26s
[692/770] round=10 address_encode json4cj 2.14s
[693/770] round=10 address_encode cangjieJSON 2.89s
[694/770] round=10 deep_nested_decode stdx_json 3.55s
[695/770] round=10 deep_nested_decode yjson 6.63s
[696/770] round=10 deep_nested_decode fastjson2 3.97s
[697/770] round=10 deep_nested_decode jackson 3.98s
[698/770] round=10 deep_nested_decode cjfast_json 2.53s
[699/770] round=10 deep_nested_decode json4cj 2.18s
[700/770] round=10 deep_nested_decode cangjieJSON 3.07s
[701/770] round=11 address_encode json4cj 2.32s
[702/770] round=11 address_encode cjfast_json 2.16s
[703/770] round=11 address_encode jackson 3.96s
[704/770] round=11 address_encode fastjson2 3.96s
[705/770] round=11 address_encode yjson 6.13s
[706/770] round=11 address_encode stdx_json 2.40s
[707/770] round=11 address_encode cangjieJSON 2.82s
[708/770] round=11 address_decode json4cj 2.27s
[709/770] round=11 address_decode cjfast_json 2.18s
[710/770] round=11 address_decode jackson 3.96s
[711/770] round=11 address_decode fastjson2 3.97s
[712/770] round=11 address_decode yjson 7.32s
[713/770] round=11 address_decode stdx_json 2.96s
[714/770] round=11 address_decode cangjieJSON 3.31s
[715/770] round=11 person_encode json4cj 2.17s
[716/770] round=11 person_encode cjfast_json 2.35s
[717/770] round=11 person_encode jackson 3.97s
[718/770] round=11 person_encode fastjson2 3.96s
[719/770] round=11 person_encode yjson 12.70s
[720/770] round=11 person_encode stdx_json 2.83s
[721/770] round=11 person_encode cangjieJSON 2.82s
[722/770] round=11 person_decode json4cj 2.59s
[723/770] round=11 person_decode cjfast_json 2.83s
[724/770] round=11 person_decode jackson 3.99s
[725/770] round=11 person_decode fastjson2 3.99s
[726/770] round=11 person_decode yjson 5.72s
[727/770] round=11 person_decode stdx_json 3.81s
[728/770] round=11 person_decode cangjieJSON 3.51s
[729/770] round=11 large_array_encode json4cj 2.13s
[730/770] round=11 large_array_encode cjfast_json 2.25s
[731/770] round=11 large_array_encode jackson 3.97s
[732/770] round=11 large_array_encode fastjson2 3.99s
[733/770] round=11 large_array_encode yjson 13.24s
[734/770] round=11 large_array_encode stdx_json 3.35s
[735/770] round=11 large_array_encode cangjieJSON 2.36s
[736/770] round=11 large_array_decode json4cj 2.03s
[737/770] round=11 large_array_decode cjfast_json 2.10s
[738/770] round=11 large_array_decode jackson 3.96s
[739/770] round=11 large_array_decode fastjson2 3.96s
[740/770] round=11 large_array_decode yjson 8.96s
[741/770] round=11 large_array_decode stdx_json 3.22s
[742/770] round=11 large_array_decode cangjieJSON 3.23s
[743/770] round=11 large_map_encode json4cj 2.55s
[744/770] round=11 large_map_encode cjfast_json 2.95s
[745/770] round=11 large_map_encode jackson 3.98s
[746/770] round=11 large_map_encode fastjson2 3.96s
[747/770] round=11 large_map_encode yjson 11.03s
[748/770] round=11 large_map_encode stdx_json 4.53s
[749/770] round=11 large_map_encode cangjieJSON 2.65s
[750/770] round=11 large_map_decode json4cj 2.36s
[751/770] round=11 large_map_decode cjfast_json 3.13s
[752/770] round=11 large_map_decode jackson 3.96s
[753/770] round=11 large_map_decode fastjson2 3.96s
[754/770] round=11 large_map_decode yjson 12.07s
[755/770] round=11 large_map_decode stdx_json 4.19s
[756/770] round=11 large_map_decode cangjieJSON 2.71s
[757/770] round=11 deep_nested_encode json4cj 2.29s
[758/770] round=11 deep_nested_encode cjfast_json 2.52s
[759/770] round=11 deep_nested_encode jackson 3.99s
[760/770] round=11 deep_nested_encode fastjson2 3.96s
[761/770] round=11 deep_nested_encode yjson 9.27s
[762/770] round=11 deep_nested_encode stdx_json 4.07s
[763/770] round=11 deep_nested_encode cangjieJSON 2.52s
[764/770] round=11 deep_nested_decode json4cj 2.23s
[765/770] round=11 deep_nested_decode cjfast_json 2.55s
[766/770] round=11 deep_nested_decode jackson 3.96s
[767/770] round=11 deep_nested_decode fastjson2 3.99s
[768/770] round=11 deep_nested_decode yjson 6.81s
[769/770] round=11 deep_nested_decode stdx_json 3.59s
[770/770] round=11 deep_nested_decode cangjieJSON 3.24s
