[1/770] round=1 address_encode yjson 6.14s
[2/770] round=1 address_encode stdx_json 2.11s
[3/770] round=1 address_encode cangjieJSON 2.67s
[4/770] round=1 address_encode json4cj 2.21s
[5/770] round=1 address_encode cjfast_json 2.23s
[6/770] round=1 address_encode jackson 4.00s
[7/770] round=1 address_encode fastjson2 3.98s
[8/770] round=1 address_decode yjson 7.42s
[9/770] round=1 address_decode stdx_json 3.09s
[10/770] round=1 address_decode cangjieJSON 3.30s
[11/770] round=1 address_decode json4cj 2.15s
[12/770] round=1 address_decode cjfast_json 2.06s
[13/770] round=1 address_decode jackson 3.97s
[14/770] round=1 address_decode fastjson2 3.97s
[15/770] round=1 person_encode yjson 12.87s
[16/770] round=1 person_encode stdx_json 2.95s
[17/770] round=1 person_encode cangjieJSON 2.77s
[18/770] round=1 person_encode json4cj 2.10s
[19/770] round=1 person_encode cjfast_json 2.37s
[20/770] round=1 person_encode jackson 3.98s
[21/770] round=1 person_encode fastjson2 3.96s
[22/770] round=1 person_decode yjson 5.66s
[23/770] round=1 person_decode stdx_json 3.81s
[24/770] round=1 person_decode cangjieJSON 3.44s
[25/770] round=1 person_decode json4cj 2.56s
[26/770] round=1 person_decode cjfast_json 2.75s
[27/770] round=1 person_decode jackson 3.97s
[28/770] round=1 person_decode fastjson2 3.98s
[29/770] round=1 large_array_encode yjson 13.20s
[30/770] round=1 large_array_encode stdx_json 3.52s
[31/770] round=1 large_array_encode cangjieJSON 2.32s
[32/770] round=1 large_array_encode json4cj 2.17s
[33/770] round=1 large_array_encode cjfast_json 2.24s
[34/770] round=1 large_array_encode jackson 3.95s
[35/770] round=1 large_array_encode fastjson2 3.99s
[36/770] round=1 large_array_decode yjson 9.13s
[37/770] round=1 large_array_decode stdx_json 2.85s
[38/770] round=1 large_array_decode cangjieJSON 2.13s
[39/770] round=1 large_array_decode json4cj 1.95s
[40/770] round=1 large_array_decode cjfast_json 2.04s
[41/770] round=1 large_array_decode jackson 3.96s
[42/770] round=1 large_array_decode fastjson2 3.96s
[43/770] round=1 large_map_encode yjson 11.12s
[44/770] round=1 large_map_encode stdx_json 4.35s
[45/770] round=1 large_map_encode cangjieJSON 2.81s
[46/770] round=1 large_map_encode json4cj 2.67s
[47/770] round=1 large_map_encode cjfast_json 2.89s
[48/770] round=1 large_map_encode jackson 3.97s
[49/770] round=1 large_map_encode fastjson2 3.97s
[50/770] round=1 large_map_decode yjson 12.04s
[51/770] round=1 large_map_decode stdx_json 4.18s
[52/770] round=1 large_map_decode cangjieJSON 2.74s
[53/770] round=1 large_map_decode json4cj 2.47s
[54/770] round=1 large_map_decode cjfast_json 2.59s
[55/770] round=1 large_map_decode jackson 3.95s
[56/770] round=1 large_map_decode fastjson2 3.96s
[57/770] round=1 deep_nested_encode yjson 9.34s
[58/770] round=1 deep_nested_encode stdx_json 3.92s
[59/770] round=1 deep_nested_encode cangjieJSON 2.46s
[60/770] round=1 deep_nested_encode json4cj 2.35s
[61/770] round=1 deep_nested_encode cjfast_json 2.41s
[62/770] round=1 deep_nested_encode jackson 3.99s
[63/770] round=1 deep_nested_encode fastjson2 3.97s
[64/770] round=1 deep_nested_decode yjson 6.58s
[65/770] round=1 deep_nested_decode stdx_json 3.73s
[66/770] round=1 deep_nested_decode cangjieJSON 3.24s
[67/770] round=1 deep_nested_decode json4cj 2.17s
[68/770] round=1 deep_nested_decode cjfast_json 2.49s
[69/770] round=1 deep_nested_decode jackson 3.95s
[70/770] round=1 deep_nested_decode fastjson2 3.98s
[71/770] round=2 address_encode yjson 6.05s
[72/770] round=2 address_encode fastjson2 3.98s
[73/770] round=2 address_encode jackson 3.97s
[74/770] round=2 address_encode cjfast_json 2.32s
[75/770] round=2 address_encode json4cj 1.83s
[76/770] round=2 address_encode cangjieJSON 2.94s
[77/770] round=2 address_encode stdx_json 2.21s
[78/770] round=2 deep_nested_decode yjson 6.58s
[79/770] round=2 deep_nested_decode fastjson2 3.96s
[80/770] round=2 deep_nested_decode jackson 3.98s
[81/770] round=2 deep_nested_decode cjfast_json 2.50s
[82/770] round=2 deep_nested_decode json4cj 2.24s
[83/770] round=2 deep_nested_decode cangjieJSON 3.22s
[84/770] round=2 deep_nested_decode stdx_json 3.62s
[85/770] round=2 deep_nested_encode yjson 9.38s
[86/770] round=2 deep_nested_encode fastjson2 3.98s
[87/770] round=2 deep_nested_encode jackson 3.98s
[88/770] round=2 deep_nested_encode cjfast_json 2.42s
[89/770] round=2 deep_nested_encode json4cj 2.49s
[90/770] round=2 deep_nested_encode cangjieJSON 2.17s
[91/770] round=2 deep_nested_encode stdx_json 2.96s
[92/770] round=2 large_map_decode yjson 12.09s
[93/770] round=2 large_map_decode fastjson2 3.97s
[94/770] round=2 large_map_decode jackson 3.98s
[95/770] round=2 large_map_decode cjfast_json 3.18s
[96/770] round=2 large_map_decode json4cj 2.71s
[97/770] round=2 large_map_decode cangjieJSON 2.92s
[98/770] round=2 large_map_decode stdx_json 4.17s
[99/770] round=2 large_map_encode yjson 10.92s
[100/770] round=2 large_map_encode fastjson2 3.97s
[101/770] round=2 large_map_encode jackson 3.97s
[102/770] round=2 large_map_encode cjfast_json 2.96s
[103/770] round=2 large_map_encode json4cj 2.49s
[104/770] round=2 large_map_encode cangjieJSON 2.82s
[105/770] round=2 large_map_encode stdx_json 4.61s
[106/770] round=2 large_array_decode yjson 8.91s
[107/770] round=2 large_array_decode fastjson2 3.97s
[108/770] round=2 large_array_decode jackson 3.95s
[109/770] round=2 large_array_decode cjfast_json 2.04s
[110/770] round=2 large_array_decode json4cj 1.97s
[111/770] round=2 large_array_decode cangjieJSON 3.39s
[112/770] round=2 large_array_decode stdx_json 2.77s
[113/770] round=2 large_array_encode yjson 13.25s
[114/770] round=2 large_array_encode fastjson2 3.98s
[115/770] round=2 large_array_encode jackson 3.98s
[116/770] round=2 large_array_encode cjfast_json 2.22s
[117/770] round=2 large_array_encode json4cj 2.26s
[118/770] round=2 large_array_encode cangjieJSON 2.33s
[119/770] round=2 large_array_encode stdx_json 3.61s
[120/770] round=2 person_decode yjson 5.80s
[121/770] round=2 person_decode fastjson2 3.97s
[122/770] round=2 person_decode jackson 3.96s
[123/770] round=2 person_decode cjfast_json 2.71s
[124/770] round=2 person_decode json4cj 2.61s
[125/770] round=2 person_decode cangjieJSON 3.41s
[126/770] round=2 person_decode stdx_json 3.20s
[127/770] round=2 person_encode yjson 12.72s
[128/770] round=2 person_encode fastjson2 3.98s
[129/770] round=2 person_encode jackson 3.95s
[130/770] round=2 person_encode cjfast_json 2.41s
[131/770] round=2 person_encode json4cj 1.99s
[132/770] round=2 person_encode cangjieJSON 2.81s
[133/770] round=2 person_encode stdx_json 3.21s
[134/770] round=2 address_decode yjson 7.62s
[135/770] round=2 address_decode fastjson2 3.99s
[136/770] round=2 address_decode jackson 3.99s
[137/770] round=2 address_decode cjfast_json 1.96s
[138/770] round=2 address_decode json4cj 2.12s
[139/770] round=2 address_decode cangjieJSON 3.23s
[140/770] round=2 address_decode stdx_json 2.86s
[141/770] round=3 person_encode cangjieJSON 2.89s
[142/770] round=3 person_encode json4cj 2.11s
[143/770] round=3 person_encode cjfast_json 2.29s
[144/770] round=3 person_encode jackson 3.96s
[145/770] round=3 person_encode fastjson2 3.97s
[146/770] round=3 person_encode yjson 12.95s
[147/770] round=3 person_encode stdx_json 3.26s
[148/770] round=3 person_decode cangjieJSON 3.26s
[149/770] round=3 person_decode json4cj 2.57s
[150/770] round=3 person_decode cjfast_json 2.91s
[151/770] round=3 person_decode jackson 3.98s
[152/770] round=3 person_decode fastjson2 3.99s
[153/770] round=3 person_decode yjson 5.73s
[154/770] round=3 person_decode stdx_json 3.70s
[155/770] round=3 large_array_encode cangjieJSON 2.31s
[156/770] round=3 large_array_encode json4cj 2.02s
[157/770] round=3 large_array_encode cjfast_json 2.38s
[158/770] round=3 large_array_encode jackson 3.98s
[159/770] round=3 large_array_encode fastjson2 3.95s
[160/770] round=3 large_array_encode yjson 13.12s
[161/770] round=3 large_array_encode stdx_json 3.51s
[162/770] round=3 large_array_decode cangjieJSON 2.44s
[163/770] round=3 large_array_decode json4cj 2.05s
[164/770] round=3 large_array_decode cjfast_json 2.10s
[165/770] round=3 large_array_decode jackson 3.97s
[166/770] round=3 large_array_decode fastjson2 3.99s
[167/770] round=3 large_array_decode yjson 8.92s
[168/770] round=3 large_array_decode stdx_json 3.36s
[169/770] round=3 large_map_encode cangjieJSON 2.81s
[170/770] round=3 large_map_encode json4cj 2.68s
[171/770] round=3 large_map_encode cjfast_json 3.02s
[172/770] round=3 large_map_encode jackson 3.99s
[173/770] round=3 large_map_encode fastjson2 3.98s
[174/770] round=3 large_map_encode yjson 10.95s
[175/770] round=3 large_map_encode stdx_json 4.48s
[176/770] round=3 large_map_decode cangjieJSON 3.05s
[177/770] round=3 large_map_decode json4cj 2.70s
[178/770] round=3 large_map_decode cjfast_json 2.94s
[179/770] round=3 large_map_decode jackson 3.96s
[180/770] round=3 large_map_decode fastjson2 3.95s
[181/770] round=3 large_map_decode yjson 11.96s
[182/770] round=3 large_map_decode stdx_json 4.10s
[183/770] round=3 deep_nested_encode cangjieJSON 2.48s
[184/770] round=3 deep_nested_encode json4cj 2.44s
[185/770] round=3 deep_nested_encode cjfast_json 2.58s
[186/770] round=3 deep_nested_encode jackson 3.99s
[187/770] round=3 deep_nested_encode fastjson2 3.97s
[188/770] round=3 deep_nested_encode yjson 9.37s
[189/770] round=3 deep_nested_encode stdx_json 3.86s
[190/770] round=3 deep_nested_decode cangjieJSON 3.16s
[191/770] round=3 deep_nested_decode json4cj 2.20s
[192/770] round=3 deep_nested_decode cjfast_json 2.51s
[193/770] round=3 deep_nested_decode jackson 4.00s
[194/770] round=3 deep_nested_decode fastjson2 3.97s
[195/770] round=3 deep_nested_decode yjson 6.70s
[196/770] round=3 deep_nested_decode stdx_json 2.56s
[197/770] round=3 address_encode cangjieJSON 2.68s
[198/770] round=3 address_encode json4cj 2.03s
[199/770] round=3 address_encode cjfast_json 2.23s
[200/770] round=3 address_encode jackson 3.98s
[201/770] round=3 address_encode fastjson2 3.97s
[202/770] round=3 address_encode yjson 5.84s
[203/770] round=3 address_encode stdx_json 2.22s
[204/770] round=3 address_decode cangjieJSON 3.39s
[205/770] round=3 address_decode json4cj 2.26s
[206/770] round=3 address_decode cjfast_json 1.95s
[207/770] round=3 address_decode jackson 3.98s
[208/770] round=3 address_decode fastjson2 3.97s
[209/770] round=3 address_decode yjson 7.63s
[210/770] round=3 address_decode stdx_json 2.66s
[211/770] round=4 person_encode cangjieJSON 2.78s
[212/770] round=4 person_encode stdx_json 3.11s
[213/770] round=4 person_encode yjson 12.72s
[214/770] round=4 person_encode fastjson2 3.96s
[215/770] round=4 person_encode jackson 3.98s
[216/770] round=4 person_encode cjfast_json 2.51s
[217/770] round=4 person_encode json4cj 2.08s
[218/770] round=4 address_decode cangjieJSON 3.34s
[219/770] round=4 address_decode stdx_json 2.79s
[220/770] round=4 address_decode yjson 7.58s
[221/770] round=4 address_decode fastjson2 3.96s
[222/770] round=4 address_decode jackson 3.96s
[223/770] round=4 address_decode cjfast_json 2.02s
[224/770] round=4 address_decode json4cj 2.19s
[225/770] round=4 address_encode cangjieJSON 2.81s
[226/770] round=4 address_encode stdx_json 2.28s
[227/770] round=4 address_encode yjson 6.13s
[228/770] round=4 address_encode fastjson2 3.97s
[229/770] round=4 address_encode jackson 3.97s
[230/770] round=4 address_encode cjfast_json 2.23s
[231/770] round=4 address_encode json4cj 2.09s
[232/770] round=4 deep_nested_decode cangjieJSON 3.10s
[233/770] round=4 deep_nested_decode stdx_json 3.64s
[234/770] round=4 deep_nested_decode yjson 6.34s
[235/770] round=4 deep_nested_decode fastjson2 3.97s
[236/770] round=4 deep_nested_decode jackson 3.96s
[237/770] round=4 deep_nested_decode cjfast_json 2.44s
[238/770] round=4 deep_nested_decode json4cj 1.94s
[239/770] round=4 deep_nested_encode cangjieJSON 2.44s
[240/770] round=4 deep_nested_encode stdx_json 2.92s
[241/770] round=4 deep_nested_encode yjson 9.29s
[242/770] round=4 deep_nested_encode fastjson2 3.98s
[243/770] round=4 deep_nested_encode jackson 3.96s
[244/770] round=4 deep_nested_encode cjfast_json 2.53s
[245/770] round=4 deep_nested_encode json4cj 2.46s
[246/770] round=4 large_map_decode cangjieJSON 2.96s
[247/770] round=4 large_map_decode stdx_json 4.08s
[248/770] round=4 large_map_decode yjson 12.00s
[249/770] round=4 large_map_decode fastjson2 3.99s
[250/770] round=4 large_map_decode jackson 3.97s
[251/770] round=4 large_map_decode cjfast_json 2.62s
[252/770] round=4 large_map_decode json4cj 2.10s
[253/770] round=4 large_map_encode cangjieJSON 2.75s
[254/770] round=4 large_map_encode stdx_json 4.39s
[255/770] round=4 large_map_encode yjson 11.23s
[256/770] round=4 large_map_encode fastjson2 3.98s
[257/770] round=4 large_map_encode jackson 3.98s
[258/770] round=4 large_map_encode cjfast_json 2.90s
[259/770] round=4 large_map_encode json4cj 2.62s
[260/770] round=4 large_array_decode cangjieJSON 3.30s
[261/770] round=4 large_array_decode stdx_json 2.59s
[262/770] round=4 large_array_decode yjson 8.88s
[263/770] round=4 large_array_decode fastjson2 3.96s
[264/770] round=4 large_array_decode jackson 3.97s
[265/770] round=4 large_array_decode cjfast_json 2.09s
[266/770] round=4 large_array_decode json4cj 1.95s
[267/770] round=4 large_array_encode cangjieJSON 2.34s
[268/770] round=4 large_array_encode stdx_json 3.40s
[269/770] round=4 large_array_encode yjson 13.28s
[270/770] round=4 large_array_encode fastjson2 4.01s
[271/770] round=4 large_array_encode jackson 3.98s
[272/770] round=4 large_array_encode cjfast_json 2.20s
[273/770] round=4 large_array_encode json4cj 2.18s
[274/770] round=4 person_decode cangjieJSON 3.48s
[275/770] round=4 person_decode stdx_json 3.86s
[276/770] round=4 person_decode yjson 5.53s
[277/770] round=4 person_decode fastjson2 3.97s
[278/770] round=4 person_decode jackson 3.97s
[279/770] round=4 person_decode cjfast_json 3.03s
[280/770] round=4 person_decode json4cj 2.54s
[281/770] round=5 large_array_encode cjfast_json 2.26s
[282/770] round=5 large_array_encode jackson 3.98s
[283/770] round=5 large_array_encode fastjson2 3.95s
[284/770] round=5 large_array_encode yjson 13.21s
[285/770] round=5 large_array_encode stdx_json 3.36s
[286/770] round=5 large_array_encode cangjieJSON 2.11s
[287/770] round=5 large_array_encode json4cj 2.25s
[288/770] round=5 large_array_decode cjfast_json 2.13s
[289/770] round=5 large_array_decode jackson 3.97s
[290/770] round=5 large_array_decode fastjson2 3.98s
[291/770] round=5 large_array_decode yjson 8.94s
[292/770] round=5 large_array_decode stdx_json 3.05s
[293/770] round=5 large_array_decode cangjieJSON 3.25s
[294/770] round=5 large_array_decode json4cj 1.96s
[295/770] round=5 large_map_encode cjfast_json 2.99s
[296/770] round=5 large_map_encode jackson 3.99s
[297/770] round=5 large_map_encode fastjson2 3.97s
[298/770] round=5 large_map_encode yjson 11.33s
[299/770] round=5 large_map_encode stdx_json 4.45s
[300/770] round=5 large_map_encode cangjieJSON 2.79s
[301/770] round=5 large_map_encode json4cj 2.65s
[302/770] round=5 large_map_decode cjfast_json 2.91s
[303/770] round=5 large_map_decode jackson 3.97s
[304/770] round=5 large_map_decode fastjson2 3.98s
[305/770] round=5 large_map_decode yjson 11.89s
[306/770] round=5 large_map_decode stdx_json 4.13s
[307/770] round=5 large_map_decode cangjieJSON 2.64s
[308/770] round=5 large_map_decode json4cj 2.79s
[309/770] round=5 deep_nested_encode cjfast_json 2.53s
[310/770] round=5 deep_nested_encode jackson 4.01s
[311/770] round=5 deep_nested_encode fastjson2 3.98s
[312/770] round=5 deep_nested_encode yjson 9.30s
[313/770] round=5 deep_nested_encode stdx_json 2.81s
[314/770] round=5 deep_nested_encode cangjieJSON 2.49s
[315/770] round=5 deep_nested_encode json4cj 2.33s
[316/770] round=5 deep_nested_decode cjfast_json 2.65s
[317/770] round=5 deep_nested_decode jackson 3.98s
[318/770] round=5 deep_nested_decode fastjson2 3.99s
[319/770] round=5 deep_nested_decode yjson 6.54s
[320/770] round=5 deep_nested_decode stdx_json 3.60s
[321/770] round=5 deep_nested_decode cangjieJSON 3.07s
[322/770] round=5 deep_nested_decode json4cj 1.42s
[323/770] round=5 address_encode cjfast_json 2.19s
[324/770] round=5 address_encode jackson 3.98s
[325/770] round=5 address_encode fastjson2 3.98s
[326/770] round=5 address_encode yjson 6.13s
[327/770] round=5 address_encode stdx_json 2.13s
[328/770] round=5 address_encode cangjieJSON 2.92s
[329/770] round=5 address_encode json4cj 2.07s
[330/770] round=5 address_decode cjfast_json 2.11s
[331/770] round=5 address_decode jackson 3.98s
[332/770] round=5 address_decode fastjson2 3.98s
[333/770] round=5 address_decode yjson 7.66s
[334/770] round=5 address_decode stdx_json 2.72s
[335/770] round=5 address_decode cangjieJSON 3.37s
[336/770] round=5 address_decode json4cj 2.11s
[337/770] round=5 person_encode cjfast_json 2.36s
[338/770] round=5 person_encode jackson 3.99s
[339/770] round=5 person_encode fastjson2 3.96s
[340/770] round=5 person_encode yjson 12.74s
[341/770] round=5 person_encode stdx_json 3.41s
[342/770] round=5 person_encode cangjieJSON 3.00s
[343/770] round=5 person_encode json4cj 2.01s
[344/770] round=5 person_decode cjfast_json 2.87s
[345/770] round=5 person_decode jackson 3.95s
[346/770] round=5 person_decode fastjson2 3.99s
[347/770] round=5 person_decode yjson 5.44s
[348/770] round=5 person_decode stdx_json 3.92s
[349/770] round=5 person_decode cangjieJSON 3.50s
[350/770] round=5 person_decode json4cj 2.58s
[351/770] round=6 large_array_encode cjfast_json 2.32s
[352/770] round=6 large_array_encode json4cj 2.19s
[353/770] round=6 large_array_encode cangjieJSON 2.17s
[354/770] round=6 large_array_encode stdx_json 3.00s
[355/770] round=6 large_array_encode yjson 13.18s
[356/770] round=6 large_array_encode fastjson2 3.99s
[357/770] round=6 large_array_encode jackson 3.97s
[358/770] round=6 person_decode cjfast_json 2.80s
[359/770] round=6 person_decode json4cj 2.74s
[360/770] round=6 person_decode cangjieJSON 3.42s
[361/770] round=6 person_decode stdx_json 3.87s
[362/770] round=6 person_decode yjson 5.79s
[363/770] round=6 person_decode fastjson2 3.99s
[364/770] round=6 person_decode jackson 3.95s
[365/770] round=6 person_encode cjfast_json 2.34s
[366/770] round=6 person_encode json4cj 2.03s
[367/770] round=6 person_encode cangjieJSON 2.76s
[368/770] round=6 person_encode stdx_json 3.21s
[369/770] round=6 person_encode yjson 12.72s
[370/770] round=6 person_encode fastjson2 3.97s
[371/770] round=6 person_encode jackson 3.96s
[372/770] round=6 address_decode cjfast_json 2.14s
[373/770] round=6 address_decode json4cj 2.15s
[374/770] round=6 address_decode cangjieJSON 3.47s
[375/770] round=6 address_decode stdx_json 2.99s
[376/770] round=6 address_decode yjson 7.28s
[377/770] round=6 address_decode fastjson2 3.98s
[378/770] round=6 address_decode jackson 3.98s
[379/770] round=6 address_encode cjfast_json 2.20s
[380/770] round=6 address_encode json4cj 2.08s
[381/770] round=6 address_encode cangjieJSON 2.78s
[382/770] round=6 address_encode stdx_json 2.47s
[383/770] round=6 address_encode yjson 6.05s
[384/770] round=6 address_encode fastjson2 3.96s
[385/770] round=6 address_encode jackson 3.96s
[386/770] round=6 deep_nested_decode cjfast_json 2.56s
[387/770] round=6 deep_nested_decode json4cj 2.22s
[388/770] round=6 deep_nested_decode cangjieJSON 3.09s
[389/770] round=6 deep_nested_decode stdx_json 3.64s
[390/770] round=6 deep_nested_decode yjson 6.39s
[391/770] round=6 deep_nested_decode fastjson2 3.98s
[392/770] round=6 deep_nested_decode jackson 3.98s
[393/770] round=6 deep_nested_encode cjfast_json 2.50s
[394/770] round=6 deep_nested_encode json4cj 2.18s
[395/770] round=6 deep_nested_encode cangjieJSON 2.54s
[396/770] round=6 deep_nested_encode stdx_json 3.99s
[397/770] round=6 deep_nested_encode yjson 9.39s
[398/770] round=6 deep_nested_encode fastjson2 3.98s
[399/770] round=6 deep_nested_encode jackson 3.98s
[400/770] round=6 large_map_decode cjfast_json 2.85s
[401/770] round=6 large_map_decode json4cj 2.73s
[402/770] round=6 large_map_decode cangjieJSON 2.77s
[403/770] round=6 large_map_decode stdx_json 4.15s
[404/770] round=6 large_map_decode yjson 11.92s
[405/770] round=6 large_map_decode fastjson2 3.96s
[406/770] round=6 large_map_decode jackson 3.97s
[407/770] round=6 large_map_encode cjfast_json 2.89s
[408/770] round=6 large_map_encode json4cj 2.63s
[409/770] round=6 large_map_encode cangjieJSON 2.72s
[410/770] round=6 large_map_encode stdx_json 3.88s
[411/770] round=6 large_map_encode yjson 11.07s
[412/770] round=6 large_map_encode fastjson2 3.97s
[413/770] round=6 large_map_encode jackson 3.98s
[414/770] round=6 large_array_decode cjfast_json 2.01s
[415/770] round=6 large_array_decode json4cj 1.94s
[416/770] round=6 large_array_decode cangjieJSON 3.33s
[417/770] round=6 large_array_decode stdx_json 3.17s
[418/770] round=6 large_array_decode yjson 8.89s
[419/770] round=6 large_array_decode fastjson2 3.98s
[420/770] round=6 large_array_decode jackson 3.96s
[421/770] round=7 large_map_encode fastjson2 3.97s
[422/770] round=7 large_map_encode yjson 11.05s
[423/770] round=7 large_map_encode stdx_json 4.24s
[424/770] round=7 large_map_encode cangjieJSON 2.67s
[425/770] round=7 large_map_encode json4cj 2.18s
[426/770] round=7 large_map_encode cjfast_json 2.95s
[427/770] round=7 large_map_encode jackson 3.98s
[428/770] round=7 large_map_decode fastjson2 3.95s
[429/770] round=7 large_map_decode yjson 11.93s
[430/770] round=7 large_map_decode stdx_json 4.02s
[431/770] round=7 large_map_decode cangjieJSON 3.12s
[432/770] round=7 large_map_decode json4cj 2.64s
[433/770] round=7 large_map_decode cjfast_json 2.89s
[434/770] round=7 large_map_decode jackson 3.97s
[435/770] round=7 deep_nested_encode fastjson2 3.95s
[436/770] round=7 deep_nested_encode yjson 9.39s
[437/770] round=7 deep_nested_encode stdx_json 2.91s
[438/770] round=7 deep_nested_encode cangjieJSON 2.47s
[439/770] round=7 deep_nested_encode json4cj 2.27s
[440/770] round=7 deep_nested_encode cjfast_json 2.54s
[441/770] round=7 deep_nested_encode jackson 3.99s
[442/770] round=7 deep_nested_decode fastjson2 3.99s
[443/770] round=7 deep_nested_decode yjson 6.64s
[444/770] round=7 deep_nested_decode stdx_json 3.63s
[445/770] round=7 deep_nested_decode cangjieJSON 3.19s
[446/770] round=7 deep_nested_decode json4cj 2.16s
[447/770] round=7 deep_nested_decode cjfast_json 1.73s
[448/770] round=7 deep_nested_decode jackson 3.98s
[449/770] round=7 address_encode fastjson2 3.98s
[450/770] round=7 address_encode yjson 6.26s
[451/770] round=7 address_encode stdx_json 2.58s
[452/770] round=7 address_encode cangjieJSON 3.00s
[453/770] round=7 address_encode json4cj 1.98s
[454/770] round=7 address_encode cjfast_json 2.04s
[455/770] round=7 address_encode jackson 3.97s
[456/770] round=7 address_decode fastjson2 3.97s
[457/770] round=7 address_decode yjson 7.53s
[458/770] round=7 address_decode stdx_json 2.45s
[459/770] round=7 address_decode cangjieJSON 3.20s
[460/770] round=7 address_decode json4cj 2.24s
[461/770] round=7 address_decode cjfast_json 2.05s
[462/770] round=7 address_decode jackson 3.97s
[463/770] round=7 person_encode fastjson2 3.97s
[464/770] round=7 person_encode yjson 12.81s
[465/770] round=7 person_encode stdx_json 3.10s
[466/770] round=7 person_encode cangjieJSON 2.85s
[467/770] round=7 person_encode json4cj 2.06s
[468/770] round=7 person_encode cjfast_json 2.50s
[469/770] round=7 person_encode jackson 3.99s
[470/770] round=7 person_decode fastjson2 3.96s
[471/770] round=7 person_decode yjson 5.73s
[472/770] round=7 person_decode stdx_json 3.84s
[473/770] round=7 person_decode cangjieJSON 3.59s
[474/770] round=7 person_decode json4cj 2.55s
[475/770] round=7 person_decode cjfast_json 2.68s
[476/770] round=7 person_decode jackson 3.96s
[477/770] round=7 large_array_encode fastjson2 3.97s
[478/770] round=7 large_array_encode yjson 13.31s
[479/770] round=7 large_array_encode stdx_json 3.47s
[480/770] round=7 large_array_encode cangjieJSON 2.38s
[481/770] round=7 large_array_encode json4cj 2.19s
[482/770] round=7 large_array_encode cjfast_json 2.20s
[483/770] round=7 large_array_encode jackson 3.97s
[484/770] round=7 large_array_decode fastjson2 3.97s
[485/770] round=7 large_array_decode yjson 8.79s
[486/770] round=7 large_array_decode stdx_json 3.26s
[487/770] round=7 large_array_decode cangjieJSON 3.20s
[488/770] round=7 large_array_decode json4cj 2.00s
[489/770] round=7 large_array_decode cjfast_json 1.97s
[490/770] round=7 large_array_decode jackson 3.98s
[491/770] round=8 large_map_encode fastjson2 3.96s
[492/770] round=8 large_map_encode jackson 3.97s
[493/770] round=8 large_map_encode cjfast_json 2.72s
[494/770] round=8 large_map_encode json4cj 2.60s
[495/770] round=8 large_map_encode cangjieJSON 2.93s
[496/770] round=8 large_map_encode stdx_json 4.51s
[497/770] round=8 large_map_encode yjson 11.02s
[498/770] round=8 large_array_decode fastjson2 3.97s
[499/770] round=8 large_array_decode jackson 3.96s
[500/770] round=8 large_array_decode cjfast_json 2.05s
[501/770] round=8 large_array_decode json4cj 2.07s
[502/770] round=8 large_array_decode cangjieJSON 3.33s
[503/770] round=8 large_array_decode stdx_json 2.73s
[504/770] round=8 large_array_decode yjson 8.77s
[505/770] round=8 large_array_encode fastjson2 3.98s
[506/770] round=8 large_array_encode jackson 3.97s
[507/770] round=8 large_array_encode cjfast_json 2.30s
[508/770] round=8 large_array_encode json4cj 2.16s
[509/770] round=8 large_array_encode cangjieJSON 2.36s
[510/770] round=8 large_array_encode stdx_json 3.05s
[511/770] round=8 large_array_encode yjson 13.03s
[512/770] round=8 person_decode fastjson2 3.98s
[513/770] round=8 person_decode jackson 3.97s
[514/770] round=8 person_decode cjfast_json 2.76s
[515/770] round=8 person_decode json4cj 2.62s
[516/770] round=8 person_decode cangjieJSON 3.52s
[517/770] round=8 person_decode stdx_json 3.97s
[518/770] round=8 person_decode yjson 5.59s
[519/770] round=8 person_encode fastjson2 3.95s
[520/770] round=8 person_encode jackson 3.96s
[521/770] round=8 person_encode cjfast_json 2.39s
[522/770] round=8 person_encode json4cj 1.90s
[523/770] round=8 person_encode cangjieJSON 2.47s
[524/770] round=8 person_encode stdx_json 3.07s
[525/770] round=8 person_encode yjson 12.97s
[526/770] round=8 address_decode fastjson2 3.99s
[527/770] round=8 address_decode jackson 3.98s
[528/770] round=8 address_decode cjfast_json 2.13s
[529/770] round=8 address_decode json4cj 2.24s
[530/770] round=8 address_decode cangjieJSON 3.21s
[531/770] round=8 address_decode stdx_json 2.77s
[532/770] round=8 address_decode yjson 7.56s
[533/770] round=8 address_encode fastjson2 3.96s
[534/770] round=8 address_encode jackson 3.97s
[535/770] round=8 address_encode cjfast_json 2.18s
[536/770] round=8 address_encode json4cj 2.14s
[537/770] round=8 address_encode cangjieJSON 3.07s
[538/770] round=8 address_encode stdx_json 2.49s
[539/770] round=8 address_encode yjson 6.19s
[540/770] round=8 deep_nested_decode fastjson2 3.98s
[541/770] round=8 deep_nested_decode jackson 3.98s
[542/770] round=8 deep_nested_decode cjfast_json 2.58s
[543/770] round=8 deep_nested_decode json4cj 2.22s
[544/770] round=8 deep_nested_decode cangjieJSON 2.94s
[545/770] round=8 deep_nested_decode stdx_json 3.68s
[546/770] round=8 deep_nested_decode yjson 6.43s
[547/770] round=8 deep_nested_encode fastjson2 3.96s
[548/770] round=8 deep_nested_encode jackson 3.98s
[549/770] round=8 deep_nested_encode cjfast_json 2.51s
[550/770] round=8 deep_nested_encode json4cj 2.39s
[551/770] round=8 deep_nested_encode cangjieJSON 2.54s
[552/770] round=8 deep_nested_encode stdx_json 2.89s
[553/770] round=8 deep_nested_encode yjson 9.34s
[554/770] round=8 large_map_decode fastjson2 3.96s
[555/770] round=8 large_map_decode jackson 3.97s
[556/770] round=8 large_map_decode cjfast_json 2.93s
[557/770] round=8 large_map_decode json4cj 2.47s
[558/770] round=8 large_map_decode cangjieJSON 3.20s
[559/770] round=8 large_map_decode stdx_json 4.18s
[560/770] round=8 large_map_decode yjson 11.82s
[561/770] round=9 deep_nested_encode stdx_json 3.95s
[562/770] round=9 deep_nested_encode cangjieJSON 2.46s
[563/770] round=9 deep_nested_encode json4cj 2.31s
[564/770] round=9 deep_nested_encode cjfast_json 2.58s
[565/770] round=9 deep_nested_encode jackson 3.99s
[566/770] round=9 deep_nested_encode fastjson2 3.99s
[567/770] round=9 deep_nested_encode yjson 9.39s
[568/770] round=9 deep_nested_decode stdx_json 3.68s
[569/770] round=9 deep_nested_decode cangjieJSON 3.13s
[570/770] round=9 deep_nested_decode json4cj 2.23s
[571/770] round=9 deep_nested_decode cjfast_json 2.50s
[572/770] round=9 deep_nested_decode jackson 3.99s
[573/770] round=9 deep_nested_decode fastjson2 3.96s
[574/770] round=9 deep_nested_decode yjson 6.64s
[575/770] round=9 address_encode stdx_json 2.46s
[576/770] round=9 address_encode cangjieJSON 2.73s
[577/770] round=9 address_encode json4cj 2.06s
[578/770] round=9 address_encode cjfast_json 2.35s
[579/770] round=9 address_encode jackson 3.97s
[580/770] round=9 address_encode fastjson2 3.97s
[581/770] round=9 address_encode yjson 5.98s
[582/770] round=9 address_decode stdx_json 2.75s
[583/770] round=9 address_decode cangjieJSON 3.31s
[584/770] round=9 address_decode json4cj 2.12s
[585/770] round=9 address_decode cjfast_json 1.97s
[586/770] round=9 address_decode jackson 3.96s
[587/770] round=9 address_decode fastjson2 3.97s
[588/770] round=9 address_decode yjson 7.70s
[589/770] round=9 person_encode stdx_json 3.37s
[590/770] round=9 person_encode cangjieJSON 2.86s
[591/770] round=9 person_encode json4cj 1.83s
[592/770] round=9 person_encode cjfast_json 2.44s
[593/770] round=9 person_encode jackson 3.97s
[594/770] round=9 person_encode fastjson2 3.96s
[595/770] round=9 person_encode yjson 12.96s
[596/770] round=9 person_decode stdx_json 3.84s
[597/770] round=9 person_decode cangjieJSON 3.50s
[598/770] round=9 person_decode json4cj 2.55s
[599/770] round=9 person_decode cjfast_json 2.90s
[600/770] round=9 person_decode jackson 3.95s
[601/770] round=9 person_decode fastjson2 3.97s
[602/770] round=9 person_decode yjson 5.54s
[603/770] round=9 large_array_encode stdx_json 3.38s
[604/770] round=9 large_array_encode cangjieJSON 2.36s
[605/770] round=9 large_array_encode json4cj 2.14s
[606/770] round=9 large_array_encode cjfast_json 2.30s
[607/770] round=9 large_array_encode jackson 3.96s
[608/770] round=9 large_array_encode fastjson2 3.98s
[609/770] round=9 large_array_encode yjson 13.22s
[610/770] round=9 large_array_decode stdx_json 3.06s
[611/770] round=9 large_array_decode cangjieJSON 3.32s
[612/770] round=9 large_array_decode json4cj 1.91s
[613/770] round=9 large_array_decode cjfast_json 2.05s
[614/770] round=9 large_array_decode jackson 3.96s
[615/770] round=9 large_array_decode fastjson2 3.96s
[616/770] round=9 large_array_decode yjson 9.02s
[617/770] round=9 large_map_encode stdx_json 4.57s
[618/770] round=9 large_map_encode cangjieJSON 2.72s
[619/770] round=9 large_map_encode json4cj 2.64s
[620/770] round=9 large_map_encode cjfast_json 2.80s
[621/770] round=9 large_map_encode jackson 3.98s
[622/770] round=9 large_map_encode fastjson2 3.98s
[623/770] round=9 large_map_encode yjson 11.19s
[624/770] round=9 large_map_decode stdx_json 4.04s
[625/770] round=9 large_map_decode cangjieJSON 2.65s
[626/770] round=9 large_map_decode json4cj 2.68s
[627/770] round=9 large_map_decode cjfast_json 2.33s
[628/770] round=9 large_map_decode jackson 3.96s
[629/770] round=9 large_map_decode fastjson2 3.97s
[630/770] round=9 large_map_decode yjson 11.98s
[631/770] round=10 deep_nested_encode stdx_json 2.68s
[632/770] round=10 deep_nested_encode yjson 9.32s
[633/770] round=10 deep_nested_encode fastjson2 3.97s
[634/770] round=10 deep_nested_encode jackson 3.99s
[635/770] round=10 deep_nested_encode cjfast_json 2.47s
[636/770] round=10 deep_nested_encode json4cj 2.28s
[637/770] round=10 deep_nested_encode cangjieJSON 2.48s
[638/770] round=10 large_map_decode stdx_json 4.15s
[639/770] round=10 large_map_decode yjson 11.98s
[640/770] round=10 large_map_decode fastjson2 3.95s
[641/770] round=10 large_map_decode jackson 3.96s
[642/770] round=10 large_map_decode cjfast_json 2.83s
[643/770] round=10 large_map_decode json4cj 2.70s
[644/770] round=10 large_map_decode cangjieJSON 3.18s
[645/770] round=10 large_map_encode stdx_json 3.26s
[646/770] round=10 large_map_encode yjson 11.21s
[647/770] round=10 large_map_encode fastjson2 3.97s
[648/770] round=10 large_map_encode jackson 3.98s
[649/770] round=10 large_map_encode cjfast_json 3.01s
[650/770] round=10 large_map_encode json4cj 2.67s
[651/770] round=10 large_map_encode cangjieJSON 2.79s
[652/770] round=10 large_array_decode stdx_json 3.19s
[653/770] round=10 large_array_decode yjson 8.92s
[654/770] round=10 large_array_decode fastjson2 3.98s
[655/770] round=10 large_array_decode jackson 3.97s
[656/770] round=10 large_array_decode cjfast_json 2.07s
[657/770] round=10 large_array_decode json4cj 1.92s
[658/770] round=10 large_array_decode cangjieJSON 3.50s
[659/770] round=10 large_array_encode stdx_json 3.63s
[660/770] round=10 large_array_encode yjson 13.38s
[661/770] round=10 large_array_encode fastjson2 3.97s
[662/770] round=10 large_array_encode jackson 3.97s
[663/770] round=10 large_array_encode cjfast_json 2.23s
[664/770] round=10 large_array_encode json4cj 2.07s
[665/770] round=10 large_array_encode cangjieJSON 2.36s
[666/770] round=10 person_decode stdx_json 3.93s
[667/770] round=10 person_decode yjson 5.74s
[668/770] round=10 person_decode fastjson2 3.96s
[669/770] round=10 person_decode jackson 3.96s
[670/770] round=10 person_decode cjfast_json 2.88s
[671/770] round=10 person_decode json4cj 2.76s
[672/770] round=10 person_decode cangjieJSON 3.06s
[673/770] round=10 person_encode stdx_json 3.10s
[674/770] round=10 person_encode yjson 12.76s
[675/770] round=10 person_encode fastjson2 3.97s
[676/770] round=10 person_encode jackson 3.96s
[677/770] round=10 person_encode cjfast_json 2.38s
[678/770] round=10 person_encode json4cj 2.17s
[679/770] round=10 person_encode cangjieJSON 2.78s
[680/770] round=10 address_decode stdx_json 3.11s
[681/770] round=10 address_decode yjson 7.47s
[682/770] round=10 address_decode fastjson2 3.95s
[683/770] round=10 address_decode jackson 3.98s
[684/770] round=10 address_decode cjfast_json 1.99s
[685/770] round=10 address_decode json4cj 2.04s
[686/770] round=10 address_decode cangjieJSON 3.10s
[687/770] round=10 address_encode stdx_json 2.17s
[688/770] round=10 address_encode yjson 6.31s
[689/770] round=10 address_encode fastjson2 3.98s
[690/770] round=10 address_encode jackson 4.00s
[691/770] round=10 address_encode cjfast_json 2.05s
[692/770] round=10 address_encode json4cj 2.15s
[693/770] round=10 address_encode cangjieJSON 2.78s
[694/770] round=10 deep_nested_decode stdx_json 3.60s
[695/770] round=10 deep_nested_decode yjson 6.60s
[696/770] round=10 deep_nested_decode fastjson2 3.95s
[697/770] round=10 deep_nested_decode jackson 3.98s
[698/770] round=10 deep_nested_decode cjfast_json 2.61s
[699/770] round=10 deep_nested_decode json4cj 2.20s
[700/770] round=10 deep_nested_decode cangjieJSON 3.28s
[701/770] round=11 address_encode json4cj 2.13s
[702/770] round=11 address_encode cjfast_json 2.19s
[703/770] round=11 address_encode jackson 3.97s
[704/770] round=11 address_encode fastjson2 3.98s
[705/770] round=11 address_encode yjson 6.23s
[706/770] round=11 address_encode stdx_json 2.48s
[707/770] round=11 address_encode cangjieJSON 2.74s
[708/770] round=11 address_decode json4cj 2.26s
[709/770] round=11 address_decode cjfast_json 2.22s
[710/770] round=11 address_decode jackson 3.96s
[711/770] round=11 address_decode fastjson2 3.96s
[712/770] round=11 address_decode yjson 8.10s
[713/770] round=11 address_decode stdx_json 2.84s
[714/770] round=11 address_decode cangjieJSON 3.42s
[715/770] round=11 person_encode json4cj 1.95s
[716/770] round=11 person_encode cjfast_json 2.37s
[717/770] round=11 person_encode jackson 3.97s
[718/770] round=11 person_encode fastjson2 3.99s
[719/770] round=11 person_encode yjson 12.99s
[720/770] round=11 person_encode stdx_json 3.21s
[721/770] round=11 person_encode cangjieJSON 2.80s
[722/770] round=11 person_decode json4cj 2.60s
[723/770] round=11 person_decode cjfast_json 2.64s
[724/770] round=11 person_decode jackson 3.95s
[725/770] round=11 person_decode fastjson2 3.98s
[726/770] round=11 person_decode yjson 5.75s
[727/770] round=11 person_decode stdx_json 3.89s
[728/770] round=11 person_decode cangjieJSON 3.43s
[729/770] round=11 large_array_encode json4cj 2.17s
[730/770] round=11 large_array_encode cjfast_json 2.26s
[731/770] round=11 large_array_encode jackson 3.96s
[732/770] round=11 large_array_encode fastjson2 3.98s
[733/770] round=11 large_array_encode yjson 13.13s
[734/770] round=11 large_array_encode stdx_json 3.06s
[735/770] round=11 large_array_encode cangjieJSON 2.33s
[736/770] round=11 large_array_decode json4cj 1.98s
[737/770] round=11 large_array_decode cjfast_json 2.25s
[738/770] round=11 large_array_decode jackson 3.96s
[739/770] round=11 large_array_decode fastjson2 3.98s
[740/770] round=11 large_array_decode yjson 8.96s
[741/770] round=11 large_array_decode stdx_json 2.77s
[742/770] round=11 large_array_decode cangjieJSON 3.51s
[743/770] round=11 large_map_encode json4cj 2.49s
[744/770] round=11 large_map_encode cjfast_json 2.95s
[745/770] round=11 large_map_encode jackson 3.97s
[746/770] round=11 large_map_encode fastjson2 3.94s
[747/770] round=11 large_map_encode yjson 11.15s
[748/770] round=11 large_map_encode stdx_json 4.54s
[749/770] round=11 large_map_encode cangjieJSON 2.66s
[750/770] round=11 large_map_decode json4cj 2.68s
[751/770] round=11 large_map_decode cjfast_json 2.70s
[752/770] round=11 large_map_decode jackson 3.98s
[753/770] round=11 large_map_decode fastjson2 3.97s
[754/770] round=11 large_map_decode yjson 12.00s
[755/770] round=11 large_map_decode stdx_json 4.18s
[756/770] round=11 large_map_decode cangjieJSON 2.98s
[757/770] round=11 deep_nested_encode json4cj 2.45s
[758/770] round=11 deep_nested_encode cjfast_json 2.40s
[759/770] round=11 deep_nested_encode jackson 3.99s
[760/770] round=11 deep_nested_encode fastjson2 3.98s
[761/770] round=11 deep_nested_encode yjson 9.42s
[762/770] round=11 deep_nested_encode stdx_json 2.91s
[763/770] round=11 deep_nested_encode cangjieJSON 2.49s
[764/770] round=11 deep_nested_decode json4cj 2.19s
[765/770] round=11 deep_nested_decode cjfast_json 2.49s
[766/770] round=11 deep_nested_decode jackson 3.98s
[767/770] round=11 deep_nested_decode fastjson2 3.98s
[768/770] round=11 deep_nested_decode yjson 6.67s
[769/770] round=11 deep_nested_decode stdx_json 2.50s
[770/770] round=11 deep_nested_decode cangjieJSON 3.20s
