[1/770] round=1 address_encode yjson 5.86s
[2/770] round=1 address_encode stdx_json 2.47s
[3/770] round=1 address_encode cangjieJSON 2.58s
[4/770] round=1 address_encode json4cj 2.15s
[5/770] round=1 address_encode cjfast_json 1.86s
[6/770] round=1 address_encode jackson 3.86s
[7/770] round=1 address_encode fastjson2 3.86s
[8/770] round=1 address_decode yjson 7.35s
[9/770] round=1 address_decode stdx_json 1.90s
[10/770] round=1 address_decode cangjieJSON 3.05s
[11/770] round=1 address_decode json4cj 2.01s
[12/770] round=1 address_decode cjfast_json 1.91s
[13/770] round=1 address_decode jackson 3.84s
[14/770] round=1 address_decode fastjson2 3.84s
[15/770] round=1 person_encode yjson 12.71s
[16/770] round=1 person_encode stdx_json 2.93s
[17/770] round=1 person_encode cangjieJSON 2.64s
[18/770] round=1 person_encode json4cj 1.97s
[19/770] round=1 person_encode cjfast_json 2.33s
[20/770] round=1 person_encode jackson 3.85s
[21/770] round=1 person_encode fastjson2 3.87s
[22/770] round=1 person_decode yjson 5.11s
[23/770] round=1 person_decode stdx_json 3.01s
[24/770] round=1 person_decode cangjieJSON 3.35s
[25/770] round=1 person_decode json4cj 2.42s
[26/770] round=1 person_decode cjfast_json 2.66s
[27/770] round=1 person_decode jackson 3.85s
[28/770] round=1 person_decode fastjson2 3.83s
[29/770] round=1 large_array_encode yjson 12.61s
[30/770] round=1 large_array_encode stdx_json 2.50s
[31/770] round=1 large_array_encode cangjieJSON 2.27s
[32/770] round=1 large_array_encode json4cj 2.19s
[33/770] round=1 large_array_encode cjfast_json 2.18s
[34/770] round=1 large_array_encode jackson 3.84s
[35/770] round=1 large_array_encode fastjson2 3.85s
[36/770] round=1 large_array_decode yjson 8.40s
[37/770] round=1 large_array_decode stdx_json 1.99s
[38/770] round=1 large_array_decode cangjieJSON 3.15s
[39/770] round=1 large_array_decode json4cj 1.90s
[40/770] round=1 large_array_decode cjfast_json 1.93s
[41/770] round=1 large_array_decode jackson 3.86s
[42/770] round=1 large_array_decode fastjson2 3.85s
[43/770] round=1 large_map_encode yjson 10.86s
[44/770] round=1 large_map_encode stdx_json 3.64s
[45/770] round=1 large_map_encode cangjieJSON 2.48s
[46/770] round=1 large_map_encode json4cj 2.39s
[47/770] round=1 large_map_encode cjfast_json 2.68s
[48/770] round=1 large_map_encode jackson 3.82s
[49/770] round=1 large_map_encode fastjson2 3.86s
[50/770] round=1 large_map_decode yjson 10.67s
[51/770] round=1 large_map_decode stdx_json 3.33s
[52/770] round=1 large_map_decode cangjieJSON 2.85s
[53/770] round=1 large_map_decode json4cj 2.29s
[54/770] round=1 large_map_decode cjfast_json 2.79s
[55/770] round=1 large_map_decode jackson 3.85s
[56/770] round=1 large_map_decode fastjson2 3.85s
[57/770] round=1 deep_nested_encode yjson 8.66s
[58/770] round=1 deep_nested_encode stdx_json 3.57s
[59/770] round=1 deep_nested_encode cangjieJSON 2.23s
[60/770] round=1 deep_nested_encode json4cj 1.92s
[61/770] round=1 deep_nested_encode cjfast_json 2.33s
[62/770] round=1 deep_nested_encode jackson 3.86s
[63/770] round=1 deep_nested_encode fastjson2 3.84s
[64/770] round=1 deep_nested_decode yjson 6.17s
[65/770] round=1 deep_nested_decode stdx_json 2.84s
[66/770] round=1 deep_nested_decode cangjieJSON 2.92s
[67/770] round=1 deep_nested_decode json4cj 2.08s
[68/770] round=1 deep_nested_decode cjfast_json 2.64s
[69/770] round=1 deep_nested_decode jackson 3.84s
[70/770] round=1 deep_nested_decode fastjson2 3.86s
[71/770] round=2 address_encode yjson 5.88s
[72/770] round=2 address_encode fastjson2 3.83s
[73/770] round=2 address_encode jackson 3.87s
[74/770] round=2 address_encode cjfast_json 1.91s
[75/770] round=2 address_encode json4cj 1.84s
[76/770] round=2 address_encode cangjieJSON 2.54s
[77/770] round=2 address_encode stdx_json 2.17s
[78/770] round=2 deep_nested_decode yjson 6.16s
[79/770] round=2 deep_nested_decode fastjson2 3.86s
[80/770] round=2 deep_nested_decode jackson 3.86s
[81/770] round=2 deep_nested_decode cjfast_json 2.51s
[82/770] round=2 deep_nested_decode json4cj 2.35s
[83/770] round=2 deep_nested_decode cangjieJSON 3.12s
[84/770] round=2 deep_nested_decode stdx_json 2.74s
[85/770] round=2 deep_nested_encode yjson 8.93s
[86/770] round=2 deep_nested_encode fastjson2 3.85s
[87/770] round=2 deep_nested_encode jackson 3.87s
[88/770] round=2 deep_nested_encode cjfast_json 2.39s
[89/770] round=2 deep_nested_encode json4cj 2.32s
[90/770] round=2 deep_nested_encode cangjieJSON 2.20s
[91/770] round=2 deep_nested_encode stdx_json 2.94s
[92/770] round=2 large_map_decode yjson 10.60s
[93/770] round=2 large_map_decode fastjson2 3.83s
[94/770] round=2 large_map_decode jackson 3.88s
[95/770] round=2 large_map_decode cjfast_json 2.92s
[96/770] round=2 large_map_decode json4cj 2.50s
[97/770] round=2 large_map_decode cangjieJSON 3.15s
[98/770] round=2 large_map_decode stdx_json 3.07s
[99/770] round=2 large_map_encode yjson 10.82s
[100/770] round=2 large_map_encode fastjson2 3.84s
[101/770] round=2 large_map_encode jackson 3.87s
[102/770] round=2 large_map_encode cjfast_json 2.67s
[103/770] round=2 large_map_encode json4cj 2.55s
[104/770] round=2 large_map_encode cangjieJSON 2.52s
[105/770] round=2 large_map_encode stdx_json 3.48s
[106/770] round=2 large_array_decode yjson 8.44s
[107/770] round=2 large_array_decode fastjson2 3.85s
[108/770] round=2 large_array_decode jackson 3.84s
[109/770] round=2 large_array_decode cjfast_json 1.90s
[110/770] round=2 large_array_decode json4cj 1.88s
[111/770] round=2 large_array_decode cangjieJSON 2.83s
[112/770] round=2 large_array_decode stdx_json 2.19s
[113/770] round=2 large_array_encode yjson 12.37s
[114/770] round=2 large_array_encode fastjson2 3.85s
[115/770] round=2 large_array_encode jackson 3.85s
[116/770] round=2 large_array_encode cjfast_json 2.08s
[117/770] round=2 large_array_encode json4cj 2.12s
[118/770] round=2 large_array_encode cangjieJSON 2.19s
[119/770] round=2 large_array_encode stdx_json 2.80s
[120/770] round=2 person_decode yjson 5.42s
[121/770] round=2 person_decode fastjson2 3.85s
[122/770] round=2 person_decode jackson 3.87s
[123/770] round=2 person_decode cjfast_json 2.66s
[124/770] round=2 person_decode json4cj 2.40s
[125/770] round=2 person_decode cangjieJSON 3.21s
[126/770] round=2 person_decode stdx_json 3.17s
[127/770] round=2 person_encode yjson 12.82s
[128/770] round=2 person_encode fastjson2 3.85s
[129/770] round=2 person_encode jackson 3.86s
[130/770] round=2 person_encode cjfast_json 2.28s
[131/770] round=2 person_encode json4cj 2.12s
[132/770] round=2 person_encode cangjieJSON 2.65s
[133/770] round=2 person_encode stdx_json 2.57s
[134/770] round=2 address_decode yjson 7.27s
[135/770] round=2 address_decode fastjson2 3.84s
[136/770] round=2 address_decode jackson 3.88s
[137/770] round=2 address_decode cjfast_json 2.10s
[138/770] round=2 address_decode json4cj 2.10s
[139/770] round=2 address_decode cangjieJSON 3.02s
[140/770] round=2 address_decode stdx_json 2.05s
[141/770] round=3 person_encode cangjieJSON 2.58s
[142/770] round=3 person_encode json4cj 1.95s
[143/770] round=3 person_encode cjfast_json 2.22s
[144/770] round=3 person_encode jackson 3.91s
[145/770] round=3 person_encode fastjson2 3.85s
[146/770] round=3 person_encode yjson 13.12s
[147/770] round=3 person_encode stdx_json 2.52s
[148/770] round=3 person_decode cangjieJSON 3.37s
[149/770] round=3 person_decode json4cj 2.47s
[150/770] round=3 person_decode cjfast_json 2.52s
[151/770] round=3 person_decode jackson 3.83s
[152/770] round=3 person_decode fastjson2 3.81s
[153/770] round=3 person_decode yjson 5.39s
[154/770] round=3 person_decode stdx_json 3.08s
[155/770] round=3 large_array_encode cangjieJSON 2.21s
[156/770] round=3 large_array_encode json4cj 2.07s
[157/770] round=3 large_array_encode cjfast_json 2.10s
[158/770] round=3 large_array_encode jackson 3.85s
[159/770] round=3 large_array_encode fastjson2 3.86s
[160/770] round=3 large_array_encode yjson 12.55s
[161/770] round=3 large_array_encode stdx_json 2.62s
[162/770] round=3 large_array_decode cangjieJSON 3.13s
[163/770] round=3 large_array_decode json4cj 1.80s
[164/770] round=3 large_array_decode cjfast_json 1.92s
[165/770] round=3 large_array_decode jackson 3.84s
[166/770] round=3 large_array_decode fastjson2 3.89s
[167/770] round=3 large_array_decode yjson 8.46s
[168/770] round=3 large_array_decode stdx_json 2.63s
[169/770] round=3 large_map_encode cangjieJSON 2.16s
[170/770] round=3 large_map_encode json4cj 2.64s
[171/770] round=3 large_map_encode cjfast_json 2.69s
[172/770] round=3 large_map_encode jackson 3.88s
[173/770] round=3 large_map_encode fastjson2 3.82s
[174/770] round=3 large_map_encode yjson 10.72s
[175/770] round=3 large_map_encode stdx_json 3.39s
[176/770] round=3 large_map_decode cangjieJSON 2.74s
[177/770] round=3 large_map_decode json4cj 2.52s
[178/770] round=3 large_map_decode cjfast_json 2.66s
[179/770] round=3 large_map_decode jackson 3.89s
[180/770] round=3 large_map_decode fastjson2 3.82s
[181/770] round=3 large_map_decode yjson 10.61s
[182/770] round=3 large_map_decode stdx_json 2.42s
[183/770] round=3 deep_nested_encode cangjieJSON 2.26s
[184/770] round=3 deep_nested_encode json4cj 2.41s
[185/770] round=3 deep_nested_encode cjfast_json 2.44s
[186/770] round=3 deep_nested_encode jackson 3.88s
[187/770] round=3 deep_nested_encode fastjson2 3.86s
[188/770] round=3 deep_nested_encode yjson 8.78s
[189/770] round=3 deep_nested_encode stdx_json 3.03s
[190/770] round=3 deep_nested_decode cangjieJSON 2.94s
[191/770] round=3 deep_nested_decode json4cj 2.15s
[192/770] round=3 deep_nested_decode cjfast_json 2.45s
[193/770] round=3 deep_nested_decode jackson 3.86s
[194/770] round=3 deep_nested_decode fastjson2 3.86s
[195/770] round=3 deep_nested_decode yjson 6.17s
[196/770] round=3 deep_nested_decode stdx_json 2.81s
[197/770] round=3 address_encode cangjieJSON 2.74s
[198/770] round=3 address_encode json4cj 2.05s
[199/770] round=3 address_encode cjfast_json 2.03s
[200/770] round=3 address_encode jackson 3.86s
[201/770] round=3 address_encode fastjson2 3.85s
[202/770] round=3 address_encode yjson 5.85s
[203/770] round=3 address_encode stdx_json 2.48s
[204/770] round=3 address_decode cangjieJSON 3.17s
[205/770] round=3 address_decode json4cj 2.01s
[206/770] round=3 address_decode cjfast_json 1.93s
[207/770] round=3 address_decode jackson 3.86s
[208/770] round=3 address_decode fastjson2 3.85s
[209/770] round=3 address_decode yjson 7.22s
[210/770] round=3 address_decode stdx_json 1.94s
[211/770] round=4 person_encode cangjieJSON 2.22s
[212/770] round=4 person_encode stdx_json 2.71s
[213/770] round=4 person_encode yjson 13.07s
[214/770] round=4 person_encode fastjson2 3.88s
[215/770] round=4 person_encode jackson 3.87s
[216/770] round=4 person_encode cjfast_json 2.26s
[217/770] round=4 person_encode json4cj 2.09s
[218/770] round=4 address_decode cangjieJSON 3.11s
[219/770] round=4 address_decode stdx_json 1.89s
[220/770] round=4 address_decode yjson 7.42s
[221/770] round=4 address_decode fastjson2 3.83s
[222/770] round=4 address_decode jackson 3.85s
[223/770] round=4 address_decode cjfast_json 1.95s
[224/770] round=4 address_decode json4cj 1.99s
[225/770] round=4 address_encode cangjieJSON 2.57s
[226/770] round=4 address_encode stdx_json 2.13s
[227/770] round=4 address_encode yjson 6.14s
[228/770] round=4 address_encode fastjson2 3.85s
[229/770] round=4 address_encode jackson 3.88s
[230/770] round=4 address_encode cjfast_json 1.77s
[231/770] round=4 address_encode json4cj 1.83s
[232/770] round=4 deep_nested_decode cangjieJSON 2.99s
[233/770] round=4 deep_nested_decode stdx_json 2.93s
[234/770] round=4 deep_nested_decode yjson 6.11s
[235/770] round=4 deep_nested_decode fastjson2 3.83s
[236/770] round=4 deep_nested_decode jackson 3.86s
[237/770] round=4 deep_nested_decode cjfast_json 2.42s
[238/770] round=4 deep_nested_decode json4cj 1.79s
[239/770] round=4 deep_nested_encode cangjieJSON 2.26s
[240/770] round=4 deep_nested_encode stdx_json 3.29s
[241/770] round=4 deep_nested_encode yjson 8.79s
[242/770] round=4 deep_nested_encode fastjson2 3.86s
[243/770] round=4 deep_nested_encode jackson 3.87s
[244/770] round=4 deep_nested_encode cjfast_json 2.41s
[245/770] round=4 deep_nested_encode json4cj 2.35s
[246/770] round=4 large_map_decode cangjieJSON 2.76s
[247/770] round=4 large_map_decode stdx_json 3.41s
[248/770] round=4 large_map_decode yjson 10.54s
[249/770] round=4 large_map_decode fastjson2 3.85s
[250/770] round=4 large_map_decode jackson 3.84s
[251/770] round=4 large_map_decode cjfast_json 2.70s
[252/770] round=4 large_map_decode json4cj 2.16s
[253/770] round=4 large_map_encode cangjieJSON 2.59s
[254/770] round=4 large_map_encode stdx_json 3.68s
[255/770] round=4 large_map_encode yjson 10.74s
[256/770] round=4 large_map_encode fastjson2 3.87s
[257/770] round=4 large_map_encode jackson 3.87s
[258/770] round=4 large_map_encode cjfast_json 2.66s
[259/770] round=4 large_map_encode json4cj 2.82s
[260/770] round=4 large_array_decode cangjieJSON 3.06s
[261/770] round=4 large_array_decode stdx_json 2.15s
[262/770] round=4 large_array_decode yjson 8.50s
[263/770] round=4 large_array_decode fastjson2 3.89s
[264/770] round=4 large_array_decode jackson 3.87s
[265/770] round=4 large_array_decode cjfast_json 1.87s
[266/770] round=4 large_array_decode json4cj 1.88s
[267/770] round=4 large_array_encode cangjieJSON 2.19s
[268/770] round=4 large_array_encode stdx_json 2.56s
[269/770] round=4 large_array_encode yjson 12.52s
[270/770] round=4 large_array_encode fastjson2 3.85s
[271/770] round=4 large_array_encode jackson 3.86s
[272/770] round=4 large_array_encode cjfast_json 2.07s
[273/770] round=4 large_array_encode json4cj 2.11s
[274/770] round=4 person_decode cangjieJSON 3.13s
[275/770] round=4 person_decode stdx_json 3.11s
[276/770] round=4 person_decode yjson 5.31s
[277/770] round=4 person_decode fastjson2 3.88s
[278/770] round=4 person_decode jackson 3.85s
[279/770] round=4 person_decode cjfast_json 2.80s
[280/770] round=4 person_decode json4cj 2.65s
[281/770] round=5 large_array_encode cjfast_json 2.17s
[282/770] round=5 large_array_encode jackson 3.87s
[283/770] round=5 large_array_encode fastjson2 3.86s
[284/770] round=5 large_array_encode yjson 12.51s
[285/770] round=5 large_array_encode stdx_json 2.33s
[286/770] round=5 large_array_encode cangjieJSON 2.16s
[287/770] round=5 large_array_encode json4cj 2.09s
[288/770] round=5 large_array_decode cjfast_json 2.15s
[289/770] round=5 large_array_decode jackson 3.86s
[290/770] round=5 large_array_decode fastjson2 3.86s
[291/770] round=5 large_array_decode yjson 8.39s
[292/770] round=5 large_array_decode stdx_json 2.16s
[293/770] round=5 large_array_decode cangjieJSON 3.07s
[294/770] round=5 large_array_decode json4cj 1.92s
[295/770] round=5 large_map_encode cjfast_json 2.76s
[296/770] round=5 large_map_encode jackson 3.86s
[297/770] round=5 large_map_encode fastjson2 3.82s
[298/770] round=5 large_map_encode yjson 10.82s
[299/770] round=5 large_map_encode stdx_json 4.07s
[300/770] round=5 large_map_encode cangjieJSON 2.47s
[301/770] round=5 large_map_encode json4cj 2.56s
[302/770] round=5 large_map_decode cjfast_json 2.88s
[303/770] round=5 large_map_decode jackson 3.87s
[304/770] round=5 large_map_decode fastjson2 3.80s
[305/770] round=5 large_map_decode yjson 10.67s
[306/770] round=5 large_map_decode stdx_json 3.07s
[307/770] round=5 large_map_decode cangjieJSON 2.88s
[308/770] round=5 large_map_decode json4cj 2.26s
[309/770] round=5 deep_nested_encode cjfast_json 2.39s
[310/770] round=5 deep_nested_encode jackson 3.87s
[311/770] round=5 deep_nested_encode fastjson2 3.82s
[312/770] round=5 deep_nested_encode yjson 8.76s
[313/770] round=5 deep_nested_encode stdx_json 3.34s
[314/770] round=5 deep_nested_encode cangjieJSON 2.20s
[315/770] round=5 deep_nested_encode json4cj 2.27s
[316/770] round=5 deep_nested_decode cjfast_json 2.41s
[317/770] round=5 deep_nested_decode jackson 3.85s
[318/770] round=5 deep_nested_decode fastjson2 3.84s
[319/770] round=5 deep_nested_decode yjson 6.27s
[320/770] round=5 deep_nested_decode stdx_json 2.55s
[321/770] round=5 deep_nested_decode cangjieJSON 3.12s
[322/770] round=5 deep_nested_decode json4cj 2.13s
[323/770] round=5 address_encode cjfast_json 1.84s
[324/770] round=5 address_encode jackson 3.89s
[325/770] round=5 address_encode fastjson2 3.86s
[326/770] round=5 address_encode yjson 5.78s
[327/770] round=5 address_encode stdx_json 2.12s
[328/770] round=5 address_encode cangjieJSON 2.60s
[329/770] round=5 address_encode json4cj 1.85s
[330/770] round=5 address_decode cjfast_json 2.17s
[331/770] round=5 address_decode jackson 3.83s
[332/770] round=5 address_decode fastjson2 3.86s
[333/770] round=5 address_decode yjson 7.22s
[334/770] round=5 address_decode stdx_json 1.99s
[335/770] round=5 address_decode cangjieJSON 3.35s
[336/770] round=5 address_decode json4cj 2.12s
[337/770] round=5 person_encode cjfast_json 2.50s
[338/770] round=5 person_encode jackson 3.85s
[339/770] round=5 person_encode fastjson2 3.89s
[340/770] round=5 person_encode yjson 12.95s
[341/770] round=5 person_encode stdx_json 2.55s
[342/770] round=5 person_encode cangjieJSON 2.71s
[343/770] round=5 person_encode json4cj 1.91s
[344/770] round=5 person_decode cjfast_json 2.59s
[345/770] round=5 person_decode jackson 3.87s
[346/770] round=5 person_decode fastjson2 3.85s
[347/770] round=5 person_decode yjson 5.24s
[348/770] round=5 person_decode stdx_json 3.07s
[349/770] round=5 person_decode cangjieJSON 3.09s
[350/770] round=5 person_decode json4cj 2.62s
[351/770] round=6 large_array_encode cjfast_json 2.28s
[352/770] round=6 large_array_encode json4cj 2.07s
[353/770] round=6 large_array_encode cangjieJSON 2.16s
[354/770] round=6 large_array_encode stdx_json 2.41s
[355/770] round=6 large_array_encode yjson 12.46s
[356/770] round=6 large_array_encode fastjson2 3.85s
[357/770] round=6 large_array_encode jackson 3.84s
[358/770] round=6 person_decode cjfast_json 2.59s
[359/770] round=6 person_decode json4cj 2.48s
[360/770] round=6 person_decode cangjieJSON 3.35s
[361/770] round=6 person_decode stdx_json 3.01s
[362/770] round=6 person_decode yjson 5.39s
[363/770] round=6 person_decode fastjson2 3.87s
[364/770] round=6 person_decode jackson 3.85s
[365/770] round=6 person_encode cjfast_json 2.33s
[366/770] round=6 person_encode json4cj 1.90s
[367/770] round=6 person_encode cangjieJSON 2.74s
[368/770] round=6 person_encode stdx_json 2.81s
[369/770] round=6 person_encode yjson 12.74s
[370/770] round=6 person_encode fastjson2 3.84s
[371/770] round=6 person_encode jackson 3.86s
[372/770] round=6 address_decode cjfast_json 1.96s
[373/770] round=6 address_decode json4cj 2.06s
[374/770] round=6 address_decode cangjieJSON 3.00s
[375/770] round=6 address_decode stdx_json 1.97s
[376/770] round=6 address_decode yjson 7.35s
[377/770] round=6 address_decode fastjson2 3.84s
[378/770] round=6 address_decode jackson 3.84s
[379/770] round=6 address_encode cjfast_json 1.88s
[380/770] round=6 address_encode json4cj 2.10s
[381/770] round=6 address_encode cangjieJSON 2.87s
[382/770] round=6 address_encode stdx_json 1.99s
[383/770] round=6 address_encode yjson 5.76s
[384/770] round=6 address_encode fastjson2 3.83s
[385/770] round=6 address_encode jackson 3.87s
[386/770] round=6 deep_nested_decode cjfast_json 2.53s
[387/770] round=6 deep_nested_decode json4cj 1.98s
[388/770] round=6 deep_nested_decode cangjieJSON 2.94s
[389/770] round=6 deep_nested_decode stdx_json 2.56s
[390/770] round=6 deep_nested_decode yjson 6.29s
[391/770] round=6 deep_nested_decode fastjson2 3.86s
[392/770] round=6 deep_nested_decode jackson 3.88s
[393/770] round=6 deep_nested_encode cjfast_json 2.37s
[394/770] round=6 deep_nested_encode json4cj 2.30s
[395/770] round=6 deep_nested_encode cangjieJSON 2.31s
[396/770] round=6 deep_nested_encode stdx_json 3.27s
[397/770] round=6 deep_nested_encode yjson 8.76s
[398/770] round=6 deep_nested_encode fastjson2 3.87s
[399/770] round=6 deep_nested_encode jackson 3.89s
[400/770] round=6 large_map_decode cjfast_json 2.90s
[401/770] round=6 large_map_decode json4cj 2.54s
[402/770] round=6 large_map_decode cangjieJSON 2.59s
[403/770] round=6 large_map_decode stdx_json 2.98s
[404/770] round=6 large_map_decode yjson 10.45s
[405/770] round=6 large_map_decode fastjson2 3.82s
[406/770] round=6 large_map_decode jackson 3.87s
[407/770] round=6 large_map_encode cjfast_json 2.65s
[408/770] round=6 large_map_encode json4cj 2.52s
[409/770] round=6 large_map_encode cangjieJSON 2.69s
[410/770] round=6 large_map_encode stdx_json 3.69s
[411/770] round=6 large_map_encode yjson 10.81s
[412/770] round=6 large_map_encode fastjson2 3.88s
[413/770] round=6 large_map_encode jackson 3.85s
[414/770] round=6 large_array_decode cjfast_json 1.90s
[415/770] round=6 large_array_decode json4cj 1.79s
[416/770] round=6 large_array_decode cangjieJSON 2.91s
[417/770] round=6 large_array_decode stdx_json 2.37s
[418/770] round=6 large_array_decode yjson 8.47s
[419/770] round=6 large_array_decode fastjson2 3.85s
[420/770] round=6 large_array_decode jackson 3.84s
[421/770] round=7 large_map_encode fastjson2 3.86s
[422/770] round=7 large_map_encode yjson 10.95s
[423/770] round=7 large_map_encode stdx_json 3.77s
[424/770] round=7 large_map_encode cangjieJSON 2.46s
[425/770] round=7 large_map_encode json4cj 2.47s
[426/770] round=7 large_map_encode cjfast_json 2.44s
[427/770] round=7 large_map_encode jackson 3.87s
[428/770] round=7 large_map_decode fastjson2 3.83s
[429/770] round=7 large_map_decode yjson 10.53s
[430/770] round=7 large_map_decode stdx_json 3.10s
[431/770] round=7 large_map_decode cangjieJSON 2.49s
[432/770] round=7 large_map_decode json4cj 2.21s
[433/770] round=7 large_map_decode cjfast_json 2.74s
[434/770] round=7 large_map_decode jackson 3.84s
[435/770] round=7 deep_nested_encode fastjson2 3.82s
[436/770] round=7 deep_nested_encode yjson 8.79s
[437/770] round=7 deep_nested_encode stdx_json 3.34s
[438/770] round=7 deep_nested_encode cangjieJSON 2.21s
[439/770] round=7 deep_nested_encode json4cj 2.16s
[440/770] round=7 deep_nested_encode cjfast_json 2.38s
[441/770] round=7 deep_nested_encode jackson 3.87s
[442/770] round=7 deep_nested_decode fastjson2 3.85s
[443/770] round=7 deep_nested_decode yjson 6.14s
[444/770] round=7 deep_nested_decode stdx_json 2.90s
[445/770] round=7 deep_nested_decode cangjieJSON 3.10s
[446/770] round=7 deep_nested_decode json4cj 2.09s
[447/770] round=7 deep_nested_decode cjfast_json 2.56s
[448/770] round=7 deep_nested_decode jackson 3.84s
[449/770] round=7 address_encode fastjson2 3.86s
[450/770] round=7 address_encode yjson 5.92s
[451/770] round=7 address_encode stdx_json 2.35s
[452/770] round=7 address_encode cangjieJSON 2.47s
[453/770] round=7 address_encode json4cj 1.79s
[454/770] round=7 address_encode cjfast_json 1.88s
[455/770] round=7 address_encode jackson 3.87s
[456/770] round=7 address_decode fastjson2 3.84s
[457/770] round=7 address_decode yjson 7.22s
[458/770] round=7 address_decode stdx_json 1.90s
[459/770] round=7 address_decode cangjieJSON 3.20s
[460/770] round=7 address_decode json4cj 2.03s
[461/770] round=7 address_decode cjfast_json 1.91s
[462/770] round=7 address_decode jackson 3.86s
[463/770] round=7 person_encode fastjson2 3.86s
[464/770] round=7 person_encode yjson 12.98s
[465/770] round=7 person_encode stdx_json 2.92s
[466/770] round=7 person_encode cangjieJSON 2.79s
[467/770] round=7 person_encode json4cj 1.96s
[468/770] round=7 person_encode cjfast_json 2.31s
[469/770] round=7 person_encode jackson 3.86s
[470/770] round=7 person_decode fastjson2 3.87s
[471/770] round=7 person_decode yjson 5.34s
[472/770] round=7 person_decode stdx_json 2.74s
[473/770] round=7 person_decode cangjieJSON 3.47s
[474/770] round=7 person_decode json4cj 2.56s
[475/770] round=7 person_decode cjfast_json 2.56s
[476/770] round=7 person_decode jackson 3.87s
[477/770] round=7 large_array_encode fastjson2 3.87s
[478/770] round=7 large_array_encode yjson 12.56s
[479/770] round=7 large_array_encode stdx_json 2.61s
[480/770] round=7 large_array_encode cangjieJSON 2.19s
[481/770] round=7 large_array_encode json4cj 2.12s
[482/770] round=7 large_array_encode cjfast_json 2.14s
[483/770] round=7 large_array_encode jackson 3.85s
[484/770] round=7 large_array_decode fastjson2 3.88s
[485/770] round=7 large_array_decode yjson 8.47s
[486/770] round=7 large_array_decode stdx_json 2.16s
[487/770] round=7 large_array_decode cangjieJSON 2.84s
[488/770] round=7 large_array_decode json4cj 1.72s
[489/770] round=7 large_array_decode cjfast_json 1.97s
[490/770] round=7 large_array_decode jackson 3.86s
[491/770] round=8 large_map_encode fastjson2 3.84s
[492/770] round=8 large_map_encode jackson 3.88s
[493/770] round=8 large_map_encode cjfast_json 2.69s
[494/770] round=8 large_map_encode json4cj 2.65s
[495/770] round=8 large_map_encode cangjieJSON 2.50s
[496/770] round=8 large_map_encode stdx_json 3.83s
[497/770] round=8 large_map_encode yjson 10.86s
[498/770] round=8 large_array_decode fastjson2 3.84s
[499/770] round=8 large_array_decode jackson 3.84s
[500/770] round=8 large_array_decode cjfast_json 1.94s
[501/770] round=8 large_array_decode json4cj 1.77s
[502/770] round=8 large_array_decode cangjieJSON 3.07s
[503/770] round=8 large_array_decode stdx_json 2.43s
[504/770] round=8 large_array_decode yjson 8.44s
[505/770] round=8 large_array_encode fastjson2 3.87s
[506/770] round=8 large_array_encode jackson 3.85s
[507/770] round=8 large_array_encode cjfast_json 2.22s
[508/770] round=8 large_array_encode json4cj 1.94s
[509/770] round=8 large_array_encode cangjieJSON 2.30s
[510/770] round=8 large_array_encode stdx_json 2.71s
[511/770] round=8 large_array_encode yjson 12.51s
[512/770] round=8 person_decode fastjson2 3.87s
[513/770] round=8 person_decode jackson 3.85s
[514/770] round=8 person_decode cjfast_json 2.60s
[515/770] round=8 person_decode json4cj 2.48s
[516/770] round=8 person_decode cangjieJSON 3.13s
[517/770] round=8 person_decode stdx_json 3.13s
[518/770] round=8 person_decode yjson 5.24s
[519/770] round=8 person_encode fastjson2 3.88s
[520/770] round=8 person_encode jackson 3.86s
[521/770] round=8 person_encode cjfast_json 2.45s
[522/770] round=8 person_encode json4cj 1.86s
[523/770] round=8 person_encode cangjieJSON 2.57s
[524/770] round=8 person_encode stdx_json 2.59s
[525/770] round=8 person_encode yjson 12.87s
[526/770] round=8 address_decode fastjson2 3.84s
[527/770] round=8 address_decode jackson 3.83s
[528/770] round=8 address_decode cjfast_json 2.01s
[529/770] round=8 address_decode json4cj 2.05s
[530/770] round=8 address_decode cangjieJSON 2.99s
[531/770] round=8 address_decode stdx_json 1.95s
[532/770] round=8 address_decode yjson 7.31s
[533/770] round=8 address_encode fastjson2 3.86s
[534/770] round=8 address_encode jackson 3.86s
[535/770] round=8 address_encode cjfast_json 2.13s
[536/770] round=8 address_encode json4cj 1.80s
[537/770] round=8 address_encode cangjieJSON 2.70s
[538/770] round=8 address_encode stdx_json 2.01s
[539/770] round=8 address_encode yjson 5.77s
[540/770] round=8 deep_nested_decode fastjson2 3.86s
[541/770] round=8 deep_nested_decode jackson 3.83s
[542/770] round=8 deep_nested_decode cjfast_json 2.09s
[543/770] round=8 deep_nested_decode json4cj 2.10s
[544/770] round=8 deep_nested_decode cangjieJSON 3.04s
[545/770] round=8 deep_nested_decode stdx_json 2.79s
[546/770] round=8 deep_nested_decode yjson 6.13s
[547/770] round=8 deep_nested_encode fastjson2 3.88s
[548/770] round=8 deep_nested_encode jackson 3.86s
[549/770] round=8 deep_nested_encode cjfast_json 2.42s
[550/770] round=8 deep_nested_encode json4cj 2.31s
[551/770] round=8 deep_nested_encode cangjieJSON 2.24s
[552/770] round=8 deep_nested_encode stdx_json 2.90s
[553/770] round=8 deep_nested_encode yjson 8.71s
[554/770] round=8 large_map_decode fastjson2 3.83s
[555/770] round=8 large_map_decode jackson 3.84s
[556/770] round=8 large_map_decode cjfast_json 2.75s
[557/770] round=8 large_map_decode json4cj 2.61s
[558/770] round=8 large_map_decode cangjieJSON 2.59s
[559/770] round=8 large_map_decode stdx_json 2.82s
[560/770] round=8 large_map_decode yjson 10.58s
[561/770] round=9 deep_nested_encode stdx_json 2.50s
[562/770] round=9 deep_nested_encode cangjieJSON 2.27s
[563/770] round=9 deep_nested_encode json4cj 2.29s
[564/770] round=9 deep_nested_encode cjfast_json 2.40s
[565/770] round=9 deep_nested_encode jackson 3.84s
[566/770] round=9 deep_nested_encode fastjson2 3.83s
[567/770] round=9 deep_nested_encode yjson 8.73s
[568/770] round=9 deep_nested_decode stdx_json 2.37s
[569/770] round=9 deep_nested_decode cangjieJSON 3.17s
[570/770] round=9 deep_nested_decode json4cj 2.03s
[571/770] round=9 deep_nested_decode cjfast_json 2.46s
[572/770] round=9 deep_nested_decode jackson 3.86s
[573/770] round=9 deep_nested_decode fastjson2 3.88s
[574/770] round=9 deep_nested_decode yjson 6.19s
[575/770] round=9 address_encode stdx_json 2.11s
[576/770] round=9 address_encode cangjieJSON 2.66s
[577/770] round=9 address_encode json4cj 1.84s
[578/770] round=9 address_encode cjfast_json 1.78s
[579/770] round=9 address_encode jackson 3.85s
[580/770] round=9 address_encode fastjson2 3.85s
[581/770] round=9 address_encode yjson 5.85s
[582/770] round=9 address_decode stdx_json 1.90s
[583/770] round=9 address_decode cangjieJSON 3.04s
[584/770] round=9 address_decode json4cj 2.05s
[585/770] round=9 address_decode cjfast_json 2.11s
[586/770] round=9 address_decode jackson 3.85s
[587/770] round=9 address_decode fastjson2 3.84s
[588/770] round=9 address_decode yjson 7.31s
[589/770] round=9 person_encode stdx_json 2.58s
[590/770] round=9 person_encode cangjieJSON 2.56s
[591/770] round=9 person_encode json4cj 1.93s
[592/770] round=9 person_encode cjfast_json 2.37s
[593/770] round=9 person_encode jackson 3.88s
[594/770] round=9 person_encode fastjson2 3.85s
[595/770] round=9 person_encode yjson 12.96s
[596/770] round=9 person_decode stdx_json 3.07s
[597/770] round=9 person_decode cangjieJSON 2.91s
[598/770] round=9 person_decode json4cj 2.44s
[599/770] round=9 person_decode cjfast_json 2.50s
[600/770] round=9 person_decode jackson 3.83s
[601/770] round=9 person_decode fastjson2 3.83s
[602/770] round=9 person_decode yjson 5.44s
[603/770] round=9 large_array_encode stdx_json 2.50s
[604/770] round=9 large_array_encode cangjieJSON 2.18s
[605/770] round=9 large_array_encode json4cj 2.03s
[606/770] round=9 large_array_encode cjfast_json 2.15s
[607/770] round=9 large_array_encode jackson 3.84s
[608/770] round=9 large_array_encode fastjson2 3.85s
[609/770] round=9 large_array_encode yjson 12.54s
[610/770] round=9 large_array_decode stdx_json 2.45s
[611/770] round=9 large_array_decode cangjieJSON 3.01s
[612/770] round=9 large_array_decode json4cj 1.81s
[613/770] round=9 large_array_decode cjfast_json 1.90s
[614/770] round=9 large_array_decode jackson 3.85s
[615/770] round=9 large_array_decode fastjson2 3.85s
[616/770] round=9 large_array_decode yjson 8.56s
[617/770] round=9 large_map_encode stdx_json 3.76s
[618/770] round=9 large_map_encode cangjieJSON 2.52s
[619/770] round=9 large_map_encode json4cj 2.53s
[620/770] round=9 large_map_encode cjfast_json 2.52s
[621/770] round=9 large_map_encode jackson 3.85s
[622/770] round=9 large_map_encode fastjson2 3.84s
[623/770] round=9 large_map_encode yjson 10.87s
[624/770] round=9 large_map_decode stdx_json 3.24s
[625/770] round=9 large_map_decode cangjieJSON 2.94s
[626/770] round=9 large_map_decode json4cj 2.52s
[627/770] round=9 large_map_decode cjfast_json 2.87s
[628/770] round=9 large_map_decode jackson 3.86s
[629/770] round=9 large_map_decode fastjson2 3.84s
[630/770] round=9 large_map_decode yjson 10.53s
[631/770] round=10 deep_nested_encode stdx_json 2.89s
[632/770] round=10 deep_nested_encode yjson 8.74s
[633/770] round=10 deep_nested_encode fastjson2 3.84s
[634/770] round=10 deep_nested_encode jackson 3.86s
[635/770] round=10 deep_nested_encode cjfast_json 2.04s
[636/770] round=10 deep_nested_encode json4cj 2.36s
[637/770] round=10 deep_nested_encode cangjieJSON 2.23s
[638/770] round=10 large_map_decode stdx_json 3.52s
[639/770] round=10 large_map_decode yjson 10.59s
[640/770] round=10 large_map_decode fastjson2 3.83s
[641/770] round=10 large_map_decode jackson 3.86s
[642/770] round=10 large_map_decode cjfast_json 2.76s
[643/770] round=10 large_map_decode json4cj 2.32s
[644/770] round=10 large_map_decode cangjieJSON 2.75s
[645/770] round=10 large_map_encode stdx_json 2.91s
[646/770] round=10 large_map_encode yjson 10.73s
[647/770] round=10 large_map_encode fastjson2 3.86s
[648/770] round=10 large_map_encode jackson 3.86s
[649/770] round=10 large_map_encode cjfast_json 2.74s
[650/770] round=10 large_map_encode json4cj 2.80s
[651/770] round=10 large_map_encode cangjieJSON 2.22s
[652/770] round=10 large_array_decode stdx_json 2.12s
[653/770] round=10 large_array_decode yjson 8.48s
[654/770] round=10 large_array_decode fastjson2 3.88s
[655/770] round=10 large_array_decode jackson 3.84s
[656/770] round=10 large_array_decode cjfast_json 1.94s
[657/770] round=10 large_array_decode json4cj 1.78s
[658/770] round=10 large_array_decode cangjieJSON 2.87s
[659/770] round=10 large_array_encode stdx_json 2.73s
[660/770] round=10 large_array_encode yjson 12.52s
[661/770] round=10 large_array_encode fastjson2 3.87s
[662/770] round=10 large_array_encode jackson 3.84s
[663/770] round=10 large_array_encode cjfast_json 2.10s
[664/770] round=10 large_array_encode json4cj 2.00s
[665/770] round=10 large_array_encode cangjieJSON 2.28s
[666/770] round=10 person_decode stdx_json 3.14s
[667/770] round=10 person_decode yjson 5.52s
[668/770] round=10 person_decode fastjson2 3.86s
[669/770] round=10 person_decode jackson 3.86s
[670/770] round=10 person_decode cjfast_json 2.66s
[671/770] round=10 person_decode json4cj 2.62s
[672/770] round=10 person_decode cangjieJSON 3.34s
[673/770] round=10 person_encode stdx_json 2.45s
[674/770] round=10 person_encode yjson 13.05s
[675/770] round=10 person_encode fastjson2 3.84s
[676/770] round=10 person_encode jackson 3.84s
[677/770] round=10 person_encode cjfast_json 2.41s
[678/770] round=10 person_encode json4cj 1.94s
[679/770] round=10 person_encode cangjieJSON 2.67s
[680/770] round=10 address_decode stdx_json 1.96s
[681/770] round=10 address_decode yjson 7.34s
[682/770] round=10 address_decode fastjson2 3.85s
[683/770] round=10 address_decode jackson 3.86s
[684/770] round=10 address_decode cjfast_json 2.25s
[685/770] round=10 address_decode json4cj 2.00s
[686/770] round=10 address_decode cangjieJSON 2.96s
[687/770] round=10 address_encode stdx_json 2.18s
[688/770] round=10 address_encode yjson 5.77s
[689/770] round=10 address_encode fastjson2 3.85s
[690/770] round=10 address_encode jackson 3.85s
[691/770] round=10 address_encode cjfast_json 1.81s
[692/770] round=10 address_encode json4cj 2.04s
[693/770] round=10 address_encode cangjieJSON 2.71s
[694/770] round=10 deep_nested_decode stdx_json 2.74s
[695/770] round=10 deep_nested_decode yjson 6.11s
[696/770] round=10 deep_nested_decode fastjson2 3.84s
[697/770] round=10 deep_nested_decode jackson 3.86s
[698/770] round=10 deep_nested_decode cjfast_json 2.46s
[699/770] round=10 deep_nested_decode json4cj 1.99s
[700/770] round=10 deep_nested_decode cangjieJSON 2.93s
[701/770] round=11 address_encode json4cj 1.81s
[702/770] round=11 address_encode cjfast_json 1.99s
[703/770] round=11 address_encode jackson 3.85s
[704/770] round=11 address_encode fastjson2 3.83s
[705/770] round=11 address_encode yjson 5.87s
[706/770] round=11 address_encode stdx_json 2.55s
[707/770] round=11 address_encode cangjieJSON 2.58s
[708/770] round=11 address_decode json4cj 2.05s
[709/770] round=11 address_decode cjfast_json 2.05s
[710/770] round=11 address_decode jackson 3.86s
[711/770] round=11 address_decode fastjson2 3.84s
[712/770] round=11 address_decode yjson 7.27s
[713/770] round=11 address_decode stdx_json 1.92s
[714/770] round=11 address_decode cangjieJSON 3.34s
[715/770] round=11 person_encode json4cj 1.99s
[716/770] round=11 person_encode cjfast_json 2.42s
[717/770] round=11 person_encode jackson 3.85s
[718/770] round=11 person_encode fastjson2 3.85s
[719/770] round=11 person_encode yjson 13.04s
[720/770] round=11 person_encode stdx_json 2.98s
[721/770] round=11 person_encode cangjieJSON 2.81s
[722/770] round=11 person_decode json4cj 2.49s
[723/770] round=11 person_decode cjfast_json 2.74s
[724/770] round=11 person_decode jackson 3.88s
[725/770] round=11 person_decode fastjson2 3.84s
[726/770] round=11 person_decode yjson 5.46s
[727/770] round=11 person_decode stdx_json 2.74s
[728/770] round=11 person_decode cangjieJSON 3.21s
[729/770] round=11 large_array_encode json4cj 2.13s
[730/770] round=11 large_array_encode cjfast_json 2.09s
[731/770] round=11 large_array_encode jackson 3.87s
[732/770] round=11 large_array_encode fastjson2 3.88s
[733/770] round=11 large_array_encode yjson 12.55s
[734/770] round=11 large_array_encode stdx_json 2.77s
[735/770] round=11 large_array_encode cangjieJSON 2.15s
[736/770] round=11 large_array_decode json4cj 1.86s
[737/770] round=11 large_array_decode cjfast_json 1.98s
[738/770] round=11 large_array_decode jackson 3.87s
[739/770] round=11 large_array_decode fastjson2 3.84s
[740/770] round=11 large_array_decode yjson 8.45s
[741/770] round=11 large_array_decode stdx_json 2.51s
[742/770] round=11 large_array_decode cangjieJSON 3.04s
[743/770] round=11 large_map_encode json4cj 2.53s
[744/770] round=11 large_map_encode cjfast_json 2.65s
[745/770] round=11 large_map_encode jackson 3.85s
[746/770] round=11 large_map_encode fastjson2 3.85s
[747/770] round=11 large_map_encode yjson 10.80s
[748/770] round=11 large_map_encode stdx_json 3.14s
[749/770] round=11 large_map_encode cangjieJSON 2.42s
[750/770] round=11 large_map_decode json4cj 2.58s
[751/770] round=11 large_map_decode cjfast_json 2.68s
[752/770] round=11 large_map_decode jackson 3.86s
[753/770] round=11 large_map_decode fastjson2 3.83s
[754/770] round=11 large_map_decode yjson 10.61s
[755/770] round=11 large_map_decode stdx_json 3.01s
[756/770] round=11 large_map_decode cangjieJSON 2.72s
[757/770] round=11 deep_nested_encode json4cj 2.21s
[758/770] round=11 deep_nested_encode cjfast_json 2.14s
[759/770] round=11 deep_nested_encode jackson 3.88s
[760/770] round=11 deep_nested_encode fastjson2 3.84s
[761/770] round=11 deep_nested_encode yjson 8.78s
[762/770] round=11 deep_nested_encode stdx_json 3.00s
[763/770] round=11 deep_nested_encode cangjieJSON 2.22s
[764/770] round=11 deep_nested_decode json4cj 2.00s
[765/770] round=11 deep_nested_decode cjfast_json 2.40s
[766/770] round=11 deep_nested_decode jackson 3.86s
[767/770] round=11 deep_nested_decode fastjson2 3.83s
[768/770] round=11 deep_nested_decode yjson 6.20s
[769/770] round=11 deep_nested_decode stdx_json 2.86s
[770/770] round=11 deep_nested_decode cangjieJSON 3.04s
