[1/770] round=1 address_encode yjson 3.79s
[2/770] round=1 address_encode stdx_json 2.20s
[3/770] round=1 address_encode cangjieJSON 2.83s
[4/770] round=1 address_encode json4cj 2.24s
[5/770] round=1 address_encode cjfast_json 2.14s
[6/770] round=1 address_encode jackson 3.98s
[7/770] round=1 address_encode fastjson2 3.99s
[8/770] round=1 address_decode yjson 3.96s
[9/770] round=1 address_decode stdx_json 2.25s
[10/770] round=1 address_decode cangjieJSON 3.54s
[11/770] round=1 address_decode json4cj 2.11s
[12/770] round=1 address_decode cjfast_json 1.96s
[13/770] round=1 address_decode jackson 4.01s
[14/770] round=1 address_decode fastjson2 4.00s
[15/770] round=1 person_encode yjson 3.39s
[16/770] round=1 person_encode stdx_json 3.05s
[17/770] round=1 person_encode cangjieJSON 2.77s
[18/770] round=1 person_encode json4cj 2.07s
[19/770] round=1 person_encode cjfast_json 2.45s
[20/770] round=1 person_encode jackson 4.01s
[21/770] round=1 person_encode fastjson2 3.97s
[22/770] round=1 person_decode yjson 4.34s
[23/770] round=1 person_decode stdx_json 3.33s
[24/770] round=1 person_decode cangjieJSON 3.71s
[25/770] round=1 person_decode json4cj 2.74s
[26/770] round=1 person_decode cjfast_json 2.70s
[27/770] round=1 person_decode jackson 3.99s
[28/770] round=1 person_decode fastjson2 3.96s
[29/770] round=1 large_array_encode yjson 3.20s
[30/770] round=1 large_array_encode stdx_json 3.09s
[31/770] round=1 large_array_encode cangjieJSON 2.39s
[32/770] round=1 large_array_encode json4cj 2.04s
[33/770] round=1 large_array_encode cjfast_json 2.27s
[34/770] round=1 large_array_encode jackson 3.97s
[35/770] round=1 large_array_encode fastjson2 3.97s
[36/770] round=1 large_array_decode yjson 3.17s
[37/770] round=1 large_array_decode stdx_json 2.48s
[38/770] round=1 large_array_decode cangjieJSON 3.14s
[39/770] round=1 large_array_decode json4cj 2.07s
[40/770] round=1 large_array_decode cjfast_json 2.10s
[41/770] round=1 large_array_decode jackson 3.98s
[42/770] round=1 large_array_decode fastjson2 3.99s
[43/770] round=1 large_map_encode yjson 2.99s
[44/770] round=1 large_map_encode stdx_json 3.96s
[45/770] round=1 large_map_encode cangjieJSON 2.62s
[46/770] round=1 large_map_encode json4cj 2.54s
[47/770] round=1 large_map_encode cjfast_json 2.57s
[48/770] round=1 large_map_encode jackson 4.01s
[49/770] round=1 large_map_encode fastjson2 3.98s
[50/770] round=1 large_map_decode yjson 3.66s
[51/770] round=1 large_map_decode stdx_json 3.75s
[52/770] round=1 large_map_decode cangjieJSON 3.10s
[53/770] round=1 large_map_decode json4cj 2.70s
[54/770] round=1 large_map_decode cjfast_json 3.11s
[55/770] round=1 large_map_decode jackson 3.98s
[56/770] round=1 large_map_decode fastjson2 3.99s
[57/770] round=1 deep_nested_encode yjson 2.29s
[58/770] round=1 deep_nested_encode stdx_json 3.38s
[59/770] round=1 deep_nested_encode cangjieJSON 2.51s
[60/770] round=1 deep_nested_encode json4cj 2.43s
[61/770] round=1 deep_nested_encode cjfast_json 2.70s
[62/770] round=1 deep_nested_encode jackson 3.96s
[63/770] round=1 deep_nested_encode fastjson2 3.98s
[64/770] round=1 deep_nested_decode yjson 4.05s
[65/770] round=1 deep_nested_decode stdx_json 2.29s
[66/770] round=1 deep_nested_decode cangjieJSON 3.23s
[67/770] round=1 deep_nested_decode json4cj 2.27s
[68/770] round=1 deep_nested_decode cjfast_json 2.51s
[69/770] round=1 deep_nested_decode jackson 3.99s
[70/770] round=1 deep_nested_decode fastjson2 3.99s
[71/770] round=2 address_encode yjson 3.81s
[72/770] round=2 address_encode fastjson2 3.98s
[73/770] round=2 address_encode jackson 3.98s
[74/770] round=2 address_encode cjfast_json 2.47s
[75/770] round=2 address_encode json4cj 2.13s
[76/770] round=2 address_encode cangjieJSON 2.82s
[77/770] round=2 address_encode stdx_json 2.45s
[78/770] round=2 deep_nested_decode yjson 4.24s
[79/770] round=2 deep_nested_decode fastjson2 3.98s
[80/770] round=2 deep_nested_decode jackson 3.99s
[81/770] round=2 deep_nested_decode cjfast_json 2.65s
[82/770] round=2 deep_nested_decode json4cj 2.21s
[83/770] round=2 deep_nested_decode cangjieJSON 3.29s
[84/770] round=2 deep_nested_decode stdx_json 2.89s
[85/770] round=2 deep_nested_encode yjson 3.19s
[86/770] round=2 deep_nested_encode fastjson2 3.97s
[87/770] round=2 deep_nested_encode jackson 3.99s
[88/770] round=2 deep_nested_encode cjfast_json 2.69s
[89/770] round=2 deep_nested_encode json4cj 2.46s
[90/770] round=2 deep_nested_encode cangjieJSON 2.60s
[91/770] round=2 deep_nested_encode stdx_json 3.47s
[92/770] round=2 large_map_decode yjson 3.42s
[93/770] round=2 large_map_decode fastjson2 3.99s
[94/770] round=2 large_map_decode jackson 3.99s
[95/770] round=2 large_map_decode cjfast_json 2.92s
[96/770] round=2 large_map_decode json4cj 2.74s
[97/770] round=2 large_map_decode cangjieJSON 3.06s
[98/770] round=2 large_map_decode stdx_json 3.43s
[99/770] round=2 large_map_encode yjson 3.22s
[100/770] round=2 large_map_encode fastjson2 3.98s
[101/770] round=2 large_map_encode jackson 4.01s
[102/770] round=2 large_map_encode cjfast_json 2.98s
[103/770] round=2 large_map_encode json4cj 2.80s
[104/770] round=2 large_map_encode cangjieJSON 2.82s
[105/770] round=2 large_map_encode stdx_json 3.81s
[106/770] round=2 large_array_decode yjson 3.17s
[107/770] round=2 large_array_decode fastjson2 3.99s
[108/770] round=2 large_array_decode jackson 3.98s
[109/770] round=2 large_array_decode cjfast_json 2.10s
[110/770] round=2 large_array_decode json4cj 2.06s
[111/770] round=2 large_array_decode cangjieJSON 3.35s
[112/770] round=2 large_array_decode stdx_json 2.76s
[113/770] round=2 large_array_encode yjson 3.16s
[114/770] round=2 large_array_encode fastjson2 3.97s
[115/770] round=2 large_array_encode jackson 3.99s
[116/770] round=2 large_array_encode cjfast_json 2.26s
[117/770] round=2 large_array_encode json4cj 2.10s
[118/770] round=2 large_array_encode cangjieJSON 2.24s
[119/770] round=2 large_array_encode stdx_json 3.02s
[120/770] round=2 person_decode yjson 4.53s
[121/770] round=2 person_decode fastjson2 3.98s
[122/770] round=2 person_decode jackson 3.99s
[123/770] round=2 person_decode cjfast_json 2.76s
[124/770] round=2 person_decode json4cj 2.34s
[125/770] round=2 person_decode cangjieJSON 3.53s
[126/770] round=2 person_decode stdx_json 3.29s
[127/770] round=2 person_encode yjson 3.41s
[128/770] round=2 person_encode fastjson2 3.97s
[129/770] round=2 person_encode jackson 4.00s
[130/770] round=2 person_encode cjfast_json 2.41s
[131/770] round=2 person_encode json4cj 1.98s
[132/770] round=2 person_encode cangjieJSON 2.94s
[133/770] round=2 person_encode stdx_json 2.95s
[134/770] round=2 address_decode yjson 3.77s
[135/770] round=2 address_decode fastjson2 4.00s
[136/770] round=2 address_decode jackson 4.00s
[137/770] round=2 address_decode cjfast_json 2.36s
[138/770] round=2 address_decode json4cj 2.32s
[139/770] round=2 address_decode cangjieJSON 3.47s
[140/770] round=2 address_decode stdx_json 2.07s
[141/770] round=3 person_encode cangjieJSON 2.80s
[142/770] round=3 person_encode json4cj 1.91s
[143/770] round=3 person_encode cjfast_json 2.68s
[144/770] round=3 person_encode jackson 4.02s
[145/770] round=3 person_encode fastjson2 3.99s
[146/770] round=3 person_encode yjson 3.35s
[147/770] round=3 person_encode stdx_json 3.50s
[148/770] round=3 person_decode cangjieJSON 3.21s
[149/770] round=3 person_decode json4cj 2.38s
[150/770] round=3 person_decode cjfast_json 2.89s
[151/770] round=3 person_decode jackson 3.97s
[152/770] round=3 person_decode fastjson2 3.97s
[153/770] round=3 person_decode yjson 3.08s
[154/770] round=3 person_decode stdx_json 3.39s
[155/770] round=3 large_array_encode cangjieJSON 2.41s
[156/770] round=3 large_array_encode json4cj 2.24s
[157/770] round=3 large_array_encode cjfast_json 2.42s
[158/770] round=3 large_array_encode jackson 3.98s
[159/770] round=3 large_array_encode fastjson2 3.99s
[160/770] round=3 large_array_encode yjson 2.94s
[161/770] round=3 large_array_encode stdx_json 3.13s
[162/770] round=3 large_array_decode cangjieJSON 3.23s
[163/770] round=3 large_array_decode json4cj 1.98s
[164/770] round=3 large_array_decode cjfast_json 2.11s
[165/770] round=3 large_array_decode jackson 3.96s
[166/770] round=3 large_array_decode fastjson2 3.99s
[167/770] round=3 large_array_decode yjson 3.05s
[168/770] round=3 large_array_decode stdx_json 2.58s
[169/770] round=3 large_map_encode cangjieJSON 2.88s
[170/770] round=3 large_map_encode json4cj 2.74s
[171/770] round=3 large_map_encode cjfast_json 3.06s
[172/770] round=3 large_map_encode jackson 4.00s
[173/770] round=3 large_map_encode fastjson2 3.98s
[174/770] round=3 large_map_encode yjson 3.05s
[175/770] round=3 large_map_encode stdx_json 3.68s
[176/770] round=3 large_map_decode cangjieJSON 3.18s
[177/770] round=3 large_map_decode json4cj 2.83s
[178/770] round=3 large_map_decode cjfast_json 2.81s
[179/770] round=3 large_map_decode jackson 3.98s
[180/770] round=3 large_map_decode fastjson2 3.97s
[181/770] round=3 large_map_decode yjson 3.54s
[182/770] round=3 large_map_decode stdx_json 3.51s
[183/770] round=3 deep_nested_encode cangjieJSON 2.50s
[184/770] round=3 deep_nested_encode json4cj 2.49s
[185/770] round=3 deep_nested_encode cjfast_json 2.62s
[186/770] round=3 deep_nested_encode jackson 4.00s
[187/770] round=3 deep_nested_encode fastjson2 4.00s
[188/770] round=3 deep_nested_encode yjson 3.27s
[189/770] round=3 deep_nested_encode stdx_json 3.32s
[190/770] round=3 deep_nested_decode cangjieJSON 3.32s
[191/770] round=3 deep_nested_decode json4cj 2.35s
[192/770] round=3 deep_nested_decode cjfast_json 2.58s
[193/770] round=3 deep_nested_decode jackson 3.99s
[194/770] round=3 deep_nested_decode fastjson2 3.99s
[195/770] round=3 deep_nested_decode yjson 4.15s
[196/770] round=3 deep_nested_decode stdx_json 3.22s
[197/770] round=3 address_encode cangjieJSON 2.92s
[198/770] round=3 address_encode json4cj 1.99s
[199/770] round=3 address_encode cjfast_json 1.94s
[200/770] round=3 address_encode jackson 3.99s
[201/770] round=3 address_encode fastjson2 3.99s
[202/770] round=3 address_encode yjson 3.74s
[203/770] round=3 address_encode stdx_json 2.14s
[204/770] round=3 address_decode cangjieJSON 3.39s
[205/770] round=3 address_decode json4cj 2.41s
[206/770] round=3 address_decode cjfast_json 2.02s
[207/770] round=3 address_decode jackson 3.98s
[208/770] round=3 address_decode fastjson2 3.97s
[209/770] round=3 address_decode yjson 3.60s
[210/770] round=3 address_decode stdx_json 2.23s
[211/770] round=4 person_encode cangjieJSON 2.80s
[212/770] round=4 person_encode stdx_json 3.17s
[213/770] round=4 person_encode yjson 3.25s
[214/770] round=4 person_encode fastjson2 3.96s
[215/770] round=4 person_encode jackson 3.98s
[216/770] round=4 person_encode cjfast_json 2.39s
[217/770] round=4 person_encode json4cj 2.08s
[218/770] round=4 address_decode cangjieJSON 3.38s
[219/770] round=4 address_decode stdx_json 2.56s
[220/770] round=4 address_decode yjson 3.37s
[221/770] round=4 address_decode fastjson2 3.97s
[222/770] round=4 address_decode jackson 3.97s
[223/770] round=4 address_decode cjfast_json 2.19s
[224/770] round=4 address_decode json4cj 2.19s
[225/770] round=4 address_encode cangjieJSON 2.75s
[226/770] round=4 address_encode stdx_json 2.20s
[227/770] round=4 address_encode yjson 3.56s
[228/770] round=4 address_encode fastjson2 3.99s
[229/770] round=4 address_encode jackson 4.00s
[230/770] round=4 address_encode cjfast_json 2.23s
[231/770] round=4 address_encode json4cj 2.00s
[232/770] round=4 deep_nested_decode cangjieJSON 3.08s
[233/770] round=4 deep_nested_decode stdx_json 2.76s
[234/770] round=4 deep_nested_decode yjson 4.21s
[235/770] round=4 deep_nested_decode fastjson2 4.00s
[236/770] round=4 deep_nested_decode jackson 3.98s
[237/770] round=4 deep_nested_decode cjfast_json 2.46s
[238/770] round=4 deep_nested_decode json4cj 2.24s
[239/770] round=4 deep_nested_encode cangjieJSON 2.54s
[240/770] round=4 deep_nested_encode stdx_json 3.34s
[241/770] round=4 deep_nested_encode yjson 3.46s
[242/770] round=4 deep_nested_encode fastjson2 3.98s
[243/770] round=4 deep_nested_encode jackson 3.99s
[244/770] round=4 deep_nested_encode cjfast_json 2.57s
[245/770] round=4 deep_nested_encode json4cj 2.48s
[246/770] round=4 large_map_decode cangjieJSON 3.17s
[247/770] round=4 large_map_decode stdx_json 3.31s
[248/770] round=4 large_map_decode yjson 3.63s
[249/770] round=4 large_map_decode fastjson2 3.98s
[250/770] round=4 large_map_decode jackson 3.97s
[251/770] round=4 large_map_decode cjfast_json 3.11s
[252/770] round=4 large_map_decode json4cj 2.40s
[253/770] round=4 large_map_encode cangjieJSON 2.66s
[254/770] round=4 large_map_encode stdx_json 3.50s
[255/770] round=4 large_map_encode yjson 3.19s
[256/770] round=4 large_map_encode fastjson2 3.99s
[257/770] round=4 large_map_encode jackson 4.01s
[258/770] round=4 large_map_encode cjfast_json 3.07s
[259/770] round=4 large_map_encode json4cj 2.61s
[260/770] round=4 large_array_decode cangjieJSON 3.18s
[261/770] round=4 large_array_decode stdx_json 2.58s
[262/770] round=4 large_array_decode yjson 2.93s
[263/770] round=4 large_array_decode fastjson2 3.98s
[264/770] round=4 large_array_decode jackson 3.97s
[265/770] round=4 large_array_decode cjfast_json 2.08s
[266/770] round=4 large_array_decode json4cj 1.94s
[267/770] round=4 large_array_encode cangjieJSON 2.30s
[268/770] round=4 large_array_encode stdx_json 2.75s
[269/770] round=4 large_array_encode yjson 3.29s
[270/770] round=4 large_array_encode fastjson2 3.98s
[271/770] round=4 large_array_encode jackson 3.99s
[272/770] round=4 large_array_encode cjfast_json 2.26s
[273/770] round=4 large_array_encode json4cj 2.07s
[274/770] round=4 person_decode cangjieJSON 3.54s
[275/770] round=4 person_decode stdx_json 3.20s
[276/770] round=4 person_decode yjson 3.83s
[277/770] round=4 person_decode fastjson2 3.99s
[278/770] round=4 person_decode jackson 3.99s
[279/770] round=4 person_decode cjfast_json 2.80s
[280/770] round=4 person_decode json4cj 2.76s
[281/770] round=5 large_array_encode cjfast_json 2.28s
[282/770] round=5 large_array_encode jackson 3.98s
[283/770] round=5 large_array_encode fastjson2 3.98s
[284/770] round=5 large_array_encode yjson 3.29s
[285/770] round=5 large_array_encode stdx_json 3.26s
[286/770] round=5 large_array_encode cangjieJSON 2.43s
[287/770] round=5 large_array_encode json4cj 2.17s
[288/770] round=5 large_array_decode cjfast_json 2.01s
[289/770] round=5 large_array_decode jackson 3.98s
[290/770] round=5 large_array_decode fastjson2 3.98s
[291/770] round=5 large_array_decode yjson 3.21s
[292/770] round=5 large_array_decode stdx_json 2.53s
[293/770] round=5 large_array_decode cangjieJSON 3.25s
[294/770] round=5 large_array_decode json4cj 1.75s
[295/770] round=5 large_map_encode cjfast_json 3.02s
[296/770] round=5 large_map_encode jackson 4.00s
[297/770] round=5 large_map_encode fastjson2 3.96s
[298/770] round=5 large_map_encode yjson 3.03s
[299/770] round=5 large_map_encode stdx_json 3.69s
[300/770] round=5 large_map_encode cangjieJSON 2.84s
[301/770] round=5 large_map_encode json4cj 2.65s
[302/770] round=5 large_map_decode cjfast_json 3.02s
[303/770] round=5 large_map_decode jackson 3.98s
[304/770] round=5 large_map_decode fastjson2 3.99s
[305/770] round=5 large_map_decode yjson 3.65s
[306/770] round=5 large_map_decode stdx_json 3.32s
[307/770] round=5 large_map_decode cangjieJSON 2.89s
[308/770] round=5 large_map_decode json4cj 2.62s
[309/770] round=5 deep_nested_encode cjfast_json 2.63s
[310/770] round=5 deep_nested_encode jackson 3.99s
[311/770] round=5 deep_nested_encode fastjson2 3.98s
[312/770] round=5 deep_nested_encode yjson 3.27s
[313/770] round=5 deep_nested_encode stdx_json 3.40s
[314/770] round=5 deep_nested_encode cangjieJSON 2.51s
[315/770] round=5 deep_nested_encode json4cj 2.14s
[316/770] round=5 deep_nested_decode cjfast_json 2.74s
[317/770] round=5 deep_nested_decode jackson 3.98s
[318/770] round=5 deep_nested_decode fastjson2 4.00s
[319/770] round=5 deep_nested_decode yjson 4.35s
[320/770] round=5 deep_nested_decode stdx_json 2.77s
[321/770] round=5 deep_nested_decode cangjieJSON 3.12s
[322/770] round=5 deep_nested_decode json4cj 2.25s
[323/770] round=5 address_encode cjfast_json 2.14s
[324/770] round=5 address_encode jackson 4.01s
[325/770] round=5 address_encode fastjson2 4.00s
[326/770] round=5 address_encode yjson 3.72s
[327/770] round=5 address_encode stdx_json 2.05s
[328/770] round=5 address_encode cangjieJSON 2.75s
[329/770] round=5 address_encode json4cj 2.23s
[330/770] round=5 address_decode cjfast_json 2.11s
[331/770] round=5 address_decode jackson 3.99s
[332/770] round=5 address_decode fastjson2 3.99s
[333/770] round=5 address_decode yjson 3.55s
[334/770] round=5 address_decode stdx_json 2.27s
[335/770] round=5 address_decode cangjieJSON 3.38s
[336/770] round=5 address_decode json4cj 2.36s
[337/770] round=5 person_encode cjfast_json 2.44s
[338/770] round=5 person_encode jackson 4.00s
[339/770] round=5 person_encode fastjson2 3.97s
[340/770] round=5 person_encode yjson 3.33s
[341/770] round=5 person_encode stdx_json 3.37s
[342/770] round=5 person_encode cangjieJSON 2.86s
[343/770] round=5 person_encode json4cj 2.05s
[344/770] round=5 person_decode cjfast_json 2.82s
[345/770] round=5 person_decode jackson 3.99s
[346/770] round=5 person_decode fastjson2 3.97s
[347/770] round=5 person_decode yjson 3.92s
[348/770] round=5 person_decode stdx_json 3.25s
[349/770] round=5 person_decode cangjieJSON 3.40s
[350/770] round=5 person_decode json4cj 2.74s
[351/770] round=6 large_array_encode cjfast_json 2.30s
[352/770] round=6 large_array_encode json4cj 2.32s
[353/770] round=6 large_array_encode cangjieJSON 2.33s
[354/770] round=6 large_array_encode stdx_json 3.06s
[355/770] round=6 large_array_encode yjson 3.24s
[356/770] round=6 large_array_encode fastjson2 3.98s
[357/770] round=6 large_array_encode jackson 3.99s
[358/770] round=6 person_decode cjfast_json 2.68s
[359/770] round=6 person_decode json4cj 2.65s
[360/770] round=6 person_decode cangjieJSON 3.49s
[361/770] round=6 person_decode stdx_json 3.35s
[362/770] round=6 person_decode yjson 4.47s
[363/770] round=6 person_decode fastjson2 3.99s
[364/770] round=6 person_decode jackson 3.98s
[365/770] round=6 person_encode cjfast_json 2.41s
[366/770] round=6 person_encode json4cj 1.86s
[367/770] round=6 person_encode cangjieJSON 2.86s
[368/770] round=6 person_encode stdx_json 3.05s
[369/770] round=6 person_encode yjson 3.65s
[370/770] round=6 person_encode fastjson2 3.97s
[371/770] round=6 person_encode jackson 3.98s
[372/770] round=6 address_decode cjfast_json 2.13s
[373/770] round=6 address_decode json4cj 2.31s
[374/770] round=6 address_decode cangjieJSON 3.49s
[375/770] round=6 address_decode stdx_json 2.38s
[376/770] round=6 address_decode yjson 3.25s
[377/770] round=6 address_decode fastjson2 3.98s
[378/770] round=6 address_decode jackson 3.99s
[379/770] round=6 address_encode cjfast_json 2.19s
[380/770] round=6 address_encode json4cj 2.02s
[381/770] round=6 address_encode cangjieJSON 2.91s
[382/770] round=6 address_encode stdx_json 2.01s
[383/770] round=6 address_encode yjson 3.99s
[384/770] round=6 address_encode fastjson2 3.99s
[385/770] round=6 address_encode jackson 3.97s
[386/770] round=6 deep_nested_decode cjfast_json 2.67s
[387/770] round=6 deep_nested_decode json4cj 2.33s
[388/770] round=6 deep_nested_decode cangjieJSON 2.30s
[389/770] round=6 deep_nested_decode stdx_json 2.90s
[390/770] round=6 deep_nested_decode yjson 3.04s
[391/770] round=6 deep_nested_decode fastjson2 3.99s
[392/770] round=6 deep_nested_decode jackson 4.00s
[393/770] round=6 deep_nested_encode cjfast_json 2.49s
[394/770] round=6 deep_nested_encode json4cj 2.39s
[395/770] round=6 deep_nested_encode cangjieJSON 2.44s
[396/770] round=6 deep_nested_encode stdx_json 3.60s
[397/770] round=6 deep_nested_encode yjson 3.32s
[398/770] round=6 deep_nested_encode fastjson2 4.00s
[399/770] round=6 deep_nested_encode jackson 3.99s
[400/770] round=6 large_map_decode cjfast_json 2.86s
[401/770] round=6 large_map_decode json4cj 2.56s
[402/770] round=6 large_map_decode cangjieJSON 3.05s
[403/770] round=6 large_map_decode stdx_json 3.40s
[404/770] round=6 large_map_decode yjson 3.63s
[405/770] round=6 large_map_decode fastjson2 3.96s
[406/770] round=6 large_map_decode jackson 4.00s
[407/770] round=6 large_map_encode cjfast_json 2.99s
[408/770] round=6 large_map_encode json4cj 2.73s
[409/770] round=6 large_map_encode cangjieJSON 2.77s
[410/770] round=6 large_map_encode stdx_json 3.85s
[411/770] round=6 large_map_encode yjson 2.85s
[412/770] round=6 large_map_encode fastjson2 4.00s
[413/770] round=6 large_map_encode jackson 3.99s
[414/770] round=6 large_array_decode cjfast_json 2.15s
[415/770] round=6 large_array_decode json4cj 1.91s
[416/770] round=6 large_array_decode cangjieJSON 3.22s
[417/770] round=6 large_array_decode stdx_json 2.45s
[418/770] round=6 large_array_decode yjson 3.14s
[419/770] round=6 large_array_decode fastjson2 3.98s
[420/770] round=6 large_array_decode jackson 3.98s
[421/770] round=7 large_map_encode fastjson2 3.98s
[422/770] round=7 large_map_encode yjson 3.08s
[423/770] round=7 large_map_encode stdx_json 3.46s
[424/770] round=7 large_map_encode cangjieJSON 2.69s
[425/770] round=7 large_map_encode json4cj 3.01s
[426/770] round=7 large_map_encode cjfast_json 2.96s
[427/770] round=7 large_map_encode jackson 4.00s
[428/770] round=7 large_map_decode fastjson2 3.98s
[429/770] round=7 large_map_decode yjson 3.49s
[430/770] round=7 large_map_decode stdx_json 3.23s
[431/770] round=7 large_map_decode cangjieJSON 3.27s
[432/770] round=7 large_map_decode json4cj 2.44s
[433/770] round=7 large_map_decode cjfast_json 2.83s
[434/770] round=7 large_map_decode jackson 3.97s
[435/770] round=7 deep_nested_encode fastjson2 3.97s
[436/770] round=7 deep_nested_encode yjson 3.45s
[437/770] round=7 deep_nested_encode stdx_json 3.51s
[438/770] round=7 deep_nested_encode cangjieJSON 2.47s
[439/770] round=7 deep_nested_encode json4cj 2.43s
[440/770] round=7 deep_nested_encode cjfast_json 2.53s
[441/770] round=7 deep_nested_encode jackson 3.98s
[442/770] round=7 deep_nested_decode fastjson2 3.98s
[443/770] round=7 deep_nested_decode yjson 4.27s
[444/770] round=7 deep_nested_decode stdx_json 2.84s
[445/770] round=7 deep_nested_decode cangjieJSON 3.32s
[446/770] round=7 deep_nested_decode json4cj 2.25s
[447/770] round=7 deep_nested_decode cjfast_json 2.66s
[448/770] round=7 deep_nested_decode jackson 4.00s
[449/770] round=7 address_encode fastjson2 4.00s
[450/770] round=7 address_encode yjson 3.56s
[451/770] round=7 address_encode stdx_json 2.26s
[452/770] round=7 address_encode cangjieJSON 2.87s
[453/770] round=7 address_encode json4cj 2.17s
[454/770] round=7 address_encode cjfast_json 2.28s
[455/770] round=7 address_encode jackson 4.00s
[456/770] round=7 address_decode fastjson2 3.98s
[457/770] round=7 address_decode yjson 3.56s
[458/770] round=7 address_decode stdx_json 2.15s
[459/770] round=7 address_decode cangjieJSON 3.40s
[460/770] round=7 address_decode json4cj 2.46s
[461/770] round=7 address_decode cjfast_json 2.03s
[462/770] round=7 address_decode jackson 3.98s
[463/770] round=7 person_encode fastjson2 3.99s
[464/770] round=7 person_encode yjson 3.35s
[465/770] round=7 person_encode stdx_json 2.94s
[466/770] round=7 person_encode cangjieJSON 2.87s
[467/770] round=7 person_encode json4cj 2.19s
[468/770] round=7 person_encode cjfast_json 2.56s
[469/770] round=7 person_encode jackson 3.98s
[470/770] round=7 person_decode fastjson2 3.99s
[471/770] round=7 person_decode yjson 4.39s
[472/770] round=7 person_decode stdx_json 3.62s
[473/770] round=7 person_decode cangjieJSON 3.42s
[474/770] round=7 person_decode json4cj 2.56s
[475/770] round=7 person_decode cjfast_json 2.66s
[476/770] round=7 person_decode jackson 3.98s
[477/770] round=7 large_array_encode fastjson2 3.97s
[478/770] round=7 large_array_encode yjson 3.35s
[479/770] round=7 large_array_encode stdx_json 2.98s
[480/770] round=7 large_array_encode cangjieJSON 2.27s
[481/770] round=7 large_array_encode json4cj 2.13s
[482/770] round=7 large_array_encode cjfast_json 2.38s
[483/770] round=7 large_array_encode jackson 3.98s
[484/770] round=7 large_array_decode fastjson2 4.00s
[485/770] round=7 large_array_decode yjson 3.24s
[486/770] round=7 large_array_decode stdx_json 2.58s
[487/770] round=7 large_array_decode cangjieJSON 3.07s
[488/770] round=7 large_array_decode json4cj 1.74s
[489/770] round=7 large_array_decode cjfast_json 2.09s
[490/770] round=7 large_array_decode jackson 3.97s
[491/770] round=8 large_map_encode fastjson2 3.98s
[492/770] round=8 large_map_encode jackson 3.98s
[493/770] round=8 large_map_encode cjfast_json 3.08s
[494/770] round=8 large_map_encode json4cj 2.85s
[495/770] round=8 large_map_encode cangjieJSON 2.85s
[496/770] round=8 large_map_encode stdx_json 3.91s
[497/770] round=8 large_map_encode yjson 3.01s
[498/770] round=8 large_array_decode fastjson2 4.00s
[499/770] round=8 large_array_decode jackson 3.97s
[500/770] round=8 large_array_decode cjfast_json 2.10s
[501/770] round=8 large_array_decode json4cj 2.08s
[502/770] round=8 large_array_decode cangjieJSON 3.26s
[503/770] round=8 large_array_decode stdx_json 2.44s
[504/770] round=8 large_array_decode yjson 3.20s
[505/770] round=8 large_array_encode fastjson2 3.98s
[506/770] round=8 large_array_encode jackson 3.97s
[507/770] round=8 large_array_encode cjfast_json 2.28s
[508/770] round=8 large_array_encode json4cj 2.20s
[509/770] round=8 large_array_encode cangjieJSON 2.43s
[510/770] round=8 large_array_encode stdx_json 2.95s
[511/770] round=8 large_array_encode yjson 3.14s
[512/770] round=8 person_decode fastjson2 3.97s
[513/770] round=8 person_decode jackson 3.98s
[514/770] round=8 person_decode cjfast_json 2.73s
[515/770] round=8 person_decode json4cj 2.63s
[516/770] round=8 person_decode cangjieJSON 3.21s
[517/770] round=8 person_decode stdx_json 3.18s
[518/770] round=8 person_decode yjson 4.13s
[519/770] round=8 person_encode fastjson2 3.98s
[520/770] round=8 person_encode jackson 3.98s
[521/770] round=8 person_encode cjfast_json 2.59s
[522/770] round=8 person_encode json4cj 1.85s
[523/770] round=8 person_encode cangjieJSON 2.85s
[524/770] round=8 person_encode stdx_json 3.48s
[525/770] round=8 person_encode yjson 3.34s
[526/770] round=8 address_decode fastjson2 3.99s
[527/770] round=8 address_decode jackson 3.98s
[528/770] round=8 address_decode cjfast_json 2.14s
[529/770] round=8 address_decode json4cj 2.27s
[530/770] round=8 address_decode cangjieJSON 3.50s
[531/770] round=8 address_decode stdx_json 2.17s
[532/770] round=8 address_decode yjson 3.36s
[533/770] round=8 address_encode fastjson2 3.99s
[534/770] round=8 address_encode jackson 3.98s
[535/770] round=8 address_encode cjfast_json 2.15s
[536/770] round=8 address_encode json4cj 2.02s
[537/770] round=8 address_encode cangjieJSON 2.95s
[538/770] round=8 address_encode stdx_json 2.24s
[539/770] round=8 address_encode yjson 3.52s
[540/770] round=8 deep_nested_decode fastjson2 3.98s
[541/770] round=8 deep_nested_decode jackson 3.99s
[542/770] round=8 deep_nested_decode cjfast_json 2.51s
[543/770] round=8 deep_nested_decode json4cj 2.29s
[544/770] round=8 deep_nested_decode cangjieJSON 3.22s
[545/770] round=8 deep_nested_decode stdx_json 2.92s
[546/770] round=8 deep_nested_decode yjson 4.09s
[547/770] round=8 deep_nested_encode fastjson2 3.98s
[548/770] round=8 deep_nested_encode jackson 3.99s
[549/770] round=8 deep_nested_encode cjfast_json 2.70s
[550/770] round=8 deep_nested_encode json4cj 2.50s
[551/770] round=8 deep_nested_encode cangjieJSON 2.50s
[552/770] round=8 deep_nested_encode stdx_json 3.08s
[553/770] round=8 deep_nested_encode yjson 3.22s
[554/770] round=8 large_map_decode fastjson2 3.98s
[555/770] round=8 large_map_decode jackson 3.98s
[556/770] round=8 large_map_decode cjfast_json 3.24s
[557/770] round=8 large_map_decode json4cj 2.62s
[558/770] round=8 large_map_decode cangjieJSON 3.05s
[559/770] round=8 large_map_decode stdx_json 3.42s
[560/770] round=8 large_map_decode yjson 3.53s
[561/770] round=9 deep_nested_encode stdx_json 3.36s
[562/770] round=9 deep_nested_encode cangjieJSON 2.53s
[563/770] round=9 deep_nested_encode json4cj 2.11s
[564/770] round=9 deep_nested_encode cjfast_json 2.53s
[565/770] round=9 deep_nested_encode jackson 4.02s
[566/770] round=9 deep_nested_encode fastjson2 3.98s
[567/770] round=9 deep_nested_encode yjson 3.25s
[568/770] round=9 deep_nested_decode stdx_json 3.25s
[569/770] round=9 deep_nested_decode cangjieJSON 3.25s
[570/770] round=9 deep_nested_decode json4cj 2.20s
[571/770] round=9 deep_nested_decode cjfast_json 2.58s
[572/770] round=9 deep_nested_decode jackson 3.99s
[573/770] round=9 deep_nested_decode fastjson2 3.99s
[574/770] round=9 deep_nested_decode yjson 4.23s
[575/770] round=9 address_encode stdx_json 2.16s
[576/770] round=9 address_encode cangjieJSON 2.78s
[577/770] round=9 address_encode json4cj 2.09s
[578/770] round=9 address_encode cjfast_json 2.10s
[579/770] round=9 address_encode jackson 3.98s
[580/770] round=9 address_encode fastjson2 3.98s
[581/770] round=9 address_encode yjson 3.57s
[582/770] round=9 address_decode stdx_json 1.99s
[583/770] round=9 address_decode cangjieJSON 3.42s
[584/770] round=9 address_decode json4cj 2.24s
[585/770] round=9 address_decode cjfast_json 1.99s
[586/770] round=9 address_decode jackson 3.98s
[587/770] round=9 address_decode fastjson2 3.99s
[588/770] round=9 address_decode yjson 3.47s
[589/770] round=9 person_encode stdx_json 3.21s
[590/770] round=9 person_encode cangjieJSON 2.65s
[591/770] round=9 person_encode json4cj 1.88s
[592/770] round=9 person_encode cjfast_json 2.44s
[593/770] round=9 person_encode jackson 4.00s
[594/770] round=9 person_encode fastjson2 3.97s
[595/770] round=9 person_encode yjson 3.35s
[596/770] round=9 person_decode stdx_json 3.25s
[597/770] round=9 person_decode cangjieJSON 3.75s
[598/770] round=9 person_decode json4cj 2.81s
[599/770] round=9 person_decode cjfast_json 2.79s
[600/770] round=9 person_decode jackson 3.98s
[601/770] round=9 person_decode fastjson2 3.98s
[602/770] round=9 person_decode yjson 4.10s
[603/770] round=9 large_array_encode stdx_json 2.76s
[604/770] round=9 large_array_encode cangjieJSON 2.36s
[605/770] round=9 large_array_encode json4cj 2.24s
[606/770] round=9 large_array_encode cjfast_json 2.33s
[607/770] round=9 large_array_encode jackson 3.97s
[608/770] round=9 large_array_encode fastjson2 3.96s
[609/770] round=9 large_array_encode yjson 3.39s
[610/770] round=9 large_array_decode stdx_json 2.79s
[611/770] round=9 large_array_decode cangjieJSON 3.19s
[612/770] round=9 large_array_decode json4cj 1.94s
[613/770] round=9 large_array_decode cjfast_json 2.04s
[614/770] round=9 large_array_decode jackson 3.97s
[615/770] round=9 large_array_decode fastjson2 3.98s
[616/770] round=9 large_array_decode yjson 3.24s
[617/770] round=9 large_map_encode stdx_json 3.66s
[618/770] round=9 large_map_encode cangjieJSON 2.93s
[619/770] round=9 large_map_encode json4cj 2.64s
[620/770] round=9 large_map_encode cjfast_json 3.09s
[621/770] round=9 large_map_encode jackson 4.00s
[622/770] round=9 large_map_encode fastjson2 3.99s
[623/770] round=9 large_map_encode yjson 2.85s
[624/770] round=9 large_map_decode stdx_json 2.78s
[625/770] round=9 large_map_decode cangjieJSON 3.01s
[626/770] round=9 large_map_decode json4cj 2.73s
[627/770] round=9 large_map_decode cjfast_json 3.00s
[628/770] round=9 large_map_decode jackson 3.98s
[629/770] round=9 large_map_decode fastjson2 3.97s
[630/770] round=9 large_map_decode yjson 3.60s
[631/770] round=10 deep_nested_encode stdx_json 3.32s
[632/770] round=10 deep_nested_encode yjson 3.24s
[633/770] round=10 deep_nested_encode fastjson2 3.96s
[634/770] round=10 deep_nested_encode jackson 3.98s
[635/770] round=10 deep_nested_encode cjfast_json 2.56s
[636/770] round=10 deep_nested_encode json4cj 2.11s
[637/770] round=10 deep_nested_encode cangjieJSON 2.44s
[638/770] round=10 large_map_decode stdx_json 2.96s
[639/770] round=10 large_map_decode yjson 3.61s
[640/770] round=10 large_map_decode fastjson2 3.98s
[641/770] round=10 large_map_decode jackson 3.97s
[642/770] round=10 large_map_decode cjfast_json 2.97s
[643/770] round=10 large_map_decode json4cj 2.66s
[644/770] round=10 large_map_decode cangjieJSON 2.99s
[645/770] round=10 large_map_encode stdx_json 3.86s
[646/770] round=10 large_map_encode yjson 2.83s
[647/770] round=10 large_map_encode fastjson2 3.98s
[648/770] round=10 large_map_encode jackson 4.00s
[649/770] round=10 large_map_encode cjfast_json 2.97s
[650/770] round=10 large_map_encode json4cj 2.75s
[651/770] round=10 large_map_encode cangjieJSON 2.80s
[652/770] round=10 large_array_decode stdx_json 2.59s
[653/770] round=10 large_array_decode yjson 3.31s
[654/770] round=10 large_array_decode fastjson2 3.96s
[655/770] round=10 large_array_decode jackson 3.98s
[656/770] round=10 large_array_decode cjfast_json 1.92s
[657/770] round=10 large_array_decode json4cj 2.00s
[658/770] round=10 large_array_decode cangjieJSON 3.14s
[659/770] round=10 large_array_encode stdx_json 2.81s
[660/770] round=10 large_array_encode yjson 3.10s
[661/770] round=10 large_array_encode fastjson2 3.97s
[662/770] round=10 large_array_encode jackson 3.96s
[663/770] round=10 large_array_encode cjfast_json 2.30s
[664/770] round=10 large_array_encode json4cj 2.18s
[665/770] round=10 large_array_encode cangjieJSON 2.42s
[666/770] round=10 person_decode stdx_json 3.52s
[667/770] round=10 person_decode yjson 4.26s
[668/770] round=10 person_decode fastjson2 3.96s
[669/770] round=10 person_decode jackson 3.98s
[670/770] round=10 person_decode cjfast_json 3.01s
[671/770] round=10 person_decode json4cj 2.74s
[672/770] round=10 person_decode cangjieJSON 3.45s
[673/770] round=10 person_encode stdx_json 3.42s
[674/770] round=10 person_encode yjson 3.19s
[675/770] round=10 person_encode fastjson2 3.98s
[676/770] round=10 person_encode jackson 4.00s
[677/770] round=10 person_encode cjfast_json 2.37s
[678/770] round=10 person_encode json4cj 2.19s
[679/770] round=10 person_encode cangjieJSON 2.80s
[680/770] round=10 address_decode stdx_json 2.17s
[681/770] round=10 address_decode yjson 3.53s
[682/770] round=10 address_decode fastjson2 3.97s
[683/770] round=10 address_decode jackson 4.00s
[684/770] round=10 address_decode cjfast_json 2.05s
[685/770] round=10 address_decode json4cj 2.21s
[686/770] round=10 address_decode cangjieJSON 3.42s
[687/770] round=10 address_encode stdx_json 2.20s
[688/770] round=10 address_encode yjson 3.71s
[689/770] round=10 address_encode fastjson2 3.99s
[690/770] round=10 address_encode jackson 4.01s
[691/770] round=10 address_encode cjfast_json 1.65s
[692/770] round=10 address_encode json4cj 1.96s
[693/770] round=10 address_encode cangjieJSON 2.91s
[694/770] round=10 deep_nested_decode stdx_json 3.01s
[695/770] round=10 deep_nested_decode yjson 4.29s
[696/770] round=10 deep_nested_decode fastjson2 3.98s
[697/770] round=10 deep_nested_decode jackson 3.99s
[698/770] round=10 deep_nested_decode cjfast_json 2.63s
[699/770] round=10 deep_nested_decode json4cj 1.91s
[700/770] round=10 deep_nested_decode cangjieJSON 3.17s
[701/770] round=11 address_encode json4cj 2.18s
[702/770] round=11 address_encode cjfast_json 2.18s
[703/770] round=11 address_encode jackson 3.99s
[704/770] round=11 address_encode fastjson2 3.98s
[705/770] round=11 address_encode yjson 3.81s
[706/770] round=11 address_encode stdx_json 2.20s
[707/770] round=11 address_encode cangjieJSON 2.83s
[708/770] round=11 address_decode json4cj 2.09s
[709/770] round=11 address_decode cjfast_json 2.10s
[710/770] round=11 address_decode jackson 3.98s
[711/770] round=11 address_decode fastjson2 3.99s
[712/770] round=11 address_decode yjson 3.41s
[713/770] round=11 address_decode stdx_json 2.46s
[714/770] round=11 address_decode cangjieJSON 3.43s
[715/770] round=11 person_encode json4cj 2.05s
[716/770] round=11 person_encode cjfast_json 2.43s
[717/770] round=11 person_encode jackson 3.99s
[718/770] round=11 person_encode fastjson2 3.98s
[719/770] round=11 person_encode yjson 3.44s
[720/770] round=11 person_encode stdx_json 2.98s
[721/770] round=11 person_encode cangjieJSON 2.53s
[722/770] round=11 person_decode json4cj 2.68s
[723/770] round=11 person_decode cjfast_json 2.84s
[724/770] round=11 person_decode jackson 4.00s
[725/770] round=11 person_decode fastjson2 3.99s
[726/770] round=11 person_decode yjson 3.98s
[727/770] round=11 person_decode stdx_json 3.23s
[728/770] round=11 person_decode cangjieJSON 3.55s
[729/770] round=11 large_array_encode json4cj 1.94s
[730/770] round=11 large_array_encode cjfast_json 2.16s
[731/770] round=11 large_array_encode jackson 3.98s
[732/770] round=11 large_array_encode fastjson2 3.97s
[733/770] round=11 large_array_encode yjson 3.46s
[734/770] round=11 large_array_encode stdx_json 2.86s
[735/770] round=11 large_array_encode cangjieJSON 2.48s
[736/770] round=11 large_array_decode json4cj 1.93s
[737/770] round=11 large_array_decode cjfast_json 1.95s
[738/770] round=11 large_array_decode jackson 3.99s
[739/770] round=11 large_array_decode fastjson2 3.98s
[740/770] round=11 large_array_decode yjson 3.23s
[741/770] round=11 large_array_decode stdx_json 2.49s
[742/770] round=11 large_array_decode cangjieJSON 3.02s
[743/770] round=11 large_map_encode json4cj 2.71s
[744/770] round=11 large_map_encode cjfast_json 3.07s
[745/770] round=11 large_map_encode jackson 4.00s
[746/770] round=11 large_map_encode fastjson2 3.98s
[747/770] round=11 large_map_encode yjson 2.87s
[748/770] round=11 large_map_encode stdx_json 4.04s
[749/770] round=11 large_map_encode cangjieJSON 2.79s
[750/770] round=11 large_map_decode json4cj 2.76s
[751/770] round=11 large_map_decode cjfast_json 2.89s
[752/770] round=11 large_map_decode jackson 3.99s
[753/770] round=11 large_map_decode fastjson2 4.00s
[754/770] round=11 large_map_decode yjson 3.43s
[755/770] round=11 large_map_decode stdx_json 3.37s
[756/770] round=11 large_map_decode cangjieJSON 3.14s
[757/770] round=11 deep_nested_encode json4cj 2.43s
[758/770] round=11 deep_nested_encode cjfast_json 2.57s
[759/770] round=11 deep_nested_encode jackson 3.99s
[760/770] round=11 deep_nested_encode fastjson2 3.98s
[761/770] round=11 deep_nested_encode yjson 3.14s
[762/770] round=11 deep_nested_encode stdx_json 3.45s
[763/770] round=11 deep_nested_encode cangjieJSON 2.52s
[764/770] round=11 deep_nested_decode json4cj 2.36s
[765/770] round=11 deep_nested_decode cjfast_json 2.71s
[766/770] round=11 deep_nested_decode jackson 3.99s
[767/770] round=11 deep_nested_decode fastjson2 3.98s
[768/770] round=11 deep_nested_decode yjson 4.00s
[769/770] round=11 deep_nested_decode stdx_json 2.94s
[770/770] round=11 deep_nested_decode cangjieJSON 3.17s
