[1/770] round=1 address_encode yjson 3.67s
[2/770] round=1 address_encode stdx_json 1.85s
[3/770] round=1 address_encode cangjieJSON 2.73s
[4/770] round=1 address_encode json4cj 1.94s
[5/770] round=1 address_encode cjfast_json 2.11s
[6/770] round=1 address_encode jackson 3.99s
[7/770] round=1 address_encode fastjson2 3.98s
[8/770] round=1 address_decode yjson 3.56s
[9/770] round=1 address_decode stdx_json 2.27s
[10/770] round=1 address_decode cangjieJSON 3.38s
[11/770] round=1 address_decode json4cj 2.20s
[12/770] round=1 address_decode cjfast_json 1.94s
[13/770] round=1 address_decode jackson 3.99s
[14/770] round=1 address_decode fastjson2 3.97s
[15/770] round=1 person_encode yjson 3.61s
[16/770] round=1 person_encode stdx_json 2.97s
[17/770] round=1 person_encode cangjieJSON 2.86s
[18/770] round=1 person_encode json4cj 2.01s
[19/770] round=1 person_encode cjfast_json 2.42s
[20/770] round=1 person_encode jackson 3.99s
[21/770] round=1 person_encode fastjson2 3.98s
[22/770] round=1 person_decode yjson 4.23s
[23/770] round=1 person_decode stdx_json 3.28s
[24/770] round=1 person_decode cangjieJSON 3.26s
[25/770] round=1 person_decode json4cj 2.83s
[26/770] round=1 person_decode cjfast_json 2.83s
[27/770] round=1 person_decode jackson 3.98s
[28/770] round=1 person_decode fastjson2 3.99s
[29/770] round=1 large_array_encode yjson 2.98s
[30/770] round=1 large_array_encode stdx_json 2.83s
[31/770] round=1 large_array_encode cangjieJSON 2.40s
[32/770] round=1 large_array_encode json4cj 2.06s
[33/770] round=1 large_array_encode cjfast_json 2.35s
[34/770] round=1 large_array_encode jackson 3.98s
[35/770] round=1 large_array_encode fastjson2 3.97s
[36/770] round=1 large_array_decode yjson 3.31s
[37/770] round=1 large_array_decode stdx_json 2.63s
[38/770] round=1 large_array_decode cangjieJSON 2.93s
[39/770] round=1 large_array_decode json4cj 2.01s
[40/770] round=1 large_array_decode cjfast_json 2.28s
[41/770] round=1 large_array_decode jackson 3.98s
[42/770] round=1 large_array_decode fastjson2 3.99s
[43/770] round=1 large_map_encode yjson 2.90s
[44/770] round=1 large_map_encode stdx_json 3.80s
[45/770] round=1 large_map_encode cangjieJSON 2.80s
[46/770] round=1 large_map_encode json4cj 2.85s
[47/770] round=1 large_map_encode cjfast_json 3.05s
[48/770] round=1 large_map_encode jackson 3.98s
[49/770] round=1 large_map_encode fastjson2 3.98s
[50/770] round=1 large_map_decode yjson 3.50s
[51/770] round=1 large_map_decode stdx_json 2.83s
[52/770] round=1 large_map_decode cangjieJSON 3.19s
[53/770] round=1 large_map_decode json4cj 2.75s
[54/770] round=1 large_map_decode cjfast_json 2.98s
[55/770] round=1 large_map_decode jackson 3.98s
[56/770] round=1 large_map_decode fastjson2 3.99s
[57/770] round=1 deep_nested_encode yjson 3.23s
[58/770] round=1 deep_nested_encode stdx_json 2.96s
[59/770] round=1 deep_nested_encode cangjieJSON 2.59s
[60/770] round=1 deep_nested_encode json4cj 2.12s
[61/770] round=1 deep_nested_encode cjfast_json 2.50s
[62/770] round=1 deep_nested_encode jackson 4.00s
[63/770] round=1 deep_nested_encode fastjson2 3.99s
[64/770] round=1 deep_nested_decode yjson 4.10s
[65/770] round=1 deep_nested_decode stdx_json 3.09s
[66/770] round=1 deep_nested_decode cangjieJSON 3.18s
[67/770] round=1 deep_nested_decode json4cj 2.34s
[68/770] round=1 deep_nested_decode cjfast_json 1.87s
[69/770] round=1 deep_nested_decode jackson 4.00s
[70/770] round=1 deep_nested_decode fastjson2 3.98s
[71/770] round=2 address_encode yjson 3.69s
[72/770] round=2 address_encode fastjson2 3.97s
[73/770] round=2 address_encode jackson 3.98s
[74/770] round=2 address_encode cjfast_json 2.01s
[75/770] round=2 address_encode json4cj 2.24s
[76/770] round=2 address_encode cangjieJSON 2.94s
[77/770] round=2 address_encode stdx_json 2.22s
[78/770] round=2 deep_nested_decode yjson 4.25s
[79/770] round=2 deep_nested_decode fastjson2 4.00s
[80/770] round=2 deep_nested_decode jackson 3.96s
[81/770] round=2 deep_nested_decode cjfast_json 2.56s
[82/770] round=2 deep_nested_decode json4cj 2.22s
[83/770] round=2 deep_nested_decode cangjieJSON 3.24s
[84/770] round=2 deep_nested_decode stdx_json 2.80s
[85/770] round=2 deep_nested_encode yjson 3.49s
[86/770] round=2 deep_nested_encode fastjson2 3.98s
[87/770] round=2 deep_nested_encode jackson 4.01s
[88/770] round=2 deep_nested_encode cjfast_json 2.51s
[89/770] round=2 deep_nested_encode json4cj 2.29s
[90/770] round=2 deep_nested_encode cangjieJSON 2.42s
[91/770] round=2 deep_nested_encode stdx_json 3.35s
[92/770] round=2 large_map_decode yjson 3.71s
[93/770] round=2 large_map_decode fastjson2 4.00s
[94/770] round=2 large_map_decode jackson 3.98s
[95/770] round=2 large_map_decode cjfast_json 2.59s
[96/770] round=2 large_map_decode json4cj 2.70s
[97/770] round=2 large_map_decode cangjieJSON 3.05s
[98/770] round=2 large_map_decode stdx_json 3.40s
[99/770] round=2 large_map_encode yjson 2.96s
[100/770] round=2 large_map_encode fastjson2 3.98s
[101/770] round=2 large_map_encode jackson 3.98s
[102/770] round=2 large_map_encode cjfast_json 2.45s
[103/770] round=2 large_map_encode json4cj 2.83s
[104/770] round=2 large_map_encode cangjieJSON 2.90s
[105/770] round=2 large_map_encode stdx_json 3.86s
[106/770] round=2 large_array_decode yjson 3.01s
[107/770] round=2 large_array_decode fastjson2 3.99s
[108/770] round=2 large_array_decode jackson 3.97s
[109/770] round=2 large_array_decode cjfast_json 2.27s
[110/770] round=2 large_array_decode json4cj 1.95s
[111/770] round=2 large_array_decode cangjieJSON 3.55s
[112/770] round=2 large_array_decode stdx_json 2.56s
[113/770] round=2 large_array_encode yjson 3.12s
[114/770] round=2 large_array_encode fastjson2 3.98s
[115/770] round=2 large_array_encode jackson 3.99s
[116/770] round=2 large_array_encode cjfast_json 2.29s
[117/770] round=2 large_array_encode json4cj 2.29s
[118/770] round=2 large_array_encode cangjieJSON 2.42s
[119/770] round=2 large_array_encode stdx_json 2.97s
[120/770] round=2 person_decode yjson 4.00s
[121/770] round=2 person_decode fastjson2 4.00s
[122/770] round=2 person_decode jackson 3.99s
[123/770] round=2 person_decode cjfast_json 2.80s
[124/770] round=2 person_decode json4cj 2.67s
[125/770] round=2 person_decode cangjieJSON 3.48s
[126/770] round=2 person_decode stdx_json 3.34s
[127/770] round=2 person_encode yjson 3.12s
[128/770] round=2 person_encode fastjson2 3.98s
[129/770] round=2 person_encode jackson 3.97s
[130/770] round=2 person_encode cjfast_json 2.34s
[131/770] round=2 person_encode json4cj 2.28s
[132/770] round=2 person_encode cangjieJSON 3.02s
[133/770] round=2 person_encode stdx_json 3.12s
[134/770] round=2 address_decode yjson 3.39s
[135/770] round=2 address_decode fastjson2 3.99s
[136/770] round=2 address_decode jackson 3.98s
[137/770] round=2 address_decode cjfast_json 1.95s
[138/770] round=2 address_decode json4cj 2.13s
[139/770] round=2 address_decode cangjieJSON 3.31s
[140/770] round=2 address_decode stdx_json 2.21s
[141/770] round=3 person_encode cangjieJSON 3.00s
[142/770] round=3 person_encode json4cj 2.17s
[143/770] round=3 person_encode cjfast_json 2.44s
[144/770] round=3 person_encode jackson 3.98s
[145/770] round=3 person_encode fastjson2 3.98s
[146/770] round=3 person_encode yjson 3.45s
[147/770] round=3 person_encode stdx_json 2.98s
[148/770] round=3 person_decode cangjieJSON 3.56s
[149/770] round=3 person_decode json4cj 2.68s
[150/770] round=3 person_decode cjfast_json 2.55s
[151/770] round=3 person_decode jackson 4.01s
[152/770] round=3 person_decode fastjson2 3.97s
[153/770] round=3 person_decode yjson 4.20s
[154/770] round=3 person_decode stdx_json 3.40s
[155/770] round=3 large_array_encode cangjieJSON 2.43s
[156/770] round=3 large_array_encode json4cj 2.10s
[157/770] round=3 large_array_encode cjfast_json 2.32s
[158/770] round=3 large_array_encode jackson 3.97s
[159/770] round=3 large_array_encode fastjson2 3.99s
[160/770] round=3 large_array_encode yjson 3.41s
[161/770] round=3 large_array_encode stdx_json 3.13s
[162/770] round=3 large_array_decode cangjieJSON 3.14s
[163/770] round=3 large_array_decode json4cj 2.01s
[164/770] round=3 large_array_decode cjfast_json 2.11s
[165/770] round=3 large_array_decode jackson 3.97s
[166/770] round=3 large_array_decode fastjson2 3.98s
[167/770] round=3 large_array_decode yjson 3.04s
[168/770] round=3 large_array_decode stdx_json 2.58s
[169/770] round=3 large_map_encode cangjieJSON 2.72s
[170/770] round=3 large_map_encode json4cj 2.78s
[171/770] round=3 large_map_encode cjfast_json 3.12s
[172/770] round=3 large_map_encode jackson 3.98s
[173/770] round=3 large_map_encode fastjson2 3.98s
[174/770] round=3 large_map_encode yjson 2.86s
[175/770] round=3 large_map_encode stdx_json 3.93s
[176/770] round=3 large_map_decode cangjieJSON 3.24s
[177/770] round=3 large_map_decode json4cj 2.43s
[178/770] round=3 large_map_decode cjfast_json 2.89s
[179/770] round=3 large_map_decode jackson 3.98s
[180/770] round=3 large_map_decode fastjson2 3.98s
[181/770] round=3 large_map_decode yjson 3.35s
[182/770] round=3 large_map_decode stdx_json 3.31s
[183/770] round=3 deep_nested_encode cangjieJSON 2.58s
[184/770] round=3 deep_nested_encode json4cj 2.17s
[185/770] round=3 deep_nested_encode cjfast_json 2.59s
[186/770] round=3 deep_nested_encode jackson 4.02s
[187/770] round=3 deep_nested_encode fastjson2 3.98s
[188/770] round=3 deep_nested_encode yjson 3.39s
[189/770] round=3 deep_nested_encode stdx_json 3.30s
[190/770] round=3 deep_nested_decode cangjieJSON 3.23s
[191/770] round=3 deep_nested_decode json4cj 2.21s
[192/770] round=3 deep_nested_decode cjfast_json 2.27s
[193/770] round=3 deep_nested_decode jackson 3.95s
[194/770] round=3 deep_nested_decode fastjson2 3.97s
[195/770] round=3 deep_nested_decode yjson 4.02s
[196/770] round=3 deep_nested_decode stdx_json 2.96s
[197/770] round=3 address_encode cangjieJSON 3.07s
[198/770] round=3 address_encode json4cj 2.23s
[199/770] round=3 address_encode cjfast_json 2.13s
[200/770] round=3 address_encode jackson 4.01s
[201/770] round=3 address_encode fastjson2 3.99s
[202/770] round=3 address_encode yjson 3.60s
[203/770] round=3 address_encode stdx_json 2.20s
[204/770] round=3 address_decode cangjieJSON 3.30s
[205/770] round=3 address_decode json4cj 2.24s
[206/770] round=3 address_decode cjfast_json 1.98s
[207/770] round=3 address_decode jackson 4.00s
[208/770] round=3 address_decode fastjson2 3.97s
[209/770] round=3 address_decode yjson 3.43s
[210/770] round=3 address_decode stdx_json 2.23s
[211/770] round=4 person_encode cangjieJSON 2.90s
[212/770] round=4 person_encode stdx_json 2.90s
[213/770] round=4 person_encode yjson 3.42s
[214/770] round=4 person_encode fastjson2 3.96s
[215/770] round=4 person_encode jackson 3.97s
[216/770] round=4 person_encode cjfast_json 2.72s
[217/770] round=4 person_encode json4cj 2.02s
[218/770] round=4 address_decode cangjieJSON 3.35s
[219/770] round=4 address_decode stdx_json 2.52s
[220/770] round=4 address_decode yjson 3.46s
[221/770] round=4 address_decode fastjson2 4.00s
[222/770] round=4 address_decode jackson 4.01s
[223/770] round=4 address_decode cjfast_json 2.17s
[224/770] round=4 address_decode json4cj 2.50s
[225/770] round=4 address_encode cangjieJSON 2.85s
[226/770] round=4 address_encode stdx_json 1.96s
[227/770] round=4 address_encode yjson 3.50s
[228/770] round=4 address_encode fastjson2 4.00s
[229/770] round=4 address_encode jackson 4.01s
[230/770] round=4 address_encode cjfast_json 2.30s
[231/770] round=4 address_encode json4cj 2.08s
[232/770] round=4 deep_nested_decode cangjieJSON 3.16s
[233/770] round=4 deep_nested_decode stdx_json 2.90s
[234/770] round=4 deep_nested_decode yjson 4.10s
[235/770] round=4 deep_nested_decode fastjson2 3.98s
[236/770] round=4 deep_nested_decode jackson 3.99s
[237/770] round=4 deep_nested_decode cjfast_json 2.56s
[238/770] round=4 deep_nested_decode json4cj 2.25s
[239/770] round=4 deep_nested_encode cangjieJSON 2.18s
[240/770] round=4 deep_nested_encode stdx_json 2.95s
[241/770] round=4 deep_nested_encode yjson 3.33s
[242/770] round=4 deep_nested_encode fastjson2 3.97s
[243/770] round=4 deep_nested_encode jackson 3.99s
[244/770] round=4 deep_nested_encode cjfast_json 2.55s
[245/770] round=4 deep_nested_encode json4cj 2.46s
[246/770] round=4 large_map_decode cangjieJSON 3.10s
[247/770] round=4 large_map_decode stdx_json 3.30s
[248/770] round=4 large_map_decode yjson 3.41s
[249/770] round=4 large_map_decode fastjson2 3.99s
[250/770] round=4 large_map_decode jackson 3.99s
[251/770] round=4 large_map_decode cjfast_json 3.19s
[252/770] round=4 large_map_decode json4cj 2.67s
[253/770] round=4 large_map_encode cangjieJSON 2.90s
[254/770] round=4 large_map_encode stdx_json 3.94s
[255/770] round=4 large_map_encode yjson 3.08s
[256/770] round=4 large_map_encode fastjson2 3.98s
[257/770] round=4 large_map_encode jackson 3.98s
[258/770] round=4 large_map_encode cjfast_json 3.06s
[259/770] round=4 large_map_encode json4cj 2.75s
[260/770] round=4 large_array_decode cangjieJSON 3.33s
[261/770] round=4 large_array_decode stdx_json 2.55s
[262/770] round=4 large_array_decode yjson 2.55s
[263/770] round=4 large_array_decode fastjson2 3.98s
[264/770] round=4 large_array_decode jackson 3.96s
[265/770] round=4 large_array_decode cjfast_json 2.19s
[266/770] round=4 large_array_decode json4cj 1.91s
[267/770] round=4 large_array_encode cangjieJSON 2.39s
[268/770] round=4 large_array_encode stdx_json 2.77s
[269/770] round=4 large_array_encode yjson 3.08s
[270/770] round=4 large_array_encode fastjson2 3.99s
[271/770] round=4 large_array_encode jackson 3.99s
[272/770] round=4 large_array_encode cjfast_json 2.31s
[273/770] round=4 large_array_encode json4cj 2.38s
[274/770] round=4 person_decode cangjieJSON 3.13s
[275/770] round=4 person_decode stdx_json 3.56s
[276/770] round=4 person_decode yjson 3.98s
[277/770] round=4 person_decode fastjson2 3.99s
[278/770] round=4 person_decode jackson 3.96s
[279/770] round=4 person_decode cjfast_json 2.81s
[280/770] round=4 person_decode json4cj 2.71s
[281/770] round=5 large_array_encode cjfast_json 2.40s
[282/770] round=5 large_array_encode jackson 4.00s
[283/770] round=5 large_array_encode fastjson2 3.97s
[284/770] round=5 large_array_encode yjson 3.15s
[285/770] round=5 large_array_encode stdx_json 3.22s
[286/770] round=5 large_array_encode cangjieJSON 2.36s
[287/770] round=5 large_array_encode json4cj 2.21s
[288/770] round=5 large_array_decode cjfast_json 2.09s
[289/770] round=5 large_array_decode jackson 3.96s
[290/770] round=5 large_array_decode fastjson2 3.99s
[291/770] round=5 large_array_decode yjson 3.45s
[292/770] round=5 large_array_decode stdx_json 2.51s
[293/770] round=5 large_array_decode cangjieJSON 3.35s
[294/770] round=5 large_array_decode json4cj 2.11s
[295/770] round=5 large_map_encode cjfast_json 3.14s
[296/770] round=5 large_map_encode jackson 3.98s
[297/770] round=5 large_map_encode fastjson2 3.99s
[298/770] round=5 large_map_encode yjson 2.99s
[299/770] round=5 large_map_encode stdx_json 3.77s
[300/770] round=5 large_map_encode cangjieJSON 2.96s
[301/770] round=5 large_map_encode json4cj 2.70s
[302/770] round=5 large_map_decode cjfast_json 2.96s
[303/770] round=5 large_map_decode jackson 4.01s
[304/770] round=5 large_map_decode fastjson2 3.97s
[305/770] round=5 large_map_decode yjson 3.64s
[306/770] round=5 large_map_decode stdx_json 3.46s
[307/770] round=5 large_map_decode cangjieJSON 3.02s
[308/770] round=5 large_map_decode json4cj 2.74s
[309/770] round=5 deep_nested_encode cjfast_json 2.40s
[310/770] round=5 deep_nested_encode jackson 4.00s
[311/770] round=5 deep_nested_encode fastjson2 3.99s
[312/770] round=5 deep_nested_encode yjson 3.29s
[313/770] round=5 deep_nested_encode stdx_json 3.46s
[314/770] round=5 deep_nested_encode cangjieJSON 2.48s
[315/770] round=5 deep_nested_encode json4cj 2.16s
[316/770] round=5 deep_nested_decode cjfast_json 2.59s
[317/770] round=5 deep_nested_decode jackson 3.99s
[318/770] round=5 deep_nested_decode fastjson2 3.98s
[319/770] round=5 deep_nested_decode yjson 4.13s
[320/770] round=5 deep_nested_decode stdx_json 3.07s
[321/770] round=5 deep_nested_decode cangjieJSON 3.19s
[322/770] round=5 deep_nested_decode json4cj 2.30s
[323/770] round=5 address_encode cjfast_json 2.31s
[324/770] round=5 address_encode jackson 4.00s
[325/770] round=5 address_encode fastjson2 3.99s
[326/770] round=5 address_encode yjson 3.69s
[327/770] round=5 address_encode stdx_json 2.11s
[328/770] round=5 address_encode cangjieJSON 3.13s
[329/770] round=5 address_encode json4cj 2.22s
[330/770] round=5 address_decode cjfast_json 2.00s
[331/770] round=5 address_decode jackson 3.99s
[332/770] round=5 address_decode fastjson2 3.97s
[333/770] round=5 address_decode yjson 3.28s
[334/770] round=5 address_decode stdx_json 2.62s
[335/770] round=5 address_decode cangjieJSON 3.50s
[336/770] round=5 address_decode json4cj 2.14s
[337/770] round=5 person_encode cjfast_json 2.37s
[338/770] round=5 person_encode jackson 3.98s
[339/770] round=5 person_encode fastjson2 3.97s
[340/770] round=5 person_encode yjson 3.29s
[341/770] round=5 person_encode stdx_json 3.04s
[342/770] round=5 person_encode cangjieJSON 2.81s
[343/770] round=5 person_encode json4cj 2.06s
[344/770] round=5 person_decode cjfast_json 2.86s
[345/770] round=5 person_decode jackson 3.99s
[346/770] round=5 person_decode fastjson2 3.99s
[347/770] round=5 person_decode yjson 4.16s
[348/770] round=5 person_decode stdx_json 3.42s
[349/770] round=5 person_decode cangjieJSON 2.71s
[350/770] round=5 person_decode json4cj 2.65s
[351/770] round=6 large_array_encode cjfast_json 2.37s
[352/770] round=6 large_array_encode json4cj 2.13s
[353/770] round=6 large_array_encode cangjieJSON 2.37s
[354/770] round=6 large_array_encode stdx_json 2.98s
[355/770] round=6 large_array_encode yjson 3.10s
[356/770] round=6 large_array_encode fastjson2 3.96s
[357/770] round=6 large_array_encode jackson 4.00s
[358/770] round=6 person_decode cjfast_json 2.80s
[359/770] round=6 person_decode json4cj 2.63s
[360/770] round=6 person_decode cangjieJSON 3.46s
[361/770] round=6 person_decode stdx_json 3.53s
[362/770] round=6 person_decode yjson 4.22s
[363/770] round=6 person_decode fastjson2 3.99s
[364/770] round=6 person_decode jackson 3.99s
[365/770] round=6 person_encode cjfast_json 2.61s
[366/770] round=6 person_encode json4cj 2.18s
[367/770] round=6 person_encode cangjieJSON 2.78s
[368/770] round=6 person_encode stdx_json 2.90s
[369/770] round=6 person_encode yjson 3.50s
[370/770] round=6 person_encode fastjson2 4.00s
[371/770] round=6 person_encode jackson 4.01s
[372/770] round=6 address_decode cjfast_json 2.16s
[373/770] round=6 address_decode json4cj 2.17s
[374/770] round=6 address_decode cangjieJSON 3.31s
[375/770] round=6 address_decode stdx_json 2.19s
[376/770] round=6 address_decode yjson 3.74s
[377/770] round=6 address_decode fastjson2 3.99s
[378/770] round=6 address_decode jackson 3.98s
[379/770] round=6 address_encode cjfast_json 2.27s
[380/770] round=6 address_encode json4cj 1.97s
[381/770] round=6 address_encode cangjieJSON 2.91s
[382/770] round=6 address_encode stdx_json 2.17s
[383/770] round=6 address_encode yjson 3.71s
[384/770] round=6 address_encode fastjson2 4.00s
[385/770] round=6 address_encode jackson 4.00s
[386/770] round=6 deep_nested_decode cjfast_json 2.66s
[387/770] round=6 deep_nested_decode json4cj 2.23s
[388/770] round=6 deep_nested_decode cangjieJSON 3.22s
[389/770] round=6 deep_nested_decode stdx_json 3.15s
[390/770] round=6 deep_nested_decode yjson 4.16s
[391/770] round=6 deep_nested_decode fastjson2 3.98s
[392/770] round=6 deep_nested_decode jackson 3.98s
[393/770] round=6 deep_nested_encode cjfast_json 2.61s
[394/770] round=6 deep_nested_encode json4cj 2.51s
[395/770] round=6 deep_nested_encode cangjieJSON 2.39s
[396/770] round=6 deep_nested_encode stdx_json 3.36s
[397/770] round=6 deep_nested_encode yjson 3.43s
[398/770] round=6 deep_nested_encode fastjson2 3.99s
[399/770] round=6 deep_nested_encode jackson 3.99s
[400/770] round=6 large_map_decode cjfast_json 2.94s
[401/770] round=6 large_map_decode json4cj 2.70s
[402/770] round=6 large_map_decode cangjieJSON 3.14s
[403/770] round=6 large_map_decode stdx_json 3.21s
[404/770] round=6 large_map_decode yjson 3.64s
[405/770] round=6 large_map_decode fastjson2 3.96s
[406/770] round=6 large_map_decode jackson 3.98s
[407/770] round=6 large_map_encode cjfast_json 3.13s
[408/770] round=6 large_map_encode json4cj 2.67s
[409/770] round=6 large_map_encode cangjieJSON 2.88s
[410/770] round=6 large_map_encode stdx_json 3.84s
[411/770] round=6 large_map_encode yjson 2.39s
[412/770] round=6 large_map_encode fastjson2 3.97s
[413/770] round=6 large_map_encode jackson 3.98s
[414/770] round=6 large_array_decode cjfast_json 2.11s
[415/770] round=6 large_array_decode json4cj 1.97s
[416/770] round=6 large_array_decode cangjieJSON 3.61s
[417/770] round=6 large_array_decode stdx_json 2.43s
[418/770] round=6 large_array_decode yjson 3.10s
[419/770] round=6 large_array_decode fastjson2 3.99s
[420/770] round=6 large_array_decode jackson 3.95s
[421/770] round=7 large_map_encode fastjson2 3.99s
[422/770] round=7 large_map_encode yjson 2.87s
[423/770] round=7 large_map_encode stdx_json 3.94s
[424/770] round=7 large_map_encode cangjieJSON 2.85s
[425/770] round=7 large_map_encode json4cj 2.79s
[426/770] round=7 large_map_encode cjfast_json 3.04s
[427/770] round=7 large_map_encode jackson 4.00s
[428/770] round=7 large_map_decode fastjson2 3.97s
[429/770] round=7 large_map_decode yjson 3.30s
[430/770] round=7 large_map_decode stdx_json 3.53s
[431/770] round=7 large_map_decode cangjieJSON 3.07s
[432/770] round=7 large_map_decode json4cj 2.74s
[433/770] round=7 large_map_decode cjfast_json 2.64s
[434/770] round=7 large_map_decode jackson 3.98s
[435/770] round=7 deep_nested_encode fastjson2 3.98s
[436/770] round=7 deep_nested_encode yjson 3.40s
[437/770] round=7 deep_nested_encode stdx_json 3.40s
[438/770] round=7 deep_nested_encode cangjieJSON 2.46s
[439/770] round=7 deep_nested_encode json4cj 2.23s
[440/770] round=7 deep_nested_encode cjfast_json 2.61s
[441/770] round=7 deep_nested_encode jackson 4.00s
[442/770] round=7 deep_nested_decode fastjson2 3.98s
[443/770] round=7 deep_nested_decode yjson 4.17s
[444/770] round=7 deep_nested_decode stdx_json 3.19s
[445/770] round=7 deep_nested_decode cangjieJSON 3.17s
[446/770] round=7 deep_nested_decode json4cj 2.22s
[447/770] round=7 deep_nested_decode cjfast_json 2.57s
[448/770] round=7 deep_nested_decode jackson 3.98s
[449/770] round=7 address_encode fastjson2 3.96s
[450/770] round=7 address_encode yjson 3.70s
[451/770] round=7 address_encode stdx_json 2.19s
[452/770] round=7 address_encode cangjieJSON 2.82s
[453/770] round=7 address_encode json4cj 2.03s
[454/770] round=7 address_encode cjfast_json 2.20s
[455/770] round=7 address_encode jackson 3.99s
[456/770] round=7 address_decode fastjson2 3.98s
[457/770] round=7 address_decode yjson 3.32s
[458/770] round=7 address_decode stdx_json 2.43s
[459/770] round=7 address_decode cangjieJSON 3.42s
[460/770] round=7 address_decode json4cj 2.13s
[461/770] round=7 address_decode cjfast_json 2.04s
[462/770] round=7 address_decode jackson 3.98s
[463/770] round=7 person_encode fastjson2 3.98s
[464/770] round=7 person_encode yjson 3.28s
[465/770] round=7 person_encode stdx_json 3.58s
[466/770] round=7 person_encode cangjieJSON 3.01s
[467/770] round=7 person_encode json4cj 2.27s
[468/770] round=7 person_encode cjfast_json 2.44s
[469/770] round=7 person_encode jackson 4.00s
[470/770] round=7 person_decode fastjson2 3.96s
[471/770] round=7 person_decode yjson 4.12s
[472/770] round=7 person_decode stdx_json 3.51s
[473/770] round=7 person_decode cangjieJSON 3.32s
[474/770] round=7 person_decode json4cj 2.65s
[475/770] round=7 person_decode cjfast_json 3.10s
[476/770] round=7 person_decode jackson 3.96s
[477/770] round=7 large_array_encode fastjson2 3.97s
[478/770] round=7 large_array_encode yjson 3.19s
[479/770] round=7 large_array_encode stdx_json 3.12s
[480/770] round=7 large_array_encode cangjieJSON 2.34s
[481/770] round=7 large_array_encode json4cj 2.24s
[482/770] round=7 large_array_encode cjfast_json 2.38s
[483/770] round=7 large_array_encode jackson 3.97s
[484/770] round=7 large_array_decode fastjson2 3.99s
[485/770] round=7 large_array_decode yjson 3.24s
[486/770] round=7 large_array_decode stdx_json 2.53s
[487/770] round=7 large_array_decode cangjieJSON 3.18s
[488/770] round=7 large_array_decode json4cj 1.57s
[489/770] round=7 large_array_decode cjfast_json 2.13s
[490/770] round=7 large_array_decode jackson 3.98s
[491/770] round=8 large_map_encode fastjson2 3.98s
[492/770] round=8 large_map_encode jackson 3.99s
[493/770] round=8 large_map_encode cjfast_json 3.00s
[494/770] round=8 large_map_encode json4cj 2.80s
[495/770] round=8 large_map_encode cangjieJSON 2.81s
[496/770] round=8 large_map_encode stdx_json 3.61s
[497/770] round=8 large_map_encode yjson 2.95s
[498/770] round=8 large_array_decode fastjson2 3.97s
[499/770] round=8 large_array_decode jackson 3.99s
[500/770] round=8 large_array_decode cjfast_json 2.11s
[501/770] round=8 large_array_decode json4cj 2.04s
[502/770] round=8 large_array_decode cangjieJSON 3.35s
[503/770] round=8 large_array_decode stdx_json 2.49s
[504/770] round=8 large_array_decode yjson 3.06s
[505/770] round=8 large_array_encode fastjson2 3.97s
[506/770] round=8 large_array_encode jackson 3.98s
[507/770] round=8 large_array_encode cjfast_json 2.48s
[508/770] round=8 large_array_encode json4cj 2.03s
[509/770] round=8 large_array_encode cangjieJSON 2.36s
[510/770] round=8 large_array_encode stdx_json 3.05s
[511/770] round=8 large_array_encode yjson 3.19s
[512/770] round=8 person_decode fastjson2 4.00s
[513/770] round=8 person_decode jackson 3.99s
[514/770] round=8 person_decode cjfast_json 2.80s
[515/770] round=8 person_decode json4cj 2.90s
[516/770] round=8 person_decode cangjieJSON 3.50s
[517/770] round=8 person_decode stdx_json 3.49s
[518/770] round=8 person_decode yjson 4.13s
[519/770] round=8 person_encode fastjson2 3.98s
[520/770] round=8 person_encode jackson 3.98s
[521/770] round=8 person_encode cjfast_json 2.56s
[522/770] round=8 person_encode json4cj 2.24s
[523/770] round=8 person_encode cangjieJSON 2.95s
[524/770] round=8 person_encode stdx_json 3.37s
[525/770] round=8 person_encode yjson 3.59s
[526/770] round=8 address_decode fastjson2 3.96s
[527/770] round=8 address_decode jackson 3.97s
[528/770] round=8 address_decode cjfast_json 1.77s
[529/770] round=8 address_decode json4cj 2.29s
[530/770] round=8 address_decode cangjieJSON 3.32s
[531/770] round=8 address_decode stdx_json 2.35s
[532/770] round=8 address_decode yjson 3.31s
[533/770] round=8 address_encode fastjson2 3.98s
[534/770] round=8 address_encode jackson 3.97s
[535/770] round=8 address_encode cjfast_json 2.34s
[536/770] round=8 address_encode json4cj 2.03s
[537/770] round=8 address_encode cangjieJSON 3.11s
[538/770] round=8 address_encode stdx_json 2.32s
[539/770] round=8 address_encode yjson 3.59s
[540/770] round=8 deep_nested_decode fastjson2 4.00s
[541/770] round=8 deep_nested_decode jackson 3.98s
[542/770] round=8 deep_nested_decode cjfast_json 2.53s
[543/770] round=8 deep_nested_decode json4cj 2.33s
[544/770] round=8 deep_nested_decode cangjieJSON 3.17s
[545/770] round=8 deep_nested_decode stdx_json 3.13s
[546/770] round=8 deep_nested_decode yjson 3.92s
[547/770] round=8 deep_nested_encode fastjson2 3.98s
[548/770] round=8 deep_nested_encode jackson 3.99s
[549/770] round=8 deep_nested_encode cjfast_json 2.47s
[550/770] round=8 deep_nested_encode json4cj 2.38s
[551/770] round=8 deep_nested_encode cangjieJSON 2.60s
[552/770] round=8 deep_nested_encode stdx_json 3.46s
[553/770] round=8 deep_nested_encode yjson 2.78s
[554/770] round=8 large_map_decode fastjson2 3.99s
[555/770] round=8 large_map_decode jackson 3.99s
[556/770] round=8 large_map_decode cjfast_json 2.68s
[557/770] round=8 large_map_decode json4cj 2.72s
[558/770] round=8 large_map_decode cangjieJSON 2.73s
[559/770] round=8 large_map_decode stdx_json 3.60s
[560/770] round=8 large_map_decode yjson 3.64s
[561/770] round=9 deep_nested_encode stdx_json 3.00s
[562/770] round=9 deep_nested_encode cangjieJSON 2.55s
[563/770] round=9 deep_nested_encode json4cj 2.34s
[564/770] round=9 deep_nested_encode cjfast_json 2.65s
[565/770] round=9 deep_nested_encode jackson 3.98s
[566/770] round=9 deep_nested_encode fastjson2 3.98s
[567/770] round=9 deep_nested_encode yjson 3.43s
[568/770] round=9 deep_nested_decode stdx_json 2.79s
[569/770] round=9 deep_nested_decode cangjieJSON 3.12s
[570/770] round=9 deep_nested_decode json4cj 2.33s
[571/770] round=9 deep_nested_decode cjfast_json 1.81s
[572/770] round=9 deep_nested_decode jackson 3.99s
[573/770] round=9 deep_nested_decode fastjson2 3.98s
[574/770] round=9 deep_nested_decode yjson 4.38s
[575/770] round=9 address_encode stdx_json 2.01s
[576/770] round=9 address_encode cangjieJSON 2.98s
[577/770] round=9 address_encode json4cj 2.01s
[578/770] round=9 address_encode cjfast_json 2.02s
[579/770] round=9 address_encode jackson 3.97s
[580/770] round=9 address_encode fastjson2 4.00s
[581/770] round=9 address_encode yjson 3.73s
[582/770] round=9 address_decode stdx_json 2.36s
[583/770] round=9 address_decode cangjieJSON 3.49s
[584/770] round=9 address_decode json4cj 2.18s
[585/770] round=9 address_decode cjfast_json 2.15s
[586/770] round=9 address_decode jackson 3.96s
[587/770] round=9 address_decode fastjson2 3.99s
[588/770] round=9 address_decode yjson 3.35s
[589/770] round=9 person_encode stdx_json 2.75s
[590/770] round=9 person_encode cangjieJSON 2.79s
[591/770] round=9 person_encode json4cj 1.96s
[592/770] round=9 person_encode cjfast_json 2.66s
[593/770] round=9 person_encode jackson 3.98s
[594/770] round=9 person_encode fastjson2 3.98s
[595/770] round=9 person_encode yjson 3.40s
[596/770] round=9 person_decode stdx_json 3.39s
[597/770] round=9 person_decode cangjieJSON 3.35s
[598/770] round=9 person_decode json4cj 2.73s
[599/770] round=9 person_decode cjfast_json 2.91s
[600/770] round=9 person_decode jackson 3.98s
[601/770] round=9 person_decode fastjson2 3.99s
[602/770] round=9 person_decode yjson 4.32s
[603/770] round=9 large_array_encode stdx_json 2.94s
[604/770] round=9 large_array_encode cangjieJSON 2.36s
[605/770] round=9 large_array_encode json4cj 2.17s
[606/770] round=9 large_array_encode cjfast_json 2.32s
[607/770] round=9 large_array_encode jackson 3.99s
[608/770] round=9 large_array_encode fastjson2 3.98s
[609/770] round=9 large_array_encode yjson 3.32s
[610/770] round=9 large_array_decode stdx_json 2.47s
[611/770] round=9 large_array_decode cangjieJSON 3.31s
[612/770] round=9 large_array_decode json4cj 1.38s
[613/770] round=9 large_array_decode cjfast_json 2.10s
[614/770] round=9 large_array_decode jackson 3.98s
[615/770] round=9 large_array_decode fastjson2 3.99s
[616/770] round=9 large_array_decode yjson 3.20s
[617/770] round=9 large_map_encode stdx_json 3.48s
[618/770] round=9 large_map_encode cangjieJSON 2.77s
[619/770] round=9 large_map_encode json4cj 2.76s
[620/770] round=9 large_map_encode cjfast_json 3.06s
[621/770] round=9 large_map_encode jackson 3.99s
[622/770] round=9 large_map_encode fastjson2 3.98s
[623/770] round=9 large_map_encode yjson 2.91s
[624/770] round=9 large_map_decode stdx_json 3.36s
[625/770] round=9 large_map_decode cangjieJSON 2.73s
[626/770] round=9 large_map_decode json4cj 2.79s
[627/770] round=9 large_map_decode cjfast_json 2.90s
[628/770] round=9 large_map_decode jackson 3.98s
[629/770] round=9 large_map_decode fastjson2 3.99s
[630/770] round=9 large_map_decode yjson 3.52s
[631/770] round=10 deep_nested_encode stdx_json 2.79s
[632/770] round=10 deep_nested_encode yjson 3.21s
[633/770] round=10 deep_nested_encode fastjson2 4.01s
[634/770] round=10 deep_nested_encode jackson 3.97s
[635/770] round=10 deep_nested_encode cjfast_json 2.59s
[636/770] round=10 deep_nested_encode json4cj 2.42s
[637/770] round=10 deep_nested_encode cangjieJSON 2.51s
[638/770] round=10 large_map_decode stdx_json 3.26s
[639/770] round=10 large_map_decode yjson 3.60s
[640/770] round=10 large_map_decode fastjson2 3.97s
[641/770] round=10 large_map_decode jackson 3.99s
[642/770] round=10 large_map_decode cjfast_json 2.81s
[643/770] round=10 large_map_decode json4cj 2.52s
[644/770] round=10 large_map_decode cangjieJSON 3.08s
[645/770] round=10 large_map_encode stdx_json 3.42s
[646/770] round=10 large_map_encode yjson 2.99s
[647/770] round=10 large_map_encode fastjson2 3.98s
[648/770] round=10 large_map_encode jackson 3.96s
[649/770] round=10 large_map_encode cjfast_json 3.07s
[650/770] round=10 large_map_encode json4cj 2.64s
[651/770] round=10 large_map_encode cangjieJSON 2.78s
[652/770] round=10 large_array_decode stdx_json 2.44s
[653/770] round=10 large_array_decode yjson 3.31s
[654/770] round=10 large_array_decode fastjson2 3.99s
[655/770] round=10 large_array_decode jackson 3.98s
[656/770] round=10 large_array_decode cjfast_json 2.15s
[657/770] round=10 large_array_decode json4cj 1.98s
[658/770] round=10 large_array_decode cangjieJSON 3.65s
[659/770] round=10 large_array_encode stdx_json 3.17s
[660/770] round=10 large_array_encode yjson 3.08s
[661/770] round=10 large_array_encode fastjson2 3.99s
[662/770] round=10 large_array_encode jackson 3.98s
[663/770] round=10 large_array_encode cjfast_json 2.25s
[664/770] round=10 large_array_encode json4cj 2.09s
[665/770] round=10 large_array_encode cangjieJSON 2.54s
[666/770] round=10 person_decode stdx_json 3.40s
[667/770] round=10 person_decode yjson 4.12s
[668/770] round=10 person_decode fastjson2 3.98s
[669/770] round=10 person_decode jackson 3.98s
[670/770] round=10 person_decode cjfast_json 2.79s
[671/770] round=10 person_decode json4cj 2.54s
[672/770] round=10 person_decode cangjieJSON 3.54s
[673/770] round=10 person_encode stdx_json 3.03s
[674/770] round=10 person_encode yjson 3.50s
[675/770] round=10 person_encode fastjson2 3.95s
[676/770] round=10 person_encode jackson 3.98s
[677/770] round=10 person_encode cjfast_json 2.32s
[678/770] round=10 person_encode json4cj 2.14s
[679/770] round=10 person_encode cangjieJSON 2.92s
[680/770] round=10 address_decode stdx_json 2.44s
[681/770] round=10 address_decode yjson 3.35s
[682/770] round=10 address_decode fastjson2 3.98s
[683/770] round=10 address_decode jackson 3.99s
[684/770] round=10 address_decode cjfast_json 2.32s
[685/770] round=10 address_decode json4cj 2.31s
[686/770] round=10 address_decode cangjieJSON 3.36s
[687/770] round=10 address_encode stdx_json 2.02s
[688/770] round=10 address_encode yjson 3.64s
[689/770] round=10 address_encode fastjson2 3.99s
[690/770] round=10 address_encode jackson 3.97s
[691/770] round=10 address_encode cjfast_json 2.47s
[692/770] round=10 address_encode json4cj 2.30s
[693/770] round=10 address_encode cangjieJSON 2.79s
[694/770] round=10 deep_nested_decode stdx_json 3.13s
[695/770] round=10 deep_nested_decode yjson 4.21s
[696/770] round=10 deep_nested_decode fastjson2 3.98s
[697/770] round=10 deep_nested_decode jackson 3.98s
[698/770] round=10 deep_nested_decode cjfast_json 2.60s
[699/770] round=10 deep_nested_decode json4cj 2.25s
[700/770] round=10 deep_nested_decode cangjieJSON 3.20s
[701/770] round=11 address_encode json4cj 2.23s
[702/770] round=11 address_encode cjfast_json 2.12s
[703/770] round=11 address_encode jackson 3.99s
[704/770] round=11 address_encode fastjson2 3.96s
[705/770] round=11 address_encode yjson 3.75s
[706/770] round=11 address_encode stdx_json 2.35s
[707/770] round=11 address_encode cangjieJSON 2.86s
[708/770] round=11 address_decode json4cj 2.27s
[709/770] round=11 address_decode cjfast_json 2.04s
[710/770] round=11 address_decode jackson 3.99s
[711/770] round=11 address_decode fastjson2 4.00s
[712/770] round=11 address_decode yjson 3.40s
[713/770] round=11 address_decode stdx_json 2.30s
[714/770] round=11 address_decode cangjieJSON 3.24s
[715/770] round=11 person_encode json4cj 2.05s
[716/770] round=11 person_encode cjfast_json 2.43s
[717/770] round=11 person_encode jackson 3.97s
[718/770] round=11 person_encode fastjson2 3.98s
[719/770] round=11 person_encode yjson 3.40s
[720/770] round=11 person_encode stdx_json 2.87s
[721/770] round=11 person_encode cangjieJSON 2.87s
[722/770] round=11 person_decode json4cj 2.48s
[723/770] round=11 person_decode cjfast_json 2.88s
[724/770] round=11 person_decode jackson 3.99s
[725/770] round=11 person_decode fastjson2 3.98s
[726/770] round=11 person_decode yjson 4.09s
[727/770] round=11 person_decode stdx_json 3.42s
[728/770] round=11 person_decode cangjieJSON 3.46s
[729/770] round=11 large_array_encode json4cj 2.09s
[730/770] round=11 large_array_encode cjfast_json 2.37s
[731/770] round=11 large_array_encode jackson 3.98s
[732/770] round=11 large_array_encode fastjson2 3.98s
[733/770] round=11 large_array_encode yjson 3.11s
[734/770] round=11 large_array_encode stdx_json 2.93s
[735/770] round=11 large_array_encode cangjieJSON 2.34s
[736/770] round=11 large_array_decode json4cj 2.04s
[737/770] round=11 large_array_decode cjfast_json 2.16s
[738/770] round=11 large_array_decode jackson 3.97s
[739/770] round=11 large_array_decode fastjson2 3.99s
[740/770] round=11 large_array_decode yjson 3.26s
[741/770] round=11 large_array_decode stdx_json 2.15s
[742/770] round=11 large_array_decode cangjieJSON 3.36s
[743/770] round=11 large_map_encode json4cj 2.58s
[744/770] round=11 large_map_encode cjfast_json 2.93s
[745/770] round=11 large_map_encode jackson 3.98s
[746/770] round=11 large_map_encode fastjson2 3.98s
[747/770] round=11 large_map_encode yjson 3.01s
[748/770] round=11 large_map_encode stdx_json 4.05s
[749/770] round=11 large_map_encode cangjieJSON 2.83s
[750/770] round=11 large_map_decode json4cj 2.51s
[751/770] round=11 large_map_decode cjfast_json 2.98s
[752/770] round=11 large_map_decode jackson 3.98s
[753/770] round=11 large_map_decode fastjson2 3.99s
[754/770] round=11 large_map_decode yjson 3.50s
[755/770] round=11 large_map_decode stdx_json 3.34s
[756/770] round=11 large_map_decode cangjieJSON 2.98s
[757/770] round=11 deep_nested_encode json4cj 2.34s
[758/770] round=11 deep_nested_encode cjfast_json 2.63s
[759/770] round=11 deep_nested_encode jackson 3.99s
[760/770] round=11 deep_nested_encode fastjson2 3.98s
[761/770] round=11 deep_nested_encode yjson 3.33s
[762/770] round=11 deep_nested_encode stdx_json 3.10s
[763/770] round=11 deep_nested_encode cangjieJSON 2.52s
[764/770] round=11 deep_nested_decode json4cj 2.24s
[765/770] round=11 deep_nested_decode cjfast_json 2.65s
[766/770] round=11 deep_nested_decode jackson 3.98s
[767/770] round=11 deep_nested_decode fastjson2 3.99s
[768/770] round=11 deep_nested_decode yjson 4.27s
[769/770] round=11 deep_nested_decode stdx_json 2.77s
[770/770] round=11 deep_nested_decode cangjieJSON 3.26s
