# JMH version: 1.37
# VM version: JDK 17.0.20, OpenJDK 64-Bit Server VM, 17.0.20+8-1-22.04-Ubuntu
# VM invoker: /usr/lib/jvm/java-17-openjdk-amd64/bin/java
# VM options: <none>
# Blackhole mode: compiler (auto-detected, use -Djmh.blackhole.autoDetect=false to disable)
# Warmup: 2 iterations, 1 s each
# Measurement: 5 iterations, 1 s each
# Timeout: 10 min per iteration
# Threads: 1 thread, will synchronize iterations
# Benchmark mode: Average time, time/op
# Benchmark: jmh.JacksonBenchJMH.t9_1_1_primitiveSerialize

# Run progress: 0.00% complete, ETA 00:03:51
# Fork: 1 of 1
# Warmup Iteration   1: 1.321 us/op
# Warmup Iteration   2: 0.483 us/op
Iteration   1: 0.436 us/op
Iteration   2: 0.418 us/op
Iteration   3: 0.411 us/op
Iteration   4: 0.421 us/op
Iteration   5: 0.414 us/op


Result "jmh.JacksonBenchJMH.t9_1_1_primitiveSerialize":
  0.420 ±(99.9%) 0.038 us/op [Average]
  (min, avg, max) = (0.411, 0.420, 0.436), stdev = 0.010
  CI (99.9%): [0.382, 0.458] (assumes normal distribution)


# JMH version: 1.37
# VM version: JDK 17.0.20, OpenJDK 64-Bit Server VM, 17.0.20+8-1-22.04-Ubuntu
# VM invoker: /usr/lib/jvm/java-17-openjdk-amd64/bin/java
# VM options: <none>
# Blackhole mode: compiler (auto-detected, use -Djmh.blackhole.autoDetect=false to disable)
# Warmup: 2 iterations, 1 s each
# Measurement: 5 iterations, 1 s each
# Timeout: 10 min per iteration
# Threads: 1 thread, will synchronize iterations
# Benchmark mode: Average time, time/op
# Benchmark: jmh.JacksonBenchJMH.t9_1_2_primitiveDeserialize

# Run progress: 3.03% complete, ETA 00:04:11
# Fork: 1 of 1
# Warmup Iteration   1: 2.322 us/op
# Warmup Iteration   2: 0.717 us/op
Iteration   1: 0.659 us/op
Iteration   2: 0.643 us/op
Iteration   3: 0.605 us/op
Iteration   4: 0.622 us/op
Iteration   5: 0.618 us/op


Result "jmh.JacksonBenchJMH.t9_1_2_primitiveDeserialize":
  0.629 ±(99.9%) 0.082 us/op [Average]
  (min, avg, max) = (0.605, 0.629, 0.659), stdev = 0.021
  CI (99.9%): [0.547, 0.712] (assumes normal distribution)


# JMH version: 1.37
# VM version: JDK 17.0.20, OpenJDK 64-Bit Server VM, 17.0.20+8-1-22.04-Ubuntu
# VM invoker: /usr/lib/jvm/java-17-openjdk-amd64/bin/java
# VM options: <none>
# Blackhole mode: compiler (auto-detected, use -Djmh.blackhole.autoDetect=false to disable)
# Warmup: 2 iterations, 1 s each
# Measurement: 5 iterations, 1 s each
# Timeout: 10 min per iteration
# Threads: 1 thread, will synchronize iterations
# Benchmark mode: Average time, time/op
# Benchmark: jmh.JacksonBenchJMH.t9_1_3_primitiveRoundTrip

# Run progress: 6.06% complete, ETA 00:04:03
# Fork: 1 of 1
# Warmup Iteration   1: 9.718 us/op
# Warmup Iteration   2: 1.825 us/op
Iteration   1: 1.169 us/op
Iteration   2: 1.077 us/op
Iteration   3: 1.074 us/op
Iteration   4: 1.070 us/op
Iteration   5: 1.136 us/op


Result "jmh.JacksonBenchJMH.t9_1_3_primitiveRoundTrip":
  1.105 ±(99.9%) 0.172 us/op [Average]
  (min, avg, max) = (1.070, 1.105, 1.169), stdev = 0.045
  CI (99.9%): [0.933, 1.277] (assumes normal distribution)


# JMH version: 1.37
# VM version: JDK 17.0.20, OpenJDK 64-Bit Server VM, 17.0.20+8-1-22.04-Ubuntu
# VM invoker: /usr/lib/jvm/java-17-openjdk-amd64/bin/java
# VM options: <none>
# Blackhole mode: compiler (auto-detected, use -Djmh.blackhole.autoDetect=false to disable)
# Warmup: 2 iterations, 1 s each
# Measurement: 5 iterations, 1 s each
# Timeout: 10 min per iteration
# Threads: 1 thread, will synchronize iterations
# Benchmark mode: Average time, time/op
# Benchmark: jmh.JacksonBenchJMH.t9_2_1_shortStringSerialize

# Run progress: 9.09% complete, ETA 00:03:55
# Fork: 1 of 1
# Warmup Iteration   1: 0.825 us/op
# Warmup Iteration   2: 0.422 us/op
Iteration   1: 0.416 us/op
Iteration   2: 0.397 us/op
Iteration   3: 0.393 us/op
Iteration   4: 0.390 us/op
Iteration   5: 0.391 us/op


Result "jmh.JacksonBenchJMH.t9_2_1_shortStringSerialize":
  0.397 ±(99.9%) 0.041 us/op [Average]
  (min, avg, max) = (0.390, 0.397, 0.416), stdev = 0.011
  CI (99.9%): [0.357, 0.438] (assumes normal distribution)


# JMH version: 1.37
# VM version: JDK 17.0.20, OpenJDK 64-Bit Server VM, 17.0.20+8-1-22.04-Ubuntu
# VM invoker: /usr/lib/jvm/java-17-openjdk-amd64/bin/java
# VM options: <none>
# Blackhole mode: compiler (auto-detected, use -Djmh.blackhole.autoDetect=false to disable)
# Warmup: 2 iterations, 1 s each
# Measurement: 5 iterations, 1 s each
# Timeout: 10 min per iteration
# Threads: 1 thread, will synchronize iterations
# Benchmark mode: Average time, time/op
# Benchmark: jmh.JacksonBenchJMH.t9_2_2_longStringSerialize

# Run progress: 12.12% complete, ETA 00:03:47
# Fork: 1 of 1
# Warmup Iteration   1: 19.302 us/op
# Warmup Iteration   2: 14.790 us/op
Iteration   1: 13.777 us/op
Iteration   2: 13.231 us/op
Iteration   3: 13.017 us/op
Iteration   4: 13.020 us/op
Iteration   5: 13.113 us/op


Result "jmh.JacksonBenchJMH.t9_2_2_longStringSerialize":
  13.232 ±(99.9%) 1.221 us/op [Average]
  (min, avg, max) = (13.017, 13.232, 13.777), stdev = 0.317
  CI (99.9%): [12.010, 14.453] (assumes normal distribution)


# JMH version: 1.37
# VM version: JDK 17.0.20, OpenJDK 64-Bit Server VM, 17.0.20+8-1-22.04-Ubuntu
# VM invoker: /usr/lib/jvm/java-17-openjdk-amd64/bin/java
# VM options: <none>
# Blackhole mode: compiler (auto-detected, use -Djmh.blackhole.autoDetect=false to disable)
# Warmup: 2 iterations, 1 s each
# Measurement: 5 iterations, 1 s each
# Timeout: 10 min per iteration
# Threads: 1 thread, will synchronize iterations
# Benchmark mode: Average time, time/op
# Benchmark: jmh.JacksonBenchJMH.t9_2_3_escapeStringSerialize

# Run progress: 15.15% complete, ETA 00:03:39
# Fork: 1 of 1
# Warmup Iteration   1: 1.102 us/op
# Warmup Iteration   2: 0.557 us/op
Iteration   1: 0.546 us/op
Iteration   2: 0.519 us/op
Iteration   3: 0.513 us/op
Iteration   4: 0.512 us/op
Iteration   5: 0.511 us/op


Result "jmh.JacksonBenchJMH.t9_2_3_escapeStringSerialize":
  0.520 ±(99.9%) 0.057 us/op [Average]
  (min, avg, max) = (0.511, 0.520, 0.546), stdev = 0.015
  CI (99.9%): [0.463, 0.577] (assumes normal distribution)


# JMH version: 1.37
# VM version: JDK 17.0.20, OpenJDK 64-Bit Server VM, 17.0.20+8-1-22.04-Ubuntu
# VM invoker: /usr/lib/jvm/java-17-openjdk-amd64/bin/java
# VM options: <none>
# Blackhole mode: compiler (auto-detected, use -Djmh.blackhole.autoDetect=false to disable)
# Warmup: 2 iterations, 1 s each
# Measurement: 5 iterations, 1 s each
# Timeout: 10 min per iteration
# Threads: 1 thread, will synchronize iterations
# Benchmark mode: Average time, time/op
# Benchmark: jmh.JacksonBenchJMH.t9_2_4_unicodeStringSerialize

# Run progress: 18.18% complete, ETA 00:03:31
# Fork: 1 of 1
# Warmup Iteration   1: 1.303 us/op
# Warmup Iteration   2: 0.638 us/op
Iteration   1: 0.599 us/op
Iteration   2: 0.576 us/op
Iteration   3: 0.568 us/op
Iteration   4: 0.568 us/op
Iteration   5: 0.567 us/op


Result "jmh.JacksonBenchJMH.t9_2_4_unicodeStringSerialize":
  0.576 ±(99.9%) 0.053 us/op [Average]
  (min, avg, max) = (0.567, 0.576, 0.599), stdev = 0.014
  CI (99.9%): [0.523, 0.628] (assumes normal distribution)


# JMH version: 1.37
# VM version: JDK 17.0.20, OpenJDK 64-Bit Server VM, 17.0.20+8-1-22.04-Ubuntu
# VM invoker: /usr/lib/jvm/java-17-openjdk-amd64/bin/java
# VM options: <none>
# Blackhole mode: compiler (auto-detected, use -Djmh.blackhole.autoDetect=false to disable)
# Warmup: 2 iterations, 1 s each
# Measurement: 5 iterations, 1 s each
# Timeout: 10 min per iteration
# Threads: 1 thread, will synchronize iterations
# Benchmark mode: Average time, time/op
# Benchmark: jmh.JacksonBenchJMH.t9_3_1_smallArraySerialize

# Run progress: 21.21% complete, ETA 00:03:23
# Fork: 1 of 1
# Warmup Iteration   1: 0.894 us/op
# Warmup Iteration   2: 0.322 us/op
Iteration   1: 0.321 us/op
Iteration   2: 0.308 us/op
Iteration   3: 0.303 us/op
Iteration   4: 0.302 us/op
Iteration   5: 0.294 us/op


Result "jmh.JacksonBenchJMH.t9_3_1_smallArraySerialize":
  0.305 ±(99.9%) 0.038 us/op [Average]
  (min, avg, max) = (0.294, 0.305, 0.321), stdev = 0.010
  CI (99.9%): [0.268, 0.343] (assumes normal distribution)


# JMH version: 1.37
# VM version: JDK 17.0.20, OpenJDK 64-Bit Server VM, 17.0.20+8-1-22.04-Ubuntu
# VM invoker: /usr/lib/jvm/java-17-openjdk-amd64/bin/java
# VM options: <none>
# Blackhole mode: compiler (auto-detected, use -Djmh.blackhole.autoDetect=false to disable)
# Warmup: 2 iterations, 1 s each
# Measurement: 5 iterations, 1 s each
# Timeout: 10 min per iteration
# Threads: 1 thread, will synchronize iterations
# Benchmark mode: Average time, time/op
# Benchmark: jmh.JacksonBenchJMH.t9_3_2_largeArraySerialize

# Run progress: 24.24% complete, ETA 00:03:15
# Fork: 1 of 1
# Warmup Iteration   1: 11.537 us/op
# Warmup Iteration   2: 8.372 us/op
Iteration   1: 7.585 us/op
Iteration   2: 7.413 us/op
Iteration   3: 7.258 us/op
Iteration   4: 7.282 us/op
Iteration   5: 7.605 us/op


Result "jmh.JacksonBenchJMH.t9_3_2_largeArraySerialize":
  7.429 ±(99.9%) 0.627 us/op [Average]
  (min, avg, max) = (7.258, 7.429, 7.605), stdev = 0.163
  CI (99.9%): [6.801, 8.056] (assumes normal distribution)


# JMH version: 1.37
# VM version: JDK 17.0.20, OpenJDK 64-Bit Server VM, 17.0.20+8-1-22.04-Ubuntu
# VM invoker: /usr/lib/jvm/java-17-openjdk-amd64/bin/java
# VM options: <none>
# Blackhole mode: compiler (auto-detected, use -Djmh.blackhole.autoDetect=false to disable)
# Warmup: 2 iterations, 1 s each
# Measurement: 5 iterations, 1 s each
# Timeout: 10 min per iteration
# Threads: 1 thread, will synchronize iterations
# Benchmark mode: Average time, time/op
# Benchmark: jmh.JacksonBenchJMH.t9_3_3_largeArrayDeserialize

# Run progress: 27.27% complete, ETA 00:03:07
# Fork: 1 of 1
# Warmup Iteration   1: 47.558 us/op
# Warmup Iteration   2: 27.783 us/op
Iteration   1: 25.884 us/op
Iteration   2: 25.802 us/op
Iteration   3: 24.646 us/op
Iteration   4: 24.733 us/op
Iteration   5: 24.645 us/op


Result "jmh.JacksonBenchJMH.t9_3_3_largeArrayDeserialize":
  25.142 ±(99.9%) 2.472 us/op [Average]
  (min, avg, max) = (24.645, 25.142, 25.884), stdev = 0.642
  CI (99.9%): [22.670, 27.614] (assumes normal distribution)


# JMH version: 1.37
# VM version: JDK 17.0.20, OpenJDK 64-Bit Server VM, 17.0.20+8-1-22.04-Ubuntu
# VM invoker: /usr/lib/jvm/java-17-openjdk-amd64/bin/java
# VM options: <none>
# Blackhole mode: compiler (auto-detected, use -Djmh.blackhole.autoDetect=false to disable)
# Warmup: 2 iterations, 1 s each
# Measurement: 5 iterations, 1 s each
# Timeout: 10 min per iteration
# Threads: 1 thread, will synchronize iterations
# Benchmark mode: Average time, time/op
# Benchmark: jmh.JacksonBenchJMH.t9_3_4_smallMapSerialize

# Run progress: 30.30% complete, ETA 00:02:59
# Fork: 1 of 1
# Warmup Iteration   1: 1.319 us/op
# Warmup Iteration   2: 0.587 us/op
Iteration   1: 0.557 us/op
Iteration   2: 0.527 us/op
Iteration   3: 0.527 us/op
Iteration   4: 0.523 us/op
Iteration   5: 0.522 us/op


Result "jmh.JacksonBenchJMH.t9_3_4_smallMapSerialize":
  0.531 ±(99.9%) 0.056 us/op [Average]
  (min, avg, max) = (0.522, 0.531, 0.557), stdev = 0.014
  CI (99.9%): [0.475, 0.587] (assumes normal distribution)


# JMH version: 1.37
# VM version: JDK 17.0.20, OpenJDK 64-Bit Server VM, 17.0.20+8-1-22.04-Ubuntu
# VM invoker: /usr/lib/jvm/java-17-openjdk-amd64/bin/java
# VM options: <none>
# Blackhole mode: compiler (auto-detected, use -Djmh.blackhole.autoDetect=false to disable)
# Warmup: 2 iterations, 1 s each
# Measurement: 5 iterations, 1 s each
# Timeout: 10 min per iteration
# Threads: 1 thread, will synchronize iterations
# Benchmark mode: Average time, time/op
# Benchmark: jmh.JacksonBenchJMH.t9_3_5_largeMapSerialize

# Run progress: 33.33% complete, ETA 00:02:52
# Fork: 1 of 1
# Warmup Iteration   1: 5.709 us/op
# Warmup Iteration   2: 3.588 us/op
Iteration   1: 3.137 us/op
Iteration   2: 3.037 us/op
Iteration   3: 2.955 us/op
Iteration   4: 2.948 us/op
Iteration   5: 2.955 us/op


Result "jmh.JacksonBenchJMH.t9_3_5_largeMapSerialize":
  3.006 ±(99.9%) 0.314 us/op [Average]
  (min, avg, max) = (2.948, 3.006, 3.137), stdev = 0.082
  CI (99.9%): [2.692, 3.321] (assumes normal distribution)


# JMH version: 1.37
# VM version: JDK 17.0.20, OpenJDK 64-Bit Server VM, 17.0.20+8-1-22.04-Ubuntu
# VM invoker: /usr/lib/jvm/java-17-openjdk-amd64/bin/java
# VM options: <none>
# Blackhole mode: compiler (auto-detected, use -Djmh.blackhole.autoDetect=false to disable)
# Warmup: 2 iterations, 1 s each
# Measurement: 5 iterations, 1 s each
# Timeout: 10 min per iteration
# Threads: 1 thread, will synchronize iterations
# Benchmark mode: Average time, time/op
# Benchmark: jmh.JacksonBenchJMH.t9_3_6_largeMapDeserialize

# Run progress: 36.36% complete, ETA 00:02:44
# Fork: 1 of 1
# Warmup Iteration   1: 17.706 us/op
# Warmup Iteration   2: 7.810 us/op
Iteration   1: 7.295 us/op
Iteration   2: 6.772 us/op
Iteration   3: 6.701 us/op
Iteration   4: 6.659 us/op
Iteration   5: 6.676 us/op


Result "jmh.JacksonBenchJMH.t9_3_6_largeMapDeserialize":
  6.821 ±(99.9%) 1.034 us/op [Average]
  (min, avg, max) = (6.659, 6.821, 7.295), stdev = 0.268
  CI (99.9%): [5.787, 7.854] (assumes normal distribution)


# JMH version: 1.37
# VM version: JDK 17.0.20, OpenJDK 64-Bit Server VM, 17.0.20+8-1-22.04-Ubuntu
# VM invoker: /usr/lib/jvm/java-17-openjdk-amd64/bin/java
# VM options: <none>
# Blackhole mode: compiler (auto-detected, use -Djmh.blackhole.autoDetect=false to disable)
# Warmup: 2 iterations, 1 s each
# Measurement: 5 iterations, 1 s each
# Timeout: 10 min per iteration
# Threads: 1 thread, will synchronize iterations
# Benchmark mode: Average time, time/op
# Benchmark: jmh.JacksonBenchJMH.t9_3_7_nestedCollectionSerialize

# Run progress: 39.39% complete, ETA 00:02:36
# Fork: 1 of 1
# Warmup Iteration   1: 2.136 us/op
# Warmup Iteration   2: 1.159 us/op
Iteration   1: 1.056 us/op
Iteration   2: 0.999 us/op
Iteration   3: 0.989 us/op
Iteration   4: 0.983 us/op
Iteration   5: 0.987 us/op


Result "jmh.JacksonBenchJMH.t9_3_7_nestedCollectionSerialize":
  1.003 ±(99.9%) 0.118 us/op [Average]
  (min, avg, max) = (0.983, 1.003, 1.056), stdev = 0.031
  CI (99.9%): [0.885, 1.121] (assumes normal distribution)


# JMH version: 1.37
# VM version: JDK 17.0.20, OpenJDK 64-Bit Server VM, 17.0.20+8-1-22.04-Ubuntu
# VM invoker: /usr/lib/jvm/java-17-openjdk-amd64/bin/java
# VM options: <none>
# Blackhole mode: compiler (auto-detected, use -Djmh.blackhole.autoDetect=false to disable)
# Warmup: 2 iterations, 1 s each
# Measurement: 5 iterations, 1 s each
# Timeout: 10 min per iteration
# Threads: 1 thread, will synchronize iterations
# Benchmark mode: Average time, time/op
# Benchmark: jmh.JacksonBenchJMH.t9_3_8_nestedCollectionDeserialize

# Run progress: 42.42% complete, ETA 00:02:28
# Fork: 1 of 1
# Warmup Iteration   1: 7.857 us/op
# Warmup Iteration   2: 3.217 us/op
Iteration   1: 2.869 us/op
Iteration   2: 2.717 us/op
Iteration   3: 2.681 us/op
Iteration   4: 2.678 us/op
Iteration   5: 2.692 us/op


Result "jmh.JacksonBenchJMH.t9_3_8_nestedCollectionDeserialize":
  2.727 ±(99.9%) 0.310 us/op [Average]
  (min, avg, max) = (2.678, 2.727, 2.869), stdev = 0.081
  CI (99.9%): [2.417, 3.038] (assumes normal distribution)


# JMH version: 1.37
# VM version: JDK 17.0.20, OpenJDK 64-Bit Server VM, 17.0.20+8-1-22.04-Ubuntu
# VM invoker: /usr/lib/jvm/java-17-openjdk-amd64/bin/java
# VM options: <none>
# Blackhole mode: compiler (auto-detected, use -Djmh.blackhole.autoDetect=false to disable)
# Warmup: 2 iterations, 1 s each
# Measurement: 5 iterations, 1 s each
# Timeout: 10 min per iteration
# Threads: 1 thread, will synchronize iterations
# Benchmark mode: Average time, time/op
# Benchmark: jmh.JacksonBenchJMH.t9_3_9_largeFloat64ArraySerialize

# Run progress: 45.45% complete, ETA 00:02:20
# Fork: 1 of 1
# Warmup Iteration   1: 247.487 us/op
# Warmup Iteration   2: 224.449 us/op
Iteration   1: 208.502 us/op
Iteration   2: 204.833 us/op
Iteration   3: 198.439 us/op
Iteration   4: 193.329 us/op
Iteration   5: 192.235 us/op


Result "jmh.JacksonBenchJMH.t9_3_9_largeFloat64ArraySerialize":
  199.468 ±(99.9%) 27.328 us/op [Average]
  (min, avg, max) = (192.235, 199.468, 208.502), stdev = 7.097
  CI (99.9%): [172.140, 226.796] (assumes normal distribution)


# JMH version: 1.37
# VM version: JDK 17.0.20, OpenJDK 64-Bit Server VM, 17.0.20+8-1-22.04-Ubuntu
# VM invoker: /usr/lib/jvm/java-17-openjdk-amd64/bin/java
# VM options: <none>
# Blackhole mode: compiler (auto-detected, use -Djmh.blackhole.autoDetect=false to disable)
# Warmup: 2 iterations, 1 s each
# Measurement: 5 iterations, 1 s each
# Timeout: 10 min per iteration
# Threads: 1 thread, will synchronize iterations
# Benchmark mode: Average time, time/op
# Benchmark: jmh.JacksonBenchJMH.t9_4_1_deepNestedSerialize

# Run progress: 48.48% complete, ETA 00:02:12
# Fork: 1 of 1
# Warmup Iteration   1: 0.898 us/op
# Warmup Iteration   2: 0.437 us/op
Iteration   1: 0.427 us/op
Iteration   2: 0.405 us/op
Iteration   3: 0.400 us/op
Iteration   4: 0.400 us/op
Iteration   5: 0.392 us/op


Result "jmh.JacksonBenchJMH.t9_4_1_deepNestedSerialize":
  0.405 ±(99.9%) 0.050 us/op [Average]
  (min, avg, max) = (0.392, 0.405, 0.427), stdev = 0.013
  CI (99.9%): [0.355, 0.455] (assumes normal distribution)


# JMH version: 1.37
# VM version: JDK 17.0.20, OpenJDK 64-Bit Server VM, 17.0.20+8-1-22.04-Ubuntu
# VM invoker: /usr/lib/jvm/java-17-openjdk-amd64/bin/java
# VM options: <none>
# Blackhole mode: compiler (auto-detected, use -Djmh.blackhole.autoDetect=false to disable)
# Warmup: 2 iterations, 1 s each
# Measurement: 5 iterations, 1 s each
# Timeout: 10 min per iteration
# Threads: 1 thread, will synchronize iterations
# Benchmark mode: Average time, time/op
# Benchmark: jmh.JacksonBenchJMH.t9_4_2_deepNestedDeserialize

# Run progress: 51.52% complete, ETA 00:02:05
# Fork: 1 of 1
# Warmup Iteration   1: 2.174 us/op
# Warmup Iteration   2: 0.750 us/op
Iteration   1: 0.703 us/op
Iteration   2: 0.675 us/op
Iteration   3: 0.679 us/op
Iteration   4: 0.675 us/op
Iteration   5: 0.649 us/op


Result "jmh.JacksonBenchJMH.t9_4_2_deepNestedDeserialize":
  0.676 ±(99.9%) 0.074 us/op [Average]
  (min, avg, max) = (0.649, 0.676, 0.703), stdev = 0.019
  CI (99.9%): [0.602, 0.750] (assumes normal distribution)


# JMH version: 1.37
# VM version: JDK 17.0.20, OpenJDK 64-Bit Server VM, 17.0.20+8-1-22.04-Ubuntu
# VM invoker: /usr/lib/jvm/java-17-openjdk-amd64/bin/java
# VM options: <none>
# Blackhole mode: compiler (auto-detected, use -Djmh.blackhole.autoDetect=false to disable)
# Warmup: 2 iterations, 1 s each
# Measurement: 5 iterations, 1 s each
# Timeout: 10 min per iteration
# Threads: 1 thread, will synchronize iterations
# Benchmark mode: Average time, time/op
# Benchmark: jmh.JacksonBenchJMH.t9_4_3_wideSerialize

# Run progress: 54.55% complete, ETA 00:01:57
# Fork: 1 of 1
# Warmup Iteration   1: 2.062 us/op
# Warmup Iteration   2: 0.956 us/op
Iteration   1: 0.873 us/op
Iteration   2: 0.843 us/op
Iteration   3: 0.840 us/op
Iteration   4: 0.837 us/op
Iteration   5: 0.832 us/op


Result "jmh.JacksonBenchJMH.t9_4_3_wideSerialize":
  0.845 ±(99.9%) 0.062 us/op [Average]
  (min, avg, max) = (0.832, 0.845, 0.873), stdev = 0.016
  CI (99.9%): [0.783, 0.907] (assumes normal distribution)


# JMH version: 1.37
# VM version: JDK 17.0.20, OpenJDK 64-Bit Server VM, 17.0.20+8-1-22.04-Ubuntu
# VM invoker: /usr/lib/jvm/java-17-openjdk-amd64/bin/java
# VM options: <none>
# Blackhole mode: compiler (auto-detected, use -Djmh.blackhole.autoDetect=false to disable)
# Warmup: 2 iterations, 1 s each
# Measurement: 5 iterations, 1 s each
# Timeout: 10 min per iteration
# Threads: 1 thread, will synchronize iterations
# Benchmark mode: Average time, time/op
# Benchmark: jmh.JacksonBenchJMH.t9_4_4_wideDeserialize

# Run progress: 57.58% complete, ETA 00:01:49
# Fork: 1 of 1
# Warmup Iteration   1: 4.091 us/op
# Warmup Iteration   2: 1.684 us/op
Iteration   1: 1.538 us/op
Iteration   2: 1.446 us/op
Iteration   3: 1.407 us/op
Iteration   4: 1.416 us/op
Iteration   5: 1.421 us/op


Result "jmh.JacksonBenchJMH.t9_4_4_wideDeserialize":
  1.446 ±(99.9%) 0.207 us/op [Average]
  (min, avg, max) = (1.407, 1.446, 1.538), stdev = 0.054
  CI (99.9%): [1.239, 1.653] (assumes normal distribution)


# JMH version: 1.37
# VM version: JDK 17.0.20, OpenJDK 64-Bit Server VM, 17.0.20+8-1-22.04-Ubuntu
# VM invoker: /usr/lib/jvm/java-17-openjdk-amd64/bin/java
# VM options: <none>
# Blackhole mode: compiler (auto-detected, use -Djmh.blackhole.autoDetect=false to disable)
# Warmup: 2 iterations, 1 s each
# Measurement: 5 iterations, 1 s each
# Timeout: 10 min per iteration
# Threads: 1 thread, will synchronize iterations
# Benchmark mode: Average time, time/op
# Benchmark: jmh.JacksonBenchJMH.t9_4_5_ultraWideSerialize

# Run progress: 60.61% complete, ETA 00:01:41
# Fork: 1 of 1
# Warmup Iteration   1: 2.419 us/op
# Warmup Iteration   2: 1.829 us/op
Iteration   1: 1.619 us/op
Iteration   2: 1.589 us/op
Iteration   3: 1.550 us/op
Iteration   4: 1.595 us/op
Iteration   5: 1.589 us/op


Result "jmh.JacksonBenchJMH.t9_4_5_ultraWideSerialize":
  1.588 ±(99.9%) 0.095 us/op [Average]
  (min, avg, max) = (1.550, 1.588, 1.619), stdev = 0.025
  CI (99.9%): [1.493, 1.684] (assumes normal distribution)


# JMH version: 1.37
# VM version: JDK 17.0.20, OpenJDK 64-Bit Server VM, 17.0.20+8-1-22.04-Ubuntu
# VM invoker: /usr/lib/jvm/java-17-openjdk-amd64/bin/java
# VM options: <none>
# Blackhole mode: compiler (auto-detected, use -Djmh.blackhole.autoDetect=false to disable)
# Warmup: 2 iterations, 1 s each
# Measurement: 5 iterations, 1 s each
# Timeout: 10 min per iteration
# Threads: 1 thread, will synchronize iterations
# Benchmark mode: Average time, time/op
# Benchmark: jmh.JacksonBenchJMH.t9_4_6_ultraWideDeserialize

# Run progress: 63.64% complete, ETA 00:01:33
# Fork: 1 of 1
# Warmup Iteration   1: 6.458 us/op
# Warmup Iteration   2: 3.222 us/op
Iteration   1: 2.944 us/op
Iteration   2: 2.810 us/op
Iteration   3: 2.661 us/op
Iteration   4: 2.653 us/op
Iteration   5: 2.664 us/op


Result "jmh.JacksonBenchJMH.t9_4_6_ultraWideDeserialize":
  2.746 ±(99.9%) 0.494 us/op [Average]
  (min, avg, max) = (2.653, 2.746, 2.944), stdev = 0.128
  CI (99.9%): [2.252, 3.241] (assumes normal distribution)


# JMH version: 1.37
# VM version: JDK 17.0.20, OpenJDK 64-Bit Server VM, 17.0.20+8-1-22.04-Ubuntu
# VM invoker: /usr/lib/jvm/java-17-openjdk-amd64/bin/java
# VM options: <none>
# Blackhole mode: compiler (auto-detected, use -Djmh.blackhole.autoDetect=false to disable)
# Warmup: 2 iterations, 1 s each
# Measurement: 5 iterations, 1 s each
# Timeout: 10 min per iteration
# Threads: 1 thread, will synchronize iterations
# Benchmark mode: Average time, time/op
# Benchmark: jmh.JacksonBenchJMH.t9_5_1_optionSerialize

# Run progress: 66.67% complete, ETA 00:01:25
# Fork: 1 of 1
# Warmup Iteration   1: 0.792 us/op
# Warmup Iteration   2: 0.383 us/op
Iteration   1: 0.373 us/op
Iteration   2: 0.358 us/op
Iteration   3: 0.351 us/op
Iteration   4: 0.350 us/op
Iteration   5: 0.346 us/op


Result "jmh.JacksonBenchJMH.t9_5_1_optionSerialize":
  0.355 ±(99.9%) 0.040 us/op [Average]
  (min, avg, max) = (0.346, 0.355, 0.373), stdev = 0.011
  CI (99.9%): [0.315, 0.396] (assumes normal distribution)


# JMH version: 1.37
# VM version: JDK 17.0.20, OpenJDK 64-Bit Server VM, 17.0.20+8-1-22.04-Ubuntu
# VM invoker: /usr/lib/jvm/java-17-openjdk-amd64/bin/java
# VM options: <none>
# Blackhole mode: compiler (auto-detected, use -Djmh.blackhole.autoDetect=false to disable)
# Warmup: 2 iterations, 1 s each
# Measurement: 5 iterations, 1 s each
# Timeout: 10 min per iteration
# Threads: 1 thread, will synchronize iterations
# Benchmark mode: Average time, time/op
# Benchmark: jmh.JacksonBenchJMH.t9_5_2_optionDeserialize

# Run progress: 69.70% complete, ETA 00:01:18
# Fork: 1 of 1
# Warmup Iteration   1: 2.036 us/op
# Warmup Iteration   2: 0.684 us/op
Iteration   1: 0.644 us/op
Iteration   2: 0.607 us/op
Iteration   3: 0.603 us/op
Iteration   4: 0.609 us/op
Iteration   5: 0.601 us/op


Result "jmh.JacksonBenchJMH.t9_5_2_optionDeserialize":
  0.613 ±(99.9%) 0.068 us/op [Average]
  (min, avg, max) = (0.601, 0.613, 0.644), stdev = 0.018
  CI (99.9%): [0.545, 0.681] (assumes normal distribution)


# JMH version: 1.37
# VM version: JDK 17.0.20, OpenJDK 64-Bit Server VM, 17.0.20+8-1-22.04-Ubuntu
# VM invoker: /usr/lib/jvm/java-17-openjdk-amd64/bin/java
# VM options: <none>
# Blackhole mode: compiler (auto-detected, use -Djmh.blackhole.autoDetect=false to disable)
# Warmup: 2 iterations, 1 s each
# Measurement: 5 iterations, 1 s each
# Timeout: 10 min per iteration
# Threads: 1 thread, will synchronize iterations
# Benchmark mode: Average time, time/op
# Benchmark: jmh.JacksonBenchJMH.t9_5_3_optionRoundTrip

# Run progress: 72.73% complete, ETA 00:01:10
# Fork: 1 of 1
# Warmup Iteration   1: 6.060 us/op
# Warmup Iteration   2: 1.330 us/op
Iteration   1: 1.131 us/op
Iteration   2: 1.076 us/op
Iteration   3: 1.080 us/op
Iteration   4: 1.066 us/op
Iteration   5: 1.084 us/op


Result "jmh.JacksonBenchJMH.t9_5_3_optionRoundTrip":
  1.087 ±(99.9%) 0.097 us/op [Average]
  (min, avg, max) = (1.066, 1.087, 1.131), stdev = 0.025
  CI (99.9%): [0.990, 1.185] (assumes normal distribution)


# JMH version: 1.37
# VM version: JDK 17.0.20, OpenJDK 64-Bit Server VM, 17.0.20+8-1-22.04-Ubuntu
# VM invoker: /usr/lib/jvm/java-17-openjdk-amd64/bin/java
# VM options: <none>
# Blackhole mode: compiler (auto-detected, use -Djmh.blackhole.autoDetect=false to disable)
# Warmup: 2 iterations, 1 s each
# Measurement: 5 iterations, 1 s each
# Timeout: 10 min per iteration
# Threads: 1 thread, will synchronize iterations
# Benchmark mode: Average time, time/op
# Benchmark: jmh.JacksonBenchJMH.t9_5_4_emptyContainersSerialize

# Run progress: 75.76% complete, ETA 00:01:02
# Fork: 1 of 1
# Warmup Iteration   1: 0.634 us/op
# Warmup Iteration   2: 0.252 us/op
Iteration   1: 0.249 us/op
Iteration   2: 0.238 us/op
Iteration   3: 0.234 us/op
Iteration   4: 0.229 us/op
Iteration   5: 0.229 us/op


Result "jmh.JacksonBenchJMH.t9_5_4_emptyContainersSerialize":
  0.236 ±(99.9%) 0.032 us/op [Average]
  (min, avg, max) = (0.229, 0.236, 0.249), stdev = 0.008
  CI (99.9%): [0.204, 0.267] (assumes normal distribution)


# JMH version: 1.37
# VM version: JDK 17.0.20, OpenJDK 64-Bit Server VM, 17.0.20+8-1-22.04-Ubuntu
# VM invoker: /usr/lib/jvm/java-17-openjdk-amd64/bin/java
# VM options: <none>
# Blackhole mode: compiler (auto-detected, use -Djmh.blackhole.autoDetect=false to disable)
# Warmup: 2 iterations, 1 s each
# Measurement: 5 iterations, 1 s each
# Timeout: 10 min per iteration
# Threads: 1 thread, will synchronize iterations
# Benchmark mode: Average time, time/op
# Benchmark: jmh.JacksonBenchJMH.t9_5_5_emptyContainersDeserialize

# Run progress: 78.79% complete, ETA 00:00:54
# Fork: 1 of 1
# Warmup Iteration   1: 1.030 us/op
# Warmup Iteration   2: 0.458 us/op
Iteration   1: 0.440 us/op
Iteration   2: 0.418 us/op
Iteration   3: 0.403 us/op
Iteration   4: 0.403 us/op
Iteration   5: 0.403 us/op


Result "jmh.JacksonBenchJMH.t9_5_5_emptyContainersDeserialize":
  0.413 ±(99.9%) 0.062 us/op [Average]
  (min, avg, max) = (0.403, 0.413, 0.440), stdev = 0.016
  CI (99.9%): [0.351, 0.475] (assumes normal distribution)


# JMH version: 1.37
# VM version: JDK 17.0.20, OpenJDK 64-Bit Server VM, 17.0.20+8-1-22.04-Ubuntu
# VM invoker: /usr/lib/jvm/java-17-openjdk-amd64/bin/java
# VM options: <none>
# Blackhole mode: compiler (auto-detected, use -Djmh.blackhole.autoDetect=false to disable)
# Warmup: 2 iterations, 1 s each
# Measurement: 5 iterations, 1 s each
# Timeout: 10 min per iteration
# Threads: 1 thread, will synchronize iterations
# Benchmark mode: Average time, time/op
# Benchmark: jmh.JacksonBenchJMH.t9_5_6_int64ExtremesSerialize

# Run progress: 81.82% complete, ETA 00:00:46
# Fork: 1 of 1
# Warmup Iteration   1: 1.065 us/op
# Warmup Iteration   2: 0.333 us/op
Iteration   1: 0.325 us/op
Iteration   2: 0.308 us/op
Iteration   3: 0.303 us/op
Iteration   4: 0.305 us/op
Iteration   5: 0.306 us/op


Result "jmh.JacksonBenchJMH.t9_5_6_int64ExtremesSerialize":
  0.309 ±(99.9%) 0.034 us/op [Average]
  (min, avg, max) = (0.303, 0.309, 0.325), stdev = 0.009
  CI (99.9%): [0.275, 0.344] (assumes normal distribution)


# JMH version: 1.37
# VM version: JDK 17.0.20, OpenJDK 64-Bit Server VM, 17.0.20+8-1-22.04-Ubuntu
# VM invoker: /usr/lib/jvm/java-17-openjdk-amd64/bin/java
# VM options: <none>
# Blackhole mode: compiler (auto-detected, use -Djmh.blackhole.autoDetect=false to disable)
# Warmup: 2 iterations, 1 s each
# Measurement: 5 iterations, 1 s each
# Timeout: 10 min per iteration
# Threads: 1 thread, will synchronize iterations
# Benchmark mode: Average time, time/op
# Benchmark: jmh.JacksonBenchJMH.t9_5_7_int64ExtremesDeserialize

# Run progress: 84.85% complete, ETA 00:00:39
# Fork: 1 of 1
# Warmup Iteration   1: 1.895 us/op
# Warmup Iteration   2: 0.619 us/op
Iteration   1: 0.570 us/op
Iteration   2: 0.548 us/op
Iteration   3: 0.537 us/op
Iteration   4: 0.538 us/op
Iteration   5: 0.539 us/op


Result "jmh.JacksonBenchJMH.t9_5_7_int64ExtremesDeserialize":
  0.546 ±(99.9%) 0.053 us/op [Average]
  (min, avg, max) = (0.537, 0.546, 0.570), stdev = 0.014
  CI (99.9%): [0.494, 0.599] (assumes normal distribution)


# JMH version: 1.37
# VM version: JDK 17.0.20, OpenJDK 64-Bit Server VM, 17.0.20+8-1-22.04-Ubuntu
# VM invoker: /usr/lib/jvm/java-17-openjdk-amd64/bin/java
# VM options: <none>
# Blackhole mode: compiler (auto-detected, use -Djmh.blackhole.autoDetect=false to disable)
# Warmup: 2 iterations, 1 s each
# Measurement: 5 iterations, 1 s each
# Timeout: 10 min per iteration
# Threads: 1 thread, will synchronize iterations
# Benchmark mode: Average time, time/op
# Benchmark: jmh.JacksonBenchJMH.t9_5_8_unknownFieldDeserialize

# Run progress: 87.88% complete, ETA 00:00:31
# Fork: 1 of 1
# Warmup Iteration   1: 4.191 us/op
# Warmup Iteration   2: 1.218 us/op
Iteration   1: 1.114 us/op
Iteration   2: 1.061 us/op
Iteration   3: 1.053 us/op
Iteration   4: 1.052 us/op
Iteration   5: 1.224 us/op


Result "jmh.JacksonBenchJMH.t9_5_8_unknownFieldDeserialize":
  1.101 ±(99.9%) 0.282 us/op [Average]
  (min, avg, max) = (1.052, 1.101, 1.224), stdev = 0.073
  CI (99.9%): [0.818, 1.383] (assumes normal distribution)


# JMH version: 1.37
# VM version: JDK 17.0.20, OpenJDK 64-Bit Server VM, 17.0.20+8-1-22.04-Ubuntu
# VM invoker: /usr/lib/jvm/java-17-openjdk-amd64/bin/java
# VM options: <none>
# Blackhole mode: compiler (auto-detected, use -Djmh.blackhole.autoDetect=false to disable)
# Warmup: 2 iterations, 1 s each
# Measurement: 5 iterations, 1 s each
# Timeout: 10 min per iteration
# Threads: 1 thread, will synchronize iterations
# Benchmark mode: Average time, time/op
# Benchmark: jmh.JacksonBenchJMH.t9_b_1_bytesParsePrimitive

# Run progress: 90.91% complete, ETA 00:00:23
# Fork: 1 of 1
# Warmup Iteration   1: 2.029 us/op
# Warmup Iteration   2: 0.702 us/op
Iteration   1: 0.648 us/op
Iteration   2: 0.625 us/op
Iteration   3: 0.601 us/op
Iteration   4: 0.609 us/op
Iteration   5: 0.611 us/op


Result "jmh.JacksonBenchJMH.t9_b_1_bytesParsePrimitive":
  0.619 ±(99.9%) 0.072 us/op [Average]
  (min, avg, max) = (0.601, 0.619, 0.648), stdev = 0.019
  CI (99.9%): [0.547, 0.691] (assumes normal distribution)


# JMH version: 1.37
# VM version: JDK 17.0.20, OpenJDK 64-Bit Server VM, 17.0.20+8-1-22.04-Ubuntu
# VM invoker: /usr/lib/jvm/java-17-openjdk-amd64/bin/java
# VM options: <none>
# Blackhole mode: compiler (auto-detected, use -Djmh.blackhole.autoDetect=false to disable)
# Warmup: 2 iterations, 1 s each
# Measurement: 5 iterations, 1 s each
# Timeout: 10 min per iteration
# Threads: 1 thread, will synchronize iterations
# Benchmark mode: Average time, time/op
# Benchmark: jmh.JacksonBenchJMH.t9_b_2_bytesParseLargeDoc

# Run progress: 93.94% complete, ETA 00:00:15
# Fork: 1 of 1
# Warmup Iteration   1: 7206.918 us/op
# Warmup Iteration   2: 3413.496 us/op
Iteration   1: 3049.526 us/op
Iteration   2: 2834.243 us/op
Iteration   3: 2715.734 us/op
Iteration   4: 2751.406 us/op
Iteration   5: 2737.182 us/op


Result "jmh.JacksonBenchJMH.t9_b_2_bytesParseLargeDoc":
  2817.618 ±(99.9%) 528.297 us/op [Average]
  (min, avg, max) = (2715.734, 2817.618, 3049.526), stdev = 137.197
  CI (99.9%): [2289.321, 3345.915] (assumes normal distribution)


# JMH version: 1.37
# VM version: JDK 17.0.20, OpenJDK 64-Bit Server VM, 17.0.20+8-1-22.04-Ubuntu
# VM invoker: /usr/lib/jvm/java-17-openjdk-amd64/bin/java
# VM options: <none>
# Blackhole mode: compiler (auto-detected, use -Djmh.blackhole.autoDetect=false to disable)
# Warmup: 2 iterations, 1 s each
# Measurement: 5 iterations, 1 s each
# Timeout: 10 min per iteration
# Threads: 1 thread, will synchronize iterations
# Benchmark mode: Average time, time/op
# Benchmark: jmh.JacksonBenchJMH.t9_b_3_streamLargeDoc

# Run progress: 96.97% complete, ETA 00:00:07
# Fork: 1 of 1
# Warmup Iteration   1: 12058.651 us/op
# Warmup Iteration   2: 3896.901 us/op
Iteration   1: 3476.262 us/op
Iteration   2: 3139.415 us/op
Iteration   3: 3049.624 us/op
Iteration   4: 3033.221 us/op
Iteration   5: 3039.238 us/op


Result "jmh.JacksonBenchJMH.t9_b_3_streamLargeDoc":
  3147.552 ±(99.9%) 726.818 us/op [Average]
  (min, avg, max) = (3033.221, 3147.552, 3476.262), stdev = 188.752
  CI (99.9%): [2420.734, 3874.370] (assumes normal distribution)


# Run complete. Total time: 00:04:17

REMEMBER: The numbers below are just data. To gain reusable insights, you need to follow up on
why the numbers are the way they are. Use profilers (see -prof, -lprof), design factorial
experiments, perform baseline and negative tests that provide experimental control, make sure
the benchmarking environment is safe on JVM/OS/HW level, ask for reviews from the domain experts.
Do not assume the numbers tell you what you want them to tell.

NOTE: Current JVM experimentally supports Compiler Blackholes, and they are in use. Please exercise
extra caution when trusting the results, look into the generated code to check the benchmark still
works, and factor in a small probability of new VM bugs. Additionally, while comparisons between
different JVMs are already problematic, the performance difference caused by different Blackhole
modes can be very significant. Please make sure you use the consistent Blackhole mode for comparisons.

Benchmark                                           Mode  Cnt     Score     Error  Units
JacksonBenchJMH.t9_1_1_primitiveSerialize           avgt    5     0.420 ±   0.038  us/op
JacksonBenchJMH.t9_1_2_primitiveDeserialize         avgt    5     0.629 ±   0.082  us/op
JacksonBenchJMH.t9_1_3_primitiveRoundTrip           avgt    5     1.105 ±   0.172  us/op
JacksonBenchJMH.t9_2_1_shortStringSerialize         avgt    5     0.397 ±   0.041  us/op
JacksonBenchJMH.t9_2_2_longStringSerialize          avgt    5    13.232 ±   1.221  us/op
JacksonBenchJMH.t9_2_3_escapeStringSerialize        avgt    5     0.520 ±   0.057  us/op
JacksonBenchJMH.t9_2_4_unicodeStringSerialize       avgt    5     0.576 ±   0.053  us/op
JacksonBenchJMH.t9_3_1_smallArraySerialize          avgt    5     0.305 ±   0.038  us/op
JacksonBenchJMH.t9_3_2_largeArraySerialize          avgt    5     7.429 ±   0.627  us/op
JacksonBenchJMH.t9_3_3_largeArrayDeserialize        avgt    5    25.142 ±   2.472  us/op
JacksonBenchJMH.t9_3_4_smallMapSerialize            avgt    5     0.531 ±   0.056  us/op
JacksonBenchJMH.t9_3_5_largeMapSerialize            avgt    5     3.006 ±   0.314  us/op
JacksonBenchJMH.t9_3_6_largeMapDeserialize          avgt    5     6.821 ±   1.034  us/op
JacksonBenchJMH.t9_3_7_nestedCollectionSerialize    avgt    5     1.003 ±   0.118  us/op
JacksonBenchJMH.t9_3_8_nestedCollectionDeserialize  avgt    5     2.727 ±   0.310  us/op
JacksonBenchJMH.t9_3_9_largeFloat64ArraySerialize   avgt    5   199.468 ±  27.328  us/op
JacksonBenchJMH.t9_4_1_deepNestedSerialize          avgt    5     0.405 ±   0.050  us/op
JacksonBenchJMH.t9_4_2_deepNestedDeserialize        avgt    5     0.676 ±   0.074  us/op
JacksonBenchJMH.t9_4_3_wideSerialize                avgt    5     0.845 ±   0.062  us/op
JacksonBenchJMH.t9_4_4_wideDeserialize              avgt    5     1.446 ±   0.207  us/op
JacksonBenchJMH.t9_4_5_ultraWideSerialize           avgt    5     1.588 ±   0.095  us/op
JacksonBenchJMH.t9_4_6_ultraWideDeserialize         avgt    5     2.746 ±   0.494  us/op
JacksonBenchJMH.t9_5_1_optionSerialize              avgt    5     0.355 ±   0.040  us/op
JacksonBenchJMH.t9_5_2_optionDeserialize            avgt    5     0.613 ±   0.068  us/op
JacksonBenchJMH.t9_5_3_optionRoundTrip              avgt    5     1.087 ±   0.097  us/op
JacksonBenchJMH.t9_5_4_emptyContainersSerialize     avgt    5     0.236 ±   0.032  us/op
JacksonBenchJMH.t9_5_5_emptyContainersDeserialize   avgt    5     0.413 ±   0.062  us/op
JacksonBenchJMH.t9_5_6_int64ExtremesSerialize       avgt    5     0.309 ±   0.034  us/op
JacksonBenchJMH.t9_5_7_int64ExtremesDeserialize     avgt    5     0.546 ±   0.053  us/op
JacksonBenchJMH.t9_5_8_unknownFieldDeserialize      avgt    5     1.101 ±   0.282  us/op
JacksonBenchJMH.t9_b_1_bytesParsePrimitive          avgt    5     0.619 ±   0.072  us/op
JacksonBenchJMH.t9_b_2_bytesParseLargeDoc           avgt    5  2817.618 ± 528.297  us/op
JacksonBenchJMH.t9_b_3_streamLargeDoc               avgt    5  3147.552 ± 726.818  us/op

Benchmark result is saved to /home/chenqian/yjson-t9-matrix-b1725e6/results/jackson-jmh/jmh.json
