Starting the benchmark `T9ThroughputBench.t9_2_4_unicodeStringSerialize()`.
    Warming up for 1.000 s.
    Starting measurements of 200 batches. Measuring Duration.
    Max batch size: 50826, estimated execution time: 5.000 s.
Finished in 4.989 s. Analysing results:
Warning: GC was invoked twice during some of the batches. This can significantly affect final results.
         It is recommended to either increase heap size limit using cjHeapSize enviroment variable,
         increase default GC interval using cjGCInterval environment variable
         or reduce benchmark duration with minDuration parameter of @Configure macro.

  percentiles:    [   10%        50%        90%        95%        99%        ]  
  time:           [   0.693 us   0.888 us   0.976 us   1.255 us   1.637 us   ]  
  mean:           0.891 us .. 0.911 us  Err ±1.1%
  median:         0.690 us .. 1.637 us
  R²:             0.964 .. 0.985
  stddev:         4.137 ns

--------------------------------------------------------------------------------------------------
TP: json4cj_databind.test.macros_test, time elapsed: 8222821871 ns, RESULT:
    TCS: T9ThroughputBench, time elapsed: 8193014825 ns, RESULT:
    | Case                          |   Median |         Err |   Err% |     Mean |
    |:------------------------------|---------:|------------:|-------:|---------:|
    | t9_2_4_unicodeStringSerialize | 0.888 us | ±0.00974 us |  ±1.1% | 0.894 us |
Summary: TOTAL: 147
    PASSED: 1, SKIPPED: 146, ERROR: 0
    FAILED: 0
--------------------------------------------------------------------------------------------------
Project tests finished, time elapsed: 8357405592 ns, RESULT:
TP: json4cj_databind.*, time elapsed: 8357261720 ns, RESULT:
    EMPTY:
    TP: json4cj_databind.test.filter
    TP: json4cj_databind.test.naming
    TP: json4cj_databind.test.types
    TP: json4cj_databind.test.view
    TP: json4cj_databind.test.exc
    TP: json4cj_databind.test.node
    TP: json4cj_databind.test.bind
    TP: json4cj_databind.test.module
    PASSED:
    TP: json4cj_databind.test.macros_test, time elapsed: 8222821871 ns
Summary: TOTAL: 147
    PASSED: 1, SKIPPED: 146, ERROR: 0
    FAILED: 0
--------------------------------------------------------------------------------------------------
cjpm bench success
