Starting the benchmark `T9ThroughputBench.t9_2_1_shortStringSerialize()`.
    Warming up for 1.000 s.
    Starting measurements of 200 batches. Measuring Duration.
    Max batch size: 53807, estimated execution time: 5.000 s.
Finished in 5.008 s. Analysing results:
Warning: GC was invoked twice during some of the batches. This can significantly affect final results.
         It is recommended to either increase heap size limit using cjHeapSize enviroment variable,
         increase default GC interval using cjGCInterval environment variable
         or reduce benchmark duration with minDuration parameter of @Configure macro.

  percentiles:    [   10%        50%        90%        95%        99%        ]  
  time:           [   0.653 us   0.840 us   0.923 us   1.069 us   1.454 us   ]  
  mean:           0.848 us .. 0.866 us  Err ±1.1%
  median:         0.650 us .. 1.454 us
  R²:             0.975 .. 0.985
  stddev:         3.806 ns

--------------------------------------------------------------------------------------------------
TP: json4cj_databind.test.macros_test, time elapsed: 8168608005 ns, RESULT:
    TCS: T9ThroughputBench, time elapsed: 8139412497 ns, RESULT:
    | Case                        |   Median |         Err |   Err% |     Mean |
    |:----------------------------|---------:|------------:|-------:|---------:|
    | t9_2_1_shortStringSerialize | 0.842 us | ±0.00916 us |  ±1.1% | 0.840 us |
Summary: TOTAL: 147
    PASSED: 1, SKIPPED: 146, ERROR: 0
    FAILED: 0
--------------------------------------------------------------------------------------------------
Project tests finished, time elapsed: 8303237210 ns, RESULT:
TP: json4cj_databind.*, time elapsed: 8303104225 ns, RESULT:
    EMPTY:
    TP: json4cj_databind.test.filter
    TP: json4cj_databind.test.naming
    TP: json4cj_databind.test.types
    TP: json4cj_databind.test.view
    TP: json4cj_databind.test.exc
    TP: json4cj_databind.test.node
    TP: json4cj_databind.test.bind
    TP: json4cj_databind.test.module
    PASSED:
    TP: json4cj_databind.test.macros_test, time elapsed: 8168608005 ns
Summary: TOTAL: 147
    PASSED: 1, SKIPPED: 146, ERROR: 0
    FAILED: 0
--------------------------------------------------------------------------------------------------
cjpm bench success
