Starting the benchmark `T9ThroughputBench.t9_4_3_wideSerialize()`.
    Warming up for 1.000 s.
    Starting measurements of 200 batches. Measuring Duration.
    Max batch size: 25858, estimated execution time: 5.000 s.
Finished in 5.111 s. Analysing results:
Warning: GC was invoked twice during some of the batches. This can significantly affect final results.
         It is recommended to either increase heap size limit using cjHeapSize enviroment variable,
         increase default GC interval using cjGCInterval environment variable
         or reduce benchmark duration with minDuration parameter of @Configure macro.

  percentiles:    [   10%        50%        90%        95%        99%        ]  
  time:           [   1.616 us   1.629 us   1.635 us   1.637 us   1.655 us   ]  
  mean:           1.603 us .. 1.637 us  Err ±1.0%
  median:         1.610 us .. 1.655 us
  R²:             0.983 .. 1.000
  stddev:         7.411 ns

--------------------------------------------------------------------------------------------------
TP: json4cj_databind.test.macros_test, time elapsed: 9491968934 ns, RESULT:
    TCS: T9ThroughputBench, time elapsed: 9480297187 ns, RESULT:
    | Case                 |   Median |        Err |   Err% |     Mean |
    |:---------------------|---------:|-----------:|-------:|---------:|
    | t9_4_3_wideSerialize | 1.629 us | ±0.0170 us |  ±1.0% | 1.634 us |
Summary: TOTAL: 147
    PASSED: 1, SKIPPED: 146, ERROR: 0
    FAILED: 0
--------------------------------------------------------------------------------------------------
Project tests finished, time elapsed: 9632940863 ns, RESULT:
TP: json4cj_databind.*, time elapsed: 9632811085 ns, RESULT:
    EMPTY:
    TP: json4cj_databind.test.filter
    TP: json4cj_databind.test.naming
    TP: json4cj_databind.test.types
    TP: json4cj_databind.test.view
    TP: json4cj_databind.test.exc
    TP: json4cj_databind.test.node
    TP: json4cj_databind.test.bind
    TP: json4cj_databind.test.module
    PASSED:
    TP: json4cj_databind.test.macros_test, time elapsed: 9491968934 ns
Summary: TOTAL: 147
    PASSED: 1, SKIPPED: 146, ERROR: 0
    FAILED: 0
--------------------------------------------------------------------------------------------------
cjpm bench success
