Starting the benchmark `T9ThroughputBench.t9_5_3_optionRoundTrip()`.
    Warming up for 1.000 s.
    Starting measurements of 200 batches. Measuring Duration.
    Max batch size: 8202, estimated execution time: 5.001 s.
Finished in 5.055 s. Analysing results:
Warning: GC was invoked twice during some of the batches. This can significantly affect final results.
         It is recommended to either increase heap size limit using cjHeapSize enviroment variable,
         increase default GC interval using cjGCInterval environment variable
         or reduce benchmark duration with minDuration parameter of @Configure macro.

  percentiles:    [   10%        50%        90%        95%        99%        ]  
  time:           [   5.022 us   5.627 us   6.329 us   6.559 us   7.221 us   ]  
  mean:           5.451 us .. 5.770 us  Err ±2.8%
  median:         4.540 us .. 7.221 us
  R²:             0.948 .. 0.970
  stddev:         73.61 ns

--------------------------------------------------------------------------------------------------
TP: json4cj_databind.test.macros_test, time elapsed: 9602229904 ns, RESULT:
    TCS: T9ThroughputBench, time elapsed: 9572924931 ns, RESULT:
    | Case                   |   Median |       Err |   Err% |     Mean |
    |:-----------------------|---------:|----------:|-------:|---------:|
    | t9_5_3_optionRoundTrip | 5.645 us | ±0.164 us |  ±2.9% | 5.666 us |
Summary: TOTAL: 147
    PASSED: 1, SKIPPED: 146, ERROR: 0
    FAILED: 0
--------------------------------------------------------------------------------------------------
Project tests finished, time elapsed: 9735929949 ns, RESULT:
TP: json4cj_databind.*, time elapsed: 9735789855 ns, RESULT:
    EMPTY:
    TP: json4cj_databind.test.filter
    TP: json4cj_databind.test.naming
    TP: json4cj_databind.test.types
    TP: json4cj_databind.test.view
    TP: json4cj_databind.test.exc
    TP: json4cj_databind.test.node
    TP: json4cj_databind.test.bind
    TP: json4cj_databind.test.module
    PASSED:
    TP: json4cj_databind.test.macros_test, time elapsed: 9602229904 ns
Summary: TOTAL: 147
    PASSED: 1, SKIPPED: 146, ERROR: 0
    FAILED: 0
--------------------------------------------------------------------------------------------------
cjpm bench success
