Starting the benchmark `T9ThroughputBench.t9_5_2_optionDeserialize()`.
    Warming up for 1.000 s.
    Starting measurements of 200 batches. Measuring Duration.
    Max batch size: 9950, estimated execution time: 5.001 s.
Finished in 4.731 s. Analysing results:
Warning: GC was invoked twice during some of the batches. This can significantly affect final results.
         It is recommended to either increase heap size limit using cjHeapSize enviroment variable,
         increase default GC interval using cjGCInterval environment variable
         or reduce benchmark duration with minDuration parameter of @Configure macro.

  percentiles:    [   10%        50%        90%        95%        99%        ]  
  time:           [   4.128 us   4.324 us   4.485 us   4.512 us   4.545 us   ]  
  mean:           4.301 us .. 4.391 us  Err ±1.0%
  median:         3.989 us .. 4.545 us
  R²:             0.974 .. 0.985
  stddev:         19.10 ns

--------------------------------------------------------------------------------------------------
TP: json4cj_databind.test.macros_test, time elapsed: 9484162914 ns, RESULT:
    TCS: T9ThroughputBench, time elapsed: 9468096053 ns, RESULT:
    | Case                     |   Median |        Err |   Err% |     Mean |
    |:-------------------------|---------:|-----------:|-------:|---------:|
    | t9_5_2_optionDeserialize | 4.327 us | ±0.0427 us |  ±1.0% | 4.318 us |
Summary: TOTAL: 147
    PASSED: 1, SKIPPED: 146, ERROR: 0
    FAILED: 0
--------------------------------------------------------------------------------------------------
Project tests finished, time elapsed: 9624398060 ns, RESULT:
TP: json4cj_databind.*, time elapsed: 9624270144 ns, RESULT:
    EMPTY:
    TP: json4cj_databind.test.filter
    TP: json4cj_databind.test.naming
    TP: json4cj_databind.test.types
    TP: json4cj_databind.test.view
    TP: json4cj_databind.test.exc
    TP: json4cj_databind.test.node
    TP: json4cj_databind.test.bind
    TP: json4cj_databind.test.module
    PASSED:
    TP: json4cj_databind.test.macros_test, time elapsed: 9484162914 ns
Summary: TOTAL: 147
    PASSED: 1, SKIPPED: 146, ERROR: 0
    FAILED: 0
--------------------------------------------------------------------------------------------------
cjpm bench success
