Starting the benchmark `T9ThroughputBench.t9_1_1_primitiveSerialize()`.
    Warming up for 1.000 s.
    Starting measurements of 200 batches. Measuring Duration.
    Max batch size: 49877, estimated execution time: 5.000 s.
Finished in 5.032 s. Analysing results:
Warning: GC was invoked twice during some of the batches. This can significantly affect final results.
         It is recommended to either increase heap size limit using cjHeapSize enviroment variable,
         increase default GC interval using cjGCInterval environment variable
         or reduce benchmark duration with minDuration parameter of @Configure macro.

  percentiles:    [   10%        50%        90%        95%        99%        ]  
  time:           [   0.870 us   0.926 us   0.974 us   0.987 us   1.085 us   ]  
  mean:           0.926 us .. 0.945 us  Err ±1.0%
  median:         0.849 us .. 1.085 us
  R²:             0.976 .. 0.987
  stddev:         4.042 ns

--------------------------------------------------------------------------------------------------
TP: json4cj_databind.test.macros_test, time elapsed: 8270047252 ns, RESULT:
    TCS: T9ThroughputBench, time elapsed: 8248233756 ns, RESULT:
    | Case                      |   Median |         Err |   Err% |     Mean |
    |:--------------------------|---------:|------------:|-------:|---------:|
    | t9_1_1_primitiveSerialize | 0.928 us | ±0.00932 us |  ±1.0% | 0.927 us |
Summary: TOTAL: 147
    PASSED: 1, SKIPPED: 146, ERROR: 0
    FAILED: 0
--------------------------------------------------------------------------------------------------
Project tests finished, time elapsed: 8575731363 ns, RESULT:
TP: json4cj_databind.*, time elapsed: 8575594581 ns, RESULT:
    EMPTY:
    TP: json4cj_databind.test.filter
    TP: json4cj_databind.test.naming
    TP: json4cj_databind.test.types
    TP: json4cj_databind.test.view
    TP: json4cj_databind.test.exc
    TP: json4cj_databind.test.node
    TP: json4cj_databind.test.bind
    TP: json4cj_databind.test.module
    PASSED:
    TP: json4cj_databind.test.macros_test, time elapsed: 8270047252 ns
Summary: TOTAL: 147
    PASSED: 1, SKIPPED: 146, ERROR: 0
    FAILED: 0
--------------------------------------------------------------------------------------------------
cjpm bench success
