Starting the benchmark `T9ThroughputBench.t9_4_4_wideDeserialize()`.
    Warming up for 1.000 s.
    Starting measurements of 200 batches. Measuring Duration.
    Max batch size: 7819, estimated execution time: 5.000 s.
Finished in 4.951 s. Analysing results:
Warning: GC was invoked twice during some of the batches. This can significantly affect final results.
         It is recommended to either increase heap size limit using cjHeapSize enviroment variable,
         increase default GC interval using cjGCInterval environment variable
         or reduce benchmark duration with minDuration parameter of @Configure macro.

  percentiles:    [   10%        50%        90%        95%        99%        ]  
  time:           [   5.198 us   5.783 us   6.210 us   6.291 us   6.573 us   ]  
  mean:           5.773 us .. 5.912 us  Err ±1.2%
  median:         4.838 us .. 6.573 us
  R²:             0.959 .. 0.985
  stddev:         28.95 ns

--------------------------------------------------------------------------------------------------
TP: json4cj_databind.test.macros_test, time elapsed: 9831078515 ns, RESULT:
    TCS: T9ThroughputBench, time elapsed: 9804467506 ns, RESULT:
    | Case                   |   Median |        Err |   Err% |     Mean |
    |:-----------------------|---------:|-----------:|-------:|---------:|
    | t9_4_4_wideDeserialize | 5.801 us | ±0.0672 us |  ±1.2% | 5.767 us |
Summary: TOTAL: 147
    PASSED: 1, SKIPPED: 146, ERROR: 0
    FAILED: 0
--------------------------------------------------------------------------------------------------
Project tests finished, time elapsed: 9961758603 ns, RESULT:
TP: json4cj_databind.*, time elapsed: 9961620765 ns, RESULT:
    EMPTY:
    TP: json4cj_databind.test.filter
    TP: json4cj_databind.test.naming
    TP: json4cj_databind.test.types
    TP: json4cj_databind.test.view
    TP: json4cj_databind.test.exc
    TP: json4cj_databind.test.node
    TP: json4cj_databind.test.bind
    TP: json4cj_databind.test.module
    PASSED:
    TP: json4cj_databind.test.macros_test, time elapsed: 9831078515 ns
Summary: TOTAL: 147
    PASSED: 1, SKIPPED: 146, ERROR: 0
    FAILED: 0
--------------------------------------------------------------------------------------------------
cjpm bench success
