Starting the benchmark `T9ThroughputBench.t9_5_4_emptyContainersSerialize()`.
    Warming up for 1.000 s.
    Starting measurements of 200 batches. Measuring Duration.
    Max batch size: 54679, estimated execution time: 5.000 s.
Finished in 4.999 s. Analysing results:
Warning: GC was invoked twice during some of the batches. This can significantly affect final results.
         It is recommended to either increase heap size limit using cjHeapSize enviroment variable,
         increase default GC interval using cjGCInterval environment variable
         or reduce benchmark duration with minDuration parameter of @Configure macro.

  percentiles:    [   10%        50%        90%        95%        99%        ]  
  time:           [   0.641 us   0.826 us   0.908 us   1.119 us   1.459 us   ]  
  mean:           0.831 us .. 0.851 us  Err ±1.2%
  median:         0.638 us .. 1.459 us
  R²:             0.958 .. 0.984
  stddev:         4.353 ns

--------------------------------------------------------------------------------------------------
TP: json4cj_databind.test.macros_test, time elapsed: 8145125504 ns, RESULT:
    TCS: T9ThroughputBench, time elapsed: 8116337995 ns, RESULT:
    | Case                            |   Median |        Err |   Err% |     Mean |
    |:--------------------------------|---------:|-----------:|-------:|---------:|
    | t9_5_4_emptyContainersSerialize | 0.827 us | ±0.0107 us |  ±1.3% | 0.833 us |
Summary: TOTAL: 147
    PASSED: 1, SKIPPED: 146, ERROR: 0
    FAILED: 0
--------------------------------------------------------------------------------------------------
Project tests finished, time elapsed: 8278645535 ns, RESULT:
TP: json4cj_databind.*, time elapsed: 8278508419 ns, RESULT:
    EMPTY:
    TP: json4cj_databind.test.filter
    TP: json4cj_databind.test.naming
    TP: json4cj_databind.test.types
    TP: json4cj_databind.test.view
    TP: json4cj_databind.test.exc
    TP: json4cj_databind.test.node
    TP: json4cj_databind.test.bind
    TP: json4cj_databind.test.module
    PASSED:
    TP: json4cj_databind.test.macros_test, time elapsed: 8145125504 ns
Summary: TOTAL: 147
    PASSED: 1, SKIPPED: 146, ERROR: 0
    FAILED: 0
--------------------------------------------------------------------------------------------------
cjpm bench success
