Starting the benchmark `T9ThroughputBench.t9_4_2_deepNestedDeserialize()`.
    Warming up for 1.000 s.
    Starting measurements of 200 batches. Measuring Duration.
    Max batch size: 8285, estimated execution time: 5.000 s.
Finished in 5.135 s. Analysing results:
Warning: GC was invoked twice during some of the batches. This can significantly affect final results.
         It is recommended to either increase heap size limit using cjHeapSize enviroment variable,
         increase default GC interval using cjGCInterval environment variable
         or reduce benchmark duration with minDuration parameter of @Configure macro.

  percentiles:    [   10%        50%        90%        95%        99%        ]  
  time:           [   3.979 us   5.332 us   7.038 us   7.535 us   9.044 us   ]  
  mean:           5.012 us .. 5.713 us  Err ±6.6%
  median:         3.512 us .. 9.044 us
  R²:             0.704 .. 0.828
  stddev:         138.8 ns

--------------------------------------------------------------------------------------------------
TP: json4cj_databind.test.macros_test, time elapsed: 9342287653 ns, RESULT:
    TCS: T9ThroughputBench, time elapsed: 9313058590 ns, RESULT:
    | Case                         |   Median |       Err |   Err% |     Mean |
    |:-----------------------------|---------:|----------:|-------:|---------:|
    | t9_4_2_deepNestedDeserialize | 5.333 us | ±0.362 us |  ±6.8% | 5.399 us |
Summary: TOTAL: 147
    PASSED: 1, SKIPPED: 146, ERROR: 0
    FAILED: 0
--------------------------------------------------------------------------------------------------
Project tests finished, time elapsed: 9476003234 ns, RESULT:
TP: json4cj_databind.*, time elapsed: 9475863573 ns, RESULT:
    EMPTY:
    TP: json4cj_databind.test.filter
    TP: json4cj_databind.test.naming
    TP: json4cj_databind.test.types
    TP: json4cj_databind.test.view
    TP: json4cj_databind.test.exc
    TP: json4cj_databind.test.node
    TP: json4cj_databind.test.bind
    TP: json4cj_databind.test.module
    PASSED:
    TP: json4cj_databind.test.macros_test, time elapsed: 9342287653 ns
Summary: TOTAL: 147
    PASSED: 1, SKIPPED: 146, ERROR: 0
    FAILED: 0
--------------------------------------------------------------------------------------------------
cjpm bench success
