Starting the benchmark `T9ThroughputBench.t9_4_1_deepNestedSerialize()`.
    Warming up for 1.000 s.
    Starting measurements of 200 batches. Measuring Duration.
    Max batch size: 53848, estimated execution time: 5.000 s.
Finished in 4.987 s. Analysing results:
Warning: GC was invoked twice during some of the batches. This can significantly affect final results.
         It is recommended to either increase heap size limit using cjHeapSize enviroment variable,
         increase default GC interval using cjGCInterval environment variable
         or reduce benchmark duration with minDuration parameter of @Configure macro.

  percentiles:    [   10%        50%        90%        95%        99%        ]  
  time:           [   0.649 us   0.833 us   0.919 us   1.112 us   1.532 us   ]  
  mean:           0.842 us .. 0.863 us  Err ±1.3%
  median:         0.647 us .. 1.532 us
  R²:             0.951 .. 0.985
  stddev:         4.713 ns

--------------------------------------------------------------------------------------------------
TP: json4cj_databind.test.macros_test, time elapsed: 8131144980 ns, RESULT:
    TCS: T9ThroughputBench, time elapsed: 8102245437 ns, RESULT:
    | Case                       |   Median |        Err |   Err% |     Mean |
    |:---------------------------|---------:|-----------:|-------:|---------:|
    | t9_4_1_deepNestedSerialize | 0.835 us | ±0.0118 us |  ±1.4% | 0.833 us |
Summary: TOTAL: 147
    PASSED: 1, SKIPPED: 146, ERROR: 0
    FAILED: 0
--------------------------------------------------------------------------------------------------
Project tests finished, time elapsed: 8268918395 ns, RESULT:
TP: json4cj_databind.*, time elapsed: 8268786070 ns, RESULT:
    EMPTY:
    TP: json4cj_databind.test.filter
    TP: json4cj_databind.test.naming
    TP: json4cj_databind.test.types
    TP: json4cj_databind.test.view
    TP: json4cj_databind.test.exc
    TP: json4cj_databind.test.node
    TP: json4cj_databind.test.bind
    TP: json4cj_databind.test.module
    PASSED:
    TP: json4cj_databind.test.macros_test, time elapsed: 8131144980 ns
Summary: TOTAL: 147
    PASSED: 1, SKIPPED: 146, ERROR: 0
    FAILED: 0
--------------------------------------------------------------------------------------------------
cjpm bench success
