Starting the benchmark `T9ThroughputBench.t9_3_8_nestedCollectionDeserialize()`.
    Warming up for 1.000 s.
    Starting measurements of 200 batches. Measuring Duration.
    Max batch size: 4206, estimated execution time: 5.001 s.
Finished in 4.872 s. Analysing results:
Warning: GC was invoked twice during some of the batches. This can significantly affect final results.
         It is recommended to either increase heap size limit using cjHeapSize enviroment variable,
         increase default GC interval using cjGCInterval environment variable
         or reduce benchmark duration with minDuration parameter of @Configure macro.

  percentiles:    [   10%        50%        90%        95%        99%        ]  
  time:           [   9.724 us   10.58 us   11.35 us   13.73 us   15.84 us   ]  
  mean:           10.31 us .. 10.80 us  Err ±2.3%
  median:         9.264 us .. 15.84 us
  R²:             0.945 .. 0.981
  stddev:         100.9 ns

--------------------------------------------------------------------------------------------------
TP: json4cj_databind.test.macros_test, time elapsed: 9631615454 ns, RESULT:
    TCS: T9ThroughputBench, time elapsed: 9601887557 ns, RESULT:
    | Case                               |   Median |       Err |   Err% |     Mean |
    |:-----------------------------------|---------:|----------:|-------:|---------:|
    | t9_3_8_nestedCollectionDeserialize | 10.55 us | ±0.239 us |  ±2.3% | 10.79 us |
Summary: TOTAL: 147
    PASSED: 1, SKIPPED: 146, ERROR: 0
    FAILED: 0
--------------------------------------------------------------------------------------------------
Project tests finished, time elapsed: 9760237658 ns, RESULT:
TP: json4cj_databind.*, time elapsed: 9760095941 ns, RESULT:
    EMPTY:
    TP: json4cj_databind.test.filter
    TP: json4cj_databind.test.naming
    TP: json4cj_databind.test.types
    TP: json4cj_databind.test.view
    TP: json4cj_databind.test.exc
    TP: json4cj_databind.test.node
    TP: json4cj_databind.test.bind
    TP: json4cj_databind.test.module
    PASSED:
    TP: json4cj_databind.test.macros_test, time elapsed: 9631615454 ns
Summary: TOTAL: 147
    PASSED: 1, SKIPPED: 146, ERROR: 0
    FAILED: 0
--------------------------------------------------------------------------------------------------
cjpm bench success
