Starting the benchmark `T9ThroughputBench.t9_1_2_primitiveDeserialize()`.
    Warming up for 1.000 s.
    Starting measurements of 200 batches. Measuring Duration.
    Max batch size: 8756, estimated execution time: 5.001 s.
Finished in 5.762 s. Analysing results:
Warning: GC was invoked twice during some of the batches. This can significantly affect final results.
         It is recommended to either increase heap size limit using cjHeapSize enviroment variable,
         increase default GC interval using cjGCInterval environment variable
         or reduce benchmark duration with minDuration parameter of @Configure macro.

  percentiles:    [   10%        50%        90%        95%        99%        ]  
  time:           [   3.995 us   5.656 us   7.088 us   7.903 us   9.504 us   ]  
  mean:           5.231 us .. 5.780 us  Err ±4.9%
  median:         3.564 us .. 9.504 us
  R²:             0.794 .. 0.884
  stddev:         116.3 ns

--------------------------------------------------------------------------------------------------
TP: json4cj_databind.test.macros_test, time elapsed: 9963610691 ns, RESULT:
    TCS: T9ThroughputBench, time elapsed: 9951251566 ns, RESULT:
    | Case                        |   Median |       Err |   Err% |     Mean |
    |:----------------------------|---------:|----------:|-------:|---------:|
    | t9_1_2_primitiveDeserialize | 5.701 us | ±0.278 us |  ±4.9% | 5.673 us |
Summary: TOTAL: 147
    PASSED: 1, SKIPPED: 146, ERROR: 0
    FAILED: 0
--------------------------------------------------------------------------------------------------
Project tests finished, time elapsed: 10182938942 ns, RESULT:
TP: json4cj_databind.*, time elapsed: 10182802637 ns, RESULT:
    EMPTY:
    TP: json4cj_databind.test.filter
    TP: json4cj_databind.test.naming
    TP: json4cj_databind.test.types
    TP: json4cj_databind.test.view
    TP: json4cj_databind.test.exc
    TP: json4cj_databind.test.node
    TP: json4cj_databind.test.bind
    TP: json4cj_databind.test.module
    PASSED:
    TP: json4cj_databind.test.macros_test, time elapsed: 9963610691 ns
Summary: TOTAL: 147
    PASSED: 1, SKIPPED: 146, ERROR: 0
    FAILED: 0
--------------------------------------------------------------------------------------------------
cjpm bench success
