Starting the benchmark `T9ThroughputBench.t9_2_3_escapeStringSerialize()`.
    Warming up for 1.000 s.
    Starting measurements of 200 batches. Measuring Duration.
    Max batch size: 44925, estimated execution time: 5.000 s.
Finished in 5.049 s. Analysing results:
Warning: GC was invoked twice during some of the batches. This can significantly affect final results.
         It is recommended to either increase heap size limit using cjHeapSize enviroment variable,
         increase default GC interval using cjGCInterval environment variable
         or reduce benchmark duration with minDuration parameter of @Configure macro.

  percentiles:    [   10%        50%        90%        95%        99%        ]  
  time:           [   0.973 us   1.034 us   1.091 us   1.103 us   1.134 us   ]  
  mean:           1.035 us .. 1.057 us  Err ±1.1%
  median:         0.946 us .. 1.134 us
  R²:             0.978 .. 0.988
  stddev:         4.639 ns

--------------------------------------------------------------------------------------------------
TP: json4cj_databind.test.macros_test, time elapsed: 8211150495 ns, RESULT:
    TCS: T9ThroughputBench, time elapsed: 8183150852 ns, RESULT:
    | Case                         |   Median |        Err |   Err% |     Mean |
    |:-----------------------------|---------:|-----------:|-------:|---------:|
    | t9_2_3_escapeStringSerialize | 1.034 us | ±0.0105 us |  ±1.0% | 1.031 us |
Summary: TOTAL: 147
    PASSED: 1, SKIPPED: 146, ERROR: 0
    FAILED: 0
--------------------------------------------------------------------------------------------------
Project tests finished, time elapsed: 8342468045 ns, RESULT:
TP: json4cj_databind.*, time elapsed: 8342331279 ns, RESULT:
    EMPTY:
    TP: json4cj_databind.test.filter
    TP: json4cj_databind.test.naming
    TP: json4cj_databind.test.types
    TP: json4cj_databind.test.view
    TP: json4cj_databind.test.exc
    TP: json4cj_databind.test.node
    TP: json4cj_databind.test.bind
    TP: json4cj_databind.test.module
    PASSED:
    TP: json4cj_databind.test.macros_test, time elapsed: 8211150495 ns
Summary: TOTAL: 147
    PASSED: 1, SKIPPED: 146, ERROR: 0
    FAILED: 0
--------------------------------------------------------------------------------------------------
cjpm bench success
