Starting the benchmark `T9ThroughputBench.t9_5_8_unknownFieldDeserialize()`.
    Warming up for 1.000 s.
    Starting measurements of 200 batches. Measuring Duration.
    Max batch size: 4584, estimated execution time: 5.001 s.
Finished in 5.224 s. Analysing results:
Warning: GC was invoked twice during some of the batches. This can significantly affect final results.
         It is recommended to either increase heap size limit using cjHeapSize enviroment variable,
         increase default GC interval using cjGCInterval environment variable
         or reduce benchmark duration with minDuration parameter of @Configure macro.

  percentiles:    [   10%        50%        90%        95%        99%        ]  
  time:           [   8.792 us   10.03 us   11.44 us   11.80 us   13.66 us   ]  
  mean:           9.464 us .. 10.55 us  Err ±5.4%
  median:         7.686 us .. 13.66 us
  R²:             0.912 .. 0.948
  stddev:         235.4 ns

--------------------------------------------------------------------------------------------------
TP: json4cj_databind.test.macros_test, time elapsed: 9511953025 ns, RESULT:
    TCS: T9ThroughputBench, time elapsed: 9482416540 ns, RESULT:
    | Case                           |   Median |       Err |   Err% |     Mean |
    |:-------------------------------|---------:|----------:|-------:|---------:|
    | t9_5_8_unknownFieldDeserialize | 10.05 us | ±0.549 us |  ±5.5% | 10.07 us |
Summary: TOTAL: 147
    PASSED: 1, SKIPPED: 146, ERROR: 0
    FAILED: 0
--------------------------------------------------------------------------------------------------
Project tests finished, time elapsed: 9646983423 ns, RESULT:
TP: json4cj_databind.*, time elapsed: 9646840895 ns, RESULT:
    EMPTY:
    TP: json4cj_databind.test.filter
    TP: json4cj_databind.test.naming
    TP: json4cj_databind.test.types
    TP: json4cj_databind.test.view
    TP: json4cj_databind.test.exc
    TP: json4cj_databind.test.node
    TP: json4cj_databind.test.bind
    TP: json4cj_databind.test.module
    PASSED:
    TP: json4cj_databind.test.macros_test, time elapsed: 9511953025 ns
Summary: TOTAL: 147
    PASSED: 1, SKIPPED: 146, ERROR: 0
    FAILED: 0
--------------------------------------------------------------------------------------------------
cjpm bench success
