Starting the benchmark `T9ThroughputBench.t9_3_7_nestedCollectionSerialize()`.
    Warming up for 1.000 s.
    Starting measurements of 200 batches. Measuring Duration.
    Max batch size: 22575, estimated execution time: 5.000 s.
Finished in 5.136 s. Analysing results:
Warning: GC was invoked twice during some of the batches. This can significantly affect final results.
         It is recommended to either increase heap size limit using cjHeapSize enviroment variable,
         increase default GC interval using cjGCInterval environment variable
         or reduce benchmark duration with minDuration parameter of @Configure macro.

  percentiles:    [   10%        50%        90%        95%        99%        ]  
  time:           [   1.873 us   1.875 us   1.879 us   1.881 us   1.886 us   ]  
  mean:           1.872 us .. 1.884 us  Err ±0.3%
  median:         1.871 us .. 1.886 us
  R²:             1.000 .. 1.000
  stddev:         3.098 ns

--------------------------------------------------------------------------------------------------
TP: json4cj_databind.test.macros_test, time elapsed: 9727009199 ns, RESULT:
    TCS: T9ThroughputBench, time elapsed: 9697022300 ns, RESULT:
    | Case                             |   Median |         Err |   Err% |     Mean |
    |:---------------------------------|---------:|------------:|-------:|---------:|
    | t9_3_7_nestedCollectionSerialize | 1.875 us | ±0.00582 us |  ±0.3% | 1.876 us |
Summary: TOTAL: 147
    PASSED: 1, SKIPPED: 146, ERROR: 0
    FAILED: 0
--------------------------------------------------------------------------------------------------
Project tests finished, time elapsed: 9855947451 ns, RESULT:
TP: json4cj_databind.*, time elapsed: 9855804909 ns, RESULT:
    EMPTY:
    TP: json4cj_databind.test.filter
    TP: json4cj_databind.test.naming
    TP: json4cj_databind.test.types
    TP: json4cj_databind.test.view
    TP: json4cj_databind.test.exc
    TP: json4cj_databind.test.node
    TP: json4cj_databind.test.bind
    TP: json4cj_databind.test.module
    PASSED:
    TP: json4cj_databind.test.macros_test, time elapsed: 9727009199 ns
Summary: TOTAL: 147
    PASSED: 1, SKIPPED: 146, ERROR: 0
    FAILED: 0
--------------------------------------------------------------------------------------------------
cjpm bench success
