Starting the benchmark `T9ThroughputBench.t9_3_5_largeMapSerialize()`.
    Warming up for 200.0 ms.
    Starting measurements of 200 batches. Measuring Duration.
    Max batch size: 2425, estimated execution time: 1.000 s.
Finished in 1.096 s. Analysing results:
  percentiles:    [   10%        50%        90%        95%        99%        ]  
  time:           [   3.935 us   3.942 us   3.950 us   3.955 us   3.973 us   ]  
  mean:           3.938 us .. 3.950 us  Err ±0.2%
  median:         3.923 us .. 3.973 us
  R²:             1.000 .. 1.000
  stddev:         2.788 ns

--------------------------------------------------------------------------------------------------
TP: yjson_benchmarks, time elapsed: 2966579177 ns, RESULT:
    TCS: T9ThroughputBench, time elapsed: 2965637358 ns, RESULT:
    | Case                     |   Median |         Err |   Err% |     Mean |
    |:-------------------------|---------:|------------:|-------:|---------:|
    | t9_3_5_largeMapSerialize | 3.942 us | ±0.00636 us |  ±0.2% | 3.943 us |
Summary: TOTAL: 42
    PASSED: 1, SKIPPED: 41, ERROR: 0
    FAILED: 0
--------------------------------------------------------------------------------------------------
Project tests finished, time elapsed: 2968106601 ns, RESULT:
TP: yjson_benchmarks.*, time elapsed: 2967996185 ns, RESULT:
    PASSED:
    TP: yjson_benchmarks, time elapsed: 2966579177 ns
Summary: TOTAL: 42
    PASSED: 1, SKIPPED: 41, ERROR: 0
    FAILED: 0
--------------------------------------------------------------------------------------------------
cjpm bench success
