Starting the benchmark `T9ThroughputBench.t9_4_1_deepNestedSerialize()`.
    Warming up for 200.0 ms.
    Starting measurements of 200 batches. Measuring Duration.
    Max batch size: 13663, estimated execution time: 1.000 s.
Finished in 1.097 s. Analysing results:
  percentiles:    [   10%        50%        90%        95%        99%        ]  
  time:           [   0.691 us   0.705 us   0.716 us   0.717 us   0.720 us   ]  
  mean:           0.697 us .. 0.707 us  Err ±0.7%
  median:         0.690 us .. 0.720 us
  R²:             0.998 .. 0.999
  stddev:         2.099 ns

--------------------------------------------------------------------------------------------------
TP: yjson_benchmarks, time elapsed: 2944094572 ns, RESULT:
    TCS: T9ThroughputBench, time elapsed: 2943161897 ns, RESULT:
    | Case                       |   Median |         Err |   Err% |     Mean |
    |:---------------------------|---------:|------------:|-------:|---------:|
    | t9_4_1_deepNestedSerialize | 0.704 us | ±0.00485 us |  ±0.7% | 0.704 us |
Summary: TOTAL: 42
    PASSED: 1, SKIPPED: 41, ERROR: 0
    FAILED: 0
--------------------------------------------------------------------------------------------------
Project tests finished, time elapsed: 2945628117 ns, RESULT:
TP: yjson_benchmarks.*, time elapsed: 2945518911 ns, RESULT:
    PASSED:
    TP: yjson_benchmarks, time elapsed: 2944094572 ns
Summary: TOTAL: 42
    PASSED: 1, SKIPPED: 41, ERROR: 0
    FAILED: 0
--------------------------------------------------------------------------------------------------
cjpm bench success
