Starting the benchmark `T9ThroughputBench.t9_2_3_escapeStringSerialize()`.
    Warming up for 200.0 ms.
    Starting measurements of 200 batches. Measuring Duration.
    Max batch size: 14101, estimated execution time: 1.000 s.
Finished in 1.092 s. Analysing results:
  percentiles:    [   10%        50%        90%        95%        99%        ]  
  time:           [   0.676 us   0.676 us   0.678 us   0.678 us   0.681 us   ]  
  mean:           0.676 us .. 0.678 us  Err ±0.2%
  median:         0.675 us .. 0.681 us
  R²:             1.000 .. 1.000
  stddev:         0.452 ns

--------------------------------------------------------------------------------------------------
TP: yjson_benchmarks, time elapsed: 2952653628 ns, RESULT:
    TCS: T9ThroughputBench, time elapsed: 2951695637 ns, RESULT:
    | Case                         |   Median |         Err |   Err% |     Mean |
    |:-----------------------------|---------:|------------:|-------:|---------:|
    | t9_2_3_escapeStringSerialize | 0.676 us | ±0.00106 us |  ±0.2% | 0.677 us |
Summary: TOTAL: 42
    PASSED: 1, SKIPPED: 41, ERROR: 0
    FAILED: 0
--------------------------------------------------------------------------------------------------
Project tests finished, time elapsed: 2954205536 ns, RESULT:
TP: yjson_benchmarks.*, time elapsed: 2954095038 ns, RESULT:
    PASSED:
    TP: yjson_benchmarks, time elapsed: 2952653628 ns
Summary: TOTAL: 42
    PASSED: 1, SKIPPED: 41, ERROR: 0
    FAILED: 0
--------------------------------------------------------------------------------------------------
cjpm bench success
