Starting the benchmark `T9ThroughputBench.t9_4_3_wideSerialize()`.
    Warming up for 200.0 ms.
    Starting measurements of 200 batches. Measuring Duration.
    Max batch size: 6656, estimated execution time: 1.000 s.
Finished in 1.117 s. Analysing results:
  percentiles:    [   10%        50%        90%        95%        99%        ]  
  time:           [   1.463 us   1.471 us   1.519 us   1.530 us   1.536 us   ]  
  mean:           1.470 us .. 1.485 us  Err ±0.5%
  median:         1.444 us .. 1.536 us
  R²:             0.998 .. 0.999
  stddev:         3.218 ns

--------------------------------------------------------------------------------------------------
TP: yjson_benchmarks, time elapsed: 3145598967 ns, RESULT:
    TCS: T9ThroughputBench, time elapsed: 3144672627 ns, RESULT:
    | Case                 |   Median |         Err |   Err% |     Mean |
    |:---------------------|---------:|------------:|-------:|---------:|
    | t9_4_3_wideSerialize | 1.470 us | ±0.00720 us |  ±0.5% | 1.478 us |
Summary: TOTAL: 42
    PASSED: 1, SKIPPED: 41, ERROR: 0
    FAILED: 0
--------------------------------------------------------------------------------------------------
Project tests finished, time elapsed: 3147115802 ns, RESULT:
TP: yjson_benchmarks.*, time elapsed: 3146999125 ns, RESULT:
    PASSED:
    TP: yjson_benchmarks, time elapsed: 3145598967 ns
Summary: TOTAL: 42
    PASSED: 1, SKIPPED: 41, ERROR: 0
    FAILED: 0
--------------------------------------------------------------------------------------------------
cjpm bench success
