Starting the benchmark `T9ThroughputBench.t9_5_4_emptyContainersSerialize()`.
    Warming up for 200.0 ms.
    Starting measurements of 200 batches. Measuring Duration.
    Max batch size: 18077, estimated execution time: 1.000 s.
Finished in 1.119 s. Analysing results:
  percentiles:    [   10%        50%        90%        95%        99%        ]  
  time:           [   0.532 us   0.544 us   0.548 us   0.549 us   0.552 us   ]  
  mean:           0.540 us .. 0.545 us  Err ±0.5%
  median:         0.529 us .. 0.552 us
  R²:             0.999 .. 0.999
  stddev:         1.114 ns

--------------------------------------------------------------------------------------------------
TP: yjson_benchmarks, time elapsed: 2983751565 ns, RESULT:
    TCS: T9ThroughputBench, time elapsed: 2982822381 ns, RESULT:
    | Case                            |   Median |         Err |   Err% |     Mean |
    |:--------------------------------|---------:|------------:|-------:|---------:|
    | t9_5_4_emptyContainersSerialize | 0.544 us | ±0.00258 us |  ±0.5% | 0.542 us |
Summary: TOTAL: 42
    PASSED: 1, SKIPPED: 41, ERROR: 0
    FAILED: 0
--------------------------------------------------------------------------------------------------
Project tests finished, time elapsed: 2985279055 ns, RESULT:
TP: yjson_benchmarks.*, time elapsed: 2985163759 ns, RESULT:
    PASSED:
    TP: yjson_benchmarks, time elapsed: 2983751565 ns
Summary: TOTAL: 42
    PASSED: 1, SKIPPED: 41, ERROR: 0
    FAILED: 0
--------------------------------------------------------------------------------------------------
cjpm bench success
