Starting the benchmark `T9ThroughputBench.t9_5_6_int64ExtremesSerialize()`.
    Warming up for 200.0 ms.
    Starting measurements of 200 batches. Measuring Duration.
    Max batch size: 25035, estimated execution time: 1.000 s.
Finished in 1.078 s. Analysing results:
  percentiles:    [   10%        50%        90%        95%        99%        ]  
  time:           [   360.3 ns   373.1 ns   388.9 ns   390.9 ns   392.8 ns   ]  
  mean:           367.9 ns .. 377.0 ns  Err ±1.2%
  median:         359.4 ns .. 392.8 ns
  R²:             0.993 .. 0.996
  stddev:         1.944 ns

--------------------------------------------------------------------------------------------------
TP: yjson_benchmarks, time elapsed: 2912320016 ns, RESULT:
    TCS: T9ThroughputBench, time elapsed: 2911352882 ns, RESULT:
    | Case                          |   Median |       Err |   Err% |     Mean |
    |:------------------------------|---------:|----------:|-------:|---------:|
    | t9_5_6_int64ExtremesSerialize | 374.2 ns | ±4.575 ns |  ±1.2% | 373.6 ns |
Summary: TOTAL: 42
    PASSED: 1, SKIPPED: 41, ERROR: 0
    FAILED: 0
--------------------------------------------------------------------------------------------------
Project tests finished, time elapsed: 2913824179 ns, RESULT:
TP: yjson_benchmarks.*, time elapsed: 2913712689 ns, RESULT:
    PASSED:
    TP: yjson_benchmarks, time elapsed: 2912320016 ns
Summary: TOTAL: 42
    PASSED: 1, SKIPPED: 41, ERROR: 0
    FAILED: 0
--------------------------------------------------------------------------------------------------
cjpm bench success
