Starting the benchmark `T9ThroughputBench.t9_2_4_unicodeStringSerialize()`.
    Warming up for 200.0 ms.
    Starting measurements of 200 batches. Measuring Duration.
    Max batch size: 17903, estimated execution time: 1.000 s.
Finished in 1.094 s. Analysing results:
  percentiles:    [   10%        50%        90%        95%        99%        ]  
  time:           [   0.530 us   0.530 us   0.531 us   0.531 us   0.533 us   ]  
  mean:           0.529 us .. 0.531 us  Err ±0.1%
  median:         0.530 us .. 0.533 us
  R²:             1.000 .. 1.000
  stddev:         0.328 ns

--------------------------------------------------------------------------------------------------
TP: yjson_benchmarks, time elapsed: 2946381372 ns, RESULT:
    TCS: T9ThroughputBench, time elapsed: 2945435862 ns, RESULT:
    | Case                          |   Median |         Err |   Err% |     Mean |
    |:------------------------------|---------:|------------:|-------:|---------:|
    | t9_2_4_unicodeStringSerialize | 0.530 us | ±0.00077 us |  ±0.1% | 0.531 us |
Summary: TOTAL: 42
    PASSED: 1, SKIPPED: 41, ERROR: 0
    FAILED: 0
--------------------------------------------------------------------------------------------------
Project tests finished, time elapsed: 2947905893 ns, RESULT:
TP: yjson_benchmarks.*, time elapsed: 2947790666 ns, RESULT:
    PASSED:
    TP: yjson_benchmarks, time elapsed: 2946381372 ns
Summary: TOTAL: 42
    PASSED: 1, SKIPPED: 41, ERROR: 0
    FAILED: 0
--------------------------------------------------------------------------------------------------
cjpm bench success
