Starting the benchmark `T9ThroughputBench.t9_5_5_emptyContainersDeserialize()`.
    Warming up for 200.0 ms.
    Starting measurements of 200 batches. Measuring Duration.
    Max batch size: 10556, estimated execution time: 1.000 s.
Finished in 1.029 s. Analysing results:
Warning: GC was invoked twice during some of the batches. This can significantly affect final results.
         It is recommended to either increase heap size limit using cjHeapSize enviroment variable,
         increase default GC interval using cjGCInterval environment variable
         or reduce benchmark duration with minDuration parameter of @Configure macro.

  percentiles:    [   10%        50%        90%        95%        99%        ]  
  time:           [   0.546 us   0.549 us   0.552 us   0.553 us   0.554 us   ]  
  mean:           0.548 us .. 0.550 us  Err ±0.1%
  median:         0.544 us .. 0.554 us
  R²:             1.000 .. 1.000
  stddev:         0.318 ns

--------------------------------------------------------------------------------------------------
TP: yjson_benchmarks, time elapsed: 4097505044 ns, RESULT:
    TCS: T9ThroughputBench, time elapsed: 4096575416 ns, RESULT:
    | Case                              |   Median |         Err |   Err% |     Mean |
    |:----------------------------------|---------:|------------:|-------:|---------:|
    | t9_5_5_emptyContainersDeserialize | 0.549 us | ±0.00077 us |  ±0.1% | 0.549 us |
Summary: TOTAL: 42
    PASSED: 1, SKIPPED: 41, ERROR: 0
    FAILED: 0
--------------------------------------------------------------------------------------------------
Project tests finished, time elapsed: 4099024856 ns, RESULT:
TP: yjson_benchmarks.*, time elapsed: 4098898164 ns, RESULT:
    PASSED:
    TP: yjson_benchmarks, time elapsed: 4097505044 ns
Summary: TOTAL: 42
    PASSED: 1, SKIPPED: 41, ERROR: 0
    FAILED: 0
--------------------------------------------------------------------------------------------------
cjpm bench success
