Starting the benchmark `T9ThroughputBench.t9_4_5_ultraWideSerialize()`.
    Warming up for 200.0 ms.
    Starting measurements of 200 batches. Measuring Duration.
    Max batch size: 7749, estimated execution time: 1.000 s.
Finished in 1.095 s. Analysing results:
  percentiles:    [   10%        50%        90%        95%        99%        ]  
  time:           [   1.225 us   1.226 us   1.227 us   1.228 us   1.232 us   ]  
  mean:           1.225 us .. 1.229 us  Err ±0.1%
  median:         1.224 us .. 1.232 us
  R²:             1.000 .. 1.000
  stddev:         0.794 ns

--------------------------------------------------------------------------------------------------
TP: yjson_benchmarks, time elapsed: 2980864493 ns, RESULT:
    TCS: T9ThroughputBench, time elapsed: 2979929507 ns, RESULT:
    | Case                      |   Median |         Err |   Err% |     Mean |
    |:--------------------------|---------:|------------:|-------:|---------:|
    | t9_4_5_ultraWideSerialize | 1.226 us | ±0.00185 us |  ±0.2% | 1.226 us |
Summary: TOTAL: 42
    PASSED: 1, SKIPPED: 41, ERROR: 0
    FAILED: 0
--------------------------------------------------------------------------------------------------
Project tests finished, time elapsed: 2982389614 ns, RESULT:
TP: yjson_benchmarks.*, time elapsed: 2982277703 ns, RESULT:
    PASSED:
    TP: yjson_benchmarks, time elapsed: 2980864493 ns
Summary: TOTAL: 42
    PASSED: 1, SKIPPED: 41, ERROR: 0
    FAILED: 0
--------------------------------------------------------------------------------------------------
cjpm bench success
