Starting the benchmark `T9ThroughputBench.t9_5_8_unknownFieldDeserialize()`.
    Warming up for 200.0 ms.
    Starting measurements of 200 batches. Measuring Duration.
    Max batch size: 4678, estimated execution time: 1.000 s.
Finished in 1.069 s. Analysing results:
Warning: GC was invoked twice during some of the batches. This can significantly affect final results.
         It is recommended to either increase heap size limit using cjHeapSize enviroment variable,
         increase default GC interval using cjGCInterval environment variable
         or reduce benchmark duration with minDuration parameter of @Configure macro.

  percentiles:    [   10%        50%        90%        95%        99%        ]  
  time:           [   1.413 us   1.416 us   1.423 us   1.425 us   1.444 us   ]  
  mean:           1.415 us .. 1.419 us  Err ±0.2%
  median:         1.411 us .. 1.444 us
  R²:             1.000 .. 1.000
  stddev:         1.036 ns

--------------------------------------------------------------------------------------------------
TP: yjson_benchmarks, time elapsed: 4092963110 ns, RESULT:
    TCS: T9ThroughputBench, time elapsed: 4092015355 ns, RESULT:
    | Case                           |   Median |         Err |   Err% |     Mean |
    |:-------------------------------|---------:|------------:|-------:|---------:|
    | t9_5_8_unknownFieldDeserialize | 1.415 us | ±0.00238 us |  ±0.2% | 1.417 us |
Summary: TOTAL: 42
    PASSED: 1, SKIPPED: 41, ERROR: 0
    FAILED: 0
--------------------------------------------------------------------------------------------------
Project tests finished, time elapsed: 4094540858 ns, RESULT:
TP: yjson_benchmarks.*, time elapsed: 4094429700 ns, RESULT:
    PASSED:
    TP: yjson_benchmarks, time elapsed: 4092963110 ns
Summary: TOTAL: 42
    PASSED: 1, SKIPPED: 41, ERROR: 0
    FAILED: 0
--------------------------------------------------------------------------------------------------
cjpm bench success
