Starting the benchmark `T9ThroughputBench.t9_4_2_deepNestedDeserialize()`.
    Warming up for 200.0 ms.
    Starting measurements of 200 batches. Measuring Duration.
    Max batch size: 12753, estimated execution time: 1.000 s.
Finished in 1.015 s. Analysing results:
Warning: GC was invoked twice during some of the batches. This can significantly affect final results.
         It is recommended to either increase heap size limit using cjHeapSize enviroment variable,
         increase default GC interval using cjGCInterval environment variable
         or reduce benchmark duration with minDuration parameter of @Configure macro.

  percentiles:    [   10%        50%        90%        95%        99%        ]  
  time:           [   0.586 us   0.589 us   0.591 us   0.592 us   0.597 us   ]  
  mean:           0.588 us .. 0.590 us  Err ±0.1%
  median:         0.585 us .. 0.597 us
  R²:             1.000 .. 1.000
  stddev:         0.346 ns

--------------------------------------------------------------------------------------------------
TP: yjson_benchmarks, time elapsed: 4265821334 ns, RESULT:
    TCS: T9ThroughputBench, time elapsed: 4264887603 ns, RESULT:
    | Case                         |   Median |         Err |   Err% |     Mean |
    |:-----------------------------|---------:|------------:|-------:|---------:|
    | t9_4_2_deepNestedDeserialize | 0.589 us | ±0.00082 us |  ±0.1% | 0.589 us |
Summary: TOTAL: 42
    PASSED: 1, SKIPPED: 41, ERROR: 0
    FAILED: 0
--------------------------------------------------------------------------------------------------
Project tests finished, time elapsed: 4267352550 ns, RESULT:
TP: yjson_benchmarks.*, time elapsed: 4267233134 ns, RESULT:
    PASSED:
    TP: yjson_benchmarks, time elapsed: 4265821334 ns
Summary: TOTAL: 42
    PASSED: 1, SKIPPED: 41, ERROR: 0
    FAILED: 0
--------------------------------------------------------------------------------------------------
cjpm bench success
