Starting the benchmark `T9ThroughputBench.t9_3_3_largeArrayDeserialize()`.
    Warming up for 200.0 ms.
    Starting measurements of 200 batches. Measuring Duration.
    Max batch size: 569, estimated execution time: 1.001 s.
Finished in 1.116 s. Analysing results:
Warning: GC was invoked twice during some of the batches. This can significantly affect final results.
         It is recommended to either increase heap size limit using cjHeapSize enviroment variable,
         increase default GC interval using cjGCInterval environment variable
         or reduce benchmark duration with minDuration parameter of @Configure macro.

  percentiles:    [   10%        50%        90%        95%        99%        ]  
  time:           [   12.79 us   12.82 us   12.86 us   12.88 us   14.30 us   ]  
  mean:           12.77 us .. 12.84 us  Err ±0.3%
  median:         12.76 us .. 14.30 us
  R²:             0.997 .. 1.000
  stddev:         15.38 ns

--------------------------------------------------------------------------------------------------
TP: yjson_benchmarks, time elapsed: 3798130721 ns, RESULT:
    TCS: T9ThroughputBench, time elapsed: 3797386204 ns, RESULT:
    | Case                         |   Median |        Err |   Err% |     Mean |
    |:-----------------------------|---------:|-----------:|-------:|---------:|
    | t9_3_3_largeArrayDeserialize | 12.82 us | ±0.0348 us |  ±0.3% | 12.84 us |
Summary: TOTAL: 42
    PASSED: 1, SKIPPED: 41, ERROR: 0
    FAILED: 0
--------------------------------------------------------------------------------------------------
Project tests finished, time elapsed: 3799652458 ns, RESULT:
TP: yjson_benchmarks.*, time elapsed: 3799541545 ns, RESULT:
    PASSED:
    TP: yjson_benchmarks, time elapsed: 3798130721 ns
Summary: TOTAL: 42
    PASSED: 1, SKIPPED: 41, ERROR: 0
    FAILED: 0
--------------------------------------------------------------------------------------------------
cjpm bench success
