Starting the benchmark `T9ThroughputBench.t9_1_2_primitiveDeserialize()`.
    Warming up for 200.0 ms.
    Starting measurements of 200 batches. Measuring Duration.
    Max batch size: 12835, estimated execution time: 1.000 s.
Finished in 1.060 s. Analysing results:
  percentiles:    [   10%        50%        90%        95%        99%        ]  
  time:           [   0.689 us   0.692 us   0.695 us   0.696 us   0.701 us   ]  
  mean:           0.691 us .. 0.695 us  Err ±0.3%
  median:         0.688 us .. 0.701 us
  R²:             1.000 .. 1.000
  stddev:         0.828 ns

--------------------------------------------------------------------------------------------------
TP: yjson_benchmarks, time elapsed: 2901121055 ns, RESULT:
    TCS: T9ThroughputBench, time elapsed: 2900223934 ns, RESULT:
    | Case                        |   Median |         Err |   Err% |     Mean |
    |:----------------------------|---------:|------------:|-------:|---------:|
    | t9_1_2_primitiveDeserialize | 0.692 us | ±0.00193 us |  ±0.3% | 0.692 us |
Summary: TOTAL: 42
    PASSED: 1, SKIPPED: 41, ERROR: 0
    FAILED: 0
--------------------------------------------------------------------------------------------------
Project tests finished, time elapsed: 2902653621 ns, RESULT:
TP: yjson_benchmarks.*, time elapsed: 2902538748 ns, RESULT:
    PASSED:
    TP: yjson_benchmarks, time elapsed: 2901121055 ns
Summary: TOTAL: 42
    PASSED: 1, SKIPPED: 41, ERROR: 0
    FAILED: 0
--------------------------------------------------------------------------------------------------
cjpm bench success
