Starting the benchmark `T9ThroughputBench.t9_5_2_optionDeserialize()`.
    Warming up for 200.0 ms.
    Starting measurements of 200 batches. Measuring Duration.
    Max batch size: 10025, estimated execution time: 1.000 s.
Finished in 1.038 s. Analysing results:
  percentiles:    [   10%        50%        90%        95%        99%        ]  
  time:           [   0.825 us   0.831 us   0.856 us   0.858 us   0.862 us   ]  
  mean:           0.828 us .. 0.840 us  Err ±0.7%
  median:         0.824 us .. 0.862 us
  R²:             0.998 .. 0.999
  stddev:         2.600 ns

--------------------------------------------------------------------------------------------------
TP: yjson_benchmarks, time elapsed: 2894167153 ns, RESULT:
    TCS: T9ThroughputBench, time elapsed: 2893229772 ns, RESULT:
    | Case                     |   Median |         Err |   Err% |     Mean |
    |:-------------------------|---------:|------------:|-------:|---------:|
    | t9_5_2_optionDeserialize | 0.831 us | ±0.00559 us |  ±0.7% | 0.836 us |
Summary: TOTAL: 42
    PASSED: 1, SKIPPED: 41, ERROR: 0
    FAILED: 0
--------------------------------------------------------------------------------------------------
Project tests finished, time elapsed: 2895694804 ns, RESULT:
TP: yjson_benchmarks.*, time elapsed: 2895578598 ns, RESULT:
    PASSED:
    TP: yjson_benchmarks, time elapsed: 2894167153 ns
Summary: TOTAL: 42
    PASSED: 1, SKIPPED: 41, ERROR: 0
    FAILED: 0
--------------------------------------------------------------------------------------------------
cjpm bench success
