Starting the benchmark `T9ThroughputBench.t9_4_4_wideDeserialize()`.
    Warming up for 200.0 ms.
    Starting measurements of 200 batches. Measuring Duration.
    Max batch size: 4916, estimated execution time: 1.000 s.
Finished in 1.088 s. Analysing results:
  percentiles:    [   10%        50%        90%        95%        99%        ]  
  time:           [   1.875 us   1.925 us   1.964 us   1.969 us   1.991 us   ]  
  mean:           1.908 us .. 1.926 us  Err ±0.5%
  median:         1.869 us .. 1.991 us
  R²:             0.998 .. 0.999
  stddev:         3.834 ns

--------------------------------------------------------------------------------------------------
TP: yjson_benchmarks, time elapsed: 3180359158 ns, RESULT:
    TCS: T9ThroughputBench, time elapsed: 3179455535 ns, RESULT:
    | Case                   |   Median |         Err |   Err% |     Mean |
    |:-----------------------|---------:|------------:|-------:|---------:|
    | t9_4_4_wideDeserialize | 1.923 us | ±0.00959 us |  ±0.5% | 1.921 us |
Summary: TOTAL: 42
    PASSED: 1, SKIPPED: 41, ERROR: 0
    FAILED: 0
--------------------------------------------------------------------------------------------------
Project tests finished, time elapsed: 3181871279 ns, RESULT:
TP: yjson_benchmarks.*, time elapsed: 3181761291 ns, RESULT:
    PASSED:
    TP: yjson_benchmarks, time elapsed: 3180359158 ns
Summary: TOTAL: 42
    PASSED: 1, SKIPPED: 41, ERROR: 0
    FAILED: 0
--------------------------------------------------------------------------------------------------
cjpm bench success
