Starting the benchmark `T9ThroughputBench.t9_4_6_ultraWideDeserialize()`.
    Warming up for 200.0 ms.
    Starting measurements of 200 batches. Measuring Duration.
    Max batch size: 6458, estimated execution time: 1.000 s.
Finished in 1.079 s. Analysing results:
  percentiles:    [   10%        50%        90%        95%        99%        ]  
  time:           [   1.407 us   1.408 us   1.415 us   1.416 us   1.419 us   ]  
  mean:           1.405 us .. 1.411 us  Err ±0.2%
  median:         1.406 us .. 1.419 us
  R²:             1.000 .. 1.000
  stddev:         1.160 ns

--------------------------------------------------------------------------------------------------
TP: yjson_benchmarks, time elapsed: 2953391582 ns, RESULT:
    TCS: T9ThroughputBench, time elapsed: 2952487285 ns, RESULT:
    | Case                        |   Median |         Err |   Err% |     Mean |
    |:----------------------------|---------:|------------:|-------:|---------:|
    | t9_4_6_ultraWideDeserialize | 1.408 us | ±0.00257 us |  ±0.2% | 1.410 us |
Summary: TOTAL: 42
    PASSED: 1, SKIPPED: 41, ERROR: 0
    FAILED: 0
--------------------------------------------------------------------------------------------------
Project tests finished, time elapsed: 2954926876 ns, RESULT:
TP: yjson_benchmarks.*, time elapsed: 2954812307 ns, RESULT:
    PASSED:
    TP: yjson_benchmarks, time elapsed: 2953391582 ns
Summary: TOTAL: 42
    PASSED: 1, SKIPPED: 41, ERROR: 0
    FAILED: 0
--------------------------------------------------------------------------------------------------
cjpm bench success
