Starting the benchmark `T9ThroughputBench.t9_2_2_longStringSerialize()`.
    Warming up for 200.0 ms.
    Starting measurements of 200 batches. Measuring Duration.
    Max batch size: 3460, estimated execution time: 1.001 s.
Finished in 1.056 s. Analysing results:
Warning: GC was invoked twice during some of the batches. This can significantly affect final results.
         It is recommended to either increase heap size limit using cjHeapSize enviroment variable,
         increase default GC interval using cjGCInterval environment variable
         or reduce benchmark duration with minDuration parameter of @Configure macro.

  percentiles:    [   10%        50%        90%        95%        99%        ]  
  time:           [   1.843 us   1.851 us   1.869 us   1.916 us   2.051 us   ]  
  mean:           1.853 us .. 1.859 us  Err ±0.2%
  median:         1.838 us .. 2.051 us
  R²:             1.000 .. 1.000
  stddev:         1.273 ns

--------------------------------------------------------------------------------------------------
TP: yjson_benchmarks, time elapsed: 4241331939 ns, RESULT:
    TCS: T9ThroughputBench, time elapsed: 4240412859 ns, RESULT:
    | Case                       |   Median |         Err |   Err% |     Mean |
    |:---------------------------|---------:|------------:|-------:|---------:|
    | t9_2_2_longStringSerialize | 1.849 us | ±0.00282 us |  ±0.2% | 1.857 us |
Summary: TOTAL: 42
    PASSED: 1, SKIPPED: 41, ERROR: 0
    FAILED: 0
--------------------------------------------------------------------------------------------------
Project tests finished, time elapsed: 4242868323 ns, RESULT:
TP: yjson_benchmarks.*, time elapsed: 4242751702 ns, RESULT:
    PASSED:
    TP: yjson_benchmarks, time elapsed: 4241331939 ns
Summary: TOTAL: 42
    PASSED: 1, SKIPPED: 41, ERROR: 0
    FAILED: 0
--------------------------------------------------------------------------------------------------
cjpm bench success
