Starting the benchmark `T9ThroughputBench.t9_3_2_largeArraySerialize()`.
    Warming up for 200.0 ms.
    Starting measurements of 200 batches. Measuring Duration.
    Max batch size: 2141, estimated execution time: 1.000 s.
Finished in 1.057 s. Analysing results:
  percentiles:    [   10%        50%        90%        95%        99%        ]  
  time:           [   4.115 us   4.131 us   4.150 us   4.160 us   4.175 us   ]  
  mean:           4.124 us .. 4.138 us  Err ±0.2%
  median:         4.098 us .. 4.175 us
  R²:             0.999 .. 1.000
  stddev:         3.226 ns

--------------------------------------------------------------------------------------------------
TP: yjson_benchmarks, time elapsed: 3096495796 ns, RESULT:
    TCS: T9ThroughputBench, time elapsed: 3095533810 ns, RESULT:
    | Case                       |   Median |         Err |   Err% |     Mean |
    |:---------------------------|---------:|------------:|-------:|---------:|
    | t9_3_2_largeArraySerialize | 4.130 us | ±0.00715 us |  ±0.2% | 4.132 us |
Summary: TOTAL: 42
    PASSED: 1, SKIPPED: 41, ERROR: 0
    FAILED: 0
--------------------------------------------------------------------------------------------------
Project tests finished, time elapsed: 3098011738 ns, RESULT:
TP: yjson_benchmarks.*, time elapsed: 3097898573 ns, RESULT:
    PASSED:
    TP: yjson_benchmarks, time elapsed: 3096495796 ns
Summary: TOTAL: 42
    PASSED: 1, SKIPPED: 41, ERROR: 0
    FAILED: 0
--------------------------------------------------------------------------------------------------
cjpm bench success
