Starting the benchmark `T9ThroughputBench.t9_3_8_nestedCollectionDeserialize()`.
    Warming up for 200.0 ms.
    Starting measurements of 200 batches. Measuring Duration.
    Max batch size: 1772, estimated execution time: 1.001 s.
Finished in 1.011 s. Analysing results:
  percentiles:    [   10%        50%        90%        95%        99%        ]  
  time:           [   4.450 us   4.471 us   4.492 us   4.498 us   4.508 us   ]  
  mean:           4.459 us .. 4.484 us  Err ±0.3%
  median:         4.440 us .. 4.508 us
  R²:             1.000 .. 1.000
  stddev:         5.621 ns

--------------------------------------------------------------------------------------------------
TP: yjson_benchmarks, time elapsed: 2885171576 ns, RESULT:
    TCS: T9ThroughputBench, time elapsed: 2884264282 ns, RESULT:
    | Case                               |   Median |        Err |   Err% |     Mean |
    |:-----------------------------------|---------:|-----------:|-------:|---------:|
    | t9_3_8_nestedCollectionDeserialize | 4.469 us | ±0.0125 us |  ±0.3% | 4.468 us |
Summary: TOTAL: 42
    PASSED: 1, SKIPPED: 41, ERROR: 0
    FAILED: 0
--------------------------------------------------------------------------------------------------
Project tests finished, time elapsed: 2886690096 ns, RESULT:
TP: yjson_benchmarks.*, time elapsed: 2886580289 ns, RESULT:
    PASSED:
    TP: yjson_benchmarks, time elapsed: 2885171576 ns
Summary: TOTAL: 42
    PASSED: 1, SKIPPED: 41, ERROR: 0
    FAILED: 0
--------------------------------------------------------------------------------------------------
cjpm bench success
