Starting the benchmark `T9ThroughputBench.t9_5_1_optionSerialize()`.
    Warming up for 200.0 ms.
    Starting measurements of 200 batches. Measuring Duration.
    Max batch size: 13577, estimated execution time: 1.000 s.
Finished in 1.114 s. Analysing results:
  percentiles:    [   10%        50%        90%        95%        99%        ]  
  time:           [   0.718 us   0.720 us   0.722 us   0.723 us   0.740 us   ]  
  mean:           0.719 us .. 0.722 us  Err ±0.2%
  median:         0.718 us .. 0.740 us
  R²:             1.000 .. 1.000
  stddev:         0.767 ns

--------------------------------------------------------------------------------------------------
TP: yjson_benchmarks, time elapsed: 2976015959 ns, RESULT:
    TCS: T9ThroughputBench, time elapsed: 2975093112 ns, RESULT:
    | Case                   |   Median |         Err |   Err% |     Mean |
    |:-----------------------|---------:|------------:|-------:|---------:|
    | t9_5_1_optionSerialize | 0.720 us | ±0.00177 us |  ±0.2% | 0.720 us |
Summary: TOTAL: 42
    PASSED: 1, SKIPPED: 41, ERROR: 0
    FAILED: 0
--------------------------------------------------------------------------------------------------
Project tests finished, time elapsed: 2977547797 ns, RESULT:
TP: yjson_benchmarks.*, time elapsed: 2977427797 ns, RESULT:
    PASSED:
    TP: yjson_benchmarks, time elapsed: 2976015959 ns
Summary: TOTAL: 42
    PASSED: 1, SKIPPED: 41, ERROR: 0
    FAILED: 0
--------------------------------------------------------------------------------------------------
cjpm bench success
