[1/770] round=1 address_encode yjson 6.18s
[2/770] round=1 address_encode stdx_json 2.50s
[3/770] round=1 address_encode cangjieJSON 2.89s
[4/770] round=1 address_encode json4cj 2.09s
[5/770] round=1 address_encode cjfast_json 2.09s
[6/770] round=1 address_encode jackson 3.96s
[7/770] round=1 address_encode fastjson2 3.98s
[8/770] round=1 address_decode yjson 7.75s
[9/770] round=1 address_decode stdx_json 2.80s
[10/770] round=1 address_decode cangjieJSON 3.38s
[11/770] round=1 address_decode json4cj 2.19s
[12/770] round=1 address_decode cjfast_json 2.13s
[13/770] round=1 address_decode jackson 3.95s
[14/770] round=1 address_decode fastjson2 3.99s
[15/770] round=1 person_encode yjson 12.79s
[16/770] round=1 person_encode stdx_json 3.06s
[17/770] round=1 person_encode cangjieJSON 2.91s
[18/770] round=1 person_encode json4cj 1.98s
[19/770] round=1 person_encode cjfast_json 2.45s
[20/770] round=1 person_encode jackson 3.98s
[21/770] round=1 person_encode fastjson2 3.98s
[22/770] round=1 person_decode yjson 5.38s
[23/770] round=1 person_decode stdx_json 3.77s
[24/770] round=1 person_decode cangjieJSON 3.32s
[25/770] round=1 person_decode json4cj 2.55s
[26/770] round=1 person_decode cjfast_json 2.71s
[27/770] round=1 person_decode jackson 3.98s
[28/770] round=1 person_decode fastjson2 3.97s
[29/770] round=1 large_array_encode yjson 13.22s
[30/770] round=1 large_array_encode stdx_json 3.31s
[31/770] round=1 large_array_encode cangjieJSON 2.38s
[32/770] round=1 large_array_encode json4cj 2.16s
[33/770] round=1 large_array_encode cjfast_json 2.19s
[34/770] round=1 large_array_encode jackson 3.98s
[35/770] round=1 large_array_encode fastjson2 3.98s
[36/770] round=1 large_array_decode yjson 9.02s
[37/770] round=1 large_array_decode stdx_json 3.11s
[38/770] round=1 large_array_decode cangjieJSON 3.24s
[39/770] round=1 large_array_decode json4cj 1.94s
[40/770] round=1 large_array_decode cjfast_json 2.03s
[41/770] round=1 large_array_decode jackson 3.98s
[42/770] round=1 large_array_decode fastjson2 4.00s
[43/770] round=1 large_map_encode yjson 10.89s
[44/770] round=1 large_map_encode stdx_json 4.62s
[45/770] round=1 large_map_encode cangjieJSON 2.74s
[46/770] round=1 large_map_encode json4cj 2.70s
[47/770] round=1 large_map_encode cjfast_json 2.95s
[48/770] round=1 large_map_encode jackson 3.99s
[49/770] round=1 large_map_encode fastjson2 3.97s
[50/770] round=1 large_map_decode yjson 11.87s
[51/770] round=1 large_map_decode stdx_json 4.09s
[52/770] round=1 large_map_decode cangjieJSON 3.02s
[53/770] round=1 large_map_decode json4cj 2.59s
[54/770] round=1 large_map_decode cjfast_json 2.80s
[55/770] round=1 large_map_decode jackson 3.98s
[56/770] round=1 large_map_decode fastjson2 3.98s
[57/770] round=1 deep_nested_encode yjson 9.28s
[58/770] round=1 deep_nested_encode stdx_json 3.91s
[59/770] round=1 deep_nested_encode cangjieJSON 2.51s
[60/770] round=1 deep_nested_encode json4cj 2.36s
[61/770] round=1 deep_nested_encode cjfast_json 2.57s
[62/770] round=1 deep_nested_encode jackson 4.00s
[63/770] round=1 deep_nested_encode fastjson2 3.98s
[64/770] round=1 deep_nested_decode yjson 6.59s
[65/770] round=1 deep_nested_decode stdx_json 3.62s
[66/770] round=1 deep_nested_decode cangjieJSON 2.23s
[67/770] round=1 deep_nested_decode json4cj 2.19s
[68/770] round=1 deep_nested_decode cjfast_json 2.47s
[69/770] round=1 deep_nested_decode jackson 4.01s
[70/770] round=1 deep_nested_decode fastjson2 3.96s
[71/770] round=2 address_encode yjson 6.24s
[72/770] round=2 address_encode fastjson2 3.98s
[73/770] round=2 address_encode jackson 3.98s
[74/770] round=2 address_encode cjfast_json 2.39s
[75/770] round=2 address_encode json4cj 2.05s
[76/770] round=2 address_encode cangjieJSON 2.79s
[77/770] round=2 address_encode stdx_json 2.36s
[78/770] round=2 deep_nested_decode yjson 6.57s
[79/770] round=2 deep_nested_decode fastjson2 3.98s
[80/770] round=2 deep_nested_decode jackson 3.99s
[81/770] round=2 deep_nested_decode cjfast_json 2.49s
[82/770] round=2 deep_nested_decode json4cj 2.22s
[83/770] round=2 deep_nested_decode cangjieJSON 3.11s
[84/770] round=2 deep_nested_decode stdx_json 3.53s
[85/770] round=2 deep_nested_encode yjson 9.22s
[86/770] round=2 deep_nested_encode fastjson2 3.98s
[87/770] round=2 deep_nested_encode jackson 3.99s
[88/770] round=2 deep_nested_encode cjfast_json 2.36s
[89/770] round=2 deep_nested_encode json4cj 2.30s
[90/770] round=2 deep_nested_encode cangjieJSON 2.47s
[91/770] round=2 deep_nested_encode stdx_json 3.95s
[92/770] round=2 large_map_decode yjson 12.00s
[93/770] round=2 large_map_decode fastjson2 3.99s
[94/770] round=2 large_map_decode jackson 3.98s
[95/770] round=2 large_map_decode cjfast_json 3.12s
[96/770] round=2 large_map_decode json4cj 2.47s
[97/770] round=2 large_map_decode cangjieJSON 3.10s
[98/770] round=2 large_map_decode stdx_json 3.96s
[99/770] round=2 large_map_encode yjson 10.69s
[100/770] round=2 large_map_encode fastjson2 4.00s
[101/770] round=2 large_map_encode jackson 3.98s
[102/770] round=2 large_map_encode cjfast_json 2.57s
[103/770] round=2 large_map_encode json4cj 2.56s
[104/770] round=2 large_map_encode cangjieJSON 2.84s
[105/770] round=2 large_map_encode stdx_json 4.59s
[106/770] round=2 large_array_decode yjson 8.94s
[107/770] round=2 large_array_decode fastjson2 3.99s
[108/770] round=2 large_array_decode jackson 3.98s
[109/770] round=2 large_array_decode cjfast_json 1.98s
[110/770] round=2 large_array_decode json4cj 1.97s
[111/770] round=2 large_array_decode cangjieJSON 3.26s
[112/770] round=2 large_array_decode stdx_json 3.09s
[113/770] round=2 large_array_encode yjson 13.06s
[114/770] round=2 large_array_encode fastjson2 3.98s
[115/770] round=2 large_array_encode jackson 3.98s
[116/770] round=2 large_array_encode cjfast_json 2.19s
[117/770] round=2 large_array_encode json4cj 2.17s
[118/770] round=2 large_array_encode cangjieJSON 2.35s
[119/770] round=2 large_array_encode stdx_json 3.44s
[120/770] round=2 person_decode yjson 5.88s
[121/770] round=2 person_decode fastjson2 3.99s
[122/770] round=2 person_decode jackson 3.98s
[123/770] round=2 person_decode cjfast_json 2.96s
[124/770] round=2 person_decode json4cj 2.66s
[125/770] round=2 person_decode cangjieJSON 3.52s
[126/770] round=2 person_decode stdx_json 3.96s
[127/770] round=2 person_encode yjson 12.72s
[128/770] round=2 person_encode fastjson2 4.01s
[129/770] round=2 person_encode jackson 3.98s
[130/770] round=2 person_encode cjfast_json 2.27s
[131/770] round=2 person_encode json4cj 2.30s
[132/770] round=2 person_encode cangjieJSON 2.88s
[133/770] round=2 person_encode stdx_json 2.93s
[134/770] round=2 address_decode yjson 7.64s
[135/770] round=2 address_decode fastjson2 3.98s
[136/770] round=2 address_decode jackson 3.99s
[137/770] round=2 address_decode cjfast_json 1.96s
[138/770] round=2 address_decode json4cj 2.06s
[139/770] round=2 address_decode cangjieJSON 3.24s
[140/770] round=2 address_decode stdx_json 2.76s
[141/770] round=3 person_encode cangjieJSON 2.88s
[142/770] round=3 person_encode json4cj 2.02s
[143/770] round=3 person_encode cjfast_json 2.36s
[144/770] round=3 person_encode jackson 4.00s
[145/770] round=3 person_encode fastjson2 3.99s
[146/770] round=3 person_encode yjson 12.67s
[147/770] round=3 person_encode stdx_json 3.12s
[148/770] round=3 person_decode cangjieJSON 3.44s
[149/770] round=3 person_decode json4cj 2.65s
[150/770] round=3 person_decode cjfast_json 2.71s
[151/770] round=3 person_decode jackson 3.98s
[152/770] round=3 person_decode fastjson2 3.98s
[153/770] round=3 person_decode yjson 5.59s
[154/770] round=3 person_decode stdx_json 3.78s
[155/770] round=3 large_array_encode cangjieJSON 2.13s
[156/770] round=3 large_array_encode json4cj 2.05s
[157/770] round=3 large_array_encode cjfast_json 2.20s
[158/770] round=3 large_array_encode jackson 3.97s
[159/770] round=3 large_array_encode fastjson2 3.98s
[160/770] round=3 large_array_encode yjson 13.29s
[161/770] round=3 large_array_encode stdx_json 3.40s
[162/770] round=3 large_array_decode cangjieJSON 3.03s
[163/770] round=3 large_array_decode json4cj 1.93s
[164/770] round=3 large_array_decode cjfast_json 2.19s
[165/770] round=3 large_array_decode jackson 3.99s
[166/770] round=3 large_array_decode fastjson2 3.98s
[167/770] round=3 large_array_decode yjson 8.99s
[168/770] round=3 large_array_decode stdx_json 3.11s
[169/770] round=3 large_map_encode cangjieJSON 2.62s
[170/770] round=3 large_map_encode json4cj 2.54s
[171/770] round=3 large_map_encode cjfast_json 3.06s
[172/770] round=3 large_map_encode jackson 4.02s
[173/770] round=3 large_map_encode fastjson2 3.98s
[174/770] round=3 large_map_encode yjson 10.68s
[175/770] round=3 large_map_encode stdx_json 4.38s
[176/770] round=3 large_map_decode cangjieJSON 2.98s
[177/770] round=3 large_map_decode json4cj 2.65s
[178/770] round=3 large_map_decode cjfast_json 2.92s
[179/770] round=3 large_map_decode jackson 3.98s
[180/770] round=3 large_map_decode fastjson2 3.97s
[181/770] round=3 large_map_decode yjson 11.98s
[182/770] round=3 large_map_decode stdx_json 3.87s
[183/770] round=3 deep_nested_encode cangjieJSON 2.18s
[184/770] round=3 deep_nested_encode json4cj 2.42s
[185/770] round=3 deep_nested_encode cjfast_json 2.51s
[186/770] round=3 deep_nested_encode jackson 4.01s
[187/770] round=3 deep_nested_encode fastjson2 3.98s
[188/770] round=3 deep_nested_encode yjson 9.24s
[189/770] round=3 deep_nested_encode stdx_json 3.92s
[190/770] round=3 deep_nested_decode cangjieJSON 3.12s
[191/770] round=3 deep_nested_decode json4cj 2.25s
[192/770] round=3 deep_nested_decode cjfast_json 2.60s
[193/770] round=3 deep_nested_decode jackson 3.97s
[194/770] round=3 deep_nested_decode fastjson2 3.98s
[195/770] round=3 deep_nested_decode yjson 6.54s
[196/770] round=3 deep_nested_decode stdx_json 3.69s
[197/770] round=3 address_encode cangjieJSON 2.94s
[198/770] round=3 address_encode json4cj 2.15s
[199/770] round=3 address_encode cjfast_json 2.14s
[200/770] round=3 address_encode jackson 4.00s
[201/770] round=3 address_encode fastjson2 3.97s
[202/770] round=3 address_encode yjson 6.02s
[203/770] round=3 address_encode stdx_json 2.51s
[204/770] round=3 address_decode cangjieJSON 3.23s
[205/770] round=3 address_decode json4cj 2.25s
[206/770] round=3 address_decode cjfast_json 1.99s
[207/770] round=3 address_decode jackson 3.98s
[208/770] round=3 address_decode fastjson2 3.99s
[209/770] round=3 address_decode yjson 7.59s
[210/770] round=3 address_decode stdx_json 2.50s
[211/770] round=4 person_encode cangjieJSON 2.86s
[212/770] round=4 person_encode stdx_json 3.60s
[213/770] round=4 person_encode yjson 12.87s
[214/770] round=4 person_encode fastjson2 3.99s
[215/770] round=4 person_encode jackson 4.00s
[216/770] round=4 person_encode cjfast_json 2.41s
[217/770] round=4 person_encode json4cj 2.05s
[218/770] round=4 address_decode cangjieJSON 3.18s
[219/770] round=4 address_decode stdx_json 2.53s
[220/770] round=4 address_decode yjson 7.46s
[221/770] round=4 address_decode fastjson2 3.97s
[222/770] round=4 address_decode jackson 3.98s
[223/770] round=4 address_decode cjfast_json 1.77s
[224/770] round=4 address_decode json4cj 2.09s
[225/770] round=4 address_encode cangjieJSON 2.78s
[226/770] round=4 address_encode stdx_json 2.64s
[227/770] round=4 address_encode yjson 6.18s
[228/770] round=4 address_encode fastjson2 3.99s
[229/770] round=4 address_encode jackson 3.97s
[230/770] round=4 address_encode cjfast_json 2.15s
[231/770] round=4 address_encode json4cj 2.09s
[232/770] round=4 deep_nested_decode cangjieJSON 3.08s
[233/770] round=4 deep_nested_decode stdx_json 3.50s
[234/770] round=4 deep_nested_decode yjson 6.55s
[235/770] round=4 deep_nested_decode fastjson2 4.00s
[236/770] round=4 deep_nested_decode jackson 3.98s
[237/770] round=4 deep_nested_decode cjfast_json 2.49s
[238/770] round=4 deep_nested_decode json4cj 2.22s
[239/770] round=4 deep_nested_encode cangjieJSON 2.23s
[240/770] round=4 deep_nested_encode stdx_json 3.93s
[241/770] round=4 deep_nested_encode yjson 9.30s
[242/770] round=4 deep_nested_encode fastjson2 3.98s
[243/770] round=4 deep_nested_encode jackson 3.98s
[244/770] round=4 deep_nested_encode cjfast_json 2.48s
[245/770] round=4 deep_nested_encode json4cj 2.29s
[246/770] round=4 large_map_decode cangjieJSON 3.08s
[247/770] round=4 large_map_decode stdx_json 4.09s
[248/770] round=4 large_map_decode yjson 12.06s
[249/770] round=4 large_map_decode fastjson2 3.98s
[250/770] round=4 large_map_decode jackson 4.00s
[251/770] round=4 large_map_decode cjfast_json 2.79s
[252/770] round=4 large_map_decode json4cj 2.70s
[253/770] round=4 large_map_encode cangjieJSON 2.79s
[254/770] round=4 large_map_encode stdx_json 3.81s
[255/770] round=4 large_map_encode yjson 10.86s
[256/770] round=4 large_map_encode fastjson2 4.00s
[257/770] round=4 large_map_encode jackson 3.98s
[258/770] round=4 large_map_encode cjfast_json 2.89s
[259/770] round=4 large_map_encode json4cj 2.75s
[260/770] round=4 large_array_decode cangjieJSON 3.19s
[261/770] round=4 large_array_decode stdx_json 3.03s
[262/770] round=4 large_array_decode yjson 9.03s
[263/770] round=4 large_array_decode fastjson2 3.98s
[264/770] round=4 large_array_decode jackson 3.96s
[265/770] round=4 large_array_decode cjfast_json 2.04s
[266/770] round=4 large_array_decode json4cj 1.88s
[267/770] round=4 large_array_encode cangjieJSON 2.23s
[268/770] round=4 large_array_encode stdx_json 3.31s
[269/770] round=4 large_array_encode yjson 13.60s
[270/770] round=4 large_array_encode fastjson2 3.99s
[271/770] round=4 large_array_encode jackson 3.99s
[272/770] round=4 large_array_encode cjfast_json 2.19s
[273/770] round=4 large_array_encode json4cj 2.13s
[274/770] round=4 person_decode cangjieJSON 3.10s
[275/770] round=4 person_decode stdx_json 3.75s
[276/770] round=4 person_decode yjson 5.85s
[277/770] round=4 person_decode fastjson2 3.97s
[278/770] round=4 person_decode jackson 3.98s
[279/770] round=4 person_decode cjfast_json 2.71s
[280/770] round=4 person_decode json4cj 2.53s
[281/770] round=5 large_array_encode cjfast_json 2.32s
[282/770] round=5 large_array_encode jackson 3.98s
[283/770] round=5 large_array_encode fastjson2 3.99s
[284/770] round=5 large_array_encode yjson 13.17s
[285/770] round=5 large_array_encode stdx_json 3.50s
[286/770] round=5 large_array_encode cangjieJSON 2.37s
[287/770] round=5 large_array_encode json4cj 2.20s
[288/770] round=5 large_array_decode cjfast_json 2.12s
[289/770] round=5 large_array_decode jackson 3.98s
[290/770] round=5 large_array_decode fastjson2 3.97s
[291/770] round=5 large_array_decode yjson 9.07s
[292/770] round=5 large_array_decode stdx_json 2.87s
[293/770] round=5 large_array_decode cangjieJSON 3.31s
[294/770] round=5 large_array_decode json4cj 1.94s
[295/770] round=5 large_map_encode cjfast_json 2.97s
[296/770] round=5 large_map_encode jackson 3.99s
[297/770] round=5 large_map_encode fastjson2 3.98s
[298/770] round=5 large_map_encode yjson 10.93s
[299/770] round=5 large_map_encode stdx_json 4.60s
[300/770] round=5 large_map_encode cangjieJSON 2.76s
[301/770] round=5 large_map_encode json4cj 2.62s
[302/770] round=5 large_map_decode cjfast_json 2.85s
[303/770] round=5 large_map_decode jackson 3.98s
[304/770] round=5 large_map_decode fastjson2 3.97s
[305/770] round=5 large_map_decode yjson 11.99s
[306/770] round=5 large_map_decode stdx_json 4.14s
[307/770] round=5 large_map_decode cangjieJSON 3.10s
[308/770] round=5 large_map_decode json4cj 2.55s
[309/770] round=5 deep_nested_encode cjfast_json 2.43s
[310/770] round=5 deep_nested_encode jackson 4.00s
[311/770] round=5 deep_nested_encode fastjson2 3.97s
[312/770] round=5 deep_nested_encode yjson 9.32s
[313/770] round=5 deep_nested_encode stdx_json 3.92s
[314/770] round=5 deep_nested_encode cangjieJSON 2.49s
[315/770] round=5 deep_nested_encode json4cj 2.31s
[316/770] round=5 deep_nested_decode cjfast_json 2.52s
[317/770] round=5 deep_nested_decode jackson 4.00s
[318/770] round=5 deep_nested_decode fastjson2 3.98s
[319/770] round=5 deep_nested_decode yjson 6.38s
[320/770] round=5 deep_nested_decode stdx_json 3.54s
[321/770] round=5 deep_nested_decode cangjieJSON 3.08s
[322/770] round=5 deep_nested_decode json4cj 2.27s
[323/770] round=5 address_encode cjfast_json 2.27s
[324/770] round=5 address_encode jackson 3.99s
[325/770] round=5 address_encode fastjson2 3.98s
[326/770] round=5 address_encode yjson 6.00s
[327/770] round=5 address_encode stdx_json 2.23s
[328/770] round=5 address_encode cangjieJSON 2.80s
[329/770] round=5 address_encode json4cj 2.15s
[330/770] round=5 address_decode cjfast_json 2.06s
[331/770] round=5 address_decode jackson 3.98s
[332/770] round=5 address_decode fastjson2 3.98s
[333/770] round=5 address_decode yjson 7.33s
[334/770] round=5 address_decode stdx_json 2.67s
[335/770] round=5 address_decode cangjieJSON 3.31s
[336/770] round=5 address_decode json4cj 2.19s
[337/770] round=5 person_encode cjfast_json 2.47s
[338/770] round=5 person_encode jackson 3.98s
[339/770] round=5 person_encode fastjson2 3.99s
[340/770] round=5 person_encode yjson 12.72s
[341/770] round=5 person_encode stdx_json 3.03s
[342/770] round=5 person_encode cangjieJSON 2.48s
[343/770] round=5 person_encode json4cj 1.88s
[344/770] round=5 person_decode cjfast_json 2.79s
[345/770] round=5 person_decode jackson 3.99s
[346/770] round=5 person_decode fastjson2 3.99s
[347/770] round=5 person_decode yjson 5.56s
[348/770] round=5 person_decode stdx_json 3.79s
[349/770] round=5 person_decode cangjieJSON 3.42s
[350/770] round=5 person_decode json4cj 2.61s
[351/770] round=6 large_array_encode cjfast_json 2.22s
[352/770] round=6 large_array_encode json4cj 2.06s
[353/770] round=6 large_array_encode cangjieJSON 2.32s
[354/770] round=6 large_array_encode stdx_json 3.33s
[355/770] round=6 large_array_encode yjson 13.13s
[356/770] round=6 large_array_encode fastjson2 3.99s
[357/770] round=6 large_array_encode jackson 3.98s
[358/770] round=6 person_decode cjfast_json 2.74s
[359/770] round=6 person_decode json4cj 2.66s
[360/770] round=6 person_decode cangjieJSON 3.53s
[361/770] round=6 person_decode stdx_json 3.73s
[362/770] round=6 person_decode yjson 5.87s
[363/770] round=6 person_decode fastjson2 3.97s
[364/770] round=6 person_decode jackson 4.00s
[365/770] round=6 person_encode cjfast_json 2.29s
[366/770] round=6 person_encode json4cj 2.17s
[367/770] round=6 person_encode cangjieJSON 2.93s
[368/770] round=6 person_encode stdx_json 3.04s
[369/770] round=6 person_encode yjson 12.76s
[370/770] round=6 person_encode fastjson2 3.98s
[371/770] round=6 person_encode jackson 3.98s
[372/770] round=6 address_decode cjfast_json 2.16s
[373/770] round=6 address_decode json4cj 2.15s
[374/770] round=6 address_decode cangjieJSON 3.36s
[375/770] round=6 address_decode stdx_json 2.55s
[376/770] round=6 address_decode yjson 7.67s
[377/770] round=6 address_decode fastjson2 3.98s
[378/770] round=6 address_decode jackson 3.98s
[379/770] round=6 address_encode cjfast_json 1.93s
[380/770] round=6 address_encode json4cj 2.30s
[381/770] round=6 address_encode cangjieJSON 2.89s
[382/770] round=6 address_encode stdx_json 2.80s
[383/770] round=6 address_encode yjson 6.05s
[384/770] round=6 address_encode fastjson2 3.97s
[385/770] round=6 address_encode jackson 3.96s
[386/770] round=6 deep_nested_decode cjfast_json 2.60s
[387/770] round=6 deep_nested_decode json4cj 2.18s
[388/770] round=6 deep_nested_decode cangjieJSON 3.25s
[389/770] round=6 deep_nested_decode stdx_json 3.46s
[390/770] round=6 deep_nested_decode yjson 6.53s
[391/770] round=6 deep_nested_decode fastjson2 3.98s
[392/770] round=6 deep_nested_decode jackson 3.98s
[393/770] round=6 deep_nested_encode cjfast_json 2.57s
[394/770] round=6 deep_nested_encode json4cj 2.45s
[395/770] round=6 deep_nested_encode cangjieJSON 2.41s
[396/770] round=6 deep_nested_encode stdx_json 3.87s
[397/770] round=6 deep_nested_encode yjson 9.23s
[398/770] round=6 deep_nested_encode fastjson2 3.99s
[399/770] round=6 deep_nested_encode jackson 3.96s
[400/770] round=6 large_map_decode cjfast_json 2.94s
[401/770] round=6 large_map_decode json4cj 2.68s
[402/770] round=6 large_map_decode cangjieJSON 3.03s
[403/770] round=6 large_map_decode stdx_json 3.97s
[404/770] round=6 large_map_decode yjson 11.99s
[405/770] round=6 large_map_decode fastjson2 3.98s
[406/770] round=6 large_map_decode jackson 3.97s
[407/770] round=6 large_map_encode cjfast_json 2.87s
[408/770] round=6 large_map_encode json4cj 2.68s
[409/770] round=6 large_map_encode cangjieJSON 2.84s
[410/770] round=6 large_map_encode stdx_json 4.61s
[411/770] round=6 large_map_encode yjson 10.81s
[412/770] round=6 large_map_encode fastjson2 3.96s
[413/770] round=6 large_map_encode jackson 3.98s
[414/770] round=6 large_array_decode cjfast_json 2.02s
[415/770] round=6 large_array_decode json4cj 1.94s
[416/770] round=6 large_array_decode cangjieJSON 3.07s
[417/770] round=6 large_array_decode stdx_json 2.97s
[418/770] round=6 large_array_decode yjson 9.02s
[419/770] round=6 large_array_decode fastjson2 4.00s
[420/770] round=6 large_array_decode jackson 3.99s
[421/770] round=7 large_map_encode fastjson2 3.98s
[422/770] round=7 large_map_encode yjson 10.69s
[423/770] round=7 large_map_encode stdx_json 4.35s
[424/770] round=7 large_map_encode cangjieJSON 2.76s
[425/770] round=7 large_map_encode json4cj 2.82s
[426/770] round=7 large_map_encode cjfast_json 3.13s
[427/770] round=7 large_map_encode jackson 3.96s
[428/770] round=7 large_map_decode fastjson2 3.99s
[429/770] round=7 large_map_decode yjson 11.98s
[430/770] round=7 large_map_decode stdx_json 3.99s
[431/770] round=7 large_map_decode cangjieJSON 3.15s
[432/770] round=7 large_map_decode json4cj 2.40s
[433/770] round=7 large_map_decode cjfast_json 2.75s
[434/770] round=7 large_map_decode jackson 3.97s
[435/770] round=7 deep_nested_encode fastjson2 3.98s
[436/770] round=7 deep_nested_encode yjson 9.17s
[437/770] round=7 deep_nested_encode stdx_json 3.96s
[438/770] round=7 deep_nested_encode cangjieJSON 2.41s
[439/770] round=7 deep_nested_encode json4cj 1.98s
[440/770] round=7 deep_nested_encode cjfast_json 2.52s
[441/770] round=7 deep_nested_encode jackson 4.01s
[442/770] round=7 deep_nested_decode fastjson2 4.00s
[443/770] round=7 deep_nested_decode yjson 6.35s
[444/770] round=7 deep_nested_decode stdx_json 3.50s
[445/770] round=7 deep_nested_decode cangjieJSON 3.20s
[446/770] round=7 deep_nested_decode json4cj 2.21s
[447/770] round=7 deep_nested_decode cjfast_json 2.51s
[448/770] round=7 deep_nested_decode jackson 3.98s
[449/770] round=7 address_encode fastjson2 3.97s
[450/770] round=7 address_encode yjson 5.96s
[451/770] round=7 address_encode stdx_json 2.57s
[452/770] round=7 address_encode cangjieJSON 2.70s
[453/770] round=7 address_encode json4cj 1.98s
[454/770] round=7 address_encode cjfast_json 2.27s
[455/770] round=7 address_encode jackson 3.99s
[456/770] round=7 address_decode fastjson2 4.00s
[457/770] round=7 address_decode yjson 7.58s
[458/770] round=7 address_decode stdx_json 2.32s
[459/770] round=7 address_decode cangjieJSON 3.10s
[460/770] round=7 address_decode json4cj 2.27s
[461/770] round=7 address_decode cjfast_json 2.01s
[462/770] round=7 address_decode jackson 3.99s
[463/770] round=7 person_encode fastjson2 3.98s
[464/770] round=7 person_encode yjson 12.82s
[465/770] round=7 person_encode stdx_json 3.00s
[466/770] round=7 person_encode cangjieJSON 2.79s
[467/770] round=7 person_encode json4cj 1.96s
[468/770] round=7 person_encode cjfast_json 2.36s
[469/770] round=7 person_encode jackson 4.01s
[470/770] round=7 person_decode fastjson2 3.98s
[471/770] round=7 person_decode yjson 5.72s
[472/770] round=7 person_decode stdx_json 3.78s
[473/770] round=7 person_decode cangjieJSON 3.75s
[474/770] round=7 person_decode json4cj 2.64s
[475/770] round=7 person_decode cjfast_json 3.01s
[476/770] round=7 person_decode jackson 4.00s
[477/770] round=7 large_array_encode fastjson2 3.98s
[478/770] round=7 large_array_encode yjson 13.16s
[479/770] round=7 large_array_encode stdx_json 3.37s
[480/770] round=7 large_array_encode cangjieJSON 2.37s
[481/770] round=7 large_array_encode json4cj 2.20s
[482/770] round=7 large_array_encode cjfast_json 2.24s
[483/770] round=7 large_array_encode jackson 3.98s
[484/770] round=7 large_array_decode fastjson2 3.99s
[485/770] round=7 large_array_decode yjson 9.06s
[486/770] round=7 large_array_decode stdx_json 2.86s
[487/770] round=7 large_array_decode cangjieJSON 3.26s
[488/770] round=7 large_array_decode json4cj 1.94s
[489/770] round=7 large_array_decode cjfast_json 2.03s
[490/770] round=7 large_array_decode jackson 3.97s
[491/770] round=8 large_map_encode fastjson2 3.99s
[492/770] round=8 large_map_encode jackson 3.97s
[493/770] round=8 large_map_encode cjfast_json 2.68s
[494/770] round=8 large_map_encode json4cj 2.66s
[495/770] round=8 large_map_encode cangjieJSON 2.84s
[496/770] round=8 large_map_encode stdx_json 4.34s
[497/770] round=8 large_map_encode yjson 10.71s
[498/770] round=8 large_array_decode fastjson2 3.98s
[499/770] round=8 large_array_decode jackson 3.98s
[500/770] round=8 large_array_decode cjfast_json 2.19s
[501/770] round=8 large_array_decode json4cj 2.00s
[502/770] round=8 large_array_decode cangjieJSON 3.29s
[503/770] round=8 large_array_decode stdx_json 3.08s
[504/770] round=8 large_array_decode yjson 8.97s
[505/770] round=8 large_array_encode fastjson2 3.98s
[506/770] round=8 large_array_encode jackson 3.99s
[507/770] round=8 large_array_encode cjfast_json 2.09s
[508/770] round=8 large_array_encode json4cj 2.15s
[509/770] round=8 large_array_encode cangjieJSON 2.38s
[510/770] round=8 large_array_encode stdx_json 3.42s
[511/770] round=8 large_array_encode yjson 13.07s
[512/770] round=8 person_decode fastjson2 3.99s
[513/770] round=8 person_decode jackson 3.97s
[514/770] round=8 person_decode cjfast_json 2.57s
[515/770] round=8 person_decode json4cj 2.70s
[516/770] round=8 person_decode cangjieJSON 3.36s
[517/770] round=8 person_decode stdx_json 3.86s
[518/770] round=8 person_decode yjson 5.71s
[519/770] round=8 person_encode fastjson2 3.97s
[520/770] round=8 person_encode jackson 3.96s
[521/770] round=8 person_encode cjfast_json 2.36s
[522/770] round=8 person_encode json4cj 2.02s
[523/770] round=8 person_encode cangjieJSON 2.90s
[524/770] round=8 person_encode stdx_json 3.01s
[525/770] round=8 person_encode yjson 12.69s
[526/770] round=8 address_decode fastjson2 3.99s
[527/770] round=8 address_decode jackson 4.00s
[528/770] round=8 address_decode cjfast_json 2.25s
[529/770] round=8 address_decode json4cj 2.19s
[530/770] round=8 address_decode cangjieJSON 3.42s
[531/770] round=8 address_decode stdx_json 2.74s
[532/770] round=8 address_decode yjson 7.65s
[533/770] round=8 address_encode fastjson2 3.98s
[534/770] round=8 address_encode jackson 3.98s
[535/770] round=8 address_encode cjfast_json 2.29s
[536/770] round=8 address_encode json4cj 1.97s
[537/770] round=8 address_encode cangjieJSON 2.81s
[538/770] round=8 address_encode stdx_json 2.17s
[539/770] round=8 address_encode yjson 6.09s
[540/770] round=8 deep_nested_decode fastjson2 3.97s
[541/770] round=8 deep_nested_decode jackson 3.98s
[542/770] round=8 deep_nested_decode cjfast_json 2.44s
[543/770] round=8 deep_nested_decode json4cj 2.24s
[544/770] round=8 deep_nested_decode cangjieJSON 3.34s
[545/770] round=8 deep_nested_decode stdx_json 3.67s
[546/770] round=8 deep_nested_decode yjson 6.47s
[547/770] round=8 deep_nested_encode fastjson2 3.98s
[548/770] round=8 deep_nested_encode jackson 3.98s
[549/770] round=8 deep_nested_encode cjfast_json 2.56s
[550/770] round=8 deep_nested_encode json4cj 2.24s
[551/770] round=8 deep_nested_encode cangjieJSON 2.42s
[552/770] round=8 deep_nested_encode stdx_json 3.84s
[553/770] round=8 deep_nested_encode yjson 9.34s
[554/770] round=8 large_map_decode fastjson2 3.98s
[555/770] round=8 large_map_decode jackson 3.97s
[556/770] round=8 large_map_decode cjfast_json 2.63s
[557/770] round=8 large_map_decode json4cj 2.82s
[558/770] round=8 large_map_decode cangjieJSON 2.92s
[559/770] round=8 large_map_decode stdx_json 4.15s
[560/770] round=8 large_map_decode yjson 11.86s
[561/770] round=9 deep_nested_encode stdx_json 3.65s
[562/770] round=9 deep_nested_encode cangjieJSON 2.50s
[563/770] round=9 deep_nested_encode json4cj 2.40s
[564/770] round=9 deep_nested_encode cjfast_json 2.54s
[565/770] round=9 deep_nested_encode jackson 3.99s
[566/770] round=9 deep_nested_encode fastjson2 3.98s
[567/770] round=9 deep_nested_encode yjson 9.18s
[568/770] round=9 deep_nested_decode stdx_json 3.62s
[569/770] round=9 deep_nested_decode cangjieJSON 3.11s
[570/770] round=9 deep_nested_decode json4cj 2.25s
[571/770] round=9 deep_nested_decode cjfast_json 2.52s
[572/770] round=9 deep_nested_decode jackson 3.98s
[573/770] round=9 deep_nested_decode fastjson2 3.99s
[574/770] round=9 deep_nested_decode yjson 6.75s
[575/770] round=9 address_encode stdx_json 2.33s
[576/770] round=9 address_encode cangjieJSON 2.64s
[577/770] round=9 address_encode json4cj 2.06s
[578/770] round=9 address_encode cjfast_json 2.30s
[579/770] round=9 address_encode jackson 4.00s
[580/770] round=9 address_encode fastjson2 4.00s
[581/770] round=9 address_encode yjson 6.09s
[582/770] round=9 address_decode stdx_json 2.52s
[583/770] round=9 address_decode cangjieJSON 3.21s
[584/770] round=9 address_decode json4cj 2.14s
[585/770] round=9 address_decode cjfast_json 2.00s
[586/770] round=9 address_decode jackson 3.99s
[587/770] round=9 address_decode fastjson2 3.96s
[588/770] round=9 address_decode yjson 7.55s
[589/770] round=9 person_encode stdx_json 2.94s
[590/770] round=9 person_encode cangjieJSON 2.75s
[591/770] round=9 person_encode json4cj 2.01s
[592/770] round=9 person_encode cjfast_json 2.42s
[593/770] round=9 person_encode jackson 4.00s
[594/770] round=9 person_encode fastjson2 3.96s
[595/770] round=9 person_encode yjson 12.85s
[596/770] round=9 person_decode stdx_json 3.82s
[597/770] round=9 person_decode cangjieJSON 3.62s
[598/770] round=9 person_decode json4cj 2.40s
[599/770] round=9 person_decode cjfast_json 2.79s
[600/770] round=9 person_decode jackson 3.96s
[601/770] round=9 person_decode fastjson2 3.98s
[602/770] round=9 person_decode yjson 5.81s
[603/770] round=9 large_array_encode stdx_json 3.52s
[604/770] round=9 large_array_encode cangjieJSON 2.30s
[605/770] round=9 large_array_encode json4cj 2.19s
[606/770] round=9 large_array_encode cjfast_json 2.34s
[607/770] round=9 large_array_encode jackson 4.00s
[608/770] round=9 large_array_encode fastjson2 3.97s
[609/770] round=9 large_array_encode yjson 13.16s
[610/770] round=9 large_array_decode stdx_json 2.90s
[611/770] round=9 large_array_decode cangjieJSON 3.24s
[612/770] round=9 large_array_decode json4cj 1.95s
[613/770] round=9 large_array_decode cjfast_json 2.00s
[614/770] round=9 large_array_decode jackson 3.98s
[615/770] round=9 large_array_decode fastjson2 3.98s
[616/770] round=9 large_array_decode yjson 9.01s
[617/770] round=9 large_map_encode stdx_json 4.46s
[618/770] round=9 large_map_encode cangjieJSON 2.69s
[619/770] round=9 large_map_encode json4cj 2.69s
[620/770] round=9 large_map_encode cjfast_json 3.01s
[621/770] round=9 large_map_encode jackson 3.98s
[622/770] round=9 large_map_encode fastjson2 3.97s
[623/770] round=9 large_map_encode yjson 10.82s
[624/770] round=9 large_map_decode stdx_json 4.04s
[625/770] round=9 large_map_decode cangjieJSON 3.19s
[626/770] round=9 large_map_decode json4cj 2.64s
[627/770] round=9 large_map_decode cjfast_json 2.90s
[628/770] round=9 large_map_decode jackson 3.97s
[629/770] round=9 large_map_decode fastjson2 3.98s
[630/770] round=9 large_map_decode yjson 12.00s
[631/770] round=10 deep_nested_encode stdx_json 4.00s
[632/770] round=10 deep_nested_encode yjson 9.29s
[633/770] round=10 deep_nested_encode fastjson2 3.99s
[634/770] round=10 deep_nested_encode jackson 3.99s
[635/770] round=10 deep_nested_encode cjfast_json 2.54s
[636/770] round=10 deep_nested_encode json4cj 2.33s
[637/770] round=10 deep_nested_encode cangjieJSON 2.47s
[638/770] round=10 large_map_decode stdx_json 4.04s
[639/770] round=10 large_map_decode yjson 12.09s
[640/770] round=10 large_map_decode fastjson2 3.99s
[641/770] round=10 large_map_decode jackson 3.99s
[642/770] round=10 large_map_decode cjfast_json 2.84s
[643/770] round=10 large_map_decode json4cj 2.76s
[644/770] round=10 large_map_decode cangjieJSON 3.03s
[645/770] round=10 large_map_encode stdx_json 3.67s
[646/770] round=10 large_map_encode yjson 10.72s
[647/770] round=10 large_map_encode fastjson2 3.99s
[648/770] round=10 large_map_encode jackson 4.01s
[649/770] round=10 large_map_encode cjfast_json 3.07s
[650/770] round=10 large_map_encode json4cj 2.88s
[651/770] round=10 large_map_encode cangjieJSON 2.81s
[652/770] round=10 large_array_decode stdx_json 2.76s
[653/770] round=10 large_array_decode yjson 9.08s
[654/770] round=10 large_array_decode fastjson2 3.99s
[655/770] round=10 large_array_decode jackson 3.97s
[656/770] round=10 large_array_decode cjfast_json 2.12s
[657/770] round=10 large_array_decode json4cj 2.00s
[658/770] round=10 large_array_decode cangjieJSON 3.14s
[659/770] round=10 large_array_encode stdx_json 3.40s
[660/770] round=10 large_array_encode yjson 13.09s
[661/770] round=10 large_array_encode fastjson2 3.99s
[662/770] round=10 large_array_encode jackson 3.98s
[663/770] round=10 large_array_encode cjfast_json 2.00s
[664/770] round=10 large_array_encode json4cj 2.08s
[665/770] round=10 large_array_encode cangjieJSON 2.31s
[666/770] round=10 person_decode stdx_json 3.85s
[667/770] round=10 person_decode yjson 5.79s
[668/770] round=10 person_decode fastjson2 3.99s
[669/770] round=10 person_decode jackson 3.97s
[670/770] round=10 person_decode cjfast_json 2.78s
[671/770] round=10 person_decode json4cj 2.58s
[672/770] round=10 person_decode cangjieJSON 3.50s
[673/770] round=10 person_encode stdx_json 2.99s
[674/770] round=10 person_encode yjson 12.72s
[675/770] round=10 person_encode fastjson2 3.99s
[676/770] round=10 person_encode jackson 3.98s
[677/770] round=10 person_encode cjfast_json 2.28s
[678/770] round=10 person_encode json4cj 2.08s
[679/770] round=10 person_encode cangjieJSON 2.78s
[680/770] round=10 address_decode stdx_json 2.08s
[681/770] round=10 address_decode yjson 7.60s
[682/770] round=10 address_decode fastjson2 3.99s
[683/770] round=10 address_decode jackson 3.98s
[684/770] round=10 address_decode cjfast_json 2.05s
[685/770] round=10 address_decode json4cj 2.18s
[686/770] round=10 address_decode cangjieJSON 3.53s
[687/770] round=10 address_encode stdx_json 2.24s
[688/770] round=10 address_encode yjson 6.03s
[689/770] round=10 address_encode fastjson2 3.99s
[690/770] round=10 address_encode jackson 3.98s
[691/770] round=10 address_encode cjfast_json 2.27s
[692/770] round=10 address_encode json4cj 2.02s
[693/770] round=10 address_encode cangjieJSON 2.76s
[694/770] round=10 deep_nested_decode stdx_json 3.65s
[695/770] round=10 deep_nested_decode yjson 6.39s
[696/770] round=10 deep_nested_decode fastjson2 3.99s
[697/770] round=10 deep_nested_decode jackson 3.98s
[698/770] round=10 deep_nested_decode cjfast_json 2.55s
[699/770] round=10 deep_nested_decode json4cj 2.16s
[700/770] round=10 deep_nested_decode cangjieJSON 3.24s
[701/770] round=11 address_encode json4cj 1.87s
[702/770] round=11 address_encode cjfast_json 1.95s
[703/770] round=11 address_encode jackson 4.00s
[704/770] round=11 address_encode fastjson2 3.99s
[705/770] round=11 address_encode yjson 6.14s
[706/770] round=11 address_encode stdx_json 2.38s
[707/770] round=11 address_encode cangjieJSON 2.76s
[708/770] round=11 address_decode json4cj 2.28s
[709/770] round=11 address_decode cjfast_json 2.04s
[710/770] round=11 address_decode jackson 3.95s
[711/770] round=11 address_decode fastjson2 3.96s
[712/770] round=11 address_decode yjson 7.65s
[713/770] round=11 address_decode stdx_json 2.21s
[714/770] round=11 address_decode cangjieJSON 3.24s
[715/770] round=11 person_encode json4cj 2.03s
[716/770] round=11 person_encode cjfast_json 2.45s
[717/770] round=11 person_encode jackson 3.97s
[718/770] round=11 person_encode fastjson2 3.95s
[719/770] round=11 person_encode yjson 12.98s
[720/770] round=11 person_encode stdx_json 2.96s
[721/770] round=11 person_encode cangjieJSON 2.76s
[722/770] round=11 person_decode json4cj 2.51s
[723/770] round=11 person_decode cjfast_json 2.51s
[724/770] round=11 person_decode jackson 3.98s
[725/770] round=11 person_decode fastjson2 3.98s
[726/770] round=11 person_decode yjson 5.77s
[727/770] round=11 person_decode stdx_json 3.70s
[728/770] round=11 person_decode cangjieJSON 3.43s
[729/770] round=11 large_array_encode json4cj 2.10s
[730/770] round=11 large_array_encode cjfast_json 2.24s
[731/770] round=11 large_array_encode jackson 3.99s
[732/770] round=11 large_array_encode fastjson2 3.99s
[733/770] round=11 large_array_encode yjson 13.05s
[734/770] round=11 large_array_encode stdx_json 3.49s
[735/770] round=11 large_array_encode cangjieJSON 2.36s
[736/770] round=11 large_array_decode json4cj 1.97s
[737/770] round=11 large_array_decode cjfast_json 2.09s
[738/770] round=11 large_array_decode jackson 3.97s
[739/770] round=11 large_array_decode fastjson2 3.99s
[740/770] round=11 large_array_decode yjson 9.11s
[741/770] round=11 large_array_decode stdx_json 2.78s
[742/770] round=11 large_array_decode cangjieJSON 3.28s
[743/770] round=11 large_map_encode json4cj 2.69s
[744/770] round=11 large_map_encode cjfast_json 3.03s
[745/770] round=11 large_map_encode jackson 3.97s
[746/770] round=11 large_map_encode fastjson2 3.98s
[747/770] round=11 large_map_encode yjson 10.70s
[748/770] round=11 large_map_encode stdx_json 4.59s
[749/770] round=11 large_map_encode cangjieJSON 2.77s
[750/770] round=11 large_map_decode json4cj 2.55s
[751/770] round=11 large_map_decode cjfast_json 3.02s
[752/770] round=11 large_map_decode jackson 3.97s
[753/770] round=11 large_map_decode fastjson2 3.98s
[754/770] round=11 large_map_decode yjson 11.99s
[755/770] round=11 large_map_decode stdx_json 4.19s
[756/770] round=11 large_map_decode cangjieJSON 3.04s
[757/770] round=11 deep_nested_encode json4cj 2.44s
[758/770] round=11 deep_nested_encode cjfast_json 2.45s
[759/770] round=11 deep_nested_encode jackson 4.00s
[760/770] round=11 deep_nested_encode fastjson2 3.99s
[761/770] round=11 deep_nested_encode yjson 9.28s
[762/770] round=11 deep_nested_encode stdx_json 3.78s
[763/770] round=11 deep_nested_encode cangjieJSON 2.24s
[764/770] round=11 deep_nested_decode json4cj 2.16s
[765/770] round=11 deep_nested_decode cjfast_json 2.51s
[766/770] round=11 deep_nested_decode jackson 3.98s
[767/770] round=11 deep_nested_decode fastjson2 3.98s
[768/770] round=11 deep_nested_decode yjson 6.80s
[769/770] round=11 deep_nested_decode stdx_json 3.66s
[770/770] round=11 deep_nested_decode cangjieJSON 3.24s
