[1/770] round=1 address_encode yjson 6.06s
[2/770] round=1 address_encode stdx_json 1.90s
[3/770] round=1 address_encode cangjieJSON 2.83s
[4/770] round=1 address_encode json4cj 2.07s
[5/770] round=1 address_encode cjfast_json 1.74s
[6/770] round=1 address_encode jackson 4.00s
[7/770] round=1 address_encode fastjson2 3.98s
[8/770] round=1 address_decode yjson 7.60s
[9/770] round=1 address_decode stdx_json 2.47s
[10/770] round=1 address_decode cangjieJSON 3.28s
[11/770] round=1 address_decode json4cj 2.28s
[12/770] round=1 address_decode cjfast_json 1.89s
[13/770] round=1 address_decode jackson 3.98s
[14/770] round=1 address_decode fastjson2 3.97s
[15/770] round=1 person_encode yjson 13.03s
[16/770] round=1 person_encode stdx_json 3.07s
[17/770] round=1 person_encode cangjieJSON 2.73s
[18/770] round=1 person_encode json4cj 1.92s
[19/770] round=1 person_encode cjfast_json 2.38s
[20/770] round=1 person_encode jackson 4.01s
[21/770] round=1 person_encode fastjson2 3.99s
[22/770] round=1 person_decode yjson 5.83s
[23/770] round=1 person_decode stdx_json 3.83s
[24/770] round=1 person_decode cangjieJSON 3.36s
[25/770] round=1 person_decode json4cj 2.55s
[26/770] round=1 person_decode cjfast_json 2.78s
[27/770] round=1 person_decode jackson 3.96s
[28/770] round=1 person_decode fastjson2 3.96s
[29/770] round=1 large_array_encode yjson 13.11s
[30/770] round=1 large_array_encode stdx_json 3.30s
[31/770] round=1 large_array_encode cangjieJSON 2.28s
[32/770] round=1 large_array_encode json4cj 2.15s
[33/770] round=1 large_array_encode cjfast_json 2.26s
[34/770] round=1 large_array_encode jackson 3.97s
[35/770] round=1 large_array_encode fastjson2 3.99s
[36/770] round=1 large_array_decode yjson 9.05s
[37/770] round=1 large_array_decode stdx_json 2.82s
[38/770] round=1 large_array_decode cangjieJSON 3.32s
[39/770] round=1 large_array_decode json4cj 1.95s
[40/770] round=1 large_array_decode cjfast_json 1.82s
[41/770] round=1 large_array_decode jackson 3.98s
[42/770] round=1 large_array_decode fastjson2 4.01s
[43/770] round=1 large_map_encode yjson 10.76s
[44/770] round=1 large_map_encode stdx_json 4.49s
[45/770] round=1 large_map_encode cangjieJSON 2.35s
[46/770] round=1 large_map_encode json4cj 2.45s
[47/770] round=1 large_map_encode cjfast_json 2.99s
[48/770] round=1 large_map_encode jackson 3.99s
[49/770] round=1 large_map_encode fastjson2 3.98s
[50/770] round=1 large_map_decode yjson 12.06s
[51/770] round=1 large_map_decode stdx_json 4.09s
[52/770] round=1 large_map_decode cangjieJSON 3.15s
[53/770] round=1 large_map_decode json4cj 2.73s
[54/770] round=1 large_map_decode cjfast_json 2.87s
[55/770] round=1 large_map_decode jackson 4.00s
[56/770] round=1 large_map_decode fastjson2 3.99s
[57/770] round=1 deep_nested_encode yjson 9.23s
[58/770] round=1 deep_nested_encode stdx_json 3.84s
[59/770] round=1 deep_nested_encode cangjieJSON 2.37s
[60/770] round=1 deep_nested_encode json4cj 2.16s
[61/770] round=1 deep_nested_encode cjfast_json 2.62s
[62/770] round=1 deep_nested_encode jackson 4.00s
[63/770] round=1 deep_nested_encode fastjson2 3.98s
[64/770] round=1 deep_nested_decode yjson 6.67s
[65/770] round=1 deep_nested_decode stdx_json 3.51s
[66/770] round=1 deep_nested_decode cangjieJSON 3.12s
[67/770] round=1 deep_nested_decode json4cj 2.35s
[68/770] round=1 deep_nested_decode cjfast_json 2.43s
[69/770] round=1 deep_nested_decode jackson 3.99s
[70/770] round=1 deep_nested_decode fastjson2 3.97s
[71/770] round=2 address_encode yjson 6.19s
[72/770] round=2 address_encode fastjson2 3.98s
[73/770] round=2 address_encode jackson 3.96s
[74/770] round=2 address_encode cjfast_json 2.15s
[75/770] round=2 address_encode json4cj 2.04s
[76/770] round=2 address_encode cangjieJSON 2.75s
[77/770] round=2 address_encode stdx_json 1.84s
[78/770] round=2 deep_nested_decode yjson 6.47s
[79/770] round=2 deep_nested_decode fastjson2 3.98s
[80/770] round=2 deep_nested_decode jackson 3.98s
[81/770] round=2 deep_nested_decode cjfast_json 2.48s
[82/770] round=2 deep_nested_decode json4cj 2.27s
[83/770] round=2 deep_nested_decode cangjieJSON 3.15s
[84/770] round=2 deep_nested_decode stdx_json 3.61s
[85/770] round=2 deep_nested_encode yjson 9.38s
[86/770] round=2 deep_nested_encode fastjson2 3.99s
[87/770] round=2 deep_nested_encode jackson 4.00s
[88/770] round=2 deep_nested_encode cjfast_json 2.72s
[89/770] round=2 deep_nested_encode json4cj 2.39s
[90/770] round=2 deep_nested_encode cangjieJSON 2.45s
[91/770] round=2 deep_nested_encode stdx_json 3.72s
[92/770] round=2 large_map_decode yjson 12.05s
[93/770] round=2 large_map_decode fastjson2 3.97s
[94/770] round=2 large_map_decode jackson 3.97s
[95/770] round=2 large_map_decode cjfast_json 2.90s
[96/770] round=2 large_map_decode json4cj 2.67s
[97/770] round=2 large_map_decode cangjieJSON 3.01s
[98/770] round=2 large_map_decode stdx_json 4.00s
[99/770] round=2 large_map_encode yjson 10.61s
[100/770] round=2 large_map_encode fastjson2 3.98s
[101/770] round=2 large_map_encode jackson 3.99s
[102/770] round=2 large_map_encode cjfast_json 3.05s
[103/770] round=2 large_map_encode json4cj 2.54s
[104/770] round=2 large_map_encode cangjieJSON 2.78s
[105/770] round=2 large_map_encode stdx_json 4.60s
[106/770] round=2 large_array_decode yjson 9.12s
[107/770] round=2 large_array_decode fastjson2 3.98s
[108/770] round=2 large_array_decode jackson 3.99s
[109/770] round=2 large_array_decode cjfast_json 2.07s
[110/770] round=2 large_array_decode json4cj 1.89s
[111/770] round=2 large_array_decode cangjieJSON 3.22s
[112/770] round=2 large_array_decode stdx_json 3.01s
[113/770] round=2 large_array_encode yjson 13.17s
[114/770] round=2 large_array_encode fastjson2 4.00s
[115/770] round=2 large_array_encode jackson 3.99s
[116/770] round=2 large_array_encode cjfast_json 2.21s
[117/770] round=2 large_array_encode json4cj 1.97s
[118/770] round=2 large_array_encode cangjieJSON 2.38s
[119/770] round=2 large_array_encode stdx_json 3.21s
[120/770] round=2 person_decode yjson 5.75s
[121/770] round=2 person_decode fastjson2 3.97s
[122/770] round=2 person_decode jackson 3.98s
[123/770] round=2 person_decode cjfast_json 2.71s
[124/770] round=2 person_decode json4cj 2.73s
[125/770] round=2 person_decode cangjieJSON 2.99s
[126/770] round=2 person_decode stdx_json 3.79s
[127/770] round=2 person_encode yjson 12.70s
[128/770] round=2 person_encode fastjson2 3.98s
[129/770] round=2 person_encode jackson 3.98s
[130/770] round=2 person_encode cjfast_json 2.35s
[131/770] round=2 person_encode json4cj 1.89s
[132/770] round=2 person_encode cangjieJSON 2.52s
[133/770] round=2 person_encode stdx_json 3.24s
[134/770] round=2 address_decode yjson 7.51s
[135/770] round=2 address_decode fastjson2 3.99s
[136/770] round=2 address_decode jackson 3.96s
[137/770] round=2 address_decode cjfast_json 2.21s
[138/770] round=2 address_decode json4cj 2.32s
[139/770] round=2 address_decode cangjieJSON 3.35s
[140/770] round=2 address_decode stdx_json 2.65s
[141/770] round=3 person_encode cangjieJSON 2.80s
[142/770] round=3 person_encode json4cj 1.88s
[143/770] round=3 person_encode cjfast_json 2.41s
[144/770] round=3 person_encode jackson 4.01s
[145/770] round=3 person_encode fastjson2 4.00s
[146/770] round=3 person_encode yjson 12.79s
[147/770] round=3 person_encode stdx_json 3.03s
[148/770] round=3 person_decode cangjieJSON 3.59s
[149/770] round=3 person_decode json4cj 2.64s
[150/770] round=3 person_decode cjfast_json 2.76s
[151/770] round=3 person_decode jackson 3.99s
[152/770] round=3 person_decode fastjson2 4.00s
[153/770] round=3 person_decode yjson 5.80s
[154/770] round=3 person_decode stdx_json 3.91s
[155/770] round=3 large_array_encode cangjieJSON 2.38s
[156/770] round=3 large_array_encode json4cj 1.96s
[157/770] round=3 large_array_encode cjfast_json 2.35s
[158/770] round=3 large_array_encode jackson 3.99s
[159/770] round=3 large_array_encode fastjson2 3.99s
[160/770] round=3 large_array_encode yjson 13.15s
[161/770] round=3 large_array_encode stdx_json 3.47s
[162/770] round=3 large_array_decode cangjieJSON 3.27s
[163/770] round=3 large_array_decode json4cj 1.73s
[164/770] round=3 large_array_decode cjfast_json 2.04s
[165/770] round=3 large_array_decode jackson 3.97s
[166/770] round=3 large_array_decode fastjson2 3.99s
[167/770] round=3 large_array_decode yjson 9.12s
[168/770] round=3 large_array_decode stdx_json 2.84s
[169/770] round=3 large_map_encode cangjieJSON 2.78s
[170/770] round=3 large_map_encode json4cj 2.73s
[171/770] round=3 large_map_encode cjfast_json 3.00s
[172/770] round=3 large_map_encode jackson 4.02s
[173/770] round=3 large_map_encode fastjson2 3.98s
[174/770] round=3 large_map_encode yjson 10.59s
[175/770] round=3 large_map_encode stdx_json 4.30s
[176/770] round=3 large_map_decode cangjieJSON 3.06s
[177/770] round=3 large_map_decode json4cj 2.72s
[178/770] round=3 large_map_decode cjfast_json 2.65s
[179/770] round=3 large_map_decode jackson 3.98s
[180/770] round=3 large_map_decode fastjson2 4.00s
[181/770] round=3 large_map_decode yjson 11.89s
[182/770] round=3 large_map_decode stdx_json 3.96s
[183/770] round=3 deep_nested_encode cangjieJSON 2.17s
[184/770] round=3 deep_nested_encode json4cj 2.35s
[185/770] round=3 deep_nested_encode cjfast_json 2.52s
[186/770] round=3 deep_nested_encode jackson 4.00s
[187/770] round=3 deep_nested_encode fastjson2 3.97s
[188/770] round=3 deep_nested_encode yjson 9.35s
[189/770] round=3 deep_nested_encode stdx_json 3.94s
[190/770] round=3 deep_nested_decode cangjieJSON 3.28s
[191/770] round=3 deep_nested_decode json4cj 2.23s
[192/770] round=3 deep_nested_decode cjfast_json 2.67s
[193/770] round=3 deep_nested_decode jackson 3.98s
[194/770] round=3 deep_nested_decode fastjson2 3.98s
[195/770] round=3 deep_nested_decode yjson 6.41s
[196/770] round=3 deep_nested_decode stdx_json 3.39s
[197/770] round=3 address_encode cangjieJSON 2.79s
[198/770] round=3 address_encode json4cj 2.23s
[199/770] round=3 address_encode cjfast_json 2.12s
[200/770] round=3 address_encode jackson 3.99s
[201/770] round=3 address_encode fastjson2 3.98s
[202/770] round=3 address_encode yjson 6.04s
[203/770] round=3 address_encode stdx_json 2.01s
[204/770] round=3 address_decode cangjieJSON 3.30s
[205/770] round=3 address_decode json4cj 2.10s
[206/770] round=3 address_decode cjfast_json 1.89s
[207/770] round=3 address_decode jackson 4.00s
[208/770] round=3 address_decode fastjson2 3.99s
[209/770] round=3 address_decode yjson 7.64s
[210/770] round=3 address_decode stdx_json 2.61s
[211/770] round=4 person_encode cangjieJSON 2.76s
[212/770] round=4 person_encode stdx_json 2.83s
[213/770] round=4 person_encode yjson 12.83s
[214/770] round=4 person_encode fastjson2 3.97s
[215/770] round=4 person_encode jackson 3.97s
[216/770] round=4 person_encode cjfast_json 2.49s
[217/770] round=4 person_encode json4cj 2.30s
[218/770] round=4 address_decode cangjieJSON 3.37s
[219/770] round=4 address_decode stdx_json 2.47s
[220/770] round=4 address_decode yjson 7.65s
[221/770] round=4 address_decode fastjson2 4.00s
[222/770] round=4 address_decode jackson 3.98s
[223/770] round=4 address_decode cjfast_json 2.02s
[224/770] round=4 address_decode json4cj 2.16s
[225/770] round=4 address_encode cangjieJSON 2.79s
[226/770] round=4 address_encode stdx_json 2.34s
[227/770] round=4 address_encode yjson 6.08s
[228/770] round=4 address_encode fastjson2 3.97s
[229/770] round=4 address_encode jackson 3.98s
[230/770] round=4 address_encode cjfast_json 1.96s
[231/770] round=4 address_encode json4cj 1.89s
[232/770] round=4 deep_nested_decode cangjieJSON 3.21s
[233/770] round=4 deep_nested_decode stdx_json 3.67s
[234/770] round=4 deep_nested_decode yjson 6.69s
[235/770] round=4 deep_nested_decode fastjson2 3.98s
[236/770] round=4 deep_nested_decode jackson 3.98s
[237/770] round=4 deep_nested_decode cjfast_json 2.58s
[238/770] round=4 deep_nested_decode json4cj 2.24s
[239/770] round=4 deep_nested_encode cangjieJSON 2.43s
[240/770] round=4 deep_nested_encode stdx_json 3.07s
[241/770] round=4 deep_nested_encode yjson 9.28s
[242/770] round=4 deep_nested_encode fastjson2 3.97s
[243/770] round=4 deep_nested_encode jackson 4.01s
[244/770] round=4 deep_nested_encode cjfast_json 2.42s
[245/770] round=4 deep_nested_encode json4cj 2.37s
[246/770] round=4 large_map_decode cangjieJSON 3.11s
[247/770] round=4 large_map_decode stdx_json 4.08s
[248/770] round=4 large_map_decode yjson 11.95s
[249/770] round=4 large_map_decode fastjson2 3.98s
[250/770] round=4 large_map_decode jackson 3.98s
[251/770] round=4 large_map_decode cjfast_json 2.96s
[252/770] round=4 large_map_decode json4cj 2.69s
[253/770] round=4 large_map_encode cangjieJSON 2.80s
[254/770] round=4 large_map_encode stdx_json 4.52s
[255/770] round=4 large_map_encode yjson 10.72s
[256/770] round=4 large_map_encode fastjson2 3.96s
[257/770] round=4 large_map_encode jackson 3.98s
[258/770] round=4 large_map_encode cjfast_json 2.73s
[259/770] round=4 large_map_encode json4cj 2.64s
[260/770] round=4 large_array_decode cangjieJSON 3.30s
[261/770] round=4 large_array_decode stdx_json 3.18s
[262/770] round=4 large_array_decode yjson 9.09s
[263/770] round=4 large_array_decode fastjson2 3.99s
[264/770] round=4 large_array_decode jackson 3.98s
[265/770] round=4 large_array_decode cjfast_json 2.14s
[266/770] round=4 large_array_decode json4cj 1.94s
[267/770] round=4 large_array_encode cangjieJSON 2.35s
[268/770] round=4 large_array_encode stdx_json 3.39s
[269/770] round=4 large_array_encode yjson 13.05s
[270/770] round=4 large_array_encode fastjson2 3.99s
[271/770] round=4 large_array_encode jackson 3.99s
[272/770] round=4 large_array_encode cjfast_json 2.34s
[273/770] round=4 large_array_encode json4cj 2.06s
[274/770] round=4 person_decode cangjieJSON 3.36s
[275/770] round=4 person_decode stdx_json 3.80s
[276/770] round=4 person_decode yjson 5.78s
[277/770] round=4 person_decode fastjson2 4.00s
[278/770] round=4 person_decode jackson 3.97s
[279/770] round=4 person_decode cjfast_json 2.94s
[280/770] round=4 person_decode json4cj 2.64s
[281/770] round=5 large_array_encode cjfast_json 2.28s
[282/770] round=5 large_array_encode jackson 3.99s
[283/770] round=5 large_array_encode fastjson2 3.97s
[284/770] round=5 large_array_encode yjson 13.10s
[285/770] round=5 large_array_encode stdx_json 3.40s
[286/770] round=5 large_array_encode cangjieJSON 2.28s
[287/770] round=5 large_array_encode json4cj 2.05s
[288/770] round=5 large_array_decode cjfast_json 2.14s
[289/770] round=5 large_array_decode jackson 3.98s
[290/770] round=5 large_array_decode fastjson2 3.97s
[291/770] round=5 large_array_decode yjson 9.08s
[292/770] round=5 large_array_decode stdx_json 3.08s
[293/770] round=5 large_array_decode cangjieJSON 3.40s
[294/770] round=5 large_array_decode json4cj 1.68s
[295/770] round=5 large_map_encode cjfast_json 2.92s
[296/770] round=5 large_map_encode jackson 3.97s
[297/770] round=5 large_map_encode fastjson2 3.99s
[298/770] round=5 large_map_encode yjson 10.82s
[299/770] round=5 large_map_encode stdx_json 4.31s
[300/770] round=5 large_map_encode cangjieJSON 2.81s
[301/770] round=5 large_map_encode json4cj 2.74s
[302/770] round=5 large_map_decode cjfast_json 2.86s
[303/770] round=5 large_map_decode jackson 3.99s
[304/770] round=5 large_map_decode fastjson2 3.98s
[305/770] round=5 large_map_decode yjson 11.96s
[306/770] round=5 large_map_decode stdx_json 4.06s
[307/770] round=5 large_map_decode cangjieJSON 3.19s
[308/770] round=5 large_map_decode json4cj 2.60s
[309/770] round=5 deep_nested_encode cjfast_json 2.48s
[310/770] round=5 deep_nested_encode jackson 4.00s
[311/770] round=5 deep_nested_encode fastjson2 3.99s
[312/770] round=5 deep_nested_encode yjson 9.14s
[313/770] round=5 deep_nested_encode stdx_json 3.86s
[314/770] round=5 deep_nested_encode cangjieJSON 2.47s
[315/770] round=5 deep_nested_encode json4cj 2.38s
[316/770] round=5 deep_nested_decode cjfast_json 2.45s
[317/770] round=5 deep_nested_decode jackson 4.00s
[318/770] round=5 deep_nested_decode fastjson2 3.98s
[319/770] round=5 deep_nested_decode yjson 6.39s
[320/770] round=5 deep_nested_decode stdx_json 3.45s
[321/770] round=5 deep_nested_decode cangjieJSON 2.71s
[322/770] round=5 deep_nested_decode json4cj 2.09s
[323/770] round=5 address_encode cjfast_json 2.34s
[324/770] round=5 address_encode jackson 4.00s
[325/770] round=5 address_encode fastjson2 3.97s
[326/770] round=5 address_encode yjson 6.06s
[327/770] round=5 address_encode stdx_json 2.69s
[328/770] round=5 address_encode cangjieJSON 2.88s
[329/770] round=5 address_encode json4cj 2.07s
[330/770] round=5 address_decode cjfast_json 2.01s
[331/770] round=5 address_decode jackson 3.97s
[332/770] round=5 address_decode fastjson2 3.98s
[333/770] round=5 address_decode yjson 7.37s
[334/770] round=5 address_decode stdx_json 2.56s
[335/770] round=5 address_decode cangjieJSON 3.58s
[336/770] round=5 address_decode json4cj 2.13s
[337/770] round=5 person_encode cjfast_json 2.41s
[338/770] round=5 person_encode jackson 4.00s
[339/770] round=5 person_encode fastjson2 3.98s
[340/770] round=5 person_encode yjson 12.61s
[341/770] round=5 person_encode stdx_json 2.94s
[342/770] round=5 person_encode cangjieJSON 2.79s
[343/770] round=5 person_encode json4cj 2.01s
[344/770] round=5 person_decode cjfast_json 2.72s
[345/770] round=5 person_decode jackson 4.01s
[346/770] round=5 person_decode fastjson2 3.99s
[347/770] round=5 person_decode yjson 5.78s
[348/770] round=5 person_decode stdx_json 3.75s
[349/770] round=5 person_decode cangjieJSON 3.02s
[350/770] round=5 person_decode json4cj 2.65s
[351/770] round=6 large_array_encode cjfast_json 2.21s
[352/770] round=6 large_array_encode json4cj 2.02s
[353/770] round=6 large_array_encode cangjieJSON 2.31s
[354/770] round=6 large_array_encode stdx_json 3.41s
[355/770] round=6 large_array_encode yjson 13.08s
[356/770] round=6 large_array_encode fastjson2 3.99s
[357/770] round=6 large_array_encode jackson 3.97s
[358/770] round=6 person_decode cjfast_json 2.82s
[359/770] round=6 person_decode json4cj 2.59s
[360/770] round=6 person_decode cangjieJSON 2.99s
[361/770] round=6 person_decode stdx_json 3.81s
[362/770] round=6 person_decode yjson 5.86s
[363/770] round=6 person_decode fastjson2 3.98s
[364/770] round=6 person_decode jackson 3.97s
[365/770] round=6 person_encode cjfast_json 2.46s
[366/770] round=6 person_encode json4cj 1.91s
[367/770] round=6 person_encode cangjieJSON 2.82s
[368/770] round=6 person_encode stdx_json 2.76s
[369/770] round=6 person_encode yjson 12.65s
[370/770] round=6 person_encode fastjson2 3.98s
[371/770] round=6 person_encode jackson 3.96s
[372/770] round=6 address_decode cjfast_json 2.07s
[373/770] round=6 address_decode json4cj 2.07s
[374/770] round=6 address_decode cangjieJSON 3.23s
[375/770] round=6 address_decode stdx_json 2.78s
[376/770] round=6 address_decode yjson 7.69s
[377/770] round=6 address_decode fastjson2 3.99s
[378/770] round=6 address_decode jackson 4.00s
[379/770] round=6 address_encode cjfast_json 2.11s
[380/770] round=6 address_encode json4cj 1.94s
[381/770] round=6 address_encode cangjieJSON 2.87s
[382/770] round=6 address_encode stdx_json 2.29s
[383/770] round=6 address_encode yjson 6.16s
[384/770] round=6 address_encode fastjson2 3.99s
[385/770] round=6 address_encode jackson 3.98s
[386/770] round=6 deep_nested_decode cjfast_json 2.61s
[387/770] round=6 deep_nested_decode json4cj 2.25s
[388/770] round=6 deep_nested_decode cangjieJSON 3.19s
[389/770] round=6 deep_nested_decode stdx_json 3.50s
[390/770] round=6 deep_nested_decode yjson 6.55s
[391/770] round=6 deep_nested_decode fastjson2 3.98s
[392/770] round=6 deep_nested_decode jackson 3.99s
[393/770] round=6 deep_nested_encode cjfast_json 2.52s
[394/770] round=6 deep_nested_encode json4cj 2.37s
[395/770] round=6 deep_nested_encode cangjieJSON 2.42s
[396/770] round=6 deep_nested_encode stdx_json 3.86s
[397/770] round=6 deep_nested_encode yjson 9.23s
[398/770] round=6 deep_nested_encode fastjson2 4.00s
[399/770] round=6 deep_nested_encode jackson 3.99s
[400/770] round=6 large_map_decode cjfast_json 2.87s
[401/770] round=6 large_map_decode json4cj 2.70s
[402/770] round=6 large_map_decode cangjieJSON 2.70s
[403/770] round=6 large_map_decode stdx_json 4.15s
[404/770] round=6 large_map_decode yjson 12.00s
[405/770] round=6 large_map_decode fastjson2 3.98s
[406/770] round=6 large_map_decode jackson 3.96s
[407/770] round=6 large_map_encode cjfast_json 2.89s
[408/770] round=6 large_map_encode json4cj 2.70s
[409/770] round=6 large_map_encode cangjieJSON 2.60s
[410/770] round=6 large_map_encode stdx_json 4.46s
[411/770] round=6 large_map_encode yjson 10.84s
[412/770] round=6 large_map_encode fastjson2 3.98s
[413/770] round=6 large_map_encode jackson 3.98s
[414/770] round=6 large_array_decode cjfast_json 2.03s
[415/770] round=6 large_array_decode json4cj 1.71s
[416/770] round=6 large_array_decode cangjieJSON 3.17s
[417/770] round=6 large_array_decode stdx_json 2.84s
[418/770] round=6 large_array_decode yjson 9.10s
[419/770] round=6 large_array_decode fastjson2 3.96s
[420/770] round=6 large_array_decode jackson 3.98s
[421/770] round=7 large_map_encode fastjson2 3.98s
[422/770] round=7 large_map_encode yjson 10.81s
[423/770] round=7 large_map_encode stdx_json 4.35s
[424/770] round=7 large_map_encode cangjieJSON 2.78s
[425/770] round=7 large_map_encode json4cj 2.71s
[426/770] round=7 large_map_encode cjfast_json 2.78s
[427/770] round=7 large_map_encode jackson 3.99s
[428/770] round=7 large_map_decode fastjson2 3.99s
[429/770] round=7 large_map_decode yjson 11.96s
[430/770] round=7 large_map_decode stdx_json 4.13s
[431/770] round=7 large_map_decode cangjieJSON 3.16s
[432/770] round=7 large_map_decode json4cj 2.62s
[433/770] round=7 large_map_decode cjfast_json 2.62s
[434/770] round=7 large_map_decode jackson 3.99s
[435/770] round=7 deep_nested_encode fastjson2 3.97s
[436/770] round=7 deep_nested_encode yjson 9.29s
[437/770] round=7 deep_nested_encode stdx_json 3.93s
[438/770] round=7 deep_nested_encode cangjieJSON 2.43s
[439/770] round=7 deep_nested_encode json4cj 2.47s
[440/770] round=7 deep_nested_encode cjfast_json 2.50s
[441/770] round=7 deep_nested_encode jackson 3.98s
[442/770] round=7 deep_nested_decode fastjson2 3.98s
[443/770] round=7 deep_nested_decode yjson 6.58s
[444/770] round=7 deep_nested_decode stdx_json 3.55s
[445/770] round=7 deep_nested_decode cangjieJSON 3.13s
[446/770] round=7 deep_nested_decode json4cj 2.16s
[447/770] round=7 deep_nested_decode cjfast_json 2.41s
[448/770] round=7 deep_nested_decode jackson 3.97s
[449/770] round=7 address_encode fastjson2 3.99s
[450/770] round=7 address_encode yjson 6.00s
[451/770] round=7 address_encode stdx_json 2.55s
[452/770] round=7 address_encode cangjieJSON 2.81s
[453/770] round=7 address_encode json4cj 2.14s
[454/770] round=7 address_encode cjfast_json 1.56s
[455/770] round=7 address_encode jackson 3.99s
[456/770] round=7 address_decode fastjson2 3.99s
[457/770] round=7 address_decode yjson 7.85s
[458/770] round=7 address_decode stdx_json 2.61s
[459/770] round=7 address_decode cangjieJSON 3.27s
[460/770] round=7 address_decode json4cj 2.15s
[461/770] round=7 address_decode cjfast_json 1.95s
[462/770] round=7 address_decode jackson 3.98s
[463/770] round=7 person_encode fastjson2 3.98s
[464/770] round=7 person_encode yjson 13.03s
[465/770] round=7 person_encode stdx_json 3.22s
[466/770] round=7 person_encode cangjieJSON 2.77s
[467/770] round=7 person_encode json4cj 2.11s
[468/770] round=7 person_encode cjfast_json 2.49s
[469/770] round=7 person_encode jackson 4.00s
[470/770] round=7 person_decode fastjson2 3.98s
[471/770] round=7 person_decode yjson 5.81s
[472/770] round=7 person_decode stdx_json 3.77s
[473/770] round=7 person_decode cangjieJSON 3.40s
[474/770] round=7 person_decode json4cj 2.59s
[475/770] round=7 person_decode cjfast_json 2.66s
[476/770] round=7 person_decode jackson 3.97s
[477/770] round=7 large_array_encode fastjson2 3.98s
[478/770] round=7 large_array_encode yjson 13.13s
[479/770] round=7 large_array_encode stdx_json 3.32s
[480/770] round=7 large_array_encode cangjieJSON 2.40s
[481/770] round=7 large_array_encode json4cj 2.22s
[482/770] round=7 large_array_encode cjfast_json 2.36s
[483/770] round=7 large_array_encode jackson 3.98s
[484/770] round=7 large_array_decode fastjson2 3.95s
[485/770] round=7 large_array_decode yjson 9.14s
[486/770] round=7 large_array_decode stdx_json 2.89s
[487/770] round=7 large_array_decode cangjieJSON 3.32s
[488/770] round=7 large_array_decode json4cj 1.89s
[489/770] round=7 large_array_decode cjfast_json 2.05s
[490/770] round=7 large_array_decode jackson 3.98s
[491/770] round=8 large_map_encode fastjson2 3.98s
[492/770] round=8 large_map_encode jackson 3.97s
[493/770] round=8 large_map_encode cjfast_json 2.98s
[494/770] round=8 large_map_encode json4cj 2.55s
[495/770] round=8 large_map_encode cangjieJSON 2.75s
[496/770] round=8 large_map_encode stdx_json 4.75s
[497/770] round=8 large_map_encode yjson 10.70s
[498/770] round=8 large_array_decode fastjson2 3.99s
[499/770] round=8 large_array_decode jackson 3.98s
[500/770] round=8 large_array_decode cjfast_json 2.09s
[501/770] round=8 large_array_decode json4cj 1.94s
[502/770] round=8 large_array_decode cangjieJSON 3.25s
[503/770] round=8 large_array_decode stdx_json 2.57s
[504/770] round=8 large_array_decode yjson 8.99s
[505/770] round=8 large_array_encode fastjson2 4.00s
[506/770] round=8 large_array_encode jackson 3.98s
[507/770] round=8 large_array_encode cjfast_json 2.22s
[508/770] round=8 large_array_encode json4cj 2.16s
[509/770] round=8 large_array_encode cangjieJSON 2.33s
[510/770] round=8 large_array_encode stdx_json 3.44s
[511/770] round=8 large_array_encode yjson 13.12s
[512/770] round=8 person_decode fastjson2 3.99s
[513/770] round=8 person_decode jackson 3.97s
[514/770] round=8 person_decode cjfast_json 2.81s
[515/770] round=8 person_decode json4cj 2.52s
[516/770] round=8 person_decode cangjieJSON 3.38s
[517/770] round=8 person_decode stdx_json 3.54s
[518/770] round=8 person_decode yjson 5.76s
[519/770] round=8 person_encode fastjson2 3.99s
[520/770] round=8 person_encode jackson 3.99s
[521/770] round=8 person_encode cjfast_json 2.35s
[522/770] round=8 person_encode json4cj 2.14s
[523/770] round=8 person_encode cangjieJSON 2.79s
[524/770] round=8 person_encode stdx_json 2.92s
[525/770] round=8 person_encode yjson 12.63s
[526/770] round=8 address_decode fastjson2 3.97s
[527/770] round=8 address_decode jackson 3.98s
[528/770] round=8 address_decode cjfast_json 2.15s
[529/770] round=8 address_decode json4cj 2.11s
[530/770] round=8 address_decode cangjieJSON 3.40s
[531/770] round=8 address_decode stdx_json 2.63s
[532/770] round=8 address_decode yjson 7.54s
[533/770] round=8 address_encode fastjson2 3.98s
[534/770] round=8 address_encode jackson 3.96s
[535/770] round=8 address_encode cjfast_json 2.15s
[536/770] round=8 address_encode json4cj 1.94s
[537/770] round=8 address_encode cangjieJSON 2.83s
[538/770] round=8 address_encode stdx_json 2.36s
[539/770] round=8 address_encode yjson 5.98s
[540/770] round=8 deep_nested_decode fastjson2 3.97s
[541/770] round=8 deep_nested_decode jackson 4.00s
[542/770] round=8 deep_nested_decode cjfast_json 2.60s
[543/770] round=8 deep_nested_decode json4cj 2.22s
[544/770] round=8 deep_nested_decode cangjieJSON 3.13s
[545/770] round=8 deep_nested_decode stdx_json 3.64s
[546/770] round=8 deep_nested_decode yjson 6.65s
[547/770] round=8 deep_nested_encode fastjson2 3.98s
[548/770] round=8 deep_nested_encode jackson 3.99s
[549/770] round=8 deep_nested_encode cjfast_json 2.42s
[550/770] round=8 deep_nested_encode json4cj 2.30s
[551/770] round=8 deep_nested_encode cangjieJSON 2.51s
[552/770] round=8 deep_nested_encode stdx_json 3.86s
[553/770] round=8 deep_nested_encode yjson 9.32s
[554/770] round=8 large_map_decode fastjson2 3.99s
[555/770] round=8 large_map_decode jackson 3.97s
[556/770] round=8 large_map_decode cjfast_json 2.72s
[557/770] round=8 large_map_decode json4cj 2.52s
[558/770] round=8 large_map_decode cangjieJSON 2.96s
[559/770] round=8 large_map_decode stdx_json 3.94s
[560/770] round=8 large_map_decode yjson 11.96s
[561/770] round=9 deep_nested_encode stdx_json 3.94s
[562/770] round=9 deep_nested_encode cangjieJSON 2.46s
[563/770] round=9 deep_nested_encode json4cj 2.19s
[564/770] round=9 deep_nested_encode cjfast_json 2.40s
[565/770] round=9 deep_nested_encode jackson 4.00s
[566/770] round=9 deep_nested_encode fastjson2 3.98s
[567/770] round=9 deep_nested_encode yjson 9.22s
[568/770] round=9 deep_nested_decode stdx_json 3.61s
[569/770] round=9 deep_nested_decode cangjieJSON 3.22s
[570/770] round=9 deep_nested_decode json4cj 2.20s
[571/770] round=9 deep_nested_decode cjfast_json 2.54s
[572/770] round=9 deep_nested_decode jackson 4.00s
[573/770] round=9 deep_nested_decode fastjson2 3.96s
[574/770] round=9 deep_nested_decode yjson 6.64s
[575/770] round=9 address_encode stdx_json 2.38s
[576/770] round=9 address_encode cangjieJSON 2.91s
[577/770] round=9 address_encode json4cj 2.01s
[578/770] round=9 address_encode cjfast_json 2.52s
[579/770] round=9 address_encode jackson 4.00s
[580/770] round=9 address_encode fastjson2 3.99s
[581/770] round=9 address_encode yjson 6.05s
[582/770] round=9 address_decode stdx_json 2.59s
[583/770] round=9 address_decode cangjieJSON 3.24s
[584/770] round=9 address_decode json4cj 2.25s
[585/770] round=9 address_decode cjfast_json 2.00s
[586/770] round=9 address_decode jackson 4.00s
[587/770] round=9 address_decode fastjson2 3.99s
[588/770] round=9 address_decode yjson 7.62s
[589/770] round=9 person_encode stdx_json 3.04s
[590/770] round=9 person_encode cangjieJSON 2.52s
[591/770] round=9 person_encode json4cj 2.36s
[592/770] round=9 person_encode cjfast_json 2.26s
[593/770] round=9 person_encode jackson 4.00s
[594/770] round=9 person_encode fastjson2 3.99s
[595/770] round=9 person_encode yjson 12.62s
[596/770] round=9 person_decode stdx_json 3.73s
[597/770] round=9 person_decode cangjieJSON 3.12s
[598/770] round=9 person_decode json4cj 2.27s
[599/770] round=9 person_decode cjfast_json 2.68s
[600/770] round=9 person_decode jackson 3.99s
[601/770] round=9 person_decode fastjson2 3.98s
[602/770] round=9 person_decode yjson 5.64s
[603/770] round=9 large_array_encode stdx_json 3.41s
[604/770] round=9 large_array_encode cangjieJSON 2.36s
[605/770] round=9 large_array_encode json4cj 2.14s
[606/770] round=9 large_array_encode cjfast_json 2.24s
[607/770] round=9 large_array_encode jackson 3.96s
[608/770] round=9 large_array_encode fastjson2 3.97s
[609/770] round=9 large_array_encode yjson 13.14s
[610/770] round=9 large_array_decode stdx_json 2.97s
[611/770] round=9 large_array_decode cangjieJSON 3.14s
[612/770] round=9 large_array_decode json4cj 1.96s
[613/770] round=9 large_array_decode cjfast_json 2.16s
[614/770] round=9 large_array_decode jackson 3.97s
[615/770] round=9 large_array_decode fastjson2 3.99s
[616/770] round=9 large_array_decode yjson 9.00s
[617/770] round=9 large_map_encode stdx_json 4.70s
[618/770] round=9 large_map_encode cangjieJSON 2.82s
[619/770] round=9 large_map_encode json4cj 2.78s
[620/770] round=9 large_map_encode cjfast_json 2.93s
[621/770] round=9 large_map_encode jackson 3.97s
[622/770] round=9 large_map_encode fastjson2 3.98s
[623/770] round=9 large_map_encode yjson 10.72s
[624/770] round=9 large_map_decode stdx_json 4.09s
[625/770] round=9 large_map_decode cangjieJSON 3.08s
[626/770] round=9 large_map_decode json4cj 2.75s
[627/770] round=9 large_map_decode cjfast_json 2.96s
[628/770] round=9 large_map_decode jackson 3.98s
[629/770] round=9 large_map_decode fastjson2 3.98s
[630/770] round=9 large_map_decode yjson 12.02s
[631/770] round=10 deep_nested_encode stdx_json 4.05s
[632/770] round=10 deep_nested_encode yjson 9.22s
[633/770] round=10 deep_nested_encode fastjson2 3.97s
[634/770] round=10 deep_nested_encode jackson 3.97s
[635/770] round=10 deep_nested_encode cjfast_json 2.40s
[636/770] round=10 deep_nested_encode json4cj 2.40s
[637/770] round=10 deep_nested_encode cangjieJSON 2.44s
[638/770] round=10 large_map_decode stdx_json 4.03s
[639/770] round=10 large_map_decode yjson 12.05s
[640/770] round=10 large_map_decode fastjson2 3.98s
[641/770] round=10 large_map_decode jackson 3.97s
[642/770] round=10 large_map_decode cjfast_json 3.05s
[643/770] round=10 large_map_decode json4cj 2.49s
[644/770] round=10 large_map_decode cangjieJSON 3.10s
[645/770] round=10 large_map_encode stdx_json 4.48s
[646/770] round=10 large_map_encode yjson 10.60s
[647/770] round=10 large_map_encode fastjson2 3.99s
[648/770] round=10 large_map_encode jackson 3.98s
[649/770] round=10 large_map_encode cjfast_json 2.96s
[650/770] round=10 large_map_encode json4cj 2.48s
[651/770] round=10 large_map_encode cangjieJSON 2.79s
[652/770] round=10 large_array_decode stdx_json 3.10s
[653/770] round=10 large_array_decode yjson 9.11s
[654/770] round=10 large_array_decode fastjson2 3.99s
[655/770] round=10 large_array_decode jackson 3.99s
[656/770] round=10 large_array_decode cjfast_json 2.05s
[657/770] round=10 large_array_decode json4cj 1.93s
[658/770] round=10 large_array_decode cangjieJSON 3.39s
[659/770] round=10 large_array_encode stdx_json 3.51s
[660/770] round=10 large_array_encode yjson 13.19s
[661/770] round=10 large_array_encode fastjson2 4.00s
[662/770] round=10 large_array_encode jackson 3.98s
[663/770] round=10 large_array_encode cjfast_json 2.18s
[664/770] round=10 large_array_encode json4cj 2.30s
[665/770] round=10 large_array_encode cangjieJSON 2.33s
[666/770] round=10 person_decode stdx_json 3.71s
[667/770] round=10 person_decode yjson 5.79s
[668/770] round=10 person_decode fastjson2 3.97s
[669/770] round=10 person_decode jackson 3.97s
[670/770] round=10 person_decode cjfast_json 2.66s
[671/770] round=10 person_decode json4cj 2.49s
[672/770] round=10 person_decode cangjieJSON 3.60s
[673/770] round=10 person_encode stdx_json 2.93s
[674/770] round=10 person_encode yjson 12.72s
[675/770] round=10 person_encode fastjson2 3.95s
[676/770] round=10 person_encode jackson 3.99s
[677/770] round=10 person_encode cjfast_json 2.43s
[678/770] round=10 person_encode json4cj 1.90s
[679/770] round=10 person_encode cangjieJSON 2.77s
[680/770] round=10 address_decode stdx_json 2.67s
[681/770] round=10 address_decode yjson 7.71s
[682/770] round=10 address_decode fastjson2 3.98s
[683/770] round=10 address_decode jackson 3.98s
[684/770] round=10 address_decode cjfast_json 2.15s
[685/770] round=10 address_decode json4cj 2.18s
[686/770] round=10 address_decode cangjieJSON 3.27s
[687/770] round=10 address_encode stdx_json 2.43s
[688/770] round=10 address_encode yjson 6.11s
[689/770] round=10 address_encode fastjson2 3.99s
[690/770] round=10 address_encode jackson 3.97s
[691/770] round=10 address_encode cjfast_json 2.02s
[692/770] round=10 address_encode json4cj 2.45s
[693/770] round=10 address_encode cangjieJSON 2.79s
[694/770] round=10 deep_nested_decode stdx_json 2.66s
[695/770] round=10 deep_nested_decode yjson 6.49s
[696/770] round=10 deep_nested_decode fastjson2 3.98s
[697/770] round=10 deep_nested_decode jackson 3.98s
[698/770] round=10 deep_nested_decode cjfast_json 2.47s
[699/770] round=10 deep_nested_decode json4cj 2.25s
[700/770] round=10 deep_nested_decode cangjieJSON 3.26s
[701/770] round=11 address_encode json4cj 2.33s
[702/770] round=11 address_encode cjfast_json 2.16s
[703/770] round=11 address_encode jackson 3.97s
[704/770] round=11 address_encode fastjson2 3.98s
[705/770] round=11 address_encode yjson 6.13s
[706/770] round=11 address_encode stdx_json 2.32s
[707/770] round=11 address_encode cangjieJSON 2.81s
[708/770] round=11 address_decode json4cj 2.25s
[709/770] round=11 address_decode cjfast_json 2.18s
[710/770] round=11 address_decode jackson 4.00s
[711/770] round=11 address_decode fastjson2 3.98s
[712/770] round=11 address_decode yjson 7.58s
[713/770] round=11 address_decode stdx_json 2.31s
[714/770] round=11 address_decode cangjieJSON 3.41s
[715/770] round=11 person_encode json4cj 2.16s
[716/770] round=11 person_encode cjfast_json 2.51s
[717/770] round=11 person_encode jackson 4.00s
[718/770] round=11 person_encode fastjson2 3.98s
[719/770] round=11 person_encode yjson 12.54s
[720/770] round=11 person_encode stdx_json 2.88s
[721/770] round=11 person_encode cangjieJSON 2.89s
[722/770] round=11 person_decode json4cj 2.54s
[723/770] round=11 person_decode cjfast_json 2.80s
[724/770] round=11 person_decode jackson 3.98s
[725/770] round=11 person_decode fastjson2 3.99s
[726/770] round=11 person_decode yjson 5.72s
[727/770] round=11 person_decode stdx_json 3.74s
[728/770] round=11 person_decode cangjieJSON 3.17s
[729/770] round=11 large_array_encode json4cj 2.05s
[730/770] round=11 large_array_encode cjfast_json 2.28s
[731/770] round=11 large_array_encode jackson 3.99s
[732/770] round=11 large_array_encode fastjson2 4.00s
[733/770] round=11 large_array_encode yjson 13.18s
[734/770] round=11 large_array_encode stdx_json 3.40s
[735/770] round=11 large_array_encode cangjieJSON 2.38s
[736/770] round=11 large_array_decode json4cj 1.63s
[737/770] round=11 large_array_decode cjfast_json 2.00s
[738/770] round=11 large_array_decode jackson 3.99s
[739/770] round=11 large_array_decode fastjson2 3.99s
[740/770] round=11 large_array_decode yjson 9.08s
[741/770] round=11 large_array_decode stdx_json 3.03s
[742/770] round=11 large_array_decode cangjieJSON 3.27s
[743/770] round=11 large_map_encode json4cj 2.74s
[744/770] round=11 large_map_encode cjfast_json 2.69s
[745/770] round=11 large_map_encode jackson 4.01s
[746/770] round=11 large_map_encode fastjson2 3.99s
[747/770] round=11 large_map_encode yjson 10.67s
[748/770] round=11 large_map_encode stdx_json 4.35s
[749/770] round=11 large_map_encode cangjieJSON 2.78s
[750/770] round=11 large_map_decode json4cj 2.39s
[751/770] round=11 large_map_decode cjfast_json 2.88s
[752/770] round=11 large_map_decode jackson 3.98s
[753/770] round=11 large_map_decode fastjson2 3.97s
[754/770] round=11 large_map_decode yjson 11.88s
[755/770] round=11 large_map_decode stdx_json 4.14s
[756/770] round=11 large_map_decode cangjieJSON 3.00s
[757/770] round=11 deep_nested_encode json4cj 2.29s
[758/770] round=11 deep_nested_encode cjfast_json 2.63s
[759/770] round=11 deep_nested_encode jackson 4.00s
[760/770] round=11 deep_nested_encode fastjson2 3.97s
[761/770] round=11 deep_nested_encode yjson 9.37s
[762/770] round=11 deep_nested_encode stdx_json 3.85s
[763/770] round=11 deep_nested_encode cangjieJSON 2.42s
[764/770] round=11 deep_nested_decode json4cj 2.23s
[765/770] round=11 deep_nested_decode cjfast_json 2.49s
[766/770] round=11 deep_nested_decode jackson 4.00s
[767/770] round=11 deep_nested_decode fastjson2 3.97s
[768/770] round=11 deep_nested_decode yjson 6.55s
[769/770] round=11 deep_nested_decode stdx_json 3.46s
[770/770] round=11 deep_nested_decode cangjieJSON 3.21s
