Starting the benchmark `T9ThroughputBench.t9_3_5_largeMapSerialize()`.
    Warming up for 200.0 ms.
    Starting measurements of 80 batches. Measuring Duration.
    Max batch size: 156, estimated execution time: 0.994 s.

--------------------------------------------------------------------------------------------------
TP: cjjson.test, time elapsed: 1876326237 ns, RESULT:
    TCS: T9ThroughputBench, time elapsed: 1871106959 ns, RESULT:
    | Case                     |   Median |       Err |   Err% |     Mean |
    |:-------------------------|---------:|----------:|-------:|---------:|
    | t9_3_5_largeMapSerialize | 233.1 us | ±73.66 us | ±31.6% | 305.6 us |
Summary: TOTAL: 51
    PASSED: 1, SKIPPED: 50, ERROR: 0
    FAILED: 0
--------------------------------------------------------------------------------------------------
Project tests finished, time elapsed: 1877514000 ns, RESULT:
TP: cjjson.*, time elapsed: 1877416535 ns, RESULT:
    PASSED:
    TP: cjjson.test, time elapsed: 1876326237 ns
Summary: TOTAL: 51
    PASSED: 1, SKIPPED: 50, ERROR: 0
    FAILED: 0
--------------------------------------------------------------------------------------------------
cjpm bench success
