Starting the benchmark `T9ThroughputBench.t9_4_5_ultraWideSerialize()`.
    Warming up for 200.0 ms.
    Starting measurements of 158 batches. Measuring Duration.
    Max batch size: 314, estimated execution time: 0.999 s.

--------------------------------------------------------------------------------------------------
TP: cjjson.test, time elapsed: 1392220796 ns, RESULT:
    TCS: T9ThroughputBench, time elapsed: 1387784861 ns, RESULT:
    | Case                      |   Median |       Err |   Err% |     Mean |
    |:--------------------------|---------:|----------:|-------:|---------:|
    | t9_4_5_ultraWideSerialize | 34.53 us | ±11.00 us | ±31.9% | 59.60 us |
Summary: TOTAL: 51
    PASSED: 1, SKIPPED: 50, ERROR: 0
    FAILED: 0
--------------------------------------------------------------------------------------------------
Project tests finished, time elapsed: 1393428187 ns, RESULT:
TP: cjjson.*, time elapsed: 1393335065 ns, RESULT:
    PASSED:
    TP: cjjson.test, time elapsed: 1392220796 ns
Summary: TOTAL: 51
    PASSED: 1, SKIPPED: 50, ERROR: 0
    FAILED: 0
--------------------------------------------------------------------------------------------------
cjpm bench success
