Starting the benchmark `T9ThroughputBench.t9_3_6_largeMapDeserialize()`.
    Warming up for 200.0 ms.
    Starting measurements of 61 batches. Measuring Duration.
    Max batch size: 121, estimated execution time: 1.002 s.

--------------------------------------------------------------------------------------------------
TP: cjjson.test, time elapsed: 1838134528 ns, RESULT:
    TCS: T9ThroughputBench, time elapsed: 1833709327 ns, RESULT:
    | Case                       |   Median |       Err |   Err% |     Mean |
    |:---------------------------|---------:|----------:|-------:|---------:|
    | t9_3_6_largeMapDeserialize | 431.9 us | ±57.75 us | ±13.4% | 459.8 us |
Summary: TOTAL: 51
    PASSED: 1, SKIPPED: 50, ERROR: 0
    FAILED: 0
--------------------------------------------------------------------------------------------------
Project tests finished, time elapsed: 1839253390 ns, RESULT:
TP: cjjson.*, time elapsed: 1839158981 ns, RESULT:
    PASSED:
    TP: cjjson.test, time elapsed: 1838134528 ns
Summary: TOTAL: 51
    PASSED: 1, SKIPPED: 50, ERROR: 0
    FAILED: 0
--------------------------------------------------------------------------------------------------
cjpm bench success
