Starting the benchmark `T9ThroughputBench.t9_3_1_smallArraySerialize()`.
    Warming up for 200.0 ms.
    Starting measurements of 200 batches. Measuring Duration.
    Max batch size: 775, estimated execution time: 1.000 s.

--------------------------------------------------------------------------------------------------
TP: cjjson.test, time elapsed: 1446797940 ns, RESULT:
    TCS: T9ThroughputBench, time elapsed: 1442315851 ns, RESULT:
    | Case                       |   Median |       Err |   Err% |     Mean |
    |:---------------------------|---------:|----------:|-------:|---------:|
    | t9_3_1_smallArraySerialize | 11.41 us | ±2.705 us | ±23.7% | 21.45 us |
Summary: TOTAL: 51
    PASSED: 1, SKIPPED: 50, ERROR: 0
    FAILED: 0
--------------------------------------------------------------------------------------------------
Project tests finished, time elapsed: 1447909662 ns, RESULT:
TP: cjjson.*, time elapsed: 1447815532 ns, RESULT:
    PASSED:
    TP: cjjson.test, time elapsed: 1446797940 ns
Summary: TOTAL: 51
    PASSED: 1, SKIPPED: 50, ERROR: 0
    FAILED: 0
--------------------------------------------------------------------------------------------------
cjpm bench success
