Starting the benchmark `T9ThroughputBench.t9_2_3_escapeStringSerialize()`.
    Warming up for 200.0 ms.
    Starting measurements of 200 batches. Measuring Duration.
    Max batch size: 1572, estimated execution time: 1.000 s.

--------------------------------------------------------------------------------------------------
TP: cjjson.test, time elapsed: 1458791448 ns, RESULT:
    TCS: T9ThroughputBench, time elapsed: 1454288873 ns, RESULT:
    | Case                         |   Median |       Err |   Err% |     Mean |
    |:-----------------------------|---------:|----------:|-------:|---------:|
    | t9_2_3_escapeStringSerialize | 5.508 us | ±1.274 us | ±23.1% | 10.84 us |
Summary: TOTAL: 51
    PASSED: 1, SKIPPED: 50, ERROR: 0
    FAILED: 0
--------------------------------------------------------------------------------------------------
Project tests finished, time elapsed: 1459875161 ns, RESULT:
TP: cjjson.*, time elapsed: 1459787113 ns, RESULT:
    PASSED:
    TP: cjjson.test, time elapsed: 1458791448 ns
Summary: TOTAL: 51
    PASSED: 1, SKIPPED: 50, ERROR: 0
    FAILED: 0
--------------------------------------------------------------------------------------------------
cjpm bench success
