Starting the benchmark `T9ThroughputBench.t9_3_9_largeFloat64ArraySerialize()`.
    Warming up for 200.0 ms.
    Starting measurements of 27 batches. Measuring Duration.
    Max batch size: 51, estimated execution time: 1.014 s.

--------------------------------------------------------------------------------------------------
TP: cjjson.test, time elapsed: 1287671283 ns, RESULT:
    TCS: T9ThroughputBench, time elapsed: 1283253019 ns, RESULT:
    | Case                              |   Median |       Err |   Err% |     Mean |
    |:----------------------------------|---------:|----------:|-------:|---------:|
    | t9_3_9_largeFloat64ArraySerialize | 1.612 ms | ±0.277 ms | ±17.2% | 1.731 ms |
Summary: TOTAL: 51
    PASSED: 1, SKIPPED: 50, ERROR: 0
    FAILED: 0
--------------------------------------------------------------------------------------------------
Project tests finished, time elapsed: 1288805807 ns, RESULT:
TP: cjjson.*, time elapsed: 1288714295 ns, RESULT:
    PASSED:
    TP: cjjson.test, time elapsed: 1287671283 ns
Summary: TOTAL: 51
    PASSED: 1, SKIPPED: 50, ERROR: 0
    FAILED: 0
--------------------------------------------------------------------------------------------------
cjpm bench success
