Starting the benchmark `T9ThroughputBench.t9_1_3_primitiveRoundTrip()`.
    Warming up for 200.0 ms.
    Starting measurements of 200 batches. Measuring Duration.
    Max batch size: 894, estimated execution time: 0.999 s.

--------------------------------------------------------------------------------------------------
TP: cjjson.test, time elapsed: 1650136430 ns, RESULT:
    TCS: T9ThroughputBench, time elapsed: 1645602425 ns, RESULT:
    | Case                      |   Median |       Err |   Err% |     Mean |
    |:--------------------------|---------:|----------:|-------:|---------:|
    | t9_1_3_primitiveRoundTrip | 14.73 us | ±2.730 us | ±18.5% | 20.43 us |
Summary: TOTAL: 51
    PASSED: 1, SKIPPED: 50, ERROR: 0
    FAILED: 0
--------------------------------------------------------------------------------------------------
Project tests finished, time elapsed: 1651302528 ns, RESULT:
TP: cjjson.*, time elapsed: 1651209178 ns, RESULT:
    PASSED:
    TP: cjjson.test, time elapsed: 1650136430 ns
Summary: TOTAL: 51
    PASSED: 1, SKIPPED: 50, ERROR: 0
    FAILED: 0
--------------------------------------------------------------------------------------------------
cjpm bench success
