Starting the benchmark `T9ThroughputBench.t9_3_8_nestedCollectionDeserialize()`.
    Warming up for 200.0 ms.
    Starting measurements of 132 batches. Measuring Duration.
    Max batch size: 261, estimated execution time: 1.001 s.

--------------------------------------------------------------------------------------------------
TP: cjjson.test, time elapsed: 1743054057 ns, RESULT:
    TCS: T9ThroughputBench, time elapsed: 1738624409 ns, RESULT:
    | Case                               |   Median |       Err |   Err% |     Mean |
    |:-----------------------------------|---------:|----------:|-------:|---------:|
    | t9_3_8_nestedCollectionDeserialize | 92.07 us | ±24.50 us | ±26.6% | 105.1 us |
Summary: TOTAL: 51
    PASSED: 1, SKIPPED: 50, ERROR: 0
    FAILED: 0
--------------------------------------------------------------------------------------------------
Project tests finished, time elapsed: 1744228317 ns, RESULT:
TP: cjjson.*, time elapsed: 1744135080 ns, RESULT:
    PASSED:
    TP: cjjson.test, time elapsed: 1743054057 ns
Summary: TOTAL: 51
    PASSED: 1, SKIPPED: 50, ERROR: 0
    FAILED: 0
--------------------------------------------------------------------------------------------------
cjpm bench success
