Starting the benchmark `T9ThroughputBench.t9_4_6_ultraWideDeserialize()`.
    Warming up for 200.0 ms.
    Starting measurements of 185 batches. Measuring Duration.
    Max batch size: 368, estimated execution time: 0.999 s.

--------------------------------------------------------------------------------------------------
TP: cjjson.test, time elapsed: 1854512622 ns, RESULT:
    TCS: T9ThroughputBench, time elapsed: 1850061555 ns, RESULT:
    | Case                        |   Median |       Err |   Err% |     Mean |
    |:----------------------------|---------:|----------:|-------:|---------:|
    | t9_4_6_ultraWideDeserialize | 40.81 us | ±13.26 us | ±32.5% | 63.66 us |
Summary: TOTAL: 51
    PASSED: 1, SKIPPED: 50, ERROR: 0
    FAILED: 0
--------------------------------------------------------------------------------------------------
Project tests finished, time elapsed: 1855710811 ns, RESULT:
TP: cjjson.*, time elapsed: 1855618973 ns, RESULT:
    PASSED:
    TP: cjjson.test, time elapsed: 1854512622 ns
Summary: TOTAL: 51
    PASSED: 1, SKIPPED: 50, ERROR: 0
    FAILED: 0
--------------------------------------------------------------------------------------------------
cjpm bench success
