Starting the benchmark `T9ThroughputBench.t9_5_7_int64ExtremesDeserialize()`.
    Warming up for 200.0 ms.
    Starting measurements of 200 batches. Measuring Duration.
    Max batch size: 2340, estimated execution time: 1.000 s.

--------------------------------------------------------------------------------------------------
TP: cjjson.test, time elapsed: 1904702846 ns, RESULT:
    TCS: T9ThroughputBench, time elapsed: 1899853026 ns, RESULT:
    | Case                            |   Median |       Err |   Err% |     Mean |
    |:--------------------------------|---------:|----------:|-------:|---------:|
    | t9_5_7_int64ExtremesDeserialize | 4.873 us | ±1.267 us | ±26.0% | 9.714 us |
Summary: TOTAL: 51
    PASSED: 1, SKIPPED: 50, ERROR: 0
    FAILED: 0
--------------------------------------------------------------------------------------------------
Project tests finished, time elapsed: 1905826488 ns, RESULT:
TP: cjjson.*, time elapsed: 1905733348 ns, RESULT:
    PASSED:
    TP: cjjson.test, time elapsed: 1904702846 ns
Summary: TOTAL: 51
    PASSED: 1, SKIPPED: 50, ERROR: 0
    FAILED: 0
--------------------------------------------------------------------------------------------------
cjpm bench success
