Starting the benchmark `T9ThroughputBench.t9_1_3_primitiveRoundTrip()`.
    Warming up for 200.0 ms.
    Starting measurements of 200 batches. Measuring Duration.
    Max batch size: 890, estimated execution time: 1.000 s.

--------------------------------------------------------------------------------------------------
TP: cjjson.test, time elapsed: 1624663940 ns, RESULT:
    TCS: T9ThroughputBench, time elapsed: 1620205388 ns, RESULT:
    | Case                      |   Median |       Err |   Err% |     Mean |
    |:--------------------------|---------:|----------:|-------:|---------:|
    | t9_1_3_primitiveRoundTrip | 10.67 us | ±3.912 us | ±36.7% | 20.51 us |
Summary: TOTAL: 51
    PASSED: 1, SKIPPED: 50, ERROR: 0
    FAILED: 0
--------------------------------------------------------------------------------------------------
Project tests finished, time elapsed: 1625845321 ns, RESULT:
TP: cjjson.*, time elapsed: 1625751766 ns, RESULT:
    PASSED:
    TP: cjjson.test, time elapsed: 1624663940 ns
Summary: TOTAL: 51
    PASSED: 1, SKIPPED: 50, ERROR: 0
    FAILED: 0
--------------------------------------------------------------------------------------------------
cjpm bench success
