Starting the benchmark `T9ThroughputBench.t9_2_4_unicodeStringSerialize()`.
    Warming up for 200.0 ms.
    Starting measurements of 200 batches. Measuring Duration.
    Max batch size: 1865, estimated execution time: 1.000 s.

--------------------------------------------------------------------------------------------------
TP: cjjson.test, time elapsed: 1478415008 ns, RESULT:
    TCS: T9ThroughputBench, time elapsed: 1474010927 ns, RESULT:
    | Case                          |   Median |       Err |   Err% |     Mean |
    |:------------------------------|---------:|----------:|-------:|---------:|
    | t9_2_4_unicodeStringSerialize | 4.573 us | ±1.713 us | ±37.5% | 8.491 us |
Summary: TOTAL: 51
    PASSED: 1, SKIPPED: 50, ERROR: 0
    FAILED: 0
--------------------------------------------------------------------------------------------------
Project tests finished, time elapsed: 1484032978 ns, RESULT:
TP: cjjson.*, time elapsed: 1483941026 ns, RESULT:
    PASSED:
    TP: cjjson.test, time elapsed: 1478415008 ns
Summary: TOTAL: 51
    PASSED: 1, SKIPPED: 50, ERROR: 0
    FAILED: 0
--------------------------------------------------------------------------------------------------
cjpm bench success
