Starting the benchmark `T9ThroughputBench.t9_5_8_unknownFieldDeserialize()`.
    Warming up for 200.0 ms.
    Starting measurements of 200 batches. Measuring Duration.
    Max batch size: 451, estimated execution time: 1.001 s.

--------------------------------------------------------------------------------------------------
TP: cjjson.test, time elapsed: 1611319341 ns, RESULT:
    TCS: T9ThroughputBench, time elapsed: 1606883919 ns, RESULT:
    | Case                           |   Median |       Err |   Err% |     Mean |
    |:-------------------------------|---------:|----------:|-------:|---------:|
    | t9_5_8_unknownFieldDeserialize | 16.59 us | ±8.728 us | ±52.6% | 41.60 us |
Summary: TOTAL: 51
    PASSED: 1, SKIPPED: 50, ERROR: 0
    FAILED: 0
--------------------------------------------------------------------------------------------------
Project tests finished, time elapsed: 1617213677 ns, RESULT:
TP: cjjson.*, time elapsed: 1617118494 ns, RESULT:
    PASSED:
    TP: cjjson.test, time elapsed: 1611319341 ns
Summary: TOTAL: 51
    PASSED: 1, SKIPPED: 50, ERROR: 0
    FAILED: 0
--------------------------------------------------------------------------------------------------
cjpm bench success
