Starting the benchmark `T9ThroughputBench.t9_5_6_int64ExtremesSerialize()`.
    Warming up for 200.0 ms.
    Starting measurements of 200 batches. Measuring Duration.
    Max batch size: 2292, estimated execution time: 1.000 s.

--------------------------------------------------------------------------------------------------
TP: cjjson.test, time elapsed: 1408447235 ns, RESULT:
    TCS: T9ThroughputBench, time elapsed: 1399360265 ns, RESULT:
    | Case                          |   Median |       Err |   Err% |     Mean |
    |:------------------------------|---------:|----------:|-------:|---------:|
    | t9_5_6_int64ExtremesSerialize | 3.537 us | ±1.152 us | ±32.6% | 6.937 us |
Summary: TOTAL: 51
    PASSED: 1, SKIPPED: 50, ERROR: 0
    FAILED: 0
--------------------------------------------------------------------------------------------------
Project tests finished, time elapsed: 1409654052 ns, RESULT:
TP: cjjson.*, time elapsed: 1409559422 ns, RESULT:
    PASSED:
    TP: cjjson.test, time elapsed: 1408447235 ns
Summary: TOTAL: 51
    PASSED: 1, SKIPPED: 50, ERROR: 0
    FAILED: 0
--------------------------------------------------------------------------------------------------
cjpm bench success
