Starting the benchmark `T9ThroughputBench.t9_5_1_optionSerialize()`.
    Warming up for 200.0 ms.
    Starting measurements of 200 batches. Measuring Duration.
    Max batch size: 1340, estimated execution time: 0.999 s.

--------------------------------------------------------------------------------------------------
TP: cjjson.test, time elapsed: 1387667265 ns, RESULT:
    TCS: T9ThroughputBench, time elapsed: 1383225365 ns, RESULT:
    | Case                   |   Median |       Err |   Err% |     Mean |
    |:-----------------------|---------:|----------:|-------:|---------:|
    | t9_5_1_optionSerialize | 5.554 us | ±1.968 us | ±35.4% | 11.40 us |
Summary: TOTAL: 51
    PASSED: 1, SKIPPED: 50, ERROR: 0
    FAILED: 0
--------------------------------------------------------------------------------------------------
Project tests finished, time elapsed: 1388808533 ns, RESULT:
TP: cjjson.*, time elapsed: 1388715381 ns, RESULT:
    PASSED:
    TP: cjjson.test, time elapsed: 1387667265 ns
Summary: TOTAL: 51
    PASSED: 1, SKIPPED: 50, ERROR: 0
    FAILED: 0
--------------------------------------------------------------------------------------------------
cjpm bench success
