Starting the benchmark `T9ThroughputBench.t9_3_3_largeArrayDeserialize()`.
    Warming up for 200.0 ms.
    Starting measurements of 58 batches. Measuring Duration.
    Max batch size: 112, estimated execution time: 0.998 s.

--------------------------------------------------------------------------------------------------
TP: cjjson.test, time elapsed: 1950624650 ns, RESULT:
    TCS: T9ThroughputBench, time elapsed: 1946209778 ns, RESULT:
    | Case                         |   Median |       Err |   Err% |     Mean |
    |:-----------------------------|---------:|----------:|-------:|---------:|
    | t9_3_3_largeArrayDeserialize | 0.617 ms | ±0.181 ms | ±29.3% | 0.594 ms |
Summary: TOTAL: 51
    PASSED: 1, SKIPPED: 50, ERROR: 0
    FAILED: 0
--------------------------------------------------------------------------------------------------
Project tests finished, time elapsed: 1951797143 ns, RESULT:
TP: cjjson.*, time elapsed: 1951704852 ns, RESULT:
    PASSED:
    TP: cjjson.test, time elapsed: 1950624650 ns
Summary: TOTAL: 51
    PASSED: 1, SKIPPED: 50, ERROR: 0
    FAILED: 0
--------------------------------------------------------------------------------------------------
cjpm bench success
