Starting the benchmark `T9ThroughputBench.t9_5_5_emptyContainersDeserialize()`.
    Warming up for 200.0 ms.
    Starting measurements of 200 batches. Measuring Duration.
    Max batch size: 1873, estimated execution time: 1.000 s.

--------------------------------------------------------------------------------------------------
TP: cjjson.test, time elapsed: 2920777420 ns, RESULT:
    TCS: T9ThroughputBench, time elapsed: 2916378081 ns, RESULT:
    | Case                              |   Median |       Err |   Err% |     Mean |
    |:----------------------------------|---------:|----------:|-------:|---------:|
    | t9_5_5_emptyContainersDeserialize | 13.69 us | ±3.577 us | ±26.1% | 18.04 us |
Summary: TOTAL: 51
    PASSED: 1, SKIPPED: 50, ERROR: 0
    FAILED: 0
--------------------------------------------------------------------------------------------------
Project tests finished, time elapsed: 2921942962 ns, RESULT:
TP: cjjson.*, time elapsed: 2921852591 ns, RESULT:
    PASSED:
    TP: cjjson.test, time elapsed: 2920777420 ns
Summary: TOTAL: 51
    PASSED: 1, SKIPPED: 50, ERROR: 0
    FAILED: 0
--------------------------------------------------------------------------------------------------
cjpm bench success
