Starting the benchmark `T9ThroughputBench.t9_3_2_largeArraySerialize()`.
    Warming up for 200.0 ms.
    Starting measurements of 50 batches. Measuring Duration.
    Max batch size: 97, estimated execution time: 1.002 s.

--------------------------------------------------------------------------------------------------
TP: cjjson.test, time elapsed: 1433011649 ns, RESULT:
    TCS: T9ThroughputBench, time elapsed: 1428598738 ns, RESULT:
    | Case                       |   Median |       Err |   Err% |     Mean |
    |:---------------------------|---------:|----------:|-------:|---------:|
    | t9_3_2_largeArraySerialize | 415.7 us | ±147.3 us | ±35.4% | 634.6 us |
Summary: TOTAL: 51
    PASSED: 1, SKIPPED: 50, ERROR: 0
    FAILED: 0
--------------------------------------------------------------------------------------------------
Project tests finished, time elapsed: 1434200828 ns, RESULT:
TP: cjjson.*, time elapsed: 1434103810 ns, RESULT:
    PASSED:
    TP: cjjson.test, time elapsed: 1433011649 ns
Summary: TOTAL: 51
    PASSED: 1, SKIPPED: 50, ERROR: 0
    FAILED: 0
--------------------------------------------------------------------------------------------------
cjpm bench success
