Starting the benchmark `T9ThroughputBench.t9_5_8_unknownFieldDeserialize()`.
    Warming up for 200.0 ms.
    Starting measurements of 200 batches. Measuring Duration.
    Max batch size: 1106, estimated execution time: 1.002 s.
Finished in 1.039 s. Analysing results:
Warning: GC was invoked twice during some of the batches. This can significantly affect final results.
         It is recommended to either increase heap size limit using cjHeapSize enviroment variable,
         increase default GC interval using cjGCInterval environment variable
         or reduce benchmark duration with minDuration parameter of @Configure macro.

  percentiles:    [   10%        50%        90%        95%        99%        ]  
  time:           [   6.795 us   6.847 us   6.892 us   6.900 us   6.914 us   ]  
  mean:           6.823 us .. 6.883 us  Err ±0.4%
  median:         6.776 us .. 6.914 us
  R²:             0.999 .. 1.000
  stddev:         12.79 ns

--------------------------------------------------------------------------------------------------
TP: cjjson.test, time elapsed: 4249383169 ns, RESULT:
    TCS: T9ThroughputBench, time elapsed: 4244074204 ns, RESULT:
    | Case                           |   Median |        Err |   Err% |     Mean |
    |:-------------------------------|---------:|-----------:|-------:|---------:|
    | t9_5_8_unknownFieldDeserialize | 6.846 us | ±0.0285 us |  ±0.4% | 6.845 us |
Summary: TOTAL: 51
    PASSED: 1, SKIPPED: 50, ERROR: 0
    FAILED: 0
--------------------------------------------------------------------------------------------------
Project tests finished, time elapsed: 4250952261 ns, RESULT:
TP: cjjson.*, time elapsed: 4250819796 ns, RESULT:
    PASSED:
    TP: cjjson.test, time elapsed: 4249383169 ns
Summary: TOTAL: 51
    PASSED: 1, SKIPPED: 50, ERROR: 0
    FAILED: 0
--------------------------------------------------------------------------------------------------
cjpm bench success
