Starting the benchmark `T9ThroughputBench.t9_3_8_nestedCollectionDeserialize()`.
    Warming up for 200.0 ms.
    Starting measurements of 200 batches. Measuring Duration.
    Max batch size: 426, estimated execution time: 1.004 s.
Finished in 1.054 s. Analysing results:
  percentiles:    [   10%        50%        90%        95%        99%        ]  
  time:           [   20.27 us   20.51 us   20.79 us   20.81 us   20.86 us   ]  
  mean:           20.45 us .. 20.56 us  Err ±0.3%
  median:         20.21 us .. 20.86 us
  R²:             1.000 .. 1.000
  stddev:         22.23 ns

--------------------------------------------------------------------------------------------------
TP: cjjson.test, time elapsed: 2906968721 ns, RESULT:
    TCS: T9ThroughputBench, time elapsed: 2901650460 ns, RESULT:
    | Case                               |   Median |        Err |   Err% |     Mean |
    |:-----------------------------------|---------:|-----------:|-------:|---------:|
    | t9_3_8_nestedCollectionDeserialize | 20.52 us | ±0.0498 us |  ±0.2% | 20.51 us |
Summary: TOTAL: 51
    PASSED: 1, SKIPPED: 50, ERROR: 0
    FAILED: 0
--------------------------------------------------------------------------------------------------
Project tests finished, time elapsed: 2908583704 ns, RESULT:
TP: cjjson.*, time elapsed: 2908461763 ns, RESULT:
    PASSED:
    TP: cjjson.test, time elapsed: 2906968721 ns
Summary: TOTAL: 51
    PASSED: 1, SKIPPED: 50, ERROR: 0
    FAILED: 0
--------------------------------------------------------------------------------------------------
cjpm bench success
