Starting the benchmark `T9ThroughputBench.t9_4_5_ultraWideSerialize()`.
    Warming up for 200.0 ms.
    Starting measurements of 200 batches. Measuring Duration.
    Max batch size: 585, estimated execution time: 1.001 s.
Finished in 1.089 s. Analysing results:
  percentiles:    [   10%        50%        90%        95%        99%        ]  
  time:           [   15.67 us   15.74 us   15.81 us   15.84 us   15.91 us   ]  
  mean:           15.71 us .. 15.84 us  Err ±0.4%
  median:         15.65 us .. 15.91 us
  R²:             0.996 .. 1.000
  stddev:         30.33 ns

--------------------------------------------------------------------------------------------------
TP: cjjson.test, time elapsed: 2992909509 ns, RESULT:
    TCS: T9ThroughputBench, time elapsed: 2987646422 ns, RESULT:
    | Case                      |   Median |        Err |   Err% |     Mean |
    |:--------------------------|---------:|-----------:|-------:|---------:|
    | t9_4_5_ultraWideSerialize | 15.74 us | ±0.0657 us |  ±0.4% | 15.75 us |
Summary: TOTAL: 51
    PASSED: 1, SKIPPED: 50, ERROR: 0
    FAILED: 0
--------------------------------------------------------------------------------------------------
Project tests finished, time elapsed: 2994518338 ns, RESULT:
TP: cjjson.*, time elapsed: 2994391481 ns, RESULT:
    PASSED:
    TP: cjjson.test, time elapsed: 2992909509 ns
Summary: TOTAL: 51
    PASSED: 1, SKIPPED: 50, ERROR: 0
    FAILED: 0
--------------------------------------------------------------------------------------------------
cjpm bench success
