Starting the benchmark `T9ThroughputBench.t9_2_3_escapeStringSerialize()`.
    Warming up for 200.0 ms.
    Starting measurements of 200 batches. Measuring Duration.
    Max batch size: 5715, estimated execution time: 1.000 s.
Finished in 1.103 s. Analysing results:
  percentiles:    [   10%        50%        90%        95%        99%        ]  
  time:           [   1.660 us   1.674 us   1.688 us   1.692 us   1.701 us   ]  
  mean:           1.669 us .. 1.676 us  Err ±0.2%
  median:         1.655 us .. 1.701 us
  R²:             1.000 .. 1.000
  stddev:         1.470 ns

--------------------------------------------------------------------------------------------------
TP: cjjson.test, time elapsed: 2980370684 ns, RESULT:
    TCS: T9ThroughputBench, time elapsed: 2975084741 ns, RESULT:
    | Case                         |   Median |         Err |   Err% |     Mean |
    |:-----------------------------|---------:|------------:|-------:|---------:|
    | t9_2_3_escapeStringSerialize | 1.674 us | ±0.00334 us |  ±0.2% | 1.674 us |
Summary: TOTAL: 51
    PASSED: 1, SKIPPED: 50, ERROR: 0
    FAILED: 0
--------------------------------------------------------------------------------------------------
Project tests finished, time elapsed: 2981956443 ns, RESULT:
TP: cjjson.*, time elapsed: 2981830821 ns, RESULT:
    PASSED:
    TP: cjjson.test, time elapsed: 2980370684 ns
Summary: TOTAL: 51
    PASSED: 1, SKIPPED: 50, ERROR: 0
    FAILED: 0
--------------------------------------------------------------------------------------------------
cjpm bench success
