Starting the benchmark `T9ThroughputBench.t9_3_6_largeMapDeserialize()`.
    Warming up for 200.0 ms.
    Starting measurements of 93 batches. Measuring Duration.
    Max batch size: 182, estimated execution time: 1.010 s.
Finished in 1.001 s. Analysing results:
  percentiles:    [   10%        50%        90%        95%        99%        ]  
  time:           [   105.1 us   105.5 us   105.9 us   106.0 us   107.6 us   ]  
  mean:           105.1 us .. 105.7 us  Err ±0.3%
  median:         104.9 us .. 107.6 us
  R²:             1.000 .. 1.000
  stddev:         139.6 ns

--------------------------------------------------------------------------------------------------
TP: cjjson.test, time elapsed: 2284239093 ns, RESULT:
    TCS: T9ThroughputBench, time elapsed: 2278985511 ns, RESULT:
    | Case                       |   Median |       Err |   Err% |     Mean |
    |:---------------------------|---------:|----------:|-------:|---------:|
    | t9_3_6_largeMapDeserialize | 105.5 us | ±0.315 us |  ±0.3% | 105.6 us |
Summary: TOTAL: 51
    PASSED: 1, SKIPPED: 50, ERROR: 0
    FAILED: 0
--------------------------------------------------------------------------------------------------
Project tests finished, time elapsed: 2285784995 ns, RESULT:
TP: cjjson.*, time elapsed: 2285652211 ns, RESULT:
    PASSED:
    TP: cjjson.test, time elapsed: 2284239093 ns
Summary: TOTAL: 51
    PASSED: 1, SKIPPED: 50, ERROR: 0
    FAILED: 0
--------------------------------------------------------------------------------------------------
cjpm bench success
