Starting the benchmark `T9ThroughputBench.t9_4_4_wideDeserialize()`.
    Warming up for 200.0 ms.
    Starting measurements of 200 batches. Measuring Duration.
    Max batch size: 1676, estimated execution time: 1.001 s.
Finished in 1.070 s. Analysing results:
Warning: GC was invoked twice during some of the batches. This can significantly affect final results.
         It is recommended to either increase heap size limit using cjHeapSize enviroment variable,
         increase default GC interval using cjGCInterval environment variable
         or reduce benchmark duration with minDuration parameter of @Configure macro.

  percentiles:    [   10%        50%        90%        95%        99%        ]  
  time:           [   4.382 us   4.404 us   4.430 us   4.435 us   4.448 us   ]  
  mean:           4.400 us .. 4.412 us  Err ±0.1%
  median:         4.338 us .. 4.448 us
  R²:             1.000 .. 1.000
  stddev:         2.491 ns

--------------------------------------------------------------------------------------------------
TP: cjjson.test, time elapsed: 4005739519 ns, RESULT:
    TCS: T9ThroughputBench, time elapsed: 4000469835 ns, RESULT:
    | Case                   |   Median |         Err |   Err% |     Mean |
    |:-----------------------|---------:|------------:|-------:|---------:|
    | t9_4_4_wideDeserialize | 4.403 us | ±0.00564 us |  ±0.1% | 4.405 us |
Summary: TOTAL: 51
    PASSED: 1, SKIPPED: 50, ERROR: 0
    FAILED: 0
--------------------------------------------------------------------------------------------------
Project tests finished, time elapsed: 4007315688 ns, RESULT:
TP: cjjson.*, time elapsed: 4007188436 ns, RESULT:
    PASSED:
    TP: cjjson.test, time elapsed: 4005739519 ns
Summary: TOTAL: 51
    PASSED: 1, SKIPPED: 50, ERROR: 0
    FAILED: 0
--------------------------------------------------------------------------------------------------
cjpm bench success
