Starting the benchmark `T9ThroughputBench.t9_5_6_int64ExtremesSerialize()`.
    Warming up for 200.0 ms.
    Starting measurements of 200 batches. Measuring Duration.
    Max batch size: 5325, estimated execution time: 1.000 s.
Finished in 1.114 s. Analysing results:
  percentiles:    [   10%        50%        90%        95%        99%        ]  
  time:           [   1.814 us   1.831 us   1.849 us   1.855 us   1.873 us   ]  
  mean:           1.829 us .. 1.833 us  Err ±0.1%
  median:         1.713 us .. 1.873 us
  R²:             1.000 .. 1.000
  stddev:         0.903 ns

--------------------------------------------------------------------------------------------------
TP: cjjson.test, time elapsed: 3277384326 ns, RESULT:
    TCS: T9ThroughputBench, time elapsed: 3272105051 ns, RESULT:
    | Case                          |   Median |         Err |   Err% |     Mean |
    |:------------------------------|---------:|------------:|-------:|---------:|
    | t9_5_6_int64ExtremesSerialize | 1.831 us | ±0.00210 us |  ±0.1% | 1.828 us |
Summary: TOTAL: 51
    PASSED: 1, SKIPPED: 50, ERROR: 0
    FAILED: 0
--------------------------------------------------------------------------------------------------
Project tests finished, time elapsed: 3278980638 ns, RESULT:
TP: cjjson.*, time elapsed: 3278845692 ns, RESULT:
    PASSED:
    TP: cjjson.test, time elapsed: 3277384326 ns
Summary: TOTAL: 51
    PASSED: 1, SKIPPED: 50, ERROR: 0
    FAILED: 0
--------------------------------------------------------------------------------------------------
cjpm bench success
