Starting the benchmark `T9ThroughputBench.t9_3_4_smallMapSerialize()`.
    Warming up for 200.0 ms.
    Starting measurements of 200 batches. Measuring Duration.
    Max batch size: 1145, estimated execution time: 1.000 s.
Finished in 1.096 s. Analysing results:
  percentiles:    [   10%        50%        90%        95%        99%        ]  
  time:           [   8.063 us   8.165 us   8.247 us   8.276 us   8.359 us   ]  
  mean:           8.140 us .. 8.181 us  Err ±0.3%
  median:         8.045 us .. 8.359 us
  R²:             0.999 .. 1.000
  stddev:         8.609 ns

--------------------------------------------------------------------------------------------------
TP: cjjson.test, time elapsed: 2929434978 ns, RESULT:
    TCS: T9ThroughputBench, time elapsed: 2924151663 ns, RESULT:
    | Case                     |   Median |        Err |   Err% |     Mean |
    |:-------------------------|---------:|-----------:|-------:|---------:|
    | t9_3_4_smallMapSerialize | 8.160 us | ±0.0200 us |  ±0.2% | 8.158 us |
Summary: TOTAL: 51
    PASSED: 1, SKIPPED: 50, ERROR: 0
    FAILED: 0
--------------------------------------------------------------------------------------------------
Project tests finished, time elapsed: 2931037767 ns, RESULT:
TP: cjjson.*, time elapsed: 2930909659 ns, RESULT:
    PASSED:
    TP: cjjson.test, time elapsed: 2929434978 ns
Summary: TOTAL: 51
    PASSED: 1, SKIPPED: 50, ERROR: 0
    FAILED: 0
--------------------------------------------------------------------------------------------------
cjpm bench success
