Starting the benchmark `T9ThroughputBench.t9_4_6_ultraWideDeserialize()`.
    Warming up for 200.0 ms.
    Starting measurements of 200 batches. Measuring Duration.
    Max batch size: 998, estimated execution time: 1.001 s.
Finished in 1.030 s. Analysing results:
Warning: GC was invoked twice during some of the batches. This can significantly affect final results.
         It is recommended to either increase heap size limit using cjHeapSize enviroment variable,
         increase default GC interval using cjGCInterval environment variable
         or reduce benchmark duration with minDuration parameter of @Configure macro.

  percentiles:    [   10%        50%        90%        95%        99%        ]  
  time:           [   7.769 us   7.792 us   7.819 us   7.829 us   7.876 us   ]  
  mean:           7.779 us .. 7.826 us  Err ±0.3%
  median:         7.754 us .. 7.876 us
  R²:             0.999 .. 1.000
  stddev:         10.58 ns

--------------------------------------------------------------------------------------------------
TP: cjjson.test, time elapsed: 4442477352 ns, RESULT:
    TCS: T9ThroughputBench, time elapsed: 4437203915 ns, RESULT:
    | Case                        |   Median |        Err |   Err% |     Mean |
    |:----------------------------|---------:|-----------:|-------:|---------:|
    | t9_4_6_ultraWideDeserialize | 7.796 us | ±0.0230 us |  ±0.3% | 7.801 us |
Summary: TOTAL: 51
    PASSED: 1, SKIPPED: 50, ERROR: 0
    FAILED: 0
--------------------------------------------------------------------------------------------------
Project tests finished, time elapsed: 4444097035 ns, RESULT:
TP: cjjson.*, time elapsed: 4443974230 ns, RESULT:
    PASSED:
    TP: cjjson.test, time elapsed: 4442477352 ns
Summary: TOTAL: 51
    PASSED: 1, SKIPPED: 50, ERROR: 0
    FAILED: 0
--------------------------------------------------------------------------------------------------
cjpm bench success
