Starting the benchmark `T9ThroughputBench.t9_3_3_largeArrayDeserialize()`.
    Warming up for 200.0 ms.
    Starting measurements of 105 batches. Measuring Duration.
    Max batch size: 207, estimated execution time: 1.003 s.
Finished in 1.025 s. Analysing results:
  percentiles:    [   10%        50%        90%        95%        99%        ]  
  time:           [   83.12 us   83.24 us   83.44 us   83.59 us   83.94 us   ]  
  mean:           83.04 us .. 83.38 us  Err ±0.2%
  median:         83.00 us .. 83.94 us
  R²:             1.000 .. 1.000
  stddev:         74.37 ns

--------------------------------------------------------------------------------------------------
TP: cjjson.test, time elapsed: 2400123267 ns, RESULT:
    TCS: T9ThroughputBench, time elapsed: 2394800934 ns, RESULT:
    | Case                         |   Median |       Err |   Err% |     Mean |
    |:-----------------------------|---------:|----------:|-------:|---------:|
    | t9_3_3_largeArrayDeserialize | 83.24 us | ±0.165 us |  ±0.2% | 83.28 us |
Summary: TOTAL: 51
    PASSED: 1, SKIPPED: 50, ERROR: 0
    FAILED: 0
--------------------------------------------------------------------------------------------------
Project tests finished, time elapsed: 2401690578 ns, RESULT:
TP: cjjson.*, time elapsed: 2401567958 ns, RESULT:
    PASSED:
    TP: cjjson.test, time elapsed: 2400123267 ns
Summary: TOTAL: 51
    PASSED: 1, SKIPPED: 50, ERROR: 0
    FAILED: 0
--------------------------------------------------------------------------------------------------
cjpm bench success
