Starting the benchmark `T9ThroughputBench.t9_3_5_largeMapSerialize()`.
    Warming up for 200.0 ms.
    Starting measurements of 132 batches. Measuring Duration.
    Max batch size: 263, estimated execution time: 1.000 s.
Finished in 1.027 s. Analysing results:
  percentiles:    [   10%        50%        90%        95%        99%        ]  
  time:           [   50.88 us   51.30 us   51.71 us   51.83 us   52.13 us   ]  
  mean:           51.15 us .. 51.42 us  Err ±0.3%
  median:         50.71 us .. 52.13 us
  R²:             1.000 .. 1.000
  stddev:         57.09 ns

--------------------------------------------------------------------------------------------------
TP: cjjson.test, time elapsed: 2531989217 ns, RESULT:
    TCS: T9ThroughputBench, time elapsed: 2526699545 ns, RESULT:
    | Case                     |   Median |       Err |   Err% |     Mean |
    |:-------------------------|---------:|----------:|-------:|---------:|
    | t9_3_5_largeMapSerialize | 51.29 us | ±0.133 us |  ±0.3% | 51.27 us |
Summary: TOTAL: 51
    PASSED: 1, SKIPPED: 50, ERROR: 0
    FAILED: 0
--------------------------------------------------------------------------------------------------
Project tests finished, time elapsed: 2533535889 ns, RESULT:
TP: cjjson.*, time elapsed: 2533413209 ns, RESULT:
    PASSED:
    TP: cjjson.test, time elapsed: 2531989217 ns
Summary: TOTAL: 51
    PASSED: 1, SKIPPED: 50, ERROR: 0
    FAILED: 0
--------------------------------------------------------------------------------------------------
cjpm bench success
