Starting the benchmark `T9ThroughputBench.t9_5_3_optionRoundTrip()`.
    Warming up for 200.0 ms.
    Starting measurements of 200 batches. Measuring Duration.
    Max batch size: 1846, estimated execution time: 1.001 s.
Finished in 1.025 s. Analysing results:
  percentiles:    [   10%        50%        90%        95%        99%        ]  
  time:           [   4.232 us   4.261 us   4.287 us   4.294 us   4.314 us   ]  
  mean:           4.251 us .. 4.278 us  Err ±0.3%
  median:         4.213 us .. 4.314 us
  R²:             0.999 .. 1.000
  stddev:         5.872 ns

--------------------------------------------------------------------------------------------------
TP: cjjson.test, time elapsed: 2897438409 ns, RESULT:
    TCS: T9ThroughputBench, time elapsed: 2892111558 ns, RESULT:
    | Case                   |   Median |        Err |   Err% |     Mean |
    |:-----------------------|---------:|-----------:|-------:|---------:|
    | t9_5_3_optionRoundTrip | 4.261 us | ±0.0139 us |  ±0.3% | 4.262 us |
Summary: TOTAL: 51
    PASSED: 1, SKIPPED: 50, ERROR: 0
    FAILED: 0
--------------------------------------------------------------------------------------------------
Project tests finished, time elapsed: 2899002538 ns, RESULT:
TP: cjjson.*, time elapsed: 2898877099 ns, RESULT:
    PASSED:
    TP: cjjson.test, time elapsed: 2897438409 ns
Summary: TOTAL: 51
    PASSED: 1, SKIPPED: 50, ERROR: 0
    FAILED: 0
--------------------------------------------------------------------------------------------------
cjpm bench success
