Starting the benchmark `T9ThroughputBench.t9_4_1_deepNestedSerialize()`.
    Warming up for 200.0 ms.
    Starting measurements of 200 batches. Measuring Duration.
    Max batch size: 7643, estimated execution time: 1.000 s.
Finished in 1.055 s. Analysing results:
  percentiles:    [   10%        50%        90%        95%        99%        ]  
  time:           [   1.129 us   1.141 us   1.150 us   1.158 us   1.183 us   ]  
  mean:           1.139 us .. 1.144 us  Err ±0.2%
  median:         1.116 us .. 1.183 us
  R²:             0.999 .. 1.000
  stddev:         1.008 ns

--------------------------------------------------------------------------------------------------
TP: cjjson.test, time elapsed: 3153250033 ns, RESULT:
    TCS: T9ThroughputBench, time elapsed: 3147893709 ns, RESULT:
    | Case                       |   Median |         Err |   Err% |     Mean |
    |:---------------------------|---------:|------------:|-------:|---------:|
    | t9_4_1_deepNestedSerialize | 1.141 us | ±0.00236 us |  ±0.2% | 1.141 us |
Summary: TOTAL: 51
    PASSED: 1, SKIPPED: 50, ERROR: 0
    FAILED: 0
--------------------------------------------------------------------------------------------------
Project tests finished, time elapsed: 3154788693 ns, RESULT:
TP: cjjson.*, time elapsed: 3154667352 ns, RESULT:
    PASSED:
    TP: cjjson.test, time elapsed: 3153250033 ns
Summary: TOTAL: 51
    PASSED: 1, SKIPPED: 50, ERROR: 0
    FAILED: 0
--------------------------------------------------------------------------------------------------
cjpm bench success
