Starting the benchmark `T9ThroughputBench.t9_5_5_emptyContainersDeserialize()`.
    Warming up for 200.0 ms.
    Starting measurements of 200 batches. Measuring Duration.
    Max batch size: 2429, estimated execution time: 1.000 s.
Finished in 1.041 s. Analysing results:
Warning: GC was invoked twice during some of the batches. This can significantly affect final results.
         It is recommended to either increase heap size limit using cjHeapSize enviroment variable,
         increase default GC interval using cjGCInterval environment variable
         or reduce benchmark duration with minDuration parameter of @Configure macro.

  percentiles:    [   10%        50%        90%        95%        99%        ]  
  time:           [   2.433 us   2.452 us   2.471 us   2.481 us   2.489 us   ]  
  mean:           2.445 us .. 2.455 us  Err ±0.2%
  median:         2.426 us .. 2.489 us
  R²:             1.000 .. 1.000
  stddev:         2.121 ns

--------------------------------------------------------------------------------------------------
TP: cjjson.test, time elapsed: 4079391290 ns, RESULT:
    TCS: T9ThroughputBench, time elapsed: 4074075962 ns, RESULT:
    | Case                              |   Median |         Err |   Err% |     Mean |
    |:----------------------------------|---------:|------------:|-------:|---------:|
    | t9_5_5_emptyContainersDeserialize | 2.451 us | ±0.00488 us |  ±0.2% | 2.451 us |
Summary: TOTAL: 51
    PASSED: 1, SKIPPED: 50, ERROR: 0
    FAILED: 0
--------------------------------------------------------------------------------------------------
Project tests finished, time elapsed: 4080949738 ns, RESULT:
TP: cjjson.*, time elapsed: 4080825416 ns, RESULT:
    PASSED:
    TP: cjjson.test, time elapsed: 4079391290 ns
Summary: TOTAL: 51
    PASSED: 1, SKIPPED: 50, ERROR: 0
    FAILED: 0
--------------------------------------------------------------------------------------------------
cjpm bench success
