Starting the benchmark `T9ThroughputBench.t9_1_1_primitiveSerialize()`.
    Warming up for 200.0 ms.
    Starting measurements of 200 batches. Measuring Duration.
    Max batch size: 4381, estimated execution time: 1.000 s.
Finished in 1.112 s. Analysing results:
  percentiles:    [   10%        50%        90%        95%        99%        ]  
  time:           [   2.196 us   2.235 us   2.252 us   2.257 us   2.325 us   ]  
  mean:           2.226 us .. 2.234 us  Err ±0.2%
  median:         2.101 us .. 2.325 us
  R²:             0.999 .. 1.000
  stddev:         1.696 ns

--------------------------------------------------------------------------------------------------
TP: cjjson.test, time elapsed: 3291025410 ns, RESULT:
    TCS: T9ThroughputBench, time elapsed: 3285721418 ns, RESULT:
    | Case                      |   Median |         Err |   Err% |     Mean |
    |:--------------------------|---------:|------------:|-------:|---------:|
    | t9_1_1_primitiveSerialize | 2.236 us | ±0.00401 us |  ±0.2% | 2.228 us |
Summary: TOTAL: 51
    PASSED: 1, SKIPPED: 50, ERROR: 0
    FAILED: 0
--------------------------------------------------------------------------------------------------
Project tests finished, time elapsed: 3292556507 ns, RESULT:
TP: cjjson.*, time elapsed: 3292430657 ns, RESULT:
    PASSED:
    TP: cjjson.test, time elapsed: 3291025410 ns
Summary: TOTAL: 51
    PASSED: 1, SKIPPED: 50, ERROR: 0
    FAILED: 0
--------------------------------------------------------------------------------------------------
cjpm bench success
