Starting the benchmark `T9ThroughputBench.t9_5_2_optionDeserialize()`.
    Warming up for 200.0 ms.
    Starting measurements of 200 batches. Measuring Duration.
    Max batch size: 3838, estimated execution time: 1.000 s.
Finished in 1.042 s. Analysing results:
Warning: GC was invoked twice during some of the batches. This can significantly affect final results.
         It is recommended to either increase heap size limit using cjHeapSize enviroment variable,
         increase default GC interval using cjGCInterval environment variable
         or reduce benchmark duration with minDuration parameter of @Configure macro.

  percentiles:    [   10%        50%        90%        95%        99%        ]  
  time:           [   1.540 us   1.549 us   1.559 us   1.561 us   1.565 us   ]  
  mean:           1.547 us .. 1.552 us  Err ±0.2%
  median:         1.534 us .. 1.565 us
  R²:             1.000 .. 1.000
  stddev:         1.163 ns

--------------------------------------------------------------------------------------------------
TP: cjjson.test, time elapsed: 4098488274 ns, RESULT:
    TCS: T9ThroughputBench, time elapsed: 4093207588 ns, RESULT:
    | Case                     |   Median |         Err |   Err% |     Mean |
    |:-------------------------|---------:|------------:|-------:|---------:|
    | t9_5_2_optionDeserialize | 1.549 us | ±0.00270 us |  ±0.2% | 1.549 us |
Summary: TOTAL: 51
    PASSED: 1, SKIPPED: 50, ERROR: 0
    FAILED: 0
--------------------------------------------------------------------------------------------------
Project tests finished, time elapsed: 4100114968 ns, RESULT:
TP: cjjson.*, time elapsed: 4099986826 ns, RESULT:
    PASSED:
    TP: cjjson.test, time elapsed: 4098488274 ns
Summary: TOTAL: 51
    PASSED: 1, SKIPPED: 50, ERROR: 0
    FAILED: 0
--------------------------------------------------------------------------------------------------
cjpm bench success
