Starting the benchmark `T9ThroughputBench.t9_1_2_primitiveDeserialize()`.
    Warming up for 200.0 ms.
    Starting measurements of 200 batches. Measuring Duration.
    Max batch size: 4211, estimated execution time: 1.000 s.
Finished in 1.019 s. Analysing results:
Warning: GC was invoked twice during some of the batches. This can significantly affect final results.
         It is recommended to either increase heap size limit using cjHeapSize enviroment variable,
         increase default GC interval using cjGCInterval environment variable
         or reduce benchmark duration with minDuration parameter of @Configure macro.

  percentiles:    [   10%        50%        90%        95%        99%        ]  
  time:           [   1.322 us   1.343 us   1.349 us   1.351 us   1.363 us   ]  
  mean:           1.333 us .. 1.347 us  Err ±0.5%
  median:         1.318 us .. 1.363 us
  R²:             0.999 .. 1.000
  stddev:         3.091 ns

--------------------------------------------------------------------------------------------------
TP: cjjson.test, time elapsed: 4055810138 ns, RESULT:
    TCS: T9ThroughputBench, time elapsed: 4050511779 ns, RESULT:
    | Case                        |   Median |         Err |   Err% |     Mean |
    |:----------------------------|---------:|------------:|-------:|---------:|
    | t9_1_2_primitiveDeserialize | 1.343 us | ±0.00737 us |  ±0.5% | 1.339 us |
Summary: TOTAL: 51
    PASSED: 1, SKIPPED: 50, ERROR: 0
    FAILED: 0
--------------------------------------------------------------------------------------------------
Project tests finished, time elapsed: 4057400891 ns, RESULT:
TP: cjjson.*, time elapsed: 4057271034 ns, RESULT:
    PASSED:
    TP: cjjson.test, time elapsed: 4055810138 ns
Summary: TOTAL: 51
    PASSED: 1, SKIPPED: 50, ERROR: 0
    FAILED: 0
--------------------------------------------------------------------------------------------------
cjpm bench success
