Starting the benchmark `T9ThroughputBench.t9_5_7_int64ExtremesDeserialize()`.
    Warming up for 200.0 ms.
    Starting measurements of 200 batches. Measuring Duration.
    Max batch size: 5241, estimated execution time: 1.000 s.
Finished in 1.116 s. Analysing results:
Warning: GC was invoked twice during some of the batches. This can significantly affect final results.
         It is recommended to either increase heap size limit using cjHeapSize enviroment variable,
         increase default GC interval using cjGCInterval environment variable
         or reduce benchmark duration with minDuration parameter of @Configure macro.

  percentiles:    [   10%        50%        90%        95%        99%        ]  
  time:           [   1.395 us   1.586 us   1.753 us   1.785 us   1.840 us   ]  
  mean:           1.610 us .. 1.872 us  Err ±8.3%
  median:         1.293 us .. 1.840 us
  R²:             0.739 .. 0.833
  stddev:         57.50 ns

--------------------------------------------------------------------------------------------------
TP: cjjson.test, time elapsed: 2651824953 ns, RESULT:
    TCS: T9ThroughputBench, time elapsed: 2646550574 ns, RESULT:
    | Case                            |   Median |       Err |   Err% |     Mean |
    |:--------------------------------|---------:|----------:|-------:|---------:|
    | t9_5_7_int64ExtremesDeserialize | 1.594 us | ±0.136 us |  ±8.5% | 1.591 us |
Summary: TOTAL: 51
    PASSED: 1, SKIPPED: 50, ERROR: 0
    FAILED: 0
--------------------------------------------------------------------------------------------------
Project tests finished, time elapsed: 2653325485 ns, RESULT:
TP: cjjson.*, time elapsed: 2653206709 ns, RESULT:
    PASSED:
    TP: cjjson.test, time elapsed: 2651824953 ns
Summary: TOTAL: 51
    PASSED: 1, SKIPPED: 50, ERROR: 0
    FAILED: 0
--------------------------------------------------------------------------------------------------
cjpm bench success
