Starting the benchmark `T9ThroughputBench.t9_3_1_smallArraySerialize()`.
    Warming up for 200.0 ms.
    Starting measurements of 200 batches. Measuring Duration.
    Max batch size: 1858, estimated execution time: 1.001 s.
Finished in 1.120 s. Analysing results:
  percentiles:    [   10%        50%        90%        95%        99%        ]  
  time:           [   5.226 us   5.264 us   5.303 us   5.316 us   5.343 us   ]  
  mean:           5.260 us .. 5.276 us  Err ±0.2%
  median:         5.215 us .. 5.343 us
  R²:             1.000 .. 1.000
  stddev:         3.512 ns

--------------------------------------------------------------------------------------------------
TP: cjjson.test, time elapsed: 2967695422 ns, RESULT:
    TCS: T9ThroughputBench, time elapsed: 2962409041 ns, RESULT:
    | Case                       |   Median |         Err |   Err% |     Mean |
    |:---------------------------|---------:|------------:|-------:|---------:|
    | t9_3_1_smallArraySerialize | 5.266 us | ±0.00886 us |  ±0.2% | 5.267 us |
Summary: TOTAL: 51
    PASSED: 1, SKIPPED: 50, ERROR: 0
    FAILED: 0
--------------------------------------------------------------------------------------------------
Project tests finished, time elapsed: 2969246215 ns, RESULT:
TP: cjjson.*, time elapsed: 2969129055 ns, RESULT:
    PASSED:
    TP: cjjson.test, time elapsed: 2967695422 ns
Summary: TOTAL: 51
    PASSED: 1, SKIPPED: 50, ERROR: 0
    FAILED: 0
--------------------------------------------------------------------------------------------------
cjpm bench success
