Starting the benchmark `T9ThroughputBench.t9_5_5_emptyContainersDeserialize()`.
    Warming up for 200.0 ms.
    Starting measurements of 200 batches. Measuring Duration.
    Max batch size: 2433, estimated execution time: 1.000 s.
Finished in 1.046 s. Analysing results:
Warning: GC was invoked twice during some of the batches. This can significantly affect final results.
         It is recommended to either increase heap size limit using cjHeapSize enviroment variable,
         increase default GC interval using cjGCInterval environment variable
         or reduce benchmark duration with minDuration parameter of @Configure macro.

  percentiles:    [   10%        50%        90%        95%        99%        ]  
  time:           [   2.443 us   2.461 us   2.483 us   2.488 us   2.493 us   ]  
  mean:           2.458 us .. 2.467 us  Err ±0.2%
  median:         2.438 us .. 2.493 us
  R²:             1.000 .. 1.000
  stddev:         2.035 ns

--------------------------------------------------------------------------------------------------
TP: cjjson.test, time elapsed: 4091926725 ns, RESULT:
    TCS: T9ThroughputBench, time elapsed: 4086644080 ns, RESULT:
    | Case                              |   Median |         Err |   Err% |     Mean |
    |:----------------------------------|---------:|------------:|-------:|---------:|
    | t9_5_5_emptyContainersDeserialize | 2.462 us | ±0.00459 us |  ±0.2% | 2.463 us |
Summary: TOTAL: 51
    PASSED: 1, SKIPPED: 50, ERROR: 0
    FAILED: 0
--------------------------------------------------------------------------------------------------
Project tests finished, time elapsed: 4093424720 ns, RESULT:
TP: cjjson.*, time elapsed: 4093309187 ns, RESULT:
    PASSED:
    TP: cjjson.test, time elapsed: 4091926725 ns
Summary: TOTAL: 51
    PASSED: 1, SKIPPED: 50, ERROR: 0
    FAILED: 0
--------------------------------------------------------------------------------------------------
cjpm bench success
