Starting the benchmark `T9ThroughputBench.t9_4_5_ultraWideSerialize()`.
    Warming up for 200.0 ms.
    Starting measurements of 200 batches. Measuring Duration.
    Max batch size: 584, estimated execution time: 1.002 s.
Finished in 1.088 s. Analysing results:
  percentiles:    [   10%        50%        90%        95%        99%        ]  
  time:           [   15.69 us   15.76 us   15.83 us   15.85 us   15.93 us   ]  
  mean:           15.74 us .. 15.79 us  Err ±0.2%
  median:         15.66 us .. 15.93 us
  R²:             1.000 .. 1.000
  stddev:         10.62 ns

--------------------------------------------------------------------------------------------------
TP: cjjson.test, time elapsed: 2962501656 ns, RESULT:
    TCS: T9ThroughputBench, time elapsed: 2957151804 ns, RESULT:
    | Case                      |   Median |        Err |   Err% |     Mean |
    |:--------------------------|---------:|-----------:|-------:|---------:|
    | t9_4_5_ultraWideSerialize | 15.75 us | ±0.0260 us |  ±0.2% | 15.76 us |
Summary: TOTAL: 51
    PASSED: 1, SKIPPED: 50, ERROR: 0
    FAILED: 0
--------------------------------------------------------------------------------------------------
Project tests finished, time elapsed: 2964064992 ns, RESULT:
TP: cjjson.*, time elapsed: 2963953769 ns, RESULT:
    PASSED:
    TP: cjjson.test, time elapsed: 2962501656 ns
Summary: TOTAL: 51
    PASSED: 1, SKIPPED: 50, ERROR: 0
    FAILED: 0
--------------------------------------------------------------------------------------------------
cjpm bench success
