Starting the benchmark `T9ThroughputBench.t9_4_6_ultraWideDeserialize()`.
    Warming up for 200.0 ms.
    Starting measurements of 200 batches. Measuring Duration.
    Max batch size: 998, estimated execution time: 1.001 s.
Finished in 1.029 s. Analysing results:
Warning: GC was invoked twice during some of the batches. This can significantly affect final results.
         It is recommended to either increase heap size limit using cjHeapSize enviroment variable,
         increase default GC interval using cjGCInterval environment variable
         or reduce benchmark duration with minDuration parameter of @Configure macro.

  percentiles:    [   10%        50%        90%        95%        99%        ]  
  time:           [   7.759 us   7.790 us   7.829 us   7.839 us   7.872 us   ]  
  mean:           7.775 us .. 7.820 us  Err ±0.3%
  median:         7.736 us .. 7.872 us
  R²:             1.000 .. 1.000
  stddev:         9.904 ns

--------------------------------------------------------------------------------------------------
TP: cjjson.test, time elapsed: 4407910904 ns, RESULT:
    TCS: T9ThroughputBench, time elapsed: 4402628567 ns, RESULT:
    | Case                        |   Median |        Err |   Err% |     Mean |
    |:----------------------------|---------:|-----------:|-------:|---------:|
    | t9_4_6_ultraWideDeserialize | 7.790 us | ±0.0228 us |  ±0.3% | 7.795 us |
Summary: TOTAL: 51
    PASSED: 1, SKIPPED: 50, ERROR: 0
    FAILED: 0
--------------------------------------------------------------------------------------------------
Project tests finished, time elapsed: 4409422189 ns, RESULT:
TP: cjjson.*, time elapsed: 4409309195 ns, RESULT:
    PASSED:
    TP: cjjson.test, time elapsed: 4407910904 ns
Summary: TOTAL: 51
    PASSED: 1, SKIPPED: 50, ERROR: 0
    FAILED: 0
--------------------------------------------------------------------------------------------------
cjpm bench success
