Starting the benchmark `T9ThroughputBench.t9_1_2_primitiveDeserialize()`.
    Warming up for 200.0 ms.
    Starting measurements of 200 batches. Measuring Duration.
    Max batch size: 4255, estimated execution time: 1.000 s.
Finished in 1.017 s. Analysing results:
Warning: GC was invoked twice during some of the batches. This can significantly affect final results.
         It is recommended to either increase heap size limit using cjHeapSize enviroment variable,
         increase default GC interval using cjGCInterval environment variable
         or reduce benchmark duration with minDuration parameter of @Configure macro.

  percentiles:    [   10%        50%        90%        95%        99%        ]  
  time:           [   1.304 us   1.309 us   1.315 us   1.317 us   1.326 us   ]  
  mean:           1.307 us .. 1.312 us  Err ±0.2%
  median:         1.302 us .. 1.326 us
  R²:             1.000 .. 1.000
  stddev:         0.903 ns

--------------------------------------------------------------------------------------------------
TP: cjjson.test, time elapsed: 4043492185 ns, RESULT:
    TCS: T9ThroughputBench, time elapsed: 4038266604 ns, RESULT:
    | Case                        |   Median |         Err |   Err% |     Mean |
    |:----------------------------|---------:|------------:|-------:|---------:|
    | t9_1_2_primitiveDeserialize | 1.309 us | ±0.00215 us |  ±0.2% | 1.309 us |
Summary: TOTAL: 51
    PASSED: 1, SKIPPED: 50, ERROR: 0
    FAILED: 0
--------------------------------------------------------------------------------------------------
Project tests finished, time elapsed: 4045062916 ns, RESULT:
TP: cjjson.*, time elapsed: 4044949893 ns, RESULT:
    PASSED:
    TP: cjjson.test, time elapsed: 4043492185 ns
Summary: TOTAL: 51
    PASSED: 1, SKIPPED: 50, ERROR: 0
    FAILED: 0
--------------------------------------------------------------------------------------------------
cjpm bench success
