Starting the benchmark `T9ThroughputBench.t9_3_6_largeMapDeserialize()`.
    Warming up for 200.0 ms.
    Starting measurements of 93 batches. Measuring Duration.
    Max batch size: 183, estimated execution time: 1.002 s.
Finished in 0.995 s. Analysing results:
  percentiles:    [   10%        50%        90%        95%        99%        ]  
  time:           [   104.0 us   104.6 us   105.2 us   105.4 us   106.1 us   ]  
  mean:           104.3 us .. 104.9 us  Err ±0.3%
  median:         103.8 us .. 106.1 us
  R²:             1.000 .. 1.000
  stddev:         119.6 ns

--------------------------------------------------------------------------------------------------
TP: cjjson.test, time elapsed: 2250210534 ns, RESULT:
    TCS: T9ThroughputBench, time elapsed: 2244910669 ns, RESULT:
    | Case                       |   Median |       Err |   Err% |     Mean |
    |:---------------------------|---------:|----------:|-------:|---------:|
    | t9_3_6_largeMapDeserialize | 104.6 us | ±0.286 us |  ±0.3% | 104.6 us |
Summary: TOTAL: 51
    PASSED: 1, SKIPPED: 50, ERROR: 0
    FAILED: 0
--------------------------------------------------------------------------------------------------
Project tests finished, time elapsed: 2251772856 ns, RESULT:
TP: cjjson.*, time elapsed: 2251657032 ns, RESULT:
    PASSED:
    TP: cjjson.test, time elapsed: 2250210534 ns
Summary: TOTAL: 51
    PASSED: 1, SKIPPED: 50, ERROR: 0
    FAILED: 0
--------------------------------------------------------------------------------------------------
cjpm bench success
