Starting the benchmark `T9ThroughputBench.t9_4_1_deepNestedSerialize()`.
    Warming up for 200.0 ms.
    Starting measurements of 200 batches. Measuring Duration.
    Max batch size: 7296, estimated execution time: 1.000 s.
Finished in 1.057 s. Analysing results:
  percentiles:    [   10%        50%        90%        95%        99%        ]  
  time:           [   1.169 us   1.201 us   1.225 us   1.231 us   1.260 us   ]  
  mean:           1.199 us .. 1.205 us  Err ±0.2%
  median:         1.156 us .. 1.260 us
  R²:             0.999 .. 1.000
  stddev:         1.292 ns

--------------------------------------------------------------------------------------------------
TP: cjjson.test, time elapsed: 3196020695 ns, RESULT:
    TCS: T9ThroughputBench, time elapsed: 3190574882 ns, RESULT:
    | Case                       |   Median |         Err |   Err% |     Mean |
    |:---------------------------|---------:|------------:|-------:|---------:|
    | t9_4_1_deepNestedSerialize | 1.199 us | ±0.00295 us |  ±0.2% | 1.200 us |
Summary: TOTAL: 51
    PASSED: 1, SKIPPED: 50, ERROR: 0
    FAILED: 0
--------------------------------------------------------------------------------------------------
Project tests finished, time elapsed: 3197289079 ns, RESULT:
TP: cjjson.*, time elapsed: 3197191471 ns, RESULT:
    PASSED:
    TP: cjjson.test, time elapsed: 3196020695 ns
Summary: TOTAL: 51
    PASSED: 1, SKIPPED: 50, ERROR: 0
    FAILED: 0
--------------------------------------------------------------------------------------------------
cjpm bench success
