Starting the benchmark `T9ThroughputBench.t9_1_1_primitiveSerialize()`.
    Warming up for 200.0 ms.
    Starting measurements of 200 batches. Measuring Duration.
    Max batch size: 4390, estimated execution time: 1.000 s.
Finished in 1.120 s. Analysing results:
  percentiles:    [   10%        50%        90%        95%        99%        ]  
  time:           [   2.203 us   2.247 us   2.273 us   2.282 us   2.299 us   ]  
  mean:           2.237 us .. 2.248 us  Err ±0.2%
  median:         2.089 us .. 2.299 us
  R²:             0.999 .. 1.000
  stddev:         2.331 ns

--------------------------------------------------------------------------------------------------
TP: cjjson.test, time elapsed: 3268886268 ns, RESULT:
    TCS: T9ThroughputBench, time elapsed: 3263591088 ns, RESULT:
    | Case                      |   Median |         Err |   Err% |     Mean |
    |:--------------------------|---------:|------------:|-------:|---------:|
    | t9_1_1_primitiveSerialize | 2.244 us | ±0.00532 us |  ±0.2% | 2.238 us |
Summary: TOTAL: 51
    PASSED: 1, SKIPPED: 50, ERROR: 0
    FAILED: 0
--------------------------------------------------------------------------------------------------
Project tests finished, time elapsed: 3270426153 ns, RESULT:
TP: cjjson.*, time elapsed: 3270312846 ns, RESULT:
    PASSED:
    TP: cjjson.test, time elapsed: 3268886268 ns
Summary: TOTAL: 51
    PASSED: 1, SKIPPED: 50, ERROR: 0
    FAILED: 0
--------------------------------------------------------------------------------------------------
cjpm bench success
