Starting the benchmark `T9ThroughputBench.t9_3_7_nestedCollectionSerialize()`.
    Warming up for 200.0 ms.
    Starting measurements of 180 batches. Measuring Duration.
    Max batch size: 359, estimated execution time: 1.002 s.
Finished in 1.106 s. Analysing results:
  percentiles:    [   10%        50%        90%        95%        99%        ]  
  time:           [   29.89 us   30.05 us   30.31 us   30.43 us   30.98 us   ]  
  mean:           29.89 us .. 30.80 us  Err ±1.5%
  median:         29.81 us .. 30.98 us
  R²:             0.926 .. 1.000
  stddev:         210.0 ns

--------------------------------------------------------------------------------------------------
TP: cjjson.test, time elapsed: 2905836282 ns, RESULT:
    TCS: T9ThroughputBench, time elapsed: 2900444680 ns, RESULT:
    | Case                             |   Median |       Err |   Err% |     Mean |
    |:---------------------------------|---------:|----------:|-------:|---------:|
    | t9_3_7_nestedCollectionSerialize | 30.05 us | ±0.454 us |  ±1.5% | 30.19 us |
Summary: TOTAL: 51
    PASSED: 1, SKIPPED: 50, ERROR: 0
    FAILED: 0
--------------------------------------------------------------------------------------------------
Project tests finished, time elapsed: 2907203704 ns, RESULT:
TP: cjjson.*, time elapsed: 2907109712 ns, RESULT:
    PASSED:
    TP: cjjson.test, time elapsed: 2905836282 ns
Summary: TOTAL: 51
    PASSED: 1, SKIPPED: 50, ERROR: 0
    FAILED: 0
--------------------------------------------------------------------------------------------------
cjpm bench success
