Starting the benchmark `T9ThroughputBench.t9_3_4_smallMapSerialize()`.
    Warming up for 200.0 ms.
    Starting measurements of 200 batches. Measuring Duration.
    Max batch size: 1146, estimated execution time: 1.001 s.
Finished in 1.103 s. Analysing results:
  percentiles:    [   10%        50%        90%        95%        99%        ]  
  time:           [   8.117 us   8.190 us   8.288 us   8.308 us   8.361 us   ]  
  mean:           8.185 us .. 8.223 us  Err ±0.2%
  median:         8.068 us .. 8.361 us
  R²:             1.000 .. 1.000
  stddev:         8.254 ns

--------------------------------------------------------------------------------------------------
TP: cjjson.test, time elapsed: 2938559451 ns, RESULT:
    TCS: T9ThroughputBench, time elapsed: 2933228565 ns, RESULT:
    | Case                     |   Median |        Err |   Err% |     Mean |
    |:-------------------------|---------:|-----------:|-------:|---------:|
    | t9_3_4_smallMapSerialize | 8.195 us | ±0.0192 us |  ±0.2% | 8.203 us |
Summary: TOTAL: 51
    PASSED: 1, SKIPPED: 50, ERROR: 0
    FAILED: 0
--------------------------------------------------------------------------------------------------
Project tests finished, time elapsed: 2940105138 ns, RESULT:
TP: cjjson.*, time elapsed: 2939992978 ns, RESULT:
    PASSED:
    TP: cjjson.test, time elapsed: 2938559451 ns
Summary: TOTAL: 51
    PASSED: 1, SKIPPED: 50, ERROR: 0
    FAILED: 0
--------------------------------------------------------------------------------------------------
cjpm bench success
