Starting the benchmark `T9ThroughputBench.t9_4_2_deepNestedDeserialize()`.
    Warming up for 200.0 ms.
    Starting measurements of 200 batches. Measuring Duration.
    Max batch size: 4799, estimated execution time: 1.000 s.
Finished in 1.135 s. Analysing results:
Warning: GC was invoked twice during some of the batches. This can significantly affect final results.
         It is recommended to either increase heap size limit using cjHeapSize enviroment variable,
         increase default GC interval using cjGCInterval environment variable
         or reduce benchmark duration with minDuration parameter of @Configure macro.

  percentiles:    [   10%        50%        90%        95%        99%        ]  
  time:           [   1.487 us   1.705 us   1.911 us   1.943 us   2.007 us   ]  
  mean:           1.722 us .. 2.033 us  Err ±9.1%
  median:         1.378 us .. 2.007 us
  R²:             0.718 .. 0.811
  stddev:         68.00 ns

--------------------------------------------------------------------------------------------------
TP: cjjson.test, time elapsed: 2650045171 ns, RESULT:
    TCS: T9ThroughputBench, time elapsed: 2644713062 ns, RESULT:
    | Case                         |   Median |       Err |   Err% |     Mean |
    |:-----------------------------|---------:|----------:|-------:|---------:|
    | t9_4_2_deepNestedDeserialize | 1.732 us | ±0.163 us |  ±9.4% | 1.725 us |
Summary: TOTAL: 51
    PASSED: 1, SKIPPED: 50, ERROR: 0
    FAILED: 0
--------------------------------------------------------------------------------------------------
Project tests finished, time elapsed: 2651606269 ns, RESULT:
TP: cjjson.*, time elapsed: 2651493792 ns, RESULT:
    PASSED:
    TP: cjjson.test, time elapsed: 2650045171 ns
Summary: TOTAL: 51
    PASSED: 1, SKIPPED: 50, ERROR: 0
    FAILED: 0
--------------------------------------------------------------------------------------------------
cjpm bench success
