Starting the benchmark `T9ThroughputBench.t9_1_3_primitiveRoundTrip()`.
    Warming up for 200.0 ms.
    Starting measurements of 200 batches. Measuring Duration.
    Max batch size: 2229, estimated execution time: 1.000 s.
Finished in 1.061 s. Analysing results:
Warning: GC was invoked twice during some of the batches. This can significantly affect final results.
         It is recommended to either increase heap size limit using cjHeapSize enviroment variable,
         increase default GC interval using cjGCInterval environment variable
         or reduce benchmark duration with minDuration parameter of @Configure macro.

  percentiles:    [   10%        50%        90%        95%        99%        ]  
  time:           [   3.417 us   3.431 us   3.449 us   3.455 us   3.489 us   ]  
  mean:           3.424 us .. 3.449 us  Err ±0.4%
  median:         3.403 us .. 3.489 us
  R²:             0.999 .. 1.000
  stddev:         5.731 ns

--------------------------------------------------------------------------------------------------
TP: cjjson.test, time elapsed: 4228328211 ns, RESULT:
    TCS: T9ThroughputBench, time elapsed: 4223034510 ns, RESULT:
    | Case                      |   Median |        Err |   Err% |     Mean |
    |:--------------------------|---------:|-----------:|-------:|---------:|
    | t9_1_3_primitiveRoundTrip | 3.431 us | ±0.0132 us |  ±0.4% | 3.433 us |
Summary: TOTAL: 51
    PASSED: 1, SKIPPED: 50, ERROR: 0
    FAILED: 0
--------------------------------------------------------------------------------------------------
Project tests finished, time elapsed: 4229885315 ns, RESULT:
TP: cjjson.*, time elapsed: 4229772444 ns, RESULT:
    PASSED:
    TP: cjjson.test, time elapsed: 4228328211 ns
Summary: TOTAL: 51
    PASSED: 1, SKIPPED: 50, ERROR: 0
    FAILED: 0
--------------------------------------------------------------------------------------------------
cjpm bench success
