Starting the benchmark `T9ThroughputBench.t9_2_3_escapeStringSerialize()`.
    Warming up for 200.0 ms.
    Starting measurements of 200 batches. Measuring Duration.
    Max batch size: 5721, estimated execution time: 1.000 s.
Finished in 1.103 s. Analysing results:
  percentiles:    [   10%        50%        90%        95%        99%        ]  
  time:           [   1.658 us   1.669 us   1.681 us   1.684 us   1.692 us   ]  
  mean:           1.665 us .. 1.673 us  Err ±0.2%
  median:         1.656 us .. 1.692 us
  R²:             1.000 .. 1.000
  stddev:         1.721 ns

--------------------------------------------------------------------------------------------------
TP: cjjson.test, time elapsed: 2949142415 ns, RESULT:
    TCS: T9ThroughputBench, time elapsed: 2943795782 ns, RESULT:
    | Case                         |   Median |         Err |   Err% |     Mean |
    |:-----------------------------|---------:|------------:|-------:|---------:|
    | t9_2_3_escapeStringSerialize | 1.668 us | ±0.00397 us |  ±0.2% | 1.669 us |
Summary: TOTAL: 51
    PASSED: 1, SKIPPED: 50, ERROR: 0
    FAILED: 0
--------------------------------------------------------------------------------------------------
Project tests finished, time elapsed: 2950755826 ns, RESULT:
TP: cjjson.*, time elapsed: 2950634061 ns, RESULT:
    PASSED:
    TP: cjjson.test, time elapsed: 2949142415 ns
Summary: TOTAL: 51
    PASSED: 1, SKIPPED: 50, ERROR: 0
    FAILED: 0
--------------------------------------------------------------------------------------------------
cjpm bench success
