Starting the benchmark `T9ThroughputBench.t9_5_1_optionSerialize()`.
    Warming up for 200.0 ms.
    Starting measurements of 200 batches. Measuring Duration.
    Max batch size: 4139, estimated execution time: 1.000 s.
Finished in 1.120 s. Analysing results:
  percentiles:    [   10%        50%        90%        95%        99%        ]  
  time:           [   2.344 us   2.359 us   2.375 us   2.380 us   2.413 us   ]  
  mean:           2.357 us .. 2.364 us  Err ±0.2%
  median:         2.336 us .. 2.413 us
  R²:             1.000 .. 1.000
  stddev:         1.613 ns

--------------------------------------------------------------------------------------------------
TP: cjjson.test, time elapsed: 2965163393 ns, RESULT:
    TCS: T9ThroughputBench, time elapsed: 2959859073 ns, RESULT:
    | Case                   |   Median |         Err |   Err% |     Mean |
    |:-----------------------|---------:|------------:|-------:|---------:|
    | t9_5_1_optionSerialize | 2.359 us | ±0.00373 us |  ±0.2% | 2.359 us |
Summary: TOTAL: 51
    PASSED: 1, SKIPPED: 50, ERROR: 0
    FAILED: 0
--------------------------------------------------------------------------------------------------
Project tests finished, time elapsed: 2966655366 ns, RESULT:
TP: cjjson.*, time elapsed: 2966535863 ns, RESULT:
    PASSED:
    TP: cjjson.test, time elapsed: 2965163393 ns
Summary: TOTAL: 51
    PASSED: 1, SKIPPED: 50, ERROR: 0
    FAILED: 0
--------------------------------------------------------------------------------------------------
cjpm bench success
