Starting the benchmark `T9ThroughputBench.t9_4_4_wideDeserialize()`.
    Warming up for 200.0 ms.
    Starting measurements of 200 batches. Measuring Duration.
    Max batch size: 1717, estimated execution time: 1.000 s.
Finished in 1.129 s. Analysing results:
Warning: GC was invoked twice during some of the batches. This can significantly affect final results.
         It is recommended to either increase heap size limit using cjHeapSize enviroment variable,
         increase default GC interval using cjGCInterval environment variable
         or reduce benchmark duration with minDuration parameter of @Configure macro.

  percentiles:    [   10%        50%        90%        95%        99%        ]  
  time:           [   4.288 us   4.326 us   4.382 us   4.393 us   4.423 us   ]  
  mean:           4.303 us .. 4.348 us  Err ±0.5%
  median:         4.259 us .. 4.423 us
  R²:             0.999 .. 1.000
  stddev:         9.594 ns

--------------------------------------------------------------------------------------------------
TP: cjjson.test, time elapsed: 3817984571 ns, RESULT:
    TCS: T9ThroughputBench, time elapsed: 3812584155 ns, RESULT:
    | Case                   |   Median |        Err |   Err% |     Mean |
    |:-----------------------|---------:|-----------:|-------:|---------:|
    | t9_4_4_wideDeserialize | 4.327 us | ±0.0219 us |  ±0.5% | 4.332 us |
Summary: TOTAL: 51
    PASSED: 1, SKIPPED: 50, ERROR: 0
    FAILED: 0
--------------------------------------------------------------------------------------------------
Project tests finished, time elapsed: 3819309732 ns, RESULT:
TP: cjjson.*, time elapsed: 3819214568 ns, RESULT:
    PASSED:
    TP: cjjson.test, time elapsed: 3817984571 ns
Summary: TOTAL: 51
    PASSED: 1, SKIPPED: 50, ERROR: 0
    FAILED: 0
--------------------------------------------------------------------------------------------------
cjpm bench success
