Starting the benchmark `T9ThroughputBench.t9_3_9_largeFloat64ArraySerialize()`.
    Warming up for 200.0 ms.
    Starting measurements of 52 batches. Measuring Duration.
    Max batch size: 102, estimated execution time: 1.014 s.
Finished in 1.061 s. Analysing results:
  percentiles:    [   10%        50%        90%        95%        99%        ]  
  time:           [   366.9 us   369.3 us   373.5 us   375.4 us   457.4 us   ]  
  mean:           366.8 us .. 383.7 us  Err ±2.3%
  median:         366.1 us .. 457.4 us
  R²:             0.939 .. 1.000
  stddev:         3.938 us

--------------------------------------------------------------------------------------------------
TP: cjjson.test, time elapsed: 2104529722 ns, RESULT:
    TCS: T9ThroughputBench, time elapsed: 2099245550 ns, RESULT:
    | Case                              |   Median |       Err |   Err% |     Mean |
    |:----------------------------------|---------:|----------:|-------:|---------:|
    | t9_3_9_largeFloat64ArraySerialize | 369.3 us | ±8.138 us |  ±2.2% | 371.1 us |
Summary: TOTAL: 51
    PASSED: 1, SKIPPED: 50, ERROR: 0
    FAILED: 0
--------------------------------------------------------------------------------------------------
Project tests finished, time elapsed: 2106056700 ns, RESULT:
TP: cjjson.*, time elapsed: 2105936550 ns, RESULT:
    PASSED:
    TP: cjjson.test, time elapsed: 2104529722 ns
Summary: TOTAL: 51
    PASSED: 1, SKIPPED: 50, ERROR: 0
    FAILED: 0
--------------------------------------------------------------------------------------------------
cjpm bench success
