Starting the benchmark `T9ThroughputBench.t9_3_3_largeArrayDeserialize()`.
    Warming up for 200.0 ms.
    Starting measurements of 105 batches. Measuring Duration.
    Max batch size: 207, estimated execution time: 1.002 s.
Finished in 1.023 s. Analysing results:
  percentiles:    [   10%        50%        90%        95%        99%        ]  
  time:           [   83.11 us   83.25 us   83.45 us   83.51 us   83.80 us   ]  
  mean:           83.17 us .. 83.49 us  Err ±0.2%
  median:         83.04 us .. 83.80 us
  R²:             1.000 .. 1.000
  stddev:         72.84 ns

--------------------------------------------------------------------------------------------------
TP: cjjson.test, time elapsed: 2403109387 ns, RESULT:
    TCS: T9ThroughputBench, time elapsed: 2397789380 ns, RESULT:
    | Case                         |   Median |       Err |   Err% |     Mean |
    |:-----------------------------|---------:|----------:|-------:|---------:|
    | t9_3_3_largeArrayDeserialize | 83.25 us | ±0.154 us |  ±0.2% | 83.28 us |
Summary: TOTAL: 51
    PASSED: 1, SKIPPED: 50, ERROR: 0
    FAILED: 0
--------------------------------------------------------------------------------------------------
Project tests finished, time elapsed: 2404697680 ns, RESULT:
TP: cjjson.*, time elapsed: 2404579629 ns, RESULT:
    PASSED:
    TP: cjjson.test, time elapsed: 2403109387 ns
Summary: TOTAL: 51
    PASSED: 1, SKIPPED: 50, ERROR: 0
    FAILED: 0
--------------------------------------------------------------------------------------------------
cjpm bench success
