Starting the benchmark `T9ThroughputBench.t9_5_8_unknownFieldDeserialize()`.
    Warming up for 200.0 ms.
    Starting measurements of 200 batches. Measuring Duration.
    Max batch size: 1106, estimated execution time: 1.002 s.
Finished in 1.042 s. Analysing results:
Warning: GC was invoked twice during some of the batches. This can significantly affect final results.
         It is recommended to either increase heap size limit using cjHeapSize enviroment variable,
         increase default GC interval using cjGCInterval environment variable
         or reduce benchmark duration with minDuration parameter of @Configure macro.

  percentiles:    [   10%        50%        90%        95%        99%        ]  
  time:           [   6.781 us   6.833 us   6.881 us   6.893 us   6.906 us   ]  
  mean:           6.810 us .. 6.866 us  Err ±0.4%
  median:         6.703 us .. 6.906 us
  R²:             0.999 .. 1.000
  stddev:         11.87 ns

--------------------------------------------------------------------------------------------------
TP: cjjson.test, time elapsed: 4220241789 ns, RESULT:
    TCS: T9ThroughputBench, time elapsed: 4214963098 ns, RESULT:
    | Case                           |   Median |        Err |   Err% |     Mean |
    |:-------------------------------|---------:|-----------:|-------:|---------:|
    | t9_5_8_unknownFieldDeserialize | 6.839 us | ±0.0284 us |  ±0.4% | 6.832 us |
Summary: TOTAL: 51
    PASSED: 1, SKIPPED: 50, ERROR: 0
    FAILED: 0
--------------------------------------------------------------------------------------------------
Project tests finished, time elapsed: 4221808455 ns, RESULT:
TP: cjjson.*, time elapsed: 4221694659 ns, RESULT:
    PASSED:
    TP: cjjson.test, time elapsed: 4220241789 ns
Summary: TOTAL: 51
    PASSED: 1, SKIPPED: 50, ERROR: 0
    FAILED: 0
--------------------------------------------------------------------------------------------------
cjpm bench success
