Starting the benchmark `T9ThroughputBench.t9_5_2_optionDeserialize()`.
    Warming up for 200.0 ms.
    Starting measurements of 200 batches. Measuring Duration.
    Max batch size: 3807, estimated execution time: 1.000 s.
Finished in 1.043 s. Analysing results:
Warning: GC was invoked twice during some of the batches. This can significantly affect final results.
         It is recommended to either increase heap size limit using cjHeapSize enviroment variable,
         increase default GC interval using cjGCInterval environment variable
         or reduce benchmark duration with minDuration parameter of @Configure macro.

  percentiles:    [   10%        50%        90%        95%        99%        ]  
  time:           [   1.549 us   1.556 us   1.562 us   1.564 us   1.567 us   ]  
  mean:           1.554 us .. 1.557 us  Err ±0.1%
  median:         1.547 us .. 1.567 us
  R²:             1.000 .. 1.000
  stddev:         0.671 ns

--------------------------------------------------------------------------------------------------
TP: cjjson.test, time elapsed: 4103619359 ns, RESULT:
    TCS: T9ThroughputBench, time elapsed: 4098323719 ns, RESULT:
    | Case                     |   Median |         Err |   Err% |     Mean |
    |:-------------------------|---------:|------------:|-------:|---------:|
    | t9_5_2_optionDeserialize | 1.556 us | ±0.00153 us |  ±0.1% | 1.556 us |
Summary: TOTAL: 51
    PASSED: 1, SKIPPED: 50, ERROR: 0
    FAILED: 0
--------------------------------------------------------------------------------------------------
Project tests finished, time elapsed: 4105128233 ns, RESULT:
TP: cjjson.*, time elapsed: 4105009475 ns, RESULT:
    PASSED:
    TP: cjjson.test, time elapsed: 4103619359 ns
Summary: TOTAL: 51
    PASSED: 1, SKIPPED: 50, ERROR: 0
    FAILED: 0
--------------------------------------------------------------------------------------------------
cjpm bench success
