Starting the benchmark `T9ThroughputBench.t9_4_3_wideSerialize()`.
    Warming up for 200.0 ms.
    Starting measurements of 200 batches. Measuring Duration.
    Max batch size: 1624, estimated execution time: 1.001 s.
Finished in 1.088 s. Analysing results:
  percentiles:    [   10%        50%        90%        95%        99%        ]  
  time:           [   5.629 us   5.656 us   5.686 us   5.694 us   5.727 us   ]  
  mean:           5.640 us .. 5.698 us  Err ±0.5%
  median:         5.614 us .. 5.727 us
  R²:             0.993 .. 1.000
  stddev:         13.82 ns

--------------------------------------------------------------------------------------------------
TP: cjjson.test, time elapsed: 3047173322 ns, RESULT:
    TCS: T9ThroughputBench, time elapsed: 3041915116 ns, RESULT:
    | Case                 |   Median |        Err |   Err% |     Mean |
    |:---------------------|---------:|-----------:|-------:|---------:|
    | t9_4_3_wideSerialize | 5.656 us | ±0.0301 us |  ±0.5% | 5.664 us |
Summary: TOTAL: 51
    PASSED: 1, SKIPPED: 50, ERROR: 0
    FAILED: 0
--------------------------------------------------------------------------------------------------
Project tests finished, time elapsed: 3048667025 ns, RESULT:
TP: cjjson.*, time elapsed: 3048554564 ns, RESULT:
    PASSED:
    TP: cjjson.test, time elapsed: 3047173322 ns
Summary: TOTAL: 51
    PASSED: 1, SKIPPED: 50, ERROR: 0
    FAILED: 0
--------------------------------------------------------------------------------------------------
cjpm bench success
