Starting the benchmark `T9ThroughputBench.t9_3_8_nestedCollectionDeserialize()`.
    Warming up for 1.000 s.
    Starting measurements of 200 batches. Measuring Duration.
    Max batch size: 4252, estimated execution time: 5.002 s.
Finished in 4.853 s. Analysing results:
Warning: GC was invoked twice during some of the batches. This can significantly affect final results.
         It is recommended to either increase heap size limit using cjHeapSize enviroment variable,
         increase default GC interval using cjGCInterval environment variable
         or reduce benchmark duration with minDuration parameter of @Configure macro.

  percentiles:    [   10%        50%        90%        95%        99%        ]  
  time:           [   9.424 us   10.39 us   11.15 us   13.34 us   15.37 us   ]  
  mean:           10.18 us .. 10.64 us  Err ±2.2%
  median:         9.084 us .. 15.37 us
  R²:             0.943 .. 0.981
  stddev:         95.43 ns

--------------------------------------------------------------------------------------------------
TP: json4cj_databind.test.macros_test, time elapsed: 9579042211 ns, RESULT:
    TCS: T9ThroughputBench, time elapsed: 9550892600 ns, RESULT:
    | Case                               |   Median |       Err |   Err% |     Mean |
    |:-----------------------------------|---------:|----------:|-------:|---------:|
    | t9_3_8_nestedCollectionDeserialize | 10.41 us | ±0.238 us |  ±2.3% | 10.61 us |
Summary: TOTAL: 147
    PASSED: 1, SKIPPED: 146, ERROR: 0
    FAILED: 0
--------------------------------------------------------------------------------------------------
Project tests finished, time elapsed: 9711977394 ns, RESULT:
TP: json4cj_databind.*, time elapsed: 9711828565 ns, RESULT:
    EMPTY:
    TP: json4cj_databind.test.filter
    TP: json4cj_databind.test.naming
    TP: json4cj_databind.test.types
    TP: json4cj_databind.test.view
    TP: json4cj_databind.test.exc
    TP: json4cj_databind.test.node
    TP: json4cj_databind.test.bind
    TP: json4cj_databind.test.module
    PASSED:
    TP: json4cj_databind.test.macros_test, time elapsed: 9579042211 ns
Summary: TOTAL: 147
    PASSED: 1, SKIPPED: 146, ERROR: 0
    FAILED: 0
--------------------------------------------------------------------------------------------------
cjpm bench success
