Starting the benchmark `T9ThroughputBench.t9_3_9_largeFloat64ArraySerialize()`.
    Warming up for 1.000 s.
    Starting measurements of 200 batches. Measuring Duration.
    Max batch size: 541, estimated execution time: 5.005 s.
Finished in 5.227 s. Analysing results:
Warning: GC was invoked twice during some of the batches. This can significantly affect final results.
         It is recommended to either increase heap size limit using cjHeapSize enviroment variable,
         increase default GC interval using cjGCInterval environment variable
         or reduce benchmark duration with minDuration parameter of @Configure macro.

  percentiles:    [   10%        50%        90%        95%        99%        ]  
  time:           [   79.69 us   79.85 us   81.15 us   81.72 us   82.75 us   ]  
  mean:           79.91 us .. 80.83 us  Err ±0.6%
  median:         79.58 us .. 82.75 us
  R²:             0.999 .. 1.000
  stddev:         194.9 ns

--------------------------------------------------------------------------------------------------
TP: json4cj_databind.test.macros_test, time elapsed: 9736442130 ns, RESULT:
    TCS: T9ThroughputBench, time elapsed: 9707838317 ns, RESULT:
    | Case                              |   Median |       Err |   Err% |     Mean |
    |:----------------------------------|---------:|----------:|-------:|---------:|
    | t9_3_9_largeFloat64ArraySerialize | 79.83 us | ±0.440 us |  ±0.6% | 80.11 us |
Summary: TOTAL: 147
    PASSED: 1, SKIPPED: 146, ERROR: 0
    FAILED: 0
--------------------------------------------------------------------------------------------------
Project tests finished, time elapsed: 9870657541 ns, RESULT:
TP: json4cj_databind.*, time elapsed: 9870514545 ns, RESULT:
    EMPTY:
    TP: json4cj_databind.test.filter
    TP: json4cj_databind.test.naming
    TP: json4cj_databind.test.types
    TP: json4cj_databind.test.view
    TP: json4cj_databind.test.exc
    TP: json4cj_databind.test.node
    TP: json4cj_databind.test.bind
    TP: json4cj_databind.test.module
    PASSED:
    TP: json4cj_databind.test.macros_test, time elapsed: 9736442130 ns
Summary: TOTAL: 147
    PASSED: 1, SKIPPED: 146, ERROR: 0
    FAILED: 0
--------------------------------------------------------------------------------------------------
cjpm bench success
