Starting the benchmark `T9ThroughputBench.t9_4_4_wideDeserialize()`.
    Warming up for 1.000 s.
    Starting measurements of 200 batches. Measuring Duration.
    Max batch size: 7939, estimated execution time: 5.000 s.
Finished in 4.904 s. Analysing results:
Warning: GC was invoked twice during some of the batches. This can significantly affect final results.
         It is recommended to either increase heap size limit using cjHeapSize enviroment variable,
         increase default GC interval using cjGCInterval environment variable
         or reduce benchmark duration with minDuration parameter of @Configure macro.

  percentiles:    [   10%        50%        90%        95%        99%        ]  
  time:           [   4.952 us   5.641 us   6.057 us   6.118 us   6.281 us   ]  
  mean:           5.632 us .. 5.741 us  Err ±1.0%
  median:         4.609 us .. 6.281 us
  R²:             0.974 .. 0.985
  stddev:         23.63 ns

--------------------------------------------------------------------------------------------------
TP: json4cj_databind.test.macros_test, time elapsed: 9718961309 ns, RESULT:
    TCS: T9ThroughputBench, time elapsed: 9691474376 ns, RESULT:
    | Case                   |   Median |        Err |   Err% |     Mean |
    |:-----------------------|---------:|-----------:|-------:|---------:|
    | t9_4_4_wideDeserialize | 5.658 us | ±0.0562 us |  ±1.0% | 5.595 us |
Summary: TOTAL: 147
    PASSED: 1, SKIPPED: 146, ERROR: 0
    FAILED: 0
--------------------------------------------------------------------------------------------------
Project tests finished, time elapsed: 9853562640 ns, RESULT:
TP: json4cj_databind.*, time elapsed: 9853420070 ns, RESULT:
    EMPTY:
    TP: json4cj_databind.test.filter
    TP: json4cj_databind.test.naming
    TP: json4cj_databind.test.types
    TP: json4cj_databind.test.view
    TP: json4cj_databind.test.exc
    TP: json4cj_databind.test.node
    TP: json4cj_databind.test.bind
    TP: json4cj_databind.test.module
    PASSED:
    TP: json4cj_databind.test.macros_test, time elapsed: 9718961309 ns
Summary: TOTAL: 147
    PASSED: 1, SKIPPED: 146, ERROR: 0
    FAILED: 0
--------------------------------------------------------------------------------------------------
cjpm bench success
