Starting the benchmark `T9ThroughputBench.t9_4_5_ultraWideSerialize()`.
    Warming up for 1.000 s.
    Starting measurements of 200 batches. Measuring Duration.
    Max batch size: 26286, estimated execution time: 5.000 s.
Finished in 5.069 s. Analysing results:
Warning: GC was invoked twice during some of the batches. This can significantly affect final results.
         It is recommended to either increase heap size limit using cjHeapSize enviroment variable,
         increase default GC interval using cjGCInterval environment variable
         or reduce benchmark duration with minDuration parameter of @Configure macro.

  percentiles:    [   10%        50%        90%        95%        99%        ]  
  time:           [   1.560 us   1.740 us   2.085 us   2.274 us   2.592 us   ]  
  mean:           1.722 us .. 1.777 us  Err ±1.6%
  median:         1.545 us .. 2.592 us
  R²:             0.976 .. 0.986
  stddev:         11.47 ns

--------------------------------------------------------------------------------------------------
TP: json4cj_databind.test.macros_test, time elapsed: 8037606796 ns, RESULT:
    TCS: T9ThroughputBench, time elapsed: 8009875194 ns, RESULT:
    | Case                      |   Median |        Err |   Err% |     Mean |
    |:--------------------------|---------:|-----------:|-------:|---------:|
    | t9_4_5_ultraWideSerialize | 1.742 us | ±0.0274 us |  ±1.6% | 1.773 us |
Summary: TOTAL: 147
    PASSED: 1, SKIPPED: 146, ERROR: 0
    FAILED: 0
--------------------------------------------------------------------------------------------------
Project tests finished, time elapsed: 8176181843 ns, RESULT:
TP: json4cj_databind.*, time elapsed: 8176032725 ns, RESULT:
    EMPTY:
    TP: json4cj_databind.test.filter
    TP: json4cj_databind.test.naming
    TP: json4cj_databind.test.types
    TP: json4cj_databind.test.view
    TP: json4cj_databind.test.exc
    TP: json4cj_databind.test.node
    TP: json4cj_databind.test.bind
    TP: json4cj_databind.test.module
    PASSED:
    TP: json4cj_databind.test.macros_test, time elapsed: 8037606796 ns
Summary: TOTAL: 147
    PASSED: 1, SKIPPED: 146, ERROR: 0
    FAILED: 0
--------------------------------------------------------------------------------------------------
cjpm bench success
