Starting the benchmark `T9ThroughputBench.t9_4_6_ultraWideDeserialize()`.
    Warming up for 1.000 s.
    Starting measurements of 200 batches. Measuring Duration.
    Max batch size: 8899, estimated execution time: 5.000 s.
Finished in 4.981 s. Analysing results:
Warning: GC was invoked twice during some of the batches. This can significantly affect final results.
         It is recommended to either increase heap size limit using cjHeapSize enviroment variable,
         increase default GC interval using cjGCInterval environment variable
         or reduce benchmark duration with minDuration parameter of @Configure macro.

  percentiles:    [   10%        50%        90%        95%        99%        ]  
  time:           [   4.453 us   5.142 us   5.621 us   5.745 us   6.406 us   ]  
  mean:           5.120 us .. 5.227 us  Err ±1.0%
  median:         3.924 us .. 6.406 us
  R²:             0.973 .. 0.984
  stddev:         23.48 ns

--------------------------------------------------------------------------------------------------
TP: json4cj_databind.test.macros_test, time elapsed: 9718127719 ns, RESULT:
    TCS: T9ThroughputBench, time elapsed: 9692751726 ns, RESULT:
    | Case                        |   Median |        Err |   Err% |     Mean |
    |:----------------------------|---------:|-----------:|-------:|---------:|
    | t9_4_6_ultraWideDeserialize | 5.157 us | ±0.0541 us |  ±1.0% | 5.121 us |
Summary: TOTAL: 147
    PASSED: 1, SKIPPED: 146, ERROR: 0
    FAILED: 0
--------------------------------------------------------------------------------------------------
Project tests finished, time elapsed: 9855708237 ns, RESULT:
TP: json4cj_databind.*, time elapsed: 9855563354 ns, RESULT:
    EMPTY:
    TP: json4cj_databind.test.filter
    TP: json4cj_databind.test.naming
    TP: json4cj_databind.test.types
    TP: json4cj_databind.test.view
    TP: json4cj_databind.test.exc
    TP: json4cj_databind.test.node
    TP: json4cj_databind.test.bind
    TP: json4cj_databind.test.module
    PASSED:
    TP: json4cj_databind.test.macros_test, time elapsed: 9718127719 ns
Summary: TOTAL: 147
    PASSED: 1, SKIPPED: 146, ERROR: 0
    FAILED: 0
--------------------------------------------------------------------------------------------------
cjpm bench success
