Starting the benchmark `T9ThroughputBench.t9_5_6_int64ExtremesSerialize()`.
    Warming up for 1.000 s.
    Starting measurements of 200 batches. Measuring Duration.
    Max batch size: 63760, estimated execution time: 5.000 s.
Finished in 5.104 s. Analysing results:
Warning: GC was invoked twice during some of the batches. This can significantly affect final results.
         It is recommended to either increase heap size limit using cjHeapSize enviroment variable,
         increase default GC interval using cjGCInterval environment variable
         or reduce benchmark duration with minDuration parameter of @Configure macro.

  percentiles:    [   10%        50%        90%        95%        99%        ]  
  time:           [   0.695 us   0.739 us   0.785 us   0.794 us   0.815 us   ]  
  mean:           0.735 us .. 0.754 us  Err ±1.3%
  median:         0.667 us .. 0.815 us
  R²:             0.949 .. 0.979
  stddev:         4.299 ns

--------------------------------------------------------------------------------------------------
TP: json4cj_databind.test.macros_test, time elapsed: 8205619677 ns, RESULT:
    TCS: T9ThroughputBench, time elapsed: 8178004734 ns, RESULT:
    | Case                          |   Median |        Err |   Err% |     Mean |
    |:------------------------------|---------:|-----------:|-------:|---------:|
    | t9_5_6_int64ExtremesSerialize | 0.731 us | ±0.0101 us |  ±1.4% | 0.708 us |
Summary: TOTAL: 147
    PASSED: 1, SKIPPED: 146, ERROR: 0
    FAILED: 0
--------------------------------------------------------------------------------------------------
Project tests finished, time elapsed: 8339938348 ns, RESULT:
TP: json4cj_databind.*, time elapsed: 8339791035 ns, RESULT:
    EMPTY:
    TP: json4cj_databind.test.filter
    TP: json4cj_databind.test.naming
    TP: json4cj_databind.test.types
    TP: json4cj_databind.test.view
    TP: json4cj_databind.test.exc
    TP: json4cj_databind.test.node
    TP: json4cj_databind.test.bind
    TP: json4cj_databind.test.module
    PASSED:
    TP: json4cj_databind.test.macros_test, time elapsed: 8205619677 ns
Summary: TOTAL: 147
    PASSED: 1, SKIPPED: 146, ERROR: 0
    FAILED: 0
--------------------------------------------------------------------------------------------------
cjpm bench success
