Starting the benchmark `T9ThroughputBench.t9_5_8_unknownFieldDeserialize()`.
    Warming up for 1.000 s.
    Starting measurements of 200 batches. Measuring Duration.
    Max batch size: 4289, estimated execution time: 5.001 s.
Finished in 4.299 s. Analysing results:
Warning: GC was invoked twice during some of the batches. This can significantly affect final results.
         It is recommended to either increase heap size limit using cjHeapSize enviroment variable,
         increase default GC interval using cjGCInterval environment variable
         or reduce benchmark duration with minDuration parameter of @Configure macro.

  percentiles:    [   10%        50%        90%        95%        99%        ]  
  time:           [   7.733 us   9.034 us   10.03 us   10.81 us   21.19 us   ]  
  mean:           9.031 us .. 9.373 us  Err ±1.9%
  median:         6.920 us .. 21.19 us
  R²:             0.934 .. 0.968
  stddev:         76.90 ns

--------------------------------------------------------------------------------------------------
TP: json4cj_databind.test.macros_test, time elapsed: 8953044947 ns, RESULT:
    TCS: T9ThroughputBench, time elapsed: 8927400933 ns, RESULT:
    | Case                           |   Median |       Err |   Err% |     Mean |
    |:-------------------------------|---------:|----------:|-------:|---------:|
    | t9_5_8_unknownFieldDeserialize | 8.931 us | ±0.183 us |  ±2.0% | 9.185 us |
Summary: TOTAL: 147
    PASSED: 1, SKIPPED: 146, ERROR: 0
    FAILED: 0
--------------------------------------------------------------------------------------------------
Project tests finished, time elapsed: 9301335598 ns, RESULT:
TP: json4cj_databind.*, time elapsed: 9301190684 ns, RESULT:
    EMPTY:
    TP: json4cj_databind.test.filter
    TP: json4cj_databind.test.naming
    TP: json4cj_databind.test.types
    TP: json4cj_databind.test.view
    TP: json4cj_databind.test.exc
    TP: json4cj_databind.test.node
    TP: json4cj_databind.test.bind
    TP: json4cj_databind.test.module
    PASSED:
    TP: json4cj_databind.test.macros_test, time elapsed: 8953044947 ns
Summary: TOTAL: 147
    PASSED: 1, SKIPPED: 146, ERROR: 0
    FAILED: 0
--------------------------------------------------------------------------------------------------
cjpm bench success
