Starting the benchmark `T9ThroughputBench.t9_5_5_emptyContainersDeserialize()`.
    Warming up for 1.000 s.
    Starting measurements of 200 batches. Measuring Duration.
    Max batch size: 6806, estimated execution time: 5.001 s.
Finished in 5.060 s. Analysing results:
Warning: GC was invoked twice during some of the batches. This can significantly affect final results.
         It is recommended to either increase heap size limit using cjHeapSize enviroment variable,
         increase default GC interval using cjGCInterval environment variable
         or reduce benchmark duration with minDuration parameter of @Configure macro.

  percentiles:    [   10%        50%        90%        95%        99%        ]  
  time:           [   4.702 us   6.348 us   8.725 us   9.949 us   12.13 us   ]  
  mean:           6.337 us .. 6.987 us  Err ±5.1%
  median:         4.206 us .. 12.13 us
  R²:             0.694 .. 0.814
  stddev:         133.1 ns

--------------------------------------------------------------------------------------------------
TP: json4cj_databind.test.macros_test, time elapsed: 9300357620 ns, RESULT:
    TCS: T9ThroughputBench, time elapsed: 9272388343 ns, RESULT:
    | Case                              |   Median |       Err |   Err% |     Mean |
    |:----------------------------------|---------:|----------:|-------:|---------:|
    | t9_5_5_emptyContainersDeserialize | 6.315 us | ±0.323 us |  ±5.1% | 6.510 us |
Summary: TOTAL: 147
    PASSED: 1, SKIPPED: 146, ERROR: 0
    FAILED: 0
--------------------------------------------------------------------------------------------------
Project tests finished, time elapsed: 9437305188 ns, RESULT:
TP: json4cj_databind.*, time elapsed: 9437159689 ns, RESULT:
    EMPTY:
    TP: json4cj_databind.test.filter
    TP: json4cj_databind.test.naming
    TP: json4cj_databind.test.types
    TP: json4cj_databind.test.view
    TP: json4cj_databind.test.exc
    TP: json4cj_databind.test.node
    TP: json4cj_databind.test.bind
    TP: json4cj_databind.test.module
    PASSED:
    TP: json4cj_databind.test.macros_test, time elapsed: 9300357620 ns
Summary: TOTAL: 147
    PASSED: 1, SKIPPED: 146, ERROR: 0
    FAILED: 0
--------------------------------------------------------------------------------------------------
cjpm bench success
