Starting the benchmark `T9ThroughputBench.t9_5_7_int64ExtremesDeserialize()`.
    Warming up for 1.000 s.
    Starting measurements of 200 batches. Measuring Duration.
    Max batch size: 9045, estimated execution time: 5.000 s.
Finished in 5.749 s. Analysing results:
Warning: GC was invoked twice during some of the batches. This can significantly affect final results.
         It is recommended to either increase heap size limit using cjHeapSize enviroment variable,
         increase default GC interval using cjGCInterval environment variable
         or reduce benchmark duration with minDuration parameter of @Configure macro.

  percentiles:    [   10%        50%        90%        95%        99%        ]  
  time:           [   3.635 us   4.797 us   6.079 us   6.599 us   7.874 us   ]  
  mean:           4.444 us .. 5.299 us  Err ±8.9%
  median:         2.807 us .. 7.874 us
  R²:             0.740 .. 0.848
  stddev:         181.5 ns

--------------------------------------------------------------------------------------------------
TP: json4cj_databind.test.macros_test, time elapsed: 9891606380 ns, RESULT:
    TCS: T9ThroughputBench, time elapsed: 9864116203 ns, RESULT:
    | Case                            |   Median |       Err |   Err% |     Mean |
    |:--------------------------------|---------:|----------:|-------:|---------:|
    | t9_5_7_int64ExtremesDeserialize | 4.807 us | ±0.435 us |  ±9.0% | 4.882 us |
Summary: TOTAL: 147
    PASSED: 1, SKIPPED: 146, ERROR: 0
    FAILED: 0
--------------------------------------------------------------------------------------------------
Project tests finished, time elapsed: 10029552876 ns, RESULT:
TP: json4cj_databind.*, time elapsed: 10029411785 ns, RESULT:
    EMPTY:
    TP: json4cj_databind.test.filter
    TP: json4cj_databind.test.naming
    TP: json4cj_databind.test.types
    TP: json4cj_databind.test.view
    TP: json4cj_databind.test.exc
    TP: json4cj_databind.test.node
    TP: json4cj_databind.test.bind
    TP: json4cj_databind.test.module
    PASSED:
    TP: json4cj_databind.test.macros_test, time elapsed: 9891606380 ns
Summary: TOTAL: 147
    PASSED: 1, SKIPPED: 146, ERROR: 0
    FAILED: 0
--------------------------------------------------------------------------------------------------
cjpm bench success
