Starting the benchmark `T9ThroughputBench.t9_3_4_smallMapSerialize()`.
    Warming up for 1.000 s.
    Starting measurements of 200 batches. Measuring Duration.
    Max batch size: 33879, estimated execution time: 5.000 s.
Finished in 5.074 s. Analysing results:
Warning: GC was invoked twice during some of the batches. This can significantly affect final results.
         It is recommended to either increase heap size limit using cjHeapSize enviroment variable,
         increase default GC interval using cjGCInterval environment variable
         or reduce benchmark duration with minDuration parameter of @Configure macro.

  percentiles:    [   10%        50%        90%        95%        99%        ]  
  time:           [   1.193 us   1.350 us   1.578 us   1.739 us   1.918 us   ]  
  mean:           1.329 us .. 1.377 us  Err ±1.8%
  median:         1.179 us .. 1.918 us
  R²:             0.975 .. 0.985
  stddev:         10.27 ns

--------------------------------------------------------------------------------------------------
TP: json4cj_databind.test.macros_test, time elapsed: 8155139796 ns, RESULT:
    TCS: T9ThroughputBench, time elapsed: 8126860004 ns, RESULT:
    | Case                     |   Median |        Err |   Err% |     Mean |
    |:-------------------------|---------:|-----------:|-------:|---------:|
    | t9_3_4_smallMapSerialize | 1.347 us | ±0.0232 us |  ±1.7% | 1.366 us |
Summary: TOTAL: 147
    PASSED: 1, SKIPPED: 146, ERROR: 0
    FAILED: 0
--------------------------------------------------------------------------------------------------
Project tests finished, time elapsed: 8284826051 ns, RESULT:
TP: json4cj_databind.*, time elapsed: 8284676188 ns, RESULT:
    EMPTY:
    TP: json4cj_databind.test.filter
    TP: json4cj_databind.test.naming
    TP: json4cj_databind.test.types
    TP: json4cj_databind.test.view
    TP: json4cj_databind.test.exc
    TP: json4cj_databind.test.node
    TP: json4cj_databind.test.bind
    TP: json4cj_databind.test.module
    PASSED:
    TP: json4cj_databind.test.macros_test, time elapsed: 8155139796 ns
Summary: TOTAL: 147
    PASSED: 1, SKIPPED: 146, ERROR: 0
    FAILED: 0
--------------------------------------------------------------------------------------------------
cjpm bench success
