Starting the benchmark `T9ThroughputBench.t9_3_1_smallArraySerialize()`.
    Warming up for 1.000 s.
    Starting measurements of 200 batches. Measuring Duration.
    Max batch size: 55395, estimated execution time: 5.000 s.
Finished in 5.009 s. Analysing results:
Warning: GC was invoked twice during some of the batches. This can significantly affect final results.
         It is recommended to either increase heap size limit using cjHeapSize enviroment variable,
         increase default GC interval using cjGCInterval environment variable
         or reduce benchmark duration with minDuration parameter of @Configure macro.

  percentiles:    [   10%        50%        90%        95%        99%        ]  
  time:           [   0.632 us   0.820 us   0.892 us   1.113 us   1.507 us   ]  
  mean:           0.823 us .. 0.840 us  Err ±1.1%
  median:         0.628 us .. 1.507 us
  R²:             0.973 .. 0.985
  stddev:         3.710 ns

--------------------------------------------------------------------------------------------------
TP: json4cj_databind.test.macros_test, time elapsed: 8339729198 ns, RESULT:
    TCS: T9ThroughputBench, time elapsed: 8310867777 ns, RESULT:
    | Case                       |   Median |         Err |   Err% |     Mean |
    |:---------------------------|---------:|------------:|-------:|---------:|
    | t9_3_1_smallArraySerialize | 0.818 us | ±0.00897 us |  ±1.1% | 0.814 us |
Summary: TOTAL: 147
    PASSED: 1, SKIPPED: 146, ERROR: 0
    FAILED: 0
--------------------------------------------------------------------------------------------------
Project tests finished, time elapsed: 8469234617 ns, RESULT:
TP: json4cj_databind.*, time elapsed: 8469084247 ns, RESULT:
    EMPTY:
    TP: json4cj_databind.test.filter
    TP: json4cj_databind.test.naming
    TP: json4cj_databind.test.types
    TP: json4cj_databind.test.view
    TP: json4cj_databind.test.exc
    TP: json4cj_databind.test.node
    TP: json4cj_databind.test.bind
    TP: json4cj_databind.test.module
    PASSED:
    TP: json4cj_databind.test.macros_test, time elapsed: 8339729198 ns
Summary: TOTAL: 147
    PASSED: 1, SKIPPED: 146, ERROR: 0
    FAILED: 0
--------------------------------------------------------------------------------------------------
cjpm bench success
