Starting the benchmark `T9ThroughputBench.t9_3_2_largeArraySerialize()`.
    Warming up for 1.000 s.
    Starting measurements of 200 batches. Measuring Duration.
    Max batch size: 6615, estimated execution time: 5.000 s.
Finished in 5.212 s. Analysing results:
Warning: GC was invoked twice during some of the batches. This can significantly affect final results.
         It is recommended to either increase heap size limit using cjHeapSize enviroment variable,
         increase default GC interval using cjGCInterval environment variable
         or reduce benchmark duration with minDuration parameter of @Configure macro.

  percentiles:    [   10%        50%        90%        95%        99%        ]  
  time:           [   5.071 us   7.168 us   8.247 us   8.680 us   11.10 us   ]  
  mean:           7.196 us .. 7.439 us  Err ±1.7%
  median:         4.997 us .. 11.10 us
  R²:             0.946 .. 0.980
  stddev:         52.45 ns

--------------------------------------------------------------------------------------------------
TP: json4cj_databind.test.macros_test, time elapsed: 8417758798 ns, RESULT:
    TCS: T9ThroughputBench, time elapsed: 8390588897 ns, RESULT:
    | Case                       |   Median |       Err |   Err% |     Mean |
    |:---------------------------|---------:|----------:|-------:|---------:|
    | t9_3_2_largeArraySerialize | 7.168 us | ±0.125 us |  ±1.7% | 6.941 us |
Summary: TOTAL: 147
    PASSED: 1, SKIPPED: 146, ERROR: 0
    FAILED: 0
--------------------------------------------------------------------------------------------------
Project tests finished, time elapsed: 8546323720 ns, RESULT:
TP: json4cj_databind.*, time elapsed: 8546185599 ns, RESULT:
    EMPTY:
    TP: json4cj_databind.test.filter
    TP: json4cj_databind.test.naming
    TP: json4cj_databind.test.types
    TP: json4cj_databind.test.view
    TP: json4cj_databind.test.exc
    TP: json4cj_databind.test.node
    TP: json4cj_databind.test.bind
    TP: json4cj_databind.test.module
    PASSED:
    TP: json4cj_databind.test.macros_test, time elapsed: 8417758798 ns
Summary: TOTAL: 147
    PASSED: 1, SKIPPED: 146, ERROR: 0
    FAILED: 0
--------------------------------------------------------------------------------------------------
cjpm bench success
